Java HotSpot(TM) 64-Bit Server VM (25.45-b02) for linux-amd64 JRE (1.8.0_45-b14), built on Apr 10 2015 10:07:45 by "java_re" with gcc 4.3.0 20080428 (Red Hat 4.3.0-8)
Memory: 4k page, physical 3925964k(1600796k free), swap 4786172k(4786172k free)
CommandLine flags: -XX:CMSInitiatingOccupancyFraction=50 -XX:CMSMaxAbortablePrecleanTime=6000 -XX:+CMSParallelRemarkEnabled -XX:+CMSScavengeBeforeRemark -XX:ConcGCThreads=4 -XX:InitialHeapSize=536870912 -XX:MaxHeapSize=536870912 -XX:MaxTenuringThreshold=8 -XX:NewRatio=3 -XX:OldPLABSize=16 -XX:ParallelGCThreads=4 -XX:+ParallelRefProcEnabled -XX:PretenureSizeThreshold=67108864 -XX:+PrintGC -XX:+PrintGCApplicationStoppedTime -XX:+PrintGCDateStamps -XX:+PrintGCDetails -XX:+PrintGCTimeStamps -XX:+PrintHeapAtGC -XX:+PrintTenuringDistribution -XX:SurvivorRatio=4 -XX:TargetSurvivorRatio=90 -XX:ThreadStackSize=256 -XX:+UseCMSInitiatingOccupancyOnly -XX:+UseCompressedClassPointers -XX:+UseCompressedOops -XX:+UseConcMarkSweepGC -XX:+UseParNewGC 
2015-12-06T19:53:54.381+0530: 0.675: Total time for which application threads were stopped: 0.0001507 seconds, Stopping threads took: 0.0000180 seconds
2015-12-06T19:53:54.714+0530: 1.008: Total time for which application threads were stopped: 0.0001836 seconds, Stopping threads took: 0.0000622 seconds
2015-12-06T19:53:54.946+0530: 1.240: Total time for which application threads were stopped: 0.0001354 seconds, Stopping threads took: 0.0000246 seconds
2015-12-06T19:53:55.045+0530: 1.339: Total time for which application threads were stopped: 0.0001817 seconds, Stopping threads took: 0.0000255 seconds
2015-12-06T19:53:55.059+0530: 1.353: Total time for which application threads were stopped: 0.0002534 seconds, Stopping threads took: 0.0000556 seconds
2015-12-06T19:53:55.115+0530: 1.409: Total time for which application threads were stopped: 0.0001978 seconds, Stopping threads took: 0.0000218 seconds
{Heap before GC invocations=0 (full 0):
 par new generation   total 109248K, used 87424K [0x00000000e0000000, 0x00000000e8000000, 0x00000000e8000000)
  eden space 87424K, 100% used [0x00000000e0000000, 0x00000000e5560000, 0x00000000e5560000)
  from space 21824K,   0% used [0x00000000e5560000, 0x00000000e5560000, 0x00000000e6ab0000)
  to   space 21824K,   0% used [0x00000000e6ab0000, 0x00000000e6ab0000, 0x00000000e8000000)
 concurrent mark-sweep generation total 393216K, used 0K [0x00000000e8000000, 0x0000000100000000, 0x0000000100000000)
 Metaspace       used 10019K, capacity 10210K, committed 10496K, reserved 1058816K
  class space    used 1133K, capacity 1209K, committed 1280K, reserved 1048576K
2015-12-06T19:53:55.571+0530: 1.864: [GC (Allocation Failure) 1.887: [ParNew
Desired survivor size 20112992 bytes, new threshold 8 (max 8)
- age   1:    5105288 bytes,    5105288 total
: 87424K->5051K(109248K), 0.0094016 secs] 87424K->5051K(502464K), 0.0324186 secs] [Times: user=0.02 sys=0.00, real=0.04 secs] 
Heap after GC invocations=1 (full 0):
 par new generation   total 109248K, used 5051K [0x00000000e0000000, 0x00000000e8000000, 0x00000000e8000000)
  eden space 87424K,   0% used [0x00000000e0000000, 0x00000000e0000000, 0x00000000e5560000)
  from space 21824K,  23% used [0x00000000e6ab0000, 0x00000000e6f9ed60, 0x00000000e8000000)
  to   space 21824K,   0% used [0x00000000e5560000, 0x00000000e5560000, 0x00000000e6ab0000)
 concurrent mark-sweep generation total 393216K, used 0K [0x00000000e8000000, 0x0000000100000000, 0x0000000100000000)
 Metaspace       used 10019K, capacity 10210K, committed 10496K, reserved 1058816K
  class space    used 1133K, capacity 1209K, committed 1280K, reserved 1048576K
}
2015-12-06T19:53:55.603+0530: 1.897: Total time for which application threads were stopped: 0.0327087 seconds, Stopping threads took: 0.0000303 seconds
2015-12-06T19:53:55.853+0530: 2.147: Total time for which application threads were stopped: 0.0002695 seconds, Stopping threads took: 0.0000275 seconds
2015-12-06T19:53:56.853+0530: 3.147: Total time for which application threads were stopped: 0.0001036 seconds, Stopping threads took: 0.0000273 seconds
2015-12-06T19:53:57.597+0530: 3.891: Total time for which application threads were stopped: 0.0003400 seconds, Stopping threads took: 0.0000216 seconds
2015-12-06T19:53:57.599+0530: 3.893: Total time for which application threads were stopped: 0.0002570 seconds, Stopping threads took: 0.0000302 seconds
2015-12-06T19:53:57.613+0530: 3.907: Total time for which application threads were stopped: 0.0002486 seconds, Stopping threads took: 0.0000216 seconds
2015-12-06T19:53:57.788+0530: 4.082: Total time for which application threads were stopped: 0.0003195 seconds, Stopping threads took: 0.0000254 seconds
2015-12-06T19:53:57.992+0530: 4.286: Total time for which application threads were stopped: 0.0001342 seconds, Stopping threads took: 0.0000245 seconds
2015-12-06T19:53:58.171+0530: 4.465: Total time for which application threads were stopped: 0.0001469 seconds, Stopping threads took: 0.0000361 seconds
2015-12-06T19:53:58.172+0530: 4.465: Total time for which application threads were stopped: 0.0000783 seconds, Stopping threads took: 0.0000179 seconds
2015-12-06T19:53:58.172+0530: 4.466: Total time for which application threads were stopped: 0.0004163 seconds, Stopping threads took: 0.0003575 seconds
2015-12-06T19:53:58.250+0530: 4.543: Total time for which application threads were stopped: 0.0001653 seconds, Stopping threads took: 0.0000292 seconds
2015-12-06T19:53:58.567+0530: 4.861: Total time for which application threads were stopped: 0.0000943 seconds, Stopping threads took: 0.0000183 seconds
2015-12-06T19:53:58.571+0530: 4.864: Total time for which application threads were stopped: 0.0000708 seconds, Stopping threads took: 0.0000172 seconds
2015-12-06T19:53:58.576+0530: 4.870: Total time for which application threads were stopped: 0.0001253 seconds, Stopping threads took: 0.0000426 seconds
2015-12-06T19:53:58.591+0530: 4.885: Total time for which application threads were stopped: 0.0001217 seconds, Stopping threads took: 0.0000243 seconds
2015-12-06T19:53:58.592+0530: 4.886: Total time for which application threads were stopped: 0.0000629 seconds, Stopping threads took: 0.0000162 seconds
2015-12-06T19:53:58.592+0530: 4.886: Total time for which application threads were stopped: 0.0000616 seconds, Stopping threads took: 0.0000154 seconds
2015-12-06T19:53:58.657+0530: 4.951: Total time for which application threads were stopped: 0.0001014 seconds, Stopping threads took: 0.0000402 seconds
2015-12-06T19:53:58.927+0530: 5.221: Total time for which application threads were stopped: 0.0001342 seconds, Stopping threads took: 0.0000292 seconds
2015-12-06T19:53:58.927+0530: 5.221: Total time for which application threads were stopped: 0.0000747 seconds, Stopping threads took: 0.0000153 seconds
2015-12-06T19:53:58.929+0530: 5.223: Total time for which application threads were stopped: 0.0000912 seconds, Stopping threads took: 0.0000215 seconds
2015-12-06T19:53:58.929+0530: 5.223: Total time for which application threads were stopped: 0.0000701 seconds, Stopping threads took: 0.0000152 seconds
2015-12-06T19:53:58.930+0530: 5.224: Total time for which application threads were stopped: 0.0000664 seconds, Stopping threads took: 0.0000139 seconds
2015-12-06T19:53:58.930+0530: 5.224: Total time for which application threads were stopped: 0.0000560 seconds, Stopping threads took: 0.0000136 seconds
2015-12-06T19:53:58.930+0530: 5.224: Total time for which application threads were stopped: 0.0000583 seconds, Stopping threads took: 0.0000116 seconds
2015-12-06T19:53:58.930+0530: 5.224: Total time for which application threads were stopped: 0.0000534 seconds, Stopping threads took: 0.0000110 seconds
2015-12-06T19:53:58.931+0530: 5.225: Total time for which application threads were stopped: 0.0000639 seconds, Stopping threads took: 0.0000136 seconds
2015-12-06T19:53:58.931+0530: 5.225: Total time for which application threads were stopped: 0.0000559 seconds, Stopping threads took: 0.0000148 seconds
2015-12-06T19:53:58.931+0530: 5.225: Total time for which application threads were stopped: 0.0000699 seconds, Stopping threads took: 0.0000293 seconds
2015-12-06T19:53:58.931+0530: 5.225: Total time for which application threads were stopped: 0.0000833 seconds, Stopping threads took: 0.0000416 seconds
2015-12-06T19:53:58.932+0530: 5.226: Total time for which application threads were stopped: 0.0002324 seconds, Stopping threads took: 0.0001722 seconds
2015-12-06T19:53:58.937+0530: 5.231: Total time for which application threads were stopped: 0.0046183 seconds, Stopping threads took: 0.0045495 seconds
2015-12-06T19:53:58.940+0530: 5.234: Total time for which application threads were stopped: 0.0000754 seconds, Stopping threads took: 0.0000194 seconds
2015-12-06T19:53:58.940+0530: 5.234: Total time for which application threads were stopped: 0.0000569 seconds, Stopping threads took: 0.0000095 seconds
2015-12-06T19:53:58.941+0530: 5.235: Total time for which application threads were stopped: 0.0000539 seconds, Stopping threads took: 0.0000100 seconds
2015-12-06T19:53:58.946+0530: 5.240: Total time for which application threads were stopped: 0.0000775 seconds, Stopping threads took: 0.0000195 seconds
2015-12-06T19:53:58.946+0530: 5.240: Total time for which application threads were stopped: 0.0000392 seconds, Stopping threads took: 0.0000093 seconds
2015-12-06T19:53:58.946+0530: 5.240: Total time for which application threads were stopped: 0.0000874 seconds, Stopping threads took: 0.0000303 seconds
2015-12-06T19:53:58.947+0530: 5.241: Total time for which application threads were stopped: 0.0000387 seconds, Stopping threads took: 0.0000098 seconds
2015-12-06T19:53:58.947+0530: 5.241: Total time for which application threads were stopped: 0.0000424 seconds, Stopping threads took: 0.0000185 seconds
2015-12-06T19:53:58.948+0530: 5.241: Total time for which application threads were stopped: 0.0000412 seconds, Stopping threads took: 0.0000180 seconds
2015-12-06T19:53:58.948+0530: 5.242: Total time for which application threads were stopped: 0.0000615 seconds, Stopping threads took: 0.0000177 seconds
2015-12-06T19:53:59.104+0530: 5.398: Total time for which application threads were stopped: 0.0002278 seconds, Stopping threads took: 0.0000960 seconds
2015-12-06T19:53:59.181+0530: 5.475: Total time for which application threads were stopped: 0.0001389 seconds, Stopping threads took: 0.0000636 seconds
2015-12-06T19:53:59.426+0530: 5.720: Total time for which application threads were stopped: 0.0001027 seconds, Stopping threads took: 0.0000185 seconds
2015-12-06T19:53:59.428+0530: 5.722: Total time for which application threads were stopped: 0.0000731 seconds, Stopping threads took: 0.0000188 seconds
2015-12-06T19:53:59.428+0530: 5.722: Total time for which application threads were stopped: 0.0000486 seconds, Stopping threads took: 0.0000121 seconds
2015-12-06T19:53:59.430+0530: 5.724: Total time for which application threads were stopped: 0.0000648 seconds, Stopping threads took: 0.0000236 seconds
2015-12-06T19:53:59.437+0530: 5.731: Total time for which application threads were stopped: 0.0000848 seconds, Stopping threads took: 0.0000261 seconds
2015-12-06T19:53:59.438+0530: 5.732: Total time for which application threads were stopped: 0.0000726 seconds, Stopping threads took: 0.0000262 seconds
2015-12-06T19:53:59.442+0530: 5.735: Total time for which application threads were stopped: 0.0001623 seconds, Stopping threads took: 0.0000321 seconds
{Heap before GC invocations=1 (full 0):
 par new generation   total 109248K, used 92475K [0x00000000e0000000, 0x00000000e8000000, 0x00000000e8000000)
  eden space 87424K, 100% used [0x00000000e0000000, 0x00000000e5560000, 0x00000000e5560000)
  from space 21824K,  23% used [0x00000000e6ab0000, 0x00000000e6f9ed60, 0x00000000e8000000)
  to   space 21824K,   0% used [0x00000000e5560000, 0x00000000e5560000, 0x00000000e6ab0000)
 concurrent mark-sweep generation total 393216K, used 0K [0x00000000e8000000, 0x0000000100000000, 0x0000000100000000)
 Metaspace       used 20470K, capacity 20804K, committed 20992K, reserved 1067008K
  class space    used 2418K, capacity 2519K, committed 2560K, reserved 1048576K
2015-12-06T19:53:59.450+0530: 5.744: [GC (Allocation Failure) 5.744: [ParNew
Desired survivor size 20112992 bytes, new threshold 8 (max 8)
- age   1:    8844824 bytes,    8844824 total
- age   2:    2481640 bytes,   11326464 total
: 92475K->12633K(109248K), 0.0171632 secs] 92475K->12633K(502464K), 0.0174341 secs] [Times: user=0.05 sys=0.01, real=0.02 secs] 
Heap after GC invocations=2 (full 0):
 par new generation   total 109248K, used 12633K [0x00000000e0000000, 0x00000000e8000000, 0x00000000e8000000)
  eden space 87424K,   0% used [0x00000000e0000000, 0x00000000e0000000, 0x00000000e5560000)
  from space 21824K,  57% used [0x00000000e5560000, 0x00000000e61b6480, 0x00000000e6ab0000)
  to   space 21824K,   0% used [0x00000000e6ab0000, 0x00000000e6ab0000, 0x00000000e8000000)
 concurrent mark-sweep generation total 393216K, used 0K [0x00000000e8000000, 0x0000000100000000, 0x0000000100000000)
 Metaspace       used 20470K, capacity 20804K, committed 20992K, reserved 1067008K
  class space    used 2418K, capacity 2519K, committed 2560K, reserved 1048576K
}
2015-12-06T19:53:59.468+0530: 5.762: Total time for which application threads were stopped: 0.0176954 seconds, Stopping threads took: 0.0000202 seconds
2015-12-06T19:53:59.469+0530: 5.763: Total time for which application threads were stopped: 0.0002060 seconds, Stopping threads took: 0.0000950 seconds
2015-12-06T19:53:59.471+0530: 5.765: Total time for which application threads were stopped: 0.0003677 seconds, Stopping threads took: 0.0002695 seconds
2015-12-06T19:53:59.471+0530: 5.765: Total time for which application threads were stopped: 0.0000501 seconds, Stopping threads took: 0.0000178 seconds
2015-12-06T19:53:59.471+0530: 5.765: Total time for which application threads were stopped: 0.0000574 seconds, Stopping threads took: 0.0000266 seconds
2015-12-06T19:53:59.691+0530: 5.984: Total time for which application threads were stopped: 0.0001372 seconds, Stopping threads took: 0.0000328 seconds
2015-12-06T19:54:00.691+0530: 6.985: Total time for which application threads were stopped: 0.0001991 seconds, Stopping threads took: 0.0000537 seconds
2015-12-06T19:54:03.692+0530: 9.986: Total time for which application threads were stopped: 0.0002008 seconds, Stopping threads took: 0.0000545 seconds
2015-12-06T19:54:13.815+0530: 20.109: Total time for which application threads were stopped: 0.0004889 seconds, Stopping threads took: 0.0001074 seconds
2015-12-06T19:54:14.001+0530: 20.295: Total time for which application threads were stopped: 0.0002352 seconds, Stopping threads took: 0.0000466 seconds
2015-12-06T19:54:14.001+0530: 20.295: Total time for which application threads were stopped: 0.0001446 seconds, Stopping threads took: 0.0000479 seconds
2015-12-06T19:54:14.101+0530: 20.395: Total time for which application threads were stopped: 0.0003072 seconds, Stopping threads took: 0.0000571 seconds
2015-12-06T19:54:14.106+0530: 20.400: Total time for which application threads were stopped: 0.0005874 seconds, Stopping threads took: 0.0004145 seconds
2015-12-06T19:54:14.106+0530: 20.400: Total time for which application threads were stopped: 0.0002286 seconds, Stopping threads took: 0.0001347 seconds
2015-12-06T19:54:14.107+0530: 20.401: Total time for which application threads were stopped: 0.0001262 seconds, Stopping threads took: 0.0000591 seconds
2015-12-06T19:54:14.107+0530: 20.401: Total time for which application threads were stopped: 0.0000633 seconds, Stopping threads took: 0.0000163 seconds
2015-12-06T19:54:14.107+0530: 20.401: Total time for which application threads were stopped: 0.0000855 seconds, Stopping threads took: 0.0000322 seconds
2015-12-06T19:54:14.108+0530: 20.401: Total time for which application threads were stopped: 0.0001955 seconds, Stopping threads took: 0.0000188 seconds
2015-12-06T19:54:14.108+0530: 20.402: Total time for which application threads were stopped: 0.0001238 seconds, Stopping threads took: 0.0000167 seconds
2015-12-06T19:54:14.108+0530: 20.402: Total time for which application threads were stopped: 0.0002004 seconds, Stopping threads took: 0.0000693 seconds
2015-12-06T19:54:14.109+0530: 20.403: Total time for which application threads were stopped: 0.0000732 seconds, Stopping threads took: 0.0000174 seconds
2015-12-06T19:54:14.109+0530: 20.403: Total time for which application threads were stopped: 0.0001601 seconds, Stopping threads took: 0.0000152 seconds
2015-12-06T19:54:14.110+0530: 20.404: Total time for which application threads were stopped: 0.0003182 seconds, Stopping threads took: 0.0000347 seconds
2015-12-06T19:54:14.238+0530: 20.532: Total time for which application threads were stopped: 0.0001262 seconds, Stopping threads took: 0.0000322 seconds
2015-12-06T19:54:14.238+0530: 20.532: Total time for which application threads were stopped: 0.0000835 seconds, Stopping threads took: 0.0000208 seconds
2015-12-06T19:54:14.239+0530: 20.533: Total time for which application threads were stopped: 0.0000665 seconds, Stopping threads took: 0.0000150 seconds
2015-12-06T19:54:14.239+0530: 20.533: Total time for which application threads were stopped: 0.0000759 seconds, Stopping threads took: 0.0000153 seconds
2015-12-06T19:54:14.239+0530: 20.533: Total time for which application threads were stopped: 0.0000565 seconds, Stopping threads took: 0.0000136 seconds
2015-12-06T19:54:14.239+0530: 20.533: Total time for which application threads were stopped: 0.0000575 seconds, Stopping threads took: 0.0000113 seconds
2015-12-06T19:54:15.239+0530: 21.533: Total time for which application threads were stopped: 0.0002058 seconds, Stopping threads took: 0.0000573 seconds
2015-12-06T19:54:16.240+0530: 22.534: Total time for which application threads were stopped: 0.0002022 seconds, Stopping threads took: 0.0000559 seconds
2015-12-06T19:54:18.240+0530: 24.534: Total time for which application threads were stopped: 0.0001161 seconds, Stopping threads took: 0.0000323 seconds
2015-12-06T19:54:32.242+0530: 38.536: Total time for which application threads were stopped: 0.0001323 seconds, Stopping threads took: 0.0000337 seconds
2015-12-06T19:54:34.243+0530: 40.537: Total time for which application threads were stopped: 0.0002086 seconds, Stopping threads took: 0.0000555 seconds
2015-12-06T19:54:42.244+0530: 48.538: Total time for which application threads were stopped: 0.0002258 seconds, Stopping threads took: 0.0000565 seconds
2015-12-06T19:54:50.245+0530: 56.539: Total time for which application threads were stopped: 0.0002109 seconds, Stopping threads took: 0.0000557 seconds
2015-12-06T19:54:52.246+0530: 58.540: Total time for which application threads were stopped: 0.0002101 seconds, Stopping threads took: 0.0000555 seconds
2015-12-06T19:54:55.903+0530: 62.197: Total time for which application threads were stopped: 0.0003305 seconds, Stopping threads took: 0.0001587 seconds
2015-12-06T19:54:57.448+0530: 63.742: [GC (CMS Initial Mark) [1 CMS-initial-mark: 0K(393216K)] 34301K(502464K), 0.0111421 secs] [Times: user=0.03 sys=0.00, real=0.01 secs] 
2015-12-06T19:54:57.459+0530: 63.753: Total time for which application threads were stopped: 0.0118162 seconds, Stopping threads took: 0.0000569 seconds
2015-12-06T19:54:57.459+0530: 63.753: [CMS-concurrent-mark-start]
2015-12-06T19:54:57.460+0530: 63.754: [CMS-concurrent-mark: 0.001/0.001 secs] [Times: user=0.00 sys=0.00, real=0.00 secs] 
2015-12-06T19:54:57.460+0530: 63.754: [CMS-concurrent-preclean-start]
2015-12-06T19:54:57.463+0530: 63.757: [CMS-concurrent-preclean: 0.002/0.002 secs] [Times: user=0.00 sys=0.00, real=0.01 secs] 
2015-12-06T19:54:57.463+0530: 63.757: [CMS-concurrent-abortable-preclean-start]
2015-12-06T19:54:58.460+0530: 64.754: Total time for which application threads were stopped: 0.0001407 seconds, Stopping threads took: 0.0000477 seconds
2015-12-06T19:55:00.460+0530: 66.754: Total time for which application threads were stopped: 0.0001215 seconds, Stopping threads took: 0.0000305 seconds
2015-12-06T19:55:00.839+0530: 67.133: Total time for which application threads were stopped: 0.0001104 seconds, Stopping threads took: 0.0000249 seconds
2015-12-06T19:55:01.433+0530: 67.727: Total time for which application threads were stopped: 0.0001320 seconds, Stopping threads took: 0.0000331 seconds
2015-12-06T19:55:01.433+0530: 67.727: Total time for which application threads were stopped: 0.0000591 seconds, Stopping threads took: 0.0000175 seconds
2015-12-06T19:55:01.433+0530: 67.727: Total time for which application threads were stopped: 0.0000530 seconds, Stopping threads took: 0.0000135 seconds
2015-12-06T19:55:01.433+0530: 67.727: Total time for which application threads were stopped: 0.0001640 seconds, Stopping threads took: 0.0001131 seconds
2015-12-06T19:55:01.434+0530: 67.728: Total time for which application threads were stopped: 0.0000734 seconds, Stopping threads took: 0.0000176 seconds
2015-12-06T19:55:01.494+0530: 67.788: Total time for which application threads were stopped: 0.0003444 seconds, Stopping threads took: 0.0001864 seconds
2015-12-06T19:55:01.503+0530: 67.797: Total time for which application threads were stopped: 0.0003164 seconds, Stopping threads took: 0.0001751 seconds
2015-12-06T19:55:01.516+0530: 67.809: Total time for which application threads were stopped: 0.0001280 seconds, Stopping threads took: 0.0000308 seconds
2015-12-06T19:55:01.606+0530: 67.900: Total time for which application threads were stopped: 0.0003725 seconds, Stopping threads took: 0.0000400 seconds
2015-12-06T19:55:01.763+0530: 68.056: Total time for which application threads were stopped: 0.0001726 seconds, Stopping threads took: 0.0000933 seconds
2015-12-06T19:55:01.838+0530: 68.131: Total time for which application threads were stopped: 0.0001059 seconds, Stopping threads took: 0.0000248 seconds
2015-12-06T19:55:02.060+0530: 68.354: Total time for which application threads were stopped: 0.0002434 seconds, Stopping threads took: 0.0001325 seconds
2015-12-06T19:55:02.180+0530: 68.474: Total time for which application threads were stopped: 0.0001210 seconds, Stopping threads took: 0.0000310 seconds
2015-12-06T19:55:02.262+0530: 68.556: Total time for which application threads were stopped: 0.0001245 seconds, Stopping threads took: 0.0000315 seconds
2015-12-06T19:55:02.378+0530: 68.672: Total time for which application threads were stopped: 0.0001317 seconds, Stopping threads took: 0.0000241 seconds
2015-12-06T19:55:02.440+0530: 68.734: Total time for which application threads were stopped: 0.0001638 seconds, Stopping threads took: 0.0000340 seconds
2015-12-06T19:55:02.452+0530: 68.746: Total time for which application threads were stopped: 0.0001780 seconds, Stopping threads took: 0.0000768 seconds
2015-12-06T19:55:02.455+0530: 68.749: Total time for which application threads were stopped: 0.0001498 seconds, Stopping threads took: 0.0000494 seconds
2015-12-06T19:55:02.456+0530: 68.749: Total time for which application threads were stopped: 0.0001211 seconds, Stopping threads took: 0.0000514 seconds
2015-12-06T19:55:02.457+0530: 68.751: Total time for which application threads were stopped: 0.0001924 seconds, Stopping threads took: 0.0000592 seconds
2015-12-06T19:55:02.458+0530: 68.752: Total time for which application threads were stopped: 0.0001366 seconds, Stopping threads took: 0.0000698 seconds
2015-12-06T19:55:02.458+0530: 68.752: Total time for which application threads were stopped: 0.0000920 seconds, Stopping threads took: 0.0000376 seconds
2015-12-06T19:55:02.623+0530: 68.917: Total time for which application threads were stopped: 0.0001416 seconds, Stopping threads took: 0.0000246 seconds
2015-12-06T19:55:02.758+0530: 69.052: Total time for which application threads were stopped: 0.0001837 seconds, Stopping threads took: 0.0000536 seconds
2015-12-06T19:55:02.910+0530: 69.203: Total time for which application threads were stopped: 0.0001367 seconds, Stopping threads took: 0.0000264 seconds
2015-12-06T19:55:03.048+0530: 69.341: Total time for which application threads were stopped: 0.0003573 seconds, Stopping threads took: 0.0001624 seconds
2015-12-06T19:55:03.053+0530: 69.346: Total time for which application threads were stopped: 0.0006258 seconds, Stopping threads took: 0.0000711 seconds
2015-12-06T19:55:03.173+0530: 69.467: Total time for which application threads were stopped: 0.0004094 seconds, Stopping threads took: 0.0002262 seconds
2015-12-06T19:55:03.297+0530: 69.591: Total time for which application threads were stopped: 0.0002214 seconds, Stopping threads took: 0.0000583 seconds
2015-12-06T19:55:03.301+0530: 69.595: Total time for which application threads were stopped: 0.0030500 seconds, Stopping threads took: 0.0029562 seconds
2015-12-06T19:55:03.306+0530: 69.600: Total time for which application threads were stopped: 0.0001651 seconds, Stopping threads took: 0.0000447 seconds
2015-12-06T19:55:03.306+0530: 69.600: Total time for which application threads were stopped: 0.0002112 seconds, Stopping threads took: 0.0001174 seconds
2015-12-06T19:55:03.310+0530: 69.604: Total time for which application threads were stopped: 0.0001474 seconds, Stopping threads took: 0.0000401 seconds
2015-12-06T19:55:03.312+0530: 69.606: Total time for which application threads were stopped: 0.0002214 seconds, Stopping threads took: 0.0000285 seconds
 CMS: abort preclean due to time 2015-12-06T19:55:03.496+0530: 69.790: [CMS-concurrent-abortable-preclean: 2.211/6.033 secs] [Times: user=2.92 sys=0.06, real=6.03 secs] 
2015-12-06T19:55:03.565+0530: 69.859: [GC (CMS Final Remark) [YG occupancy: 48912 K (109248 K)]{Heap before GC invocations=2 (full 1):
 par new generation   total 109248K, used 48912K [0x00000000e0000000, 0x00000000e8000000, 0x00000000e8000000)
  eden space 87424K,  41% used [0x00000000e0000000, 0x00000000e236df38, 0x00000000e5560000)
  from space 21824K,  57% used [0x00000000e5560000, 0x00000000e61b6480, 0x00000000e6ab0000)
  to   space 21824K,   0% used [0x00000000e6ab0000, 0x00000000e6ab0000, 0x00000000e8000000)
 concurrent mark-sweep generation total 393216K, used 0K [0x00000000e8000000, 0x0000000100000000, 0x0000000100000000)
 Metaspace       used 22358K, capacity 22724K, committed 23212K, reserved 1069056K
  class space    used 2606K, capacity 2711K, committed 2812K, reserved 1048576K
2015-12-06T19:55:03.565+0530: 69.859: [GC (CMS Final Remark) 69.859: [ParNew
Desired survivor size 20112992 bytes, new threshold 8 (max 8)
- age   1:    1579048 bytes,    1579048 total
- age   2:    3200728 bytes,    4779776 total
- age   3:    2424224 bytes,    7204000 total
: 48912K->11356K(109248K), 0.0105276 secs] 48912K->11356K(502464K), 0.0107272 secs] [Times: user=0.03 sys=0.01, real=0.01 secs] 
Heap after GC invocations=3 (full 1):
 par new generation   total 109248K, used 11356K [0x00000000e0000000, 0x00000000e8000000, 0x00000000e8000000)
  eden space 87424K,   0% used [0x00000000e0000000, 0x00000000e0000000, 0x00000000e5560000)
  from space 21824K,  52% used [0x00000000e6ab0000, 0x00000000e75c7268, 0x00000000e8000000)
  to   space 21824K,   0% used [0x00000000e5560000, 0x00000000e5560000, 0x00000000e6ab0000)
 concurrent mark-sweep generation total 393216K, used 0K [0x00000000e8000000, 0x0000000100000000, 0x0000000100000000)
 Metaspace       used 22358K, capacity 22724K, committed 23212K, reserved 1069056K
  class space    used 2606K, capacity 2711K, committed 2812K, reserved 1048576K
}
69.870: [Rescan (parallel) , 0.0040123 secs]69.874: [weak refs processing, 0.0015615 secs]69.876: [class unloading, 0.0029440 secs]69.879: [scrub symbol table, 0.0025153 secs]69.881: [scrub string table, 0.0004598 secs][1 CMS-remark: 0K(393216K)] 11356K(502464K), 0.0236944 secs] [Times: user=0.05 sys=0.01, real=0.02 secs] 
2015-12-06T19:55:03.589+0530: 69.883: Total time for which application threads were stopped: 0.0241491 seconds, Stopping threads took: 0.0000765 seconds
2015-12-06T19:55:03.589+0530: 69.883: [CMS-concurrent-sweep-start]
2015-12-06T19:55:03.589+0530: 69.883: [CMS-concurrent-sweep: 0.000/0.000 secs] [Times: user=0.00 sys=0.00, real=0.00 secs] 
2015-12-06T19:55:03.589+0530: 69.883: [CMS-concurrent-reset-start]
2015-12-06T19:55:03.593+0530: 69.887: Total time for which application threads were stopped: 0.0001531 seconds, Stopping threads took: 0.0000429 seconds
2015-12-06T19:55:03.593+0530: 69.887: [CMS-concurrent-reset: 0.003/0.003 secs] [Times: user=0.01 sys=0.00, real=0.00 secs] 
2015-12-06T19:55:03.758+0530: 70.052: Total time for which application threads were stopped: 0.0002902 seconds, Stopping threads took: 0.0001078 seconds
2015-12-06T19:55:03.839+0530: 70.133: Total time for which application threads were stopped: 0.0003103 seconds, Stopping threads took: 0.0000311 seconds
2015-12-06T19:55:03.896+0530: 70.189: Total time for which application threads were stopped: 0.0001788 seconds, Stopping threads took: 0.0000582 seconds
2015-12-06T19:55:03.907+0530: 70.201: Total time for which application threads were stopped: 0.0001645 seconds, Stopping threads took: 0.0000557 seconds
2015-12-06T19:55:03.910+0530: 70.204: Total time for which application threads were stopped: 0.0001133 seconds, Stopping threads took: 0.0000306 seconds
2015-12-06T19:55:04.013+0530: 70.307: Total time for which application threads were stopped: 0.0002027 seconds, Stopping threads took: 0.0000709 seconds
2015-12-06T19:55:04.686+0530: 70.980: Total time for which application threads were stopped: 0.0001612 seconds, Stopping threads took: 0.0000356 seconds
2015-12-06T19:55:05.103+0530: 71.397: Total time for which application threads were stopped: 0.0001552 seconds, Stopping threads took: 0.0000520 seconds
2015-12-06T19:55:05.103+0530: 71.397: Total time for which application threads were stopped: 0.0001148 seconds, Stopping threads took: 0.0000427 seconds
2015-12-06T19:55:05.104+0530: 71.398: Total time for which application threads were stopped: 0.0001095 seconds, Stopping threads took: 0.0000336 seconds
2015-12-06T19:55:05.105+0530: 71.398: Total time for which application threads were stopped: 0.0001126 seconds, Stopping threads took: 0.0000254 seconds
2015-12-06T19:55:05.133+0530: 71.426: Total time for which application threads were stopped: 0.0001821 seconds, Stopping threads took: 0.0000377 seconds
2015-12-06T19:55:05.219+0530: 71.513: Total time for which application threads were stopped: 0.0002528 seconds, Stopping threads took: 0.0001184 seconds
2015-12-06T19:55:05.220+0530: 71.514: Total time for which application threads were stopped: 0.0001301 seconds, Stopping threads took: 0.0000488 seconds
2015-12-06T19:55:05.220+0530: 71.514: Total time for which application threads were stopped: 0.0001034 seconds, Stopping threads took: 0.0000413 seconds
2015-12-06T19:55:05.221+0530: 71.514: Total time for which application threads were stopped: 0.0001114 seconds, Stopping threads took: 0.0000207 seconds
2015-12-06T19:55:05.221+0530: 71.515: Total time for which application threads were stopped: 0.0001339 seconds, Stopping threads took: 0.0000394 seconds
2015-12-06T19:55:05.221+0530: 71.515: Total time for which application threads were stopped: 0.0001277 seconds, Stopping threads took: 0.0000372 seconds
2015-12-06T19:55:05.222+0530: 71.516: Total time for which application threads were stopped: 0.0001724 seconds, Stopping threads took: 0.0000420 seconds
2015-12-06T19:55:05.229+0530: 71.523: Total time for which application threads were stopped: 0.0003717 seconds, Stopping threads took: 0.0002511 seconds
2015-12-06T19:55:05.229+0530: 71.523: Total time for which application threads were stopped: 0.0001213 seconds, Stopping threads took: 0.0000481 seconds
2015-12-06T19:55:05.230+0530: 71.523: Total time for which application threads were stopped: 0.0001647 seconds, Stopping threads took: 0.0000741 seconds
2015-12-06T19:55:05.230+0530: 71.524: Total time for which application threads were stopped: 0.0001047 seconds, Stopping threads took: 0.0000360 seconds
2015-12-06T19:55:05.230+0530: 71.524: Total time for which application threads were stopped: 0.0000894 seconds, Stopping threads took: 0.0000282 seconds
2015-12-06T19:55:05.231+0530: 71.524: Total time for which application threads were stopped: 0.0001237 seconds, Stopping threads took: 0.0000490 seconds
2015-12-06T19:55:05.231+0530: 71.525: Total time for which application threads were stopped: 0.0000930 seconds, Stopping threads took: 0.0000298 seconds
2015-12-06T19:55:05.231+0530: 71.525: Total time for which application threads were stopped: 0.0000961 seconds, Stopping threads took: 0.0000361 seconds
2015-12-06T19:55:05.238+0530: 71.532: Total time for which application threads were stopped: 0.0001879 seconds, Stopping threads took: 0.0000728 seconds
2015-12-06T19:55:05.240+0530: 71.534: Total time for which application threads were stopped: 0.0001881 seconds, Stopping threads took: 0.0000584 seconds
2015-12-06T19:55:05.242+0530: 71.536: Total time for which application threads were stopped: 0.0006303 seconds, Stopping threads took: 0.0004449 seconds
2015-12-06T19:55:05.244+0530: 71.538: Total time for which application threads were stopped: 0.0001680 seconds, Stopping threads took: 0.0000690 seconds
2015-12-06T19:55:05.244+0530: 71.538: Total time for which application threads were stopped: 0.0000771 seconds, Stopping threads took: 0.0000316 seconds
2015-12-06T19:55:05.287+0530: 71.581: Total time for which application threads were stopped: 0.0002238 seconds, Stopping threads took: 0.0000396 seconds
2015-12-06T19:55:05.290+0530: 71.584: Total time for which application threads were stopped: 0.0003988 seconds, Stopping threads took: 0.0000332 seconds
2015-12-06T19:55:05.338+0530: 71.632: Total time for which application threads were stopped: 0.0006639 seconds, Stopping threads took: 0.0001495 seconds
2015-12-06T19:55:05.375+0530: 71.669: Total time for which application threads were stopped: 0.0005818 seconds, Stopping threads took: 0.0000922 seconds
2015-12-06T19:55:05.415+0530: 71.708: Total time for which application threads were stopped: 0.0003467 seconds, Stopping threads took: 0.0000371 seconds
2015-12-06T19:55:05.418+0530: 71.712: Total time for which application threads were stopped: 0.0001230 seconds, Stopping threads took: 0.0000339 seconds
2015-12-06T19:55:05.430+0530: 71.724: Total time for which application threads were stopped: 0.0001620 seconds, Stopping threads took: 0.0000537 seconds
{Heap before GC invocations=3 (full 1):
 par new generation   total 109248K, used 98780K [0x00000000e0000000, 0x00000000e8000000, 0x00000000e8000000)
  eden space 87424K, 100% used [0x00000000e0000000, 0x00000000e5560000, 0x00000000e5560000)
  from space 21824K,  52% used [0x00000000e6ab0000, 0x00000000e75c7268, 0x00000000e8000000)
  to   space 21824K,   0% used [0x00000000e5560000, 0x00000000e5560000, 0x00000000e6ab0000)
 concurrent mark-sweep generation total 393216K, used 0K [0x00000000e8000000, 0x0000000100000000, 0x0000000100000000)
 Metaspace       used 23485K, capacity 23844K, committed 24060K, reserved 1071104K
  class space    used 2697K, capacity 2807K, committed 2812K, reserved 1048576K
2015-12-06T19:55:05.485+0530: 71.779: [GC (Allocation Failure) 71.779: [ParNew
Desired survivor size 20112992 bytes, new threshold 8 (max 8)
- age   1:    3751088 bytes,    3751088 total
- age   2:     292248 bytes,    4043336 total
- age   3:    3194512 bytes,    7237848 total
- age   4:    2423208 bytes,    9661056 total
: 98780K->12090K(109248K), 0.0124837 secs] 98780K->12090K(502464K), 0.0128059 secs] [Times: user=0.04 sys=0.00, real=0.01 secs] 
Heap after GC invocations=4 (full 1):
 par new generation   total 109248K, used 12090K [0x00000000e0000000, 0x00000000e8000000, 0x00000000e8000000)
  eden space 87424K,   0% used [0x00000000e0000000, 0x00000000e0000000, 0x00000000e5560000)
  from space 21824K,  55% used [0x00000000e5560000, 0x00000000e612e920, 0x00000000e6ab0000)
  to   space 21824K,   0% used [0x00000000e6ab0000, 0x00000000e6ab0000, 0x00000000e8000000)
 concurrent mark-sweep generation total 393216K, used 0K [0x00000000e8000000, 0x0000000100000000, 0x0000000100000000)
 Metaspace       used 23485K, capacity 23844K, committed 24060K, reserved 1071104K
  class space    used 2697K, capacity 2807K, committed 2812K, reserved 1048576K
}
2015-12-06T19:55:05.498+0530: 71.792: Total time for which application threads were stopped: 0.0159541 seconds, Stopping threads took: 0.0028349 seconds
2015-12-06T19:55:05.505+0530: 71.799: Total time for which application threads were stopped: 0.0029981 seconds, Stopping threads took: 0.0028713 seconds
2015-12-06T19:55:05.505+0530: 71.799: Total time for which application threads were stopped: 0.0001295 seconds, Stopping threads took: 0.0000460 seconds
2015-12-06T19:55:05.595+0530: 71.888: Total time for which application threads were stopped: 0.0002375 seconds, Stopping threads took: 0.0000591 seconds
2015-12-06T19:55:05.598+0530: 71.891: Total time for which application threads were stopped: 0.0002293 seconds, Stopping threads took: 0.0000579 seconds
2015-12-06T19:55:05.621+0530: 71.915: Total time for which application threads were stopped: 0.0002992 seconds, Stopping threads took: 0.0001091 seconds
2015-12-06T19:55:05.628+0530: 71.922: Total time for which application threads were stopped: 0.0001426 seconds, Stopping threads took: 0.0000332 seconds
2015-12-06T19:55:05.629+0530: 71.923: Total time for which application threads were stopped: 0.0001411 seconds, Stopping threads took: 0.0000481 seconds
2015-12-06T19:55:05.636+0530: 71.929: Total time for which application threads were stopped: 0.0001908 seconds, Stopping threads took: 0.0000431 seconds
2015-12-06T19:55:05.636+0530: 71.930: Total time for which application threads were stopped: 0.0001315 seconds, Stopping threads took: 0.0000261 seconds
2015-12-06T19:55:05.642+0530: 71.936: Total time for which application threads were stopped: 0.0001851 seconds, Stopping threads took: 0.0000671 seconds
2015-12-06T19:55:05.660+0530: 71.953: Total time for which application threads were stopped: 0.0006069 seconds, Stopping threads took: 0.0000742 seconds
2015-12-06T19:55:05.688+0530: 71.982: Total time for which application threads were stopped: 0.0001856 seconds, Stopping threads took: 0.0000723 seconds
2015-12-06T19:55:05.688+0530: 71.982: Total time for which application threads were stopped: 0.0001199 seconds, Stopping threads took: 0.0000581 seconds
2015-12-06T19:55:05.690+0530: 71.984: Total time for which application threads were stopped: 0.0001517 seconds, Stopping threads took: 0.0000529 seconds
2015-12-06T19:55:05.690+0530: 71.984: Total time for which application threads were stopped: 0.0000865 seconds, Stopping threads took: 0.0000278 seconds
2015-12-06T19:55:05.697+0530: 71.991: Total time for which application threads were stopped: 0.0054481 seconds, Stopping threads took: 0.0053175 seconds
2015-12-06T19:55:05.698+0530: 71.991: Total time for which application threads were stopped: 0.0000832 seconds, Stopping threads took: 0.0000253 seconds
2015-12-06T19:55:05.713+0530: 72.007: Total time for which application threads were stopped: 0.0026946 seconds, Stopping threads took: 0.0025754 seconds
2015-12-06T19:55:05.737+0530: 72.031: Total time for which application threads were stopped: 0.0002264 seconds, Stopping threads took: 0.0001131 seconds
2015-12-06T19:55:05.737+0530: 72.031: Total time for which application threads were stopped: 0.0001289 seconds, Stopping threads took: 0.0000546 seconds
{Heap before GC invocations=4 (full 1):
 par new generation   total 109248K, used 99514K [0x00000000e0000000, 0x00000000e8000000, 0x00000000e8000000)
  eden space 87424K, 100% used [0x00000000e0000000, 0x00000000e5560000, 0x00000000e5560000)
  from space 21824K,  55% used [0x00000000e5560000, 0x00000000e612e920, 0x00000000e6ab0000)
  to   space 21824K,   0% used [0x00000000e6ab0000, 0x00000000e6ab0000, 0x00000000e8000000)
 concurrent mark-sweep generation total 393216K, used 0K [0x00000000e8000000, 0x0000000100000000, 0x0000000100000000)
 Metaspace       used 24082K, capacity 24362K, committed 24700K, reserved 1071104K
  class space    used 2776K, capacity 2872K, committed 2940K, reserved 1048576K
2015-12-06T19:55:05.744+0530: 72.038: [GC (Allocation Failure) 72.038: [ParNew
Desired survivor size 20112992 bytes, new threshold 8 (max 8)
- age   1:    1589384 bytes,    1589384 total
- age   2:    2558912 bytes,    4148296 total
- age   3:     291992 bytes,    4440288 total
- age   4:    3186752 bytes,    7627040 total
- age   5:    2422600 bytes,   10049640 total
: 99514K->14146K(109248K), 0.0140872 secs] 99514K->14146K(502464K), 0.0142726 secs] [Times: user=0.05 sys=0.00, real=0.01 secs] 
Heap after GC invocations=5 (full 1):
 par new generation   total 109248K, used 14146K [0x00000000e0000000, 0x00000000e8000000, 0x00000000e8000000)
  eden space 87424K,   0% used [0x00000000e0000000, 0x00000000e0000000, 0x00000000e5560000)
  from space 21824K,  64% used [0x00000000e6ab0000, 0x00000000e7880848, 0x00000000e8000000)
  to   space 21824K,   0% used [0x00000000e5560000, 0x00000000e5560000, 0x00000000e6ab0000)
 concurrent mark-sweep generation total 393216K, used 0K [0x00000000e8000000, 0x0000000100000000, 0x0000000100000000)
 Metaspace       used 24082K, capacity 24362K, committed 24700K, reserved 1071104K
  class space    used 2776K, capacity 2872K, committed 2940K, reserved 1048576K
}
2015-12-06T19:55:05.758+0530: 72.052: Total time for which application threads were stopped: 0.0148634 seconds, Stopping threads took: 0.0000996 seconds
2015-12-06T19:55:05.760+0530: 72.054: Total time for which application threads were stopped: 0.0002203 seconds, Stopping threads took: 0.0000913 seconds
2015-12-06T19:55:05.761+0530: 72.054: Total time for which application threads were stopped: 0.0000935 seconds, Stopping threads took: 0.0000372 seconds
2015-12-06T19:55:05.808+0530: 72.102: Total time for which application threads were stopped: 0.0001856 seconds, Stopping threads took: 0.0000607 seconds
2015-12-06T19:55:05.811+0530: 72.105: Total time for which application threads were stopped: 0.0001561 seconds, Stopping threads took: 0.0000321 seconds
2015-12-06T19:55:05.818+0530: 72.112: Total time for which application threads were stopped: 0.0001134 seconds, Stopping threads took: 0.0000257 seconds
2015-12-06T19:55:05.818+0530: 72.112: Total time for which application threads were stopped: 0.0000602 seconds, Stopping threads took: 0.0000127 seconds
2015-12-06T19:55:05.840+0530: 72.134: Total time for which application threads were stopped: 0.0002651 seconds, Stopping threads took: 0.0000495 seconds
{Heap before GC invocations=5 (full 1):
 par new generation   total 109248K, used 101570K [0x00000000e0000000, 0x00000000e8000000, 0x00000000e8000000)
  eden space 87424K, 100% used [0x00000000e0000000, 0x00000000e5560000, 0x00000000e5560000)
  from space 21824K,  64% used [0x00000000e6ab0000, 0x00000000e7880848, 0x00000000e8000000)
  to   space 21824K,   0% used [0x00000000e5560000, 0x00000000e5560000, 0x00000000e6ab0000)
 concurrent mark-sweep generation total 393216K, used 0K [0x00000000e8000000, 0x0000000100000000, 0x0000000100000000)
 Metaspace       used 24412K, capacity 24738K, committed 24956K, reserved 1071104K
  class space    used 2814K, capacity 2908K, committed 2940K, reserved 1048576K
2015-12-06T19:55:05.885+0530: 72.179: [GC (Allocation Failure) 72.179: [ParNew
Desired survivor size 20112992 bytes, new threshold 8 (max 8)
- age   1:     631280 bytes,     631280 total
- age   2:     720192 bytes,    1351472 total
- age   3:    2539528 bytes,    3891000 total
- age   4:     292128 bytes,    4183128 total
- age   5:    3186904 bytes,    7370032 total
- age   6:    2422304 bytes,    9792336 total
: 101570K->12827K(109248K), 0.0112279 secs] 101570K->12827K(502464K), 0.0115285 secs] [Times: user=0.04 sys=0.00, real=0.01 secs] 
Heap after GC invocations=6 (full 1):
 par new generation   total 109248K, used 12827K [0x00000000e0000000, 0x00000000e8000000, 0x00000000e8000000)
  eden space 87424K,   0% used [0x00000000e0000000, 0x00000000e0000000, 0x00000000e5560000)
  from space 21824K,  58% used [0x00000000e5560000, 0x00000000e61e6e68, 0x00000000e6ab0000)
  to   space 21824K,   0% used [0x00000000e6ab0000, 0x00000000e6ab0000, 0x00000000e8000000)
 concurrent mark-sweep generation total 393216K, used 0K [0x00000000e8000000, 0x0000000100000000, 0x0000000100000000)
 Metaspace       used 24412K, capacity 24738K, committed 24956K, reserved 1071104K
  class space    used 2814K, capacity 2908K, committed 2940K, reserved 1048576K
}
2015-12-06T19:55:05.897+0530: 72.191: Total time for which application threads were stopped: 0.0151686 seconds, Stopping threads took: 0.0033560 seconds
2015-12-06T19:55:05.986+0530: 72.279: Total time for which application threads were stopped: 0.0001653 seconds, Stopping threads took: 0.0000496 seconds
{Heap before GC invocations=6 (full 1):
 par new generation   total 109248K, used 100251K [0x00000000e0000000, 0x00000000e8000000, 0x00000000e8000000)
  eden space 87424K, 100% used [0x00000000e0000000, 0x00000000e5560000, 0x00000000e5560000)
  from space 21824K,  58% used [0x00000000e5560000, 0x00000000e61e6e68, 0x00000000e6ab0000)
  to   space 21824K,   0% used [0x00000000e6ab0000, 0x00000000e6ab0000, 0x00000000e8000000)
 concurrent mark-sweep generation total 393216K, used 0K [0x00000000e8000000, 0x0000000100000000, 0x0000000100000000)
 Metaspace       used 24580K, capacity 24970K, committed 25340K, reserved 1071104K
  class space    used 2841K, capacity 2942K, committed 3068K, reserved 1048576K
2015-12-06T19:55:06.012+0530: 72.305: [GC (Allocation Failure) 72.306: [ParNew
Desired survivor size 20112992 bytes, new threshold 8 (max 8)
- age   1:     515928 bytes,     515928 total
- age   2:     134392 bytes,     650320 total
- age   3:     718680 bytes,    1369000 total
- age   4:    2539424 bytes,    3908424 total
- age   5:     291680 bytes,    4200104 total
- age   6:    3182896 bytes,    7383000 total
- age   7:    2421512 bytes,    9804512 total
: 100251K->12526K(109248K), 0.0136842 secs] 100251K->12526K(502464K), 0.0139827 secs] [Times: user=0.05 sys=0.00, real=0.02 secs] 
Heap after GC invocations=7 (full 1):
 par new generation   total 109248K, used 12526K [0x00000000e0000000, 0x00000000e8000000, 0x00000000e8000000)
  eden space 87424K,   0% used [0x00000000e0000000, 0x00000000e0000000, 0x00000000e5560000)
  from space 21824K,  57% used [0x00000000e6ab0000, 0x00000000e76eba90, 0x00000000e8000000)
  to   space 21824K,   0% used [0x00000000e5560000, 0x00000000e5560000, 0x00000000e6ab0000)
 concurrent mark-sweep generation total 393216K, used 0K [0x00000000e8000000, 0x0000000100000000, 0x0000000100000000)
 Metaspace       used 24580K, capacity 24970K, committed 25340K, reserved 1071104K
  class space    used 2841K, capacity 2942K, committed 3068K, reserved 1048576K
}
2015-12-06T19:55:06.026+0530: 72.320: Total time for which application threads were stopped: 0.0143193 seconds, Stopping threads took: 0.0000602 seconds
2015-12-06T19:55:06.095+0530: 72.389: Total time for which application threads were stopped: 0.0001643 seconds, Stopping threads took: 0.0000541 seconds
2015-12-06T19:55:06.147+0530: 72.441: Total time for which application threads were stopped: 0.0004477 seconds, Stopping threads took: 0.0000447 seconds
2015-12-06T19:55:06.232+0530: 72.526: Total time for which application threads were stopped: 0.0006281 seconds, Stopping threads took: 0.0000523 seconds
2015-12-06T19:55:06.403+0530: 72.696: Total time for which application threads were stopped: 0.0019630 seconds, Stopping threads took: 0.0017760 seconds
2015-12-06T19:55:06.511+0530: 72.804: Total time for which application threads were stopped: 0.0002578 seconds, Stopping threads took: 0.0000734 seconds
2015-12-06T19:55:06.537+0530: 72.831: Total time for which application threads were stopped: 0.0005763 seconds, Stopping threads took: 0.0000644 seconds
2015-12-06T19:55:06.539+0530: 72.832: Total time for which application threads were stopped: 0.0001260 seconds, Stopping threads took: 0.0000483 seconds
2015-12-06T19:55:06.539+0530: 72.833: Total time for which application threads were stopped: 0.0001190 seconds, Stopping threads took: 0.0000291 seconds
2015-12-06T19:55:06.596+0530: 72.890: Total time for which application threads were stopped: 0.0001697 seconds, Stopping threads took: 0.0000637 seconds
2015-12-06T19:55:06.597+0530: 72.891: Total time for which application threads were stopped: 0.0000899 seconds, Stopping threads took: 0.0000387 seconds
2015-12-06T19:55:06.597+0530: 72.891: Total time for which application threads were stopped: 0.0000800 seconds, Stopping threads took: 0.0000364 seconds
2015-12-06T19:55:06.597+0530: 72.891: Total time for which application threads were stopped: 0.0000729 seconds, Stopping threads took: 0.0000281 seconds
2015-12-06T19:55:06.597+0530: 72.891: Total time for which application threads were stopped: 0.0001160 seconds, Stopping threads took: 0.0000695 seconds
2015-12-06T19:55:06.597+0530: 72.891: Total time for which application threads were stopped: 0.0000664 seconds, Stopping threads took: 0.0000233 seconds
2015-12-06T19:55:06.598+0530: 72.891: Total time for which application threads were stopped: 0.0000846 seconds, Stopping threads took: 0.0000251 seconds
2015-12-06T19:55:06.598+0530: 72.892: Total time for which application threads were stopped: 0.0000806 seconds, Stopping threads took: 0.0000272 seconds
2015-12-06T19:55:06.616+0530: 72.910: Total time for which application threads were stopped: 0.0005751 seconds, Stopping threads took: 0.0000316 seconds
2015-12-06T19:55:06.620+0530: 72.914: Total time for which application threads were stopped: 0.0001713 seconds, Stopping threads took: 0.0000590 seconds
2015-12-06T19:55:06.638+0530: 72.932: Total time for which application threads were stopped: 0.0001370 seconds, Stopping threads took: 0.0000323 seconds
2015-12-06T19:55:06.642+0530: 72.936: Total time for which application threads were stopped: 0.0001468 seconds, Stopping threads took: 0.0000276 seconds
2015-12-06T19:55:06.649+0530: 72.943: Total time for which application threads were stopped: 0.0001024 seconds, Stopping threads took: 0.0000273 seconds
2015-12-06T19:55:06.650+0530: 72.944: Total time for which application threads were stopped: 0.0002270 seconds, Stopping threads took: 0.0000434 seconds
2015-12-06T19:55:06.865+0530: 73.159: Total time for which application threads were stopped: 0.0002282 seconds, Stopping threads took: 0.0000673 seconds
{Heap before GC invocations=7 (full 1):
 par new generation   total 109248K, used 99950K [0x00000000e0000000, 0x00000000e8000000, 0x00000000e8000000)
  eden space 87424K, 100% used [0x00000000e0000000, 0x00000000e5560000, 0x00000000e5560000)
  from space 21824K,  57% used [0x00000000e6ab0000, 0x00000000e76eba90, 0x00000000e8000000)
  to   space 21824K,   0% used [0x00000000e5560000, 0x00000000e5560000, 0x00000000e6ab0000)
 concurrent mark-sweep generation total 393216K, used 0K [0x00000000e8000000, 0x0000000100000000, 0x0000000100000000)
 Metaspace       used 27689K, capacity 28056K, committed 28540K, reserved 1075200K
  class space    used 3220K, capacity 3329K, committed 3452K, reserved 1048576K
2015-12-06T19:55:06.875+0530: 73.169: [GC (Allocation Failure) 73.169: [ParNew
Desired survivor size 20112992 bytes, new threshold 8 (max 8)
- age   1:    4139632 bytes,    4139632 total
- age   2:     107400 bytes,    4247032 total
- age   3:     132208 bytes,    4379240 total
- age   4:     110824 bytes,    4490064 total
- age   5:    1638736 bytes,    6128800 total
- age   6:     290376 bytes,    6419176 total
- age   7:    3179528 bytes,    9598704 total
- age   8:    2420288 bytes,   12018992 total
: 99950K->13318K(109248K), 0.0127646 secs] 99950K->13318K(502464K), 0.0129806 secs] [Times: user=0.04 sys=0.00, real=0.01 secs] 
Heap after GC invocations=8 (full 1):
 par new generation   total 109248K, used 13318K [0x00000000e0000000, 0x00000000e8000000, 0x00000000e8000000)
  eden space 87424K,   0% used [0x00000000e0000000, 0x00000000e0000000, 0x00000000e5560000)
  from space 21824K,  61% used [0x00000000e5560000, 0x00000000e6261ab8, 0x00000000e6ab0000)
  to   space 21824K,   0% used [0x00000000e6ab0000, 0x00000000e6ab0000, 0x00000000e8000000)
 concurrent mark-sweep generation total 393216K, used 0K [0x00000000e8000000, 0x0000000100000000, 0x0000000100000000)
 Metaspace       used 27689K, capacity 28056K, committed 28540K, reserved 1075200K
  class space    used 3220K, capacity 3329K, committed 3452K, reserved 1048576K
}
2015-12-06T19:55:06.888+0530: 73.182: Total time for which application threads were stopped: 0.0132721 seconds, Stopping threads took: 0.0000365 seconds
2015-12-06T19:55:06.940+0530: 73.234: Total time for which application threads were stopped: 0.0001608 seconds, Stopping threads took: 0.0000527 seconds
2015-12-06T19:55:06.972+0530: 73.266: Total time for which application threads were stopped: 0.0005663 seconds, Stopping threads took: 0.0000345 seconds
2015-12-06T19:55:06.997+0530: 73.291: Total time for which application threads were stopped: 0.0002153 seconds, Stopping threads took: 0.0000487 seconds
2015-12-06T19:55:07.075+0530: 73.369: Total time for which application threads were stopped: 0.0001485 seconds, Stopping threads took: 0.0000395 seconds
2015-12-06T19:55:07.102+0530: 73.396: Total time for which application threads were stopped: 0.0001808 seconds, Stopping threads took: 0.0000429 seconds
2015-12-06T19:55:07.134+0530: 73.427: Total time for which application threads were stopped: 0.0001448 seconds, Stopping threads took: 0.0000520 seconds
2015-12-06T19:55:07.141+0530: 73.434: Total time for which application threads were stopped: 0.0001707 seconds, Stopping threads took: 0.0000375 seconds
2015-12-06T19:55:07.142+0530: 73.435: Total time for which application threads were stopped: 0.0001586 seconds, Stopping threads took: 0.0000467 seconds
2015-12-06T19:55:07.143+0530: 73.436: Total time for which application threads were stopped: 0.0001683 seconds, Stopping threads took: 0.0000320 seconds
2015-12-06T19:55:07.166+0530: 73.460: Total time for which application threads were stopped: 0.0001503 seconds, Stopping threads took: 0.0000539 seconds
2015-12-06T19:55:07.241+0530: 73.535: Total time for which application threads were stopped: 0.0001972 seconds, Stopping threads took: 0.0000656 seconds
2015-12-06T19:55:07.245+0530: 73.539: Total time for which application threads were stopped: 0.0016330 seconds, Stopping threads took: 0.0014888 seconds
2015-12-06T19:55:07.253+0530: 73.547: Total time for which application threads were stopped: 0.0001961 seconds, Stopping threads took: 0.0000688 seconds
2015-12-06T19:55:07.269+0530: 73.563: Total time for which application threads were stopped: 0.0002478 seconds, Stopping threads took: 0.0001012 seconds
2015-12-06T19:55:07.271+0530: 73.564: Total time for which application threads were stopped: 0.0014139 seconds, Stopping threads took: 0.0012929 seconds
2015-12-06T19:55:07.279+0530: 73.573: Total time for which application threads were stopped: 0.0013676 seconds, Stopping threads took: 0.0006304 seconds
2015-12-06T19:55:07.323+0530: 73.617: Total time for which application threads were stopped: 0.0002345 seconds, Stopping threads took: 0.0001147 seconds
2015-12-06T19:55:07.337+0530: 73.631: Total time for which application threads were stopped: 0.0005273 seconds, Stopping threads took: 0.0000522 seconds
2015-12-06T19:55:07.368+0530: 73.662: Total time for which application threads were stopped: 0.0002088 seconds, Stopping threads took: 0.0000547 seconds
2015-12-06T19:55:07.392+0530: 73.686: Total time for which application threads were stopped: 0.0001213 seconds, Stopping threads took: 0.0000311 seconds
2015-12-06T19:55:07.399+0530: 73.693: Total time for which application threads were stopped: 0.0003101 seconds, Stopping threads took: 0.0000463 seconds
2015-12-06T19:55:07.401+0530: 73.696: Total time for which application threads were stopped: 0.0022107 seconds, Stopping threads took: 0.0018475 seconds
2015-12-06T19:55:07.406+0530: 73.700: Total time for which application threads were stopped: 0.0004948 seconds, Stopping threads took: 0.0000495 seconds
2015-12-06T19:55:07.435+0530: 73.729: Total time for which application threads were stopped: 0.0101386 seconds, Stopping threads took: 0.0097109 seconds
2015-12-06T19:55:07.438+0530: 73.732: Total time for which application threads were stopped: 0.0003533 seconds, Stopping threads took: 0.0001419 seconds
2015-12-06T19:55:07.459+0530: 73.753: Total time for which application threads were stopped: 0.0001817 seconds, Stopping threads took: 0.0000743 seconds
2015-12-06T19:55:07.497+0530: 73.791: Total time for which application threads were stopped: 0.0022362 seconds, Stopping threads took: 0.0020304 seconds
2015-12-06T19:55:07.538+0530: 73.832: Total time for which application threads were stopped: 0.0002675 seconds, Stopping threads took: 0.0000915 seconds
2015-12-06T19:55:07.557+0530: 73.850: Total time for which application threads were stopped: 0.0005435 seconds, Stopping threads took: 0.0002914 seconds
2015-12-06T19:55:07.565+0530: 73.859: Total time for which application threads were stopped: 0.0057632 seconds, Stopping threads took: 0.0055763 seconds
2015-12-06T19:55:07.566+0530: 73.860: Total time for which application threads were stopped: 0.0002165 seconds, Stopping threads took: 0.0000541 seconds
2015-12-06T19:55:07.577+0530: 73.871: Total time for which application threads were stopped: 0.0045581 seconds, Stopping threads took: 0.0044364 seconds
2015-12-06T19:55:07.586+0530: 73.880: Total time for which application threads were stopped: 0.0001425 seconds, Stopping threads took: 0.0000444 seconds
2015-12-06T19:55:07.611+0530: 73.905: Total time for which application threads were stopped: 0.0053115 seconds, Stopping threads took: 0.0051874 seconds
2015-12-06T19:55:07.611+0530: 73.905: Total time for which application threads were stopped: 0.0001204 seconds, Stopping threads took: 0.0000461 seconds
2015-12-06T19:55:07.612+0530: 73.906: Total time for which application threads were stopped: 0.0009749 seconds, Stopping threads took: 0.0008798 seconds
2015-12-06T19:55:07.614+0530: 73.908: Total time for which application threads were stopped: 0.0001962 seconds, Stopping threads took: 0.0000595 seconds
2015-12-06T19:55:07.847+0530: 74.141: Total time for which application threads were stopped: 0.0004026 seconds, Stopping threads took: 0.0001326 seconds
2015-12-06T19:55:08.039+0530: 74.333: Total time for which application threads were stopped: 0.0002216 seconds, Stopping threads took: 0.0000374 seconds
2015-12-06T19:55:08.216+0530: 74.510: Total time for which application threads were stopped: 0.0007269 seconds, Stopping threads took: 0.0000587 seconds
2015-12-06T19:55:08.230+0530: 74.524: Total time for which application threads were stopped: 0.0001734 seconds, Stopping threads took: 0.0000356 seconds
2015-12-06T19:55:08.515+0530: 74.809: Total time for which application threads were stopped: 0.0001518 seconds, Stopping threads took: 0.0000371 seconds
2015-12-06T19:55:08.638+0530: 74.932: Total time for which application threads were stopped: 0.0001803 seconds, Stopping threads took: 0.0000430 seconds
2015-12-06T19:55:08.653+0530: 74.947: Total time for which application threads were stopped: 0.0001658 seconds, Stopping threads took: 0.0000770 seconds
2015-12-06T19:55:08.655+0530: 74.948: Total time for which application threads were stopped: 0.0001322 seconds, Stopping threads took: 0.0000583 seconds
2015-12-06T19:55:08.657+0530: 74.951: Total time for which application threads were stopped: 0.0004765 seconds, Stopping threads took: 0.0000372 seconds
2015-12-06T19:55:08.658+0530: 74.952: Total time for which application threads were stopped: 0.0002652 seconds, Stopping threads took: 0.0000436 seconds
2015-12-06T19:55:08.658+0530: 74.952: Total time for which application threads were stopped: 0.0001133 seconds, Stopping threads took: 0.0000429 seconds
2015-12-06T19:55:08.781+0530: 75.074: Total time for which application threads were stopped: 0.0005604 seconds, Stopping threads took: 0.0003119 seconds
2015-12-06T19:55:08.781+0530: 75.075: Total time for which application threads were stopped: 0.0003410 seconds, Stopping threads took: 0.0001244 seconds
2015-12-06T19:55:08.782+0530: 75.076: Total time for which application threads were stopped: 0.0003856 seconds, Stopping threads took: 0.0002023 seconds
2015-12-06T19:55:08.783+0530: 75.076: Total time for which application threads were stopped: 0.0002762 seconds, Stopping threads took: 0.0001294 seconds
2015-12-06T19:55:08.783+0530: 75.077: Total time for which application threads were stopped: 0.0003254 seconds, Stopping threads took: 0.0001755 seconds
2015-12-06T19:55:08.800+0530: 75.094: Total time for which application threads were stopped: 0.0003437 seconds, Stopping threads took: 0.0001472 seconds
2015-12-06T19:55:08.800+0530: 75.094: Total time for which application threads were stopped: 0.0002046 seconds, Stopping threads took: 0.0000733 seconds
2015-12-06T19:55:09.179+0530: 75.472: Total time for which application threads were stopped: 0.0001778 seconds, Stopping threads took: 0.0000350 seconds
2015-12-06T19:55:09.206+0530: 75.500: Total time for which application threads were stopped: 0.0001574 seconds, Stopping threads took: 0.0000345 seconds
2015-12-06T19:55:09.291+0530: 75.585: Total time for which application threads were stopped: 0.0001556 seconds, Stopping threads took: 0.0000606 seconds
2015-12-06T19:55:09.374+0530: 75.668: Total time for which application threads were stopped: 0.0001861 seconds, Stopping threads took: 0.0000358 seconds
2015-12-06T19:55:10.375+0530: 76.669: Total time for which application threads were stopped: 0.0008027 seconds, Stopping threads took: 0.0002223 seconds
2015-12-06T19:55:11.375+0530: 77.669: Total time for which application threads were stopped: 0.0002569 seconds, Stopping threads took: 0.0000701 seconds
2015-12-06T19:55:11.706+0530: 78.000: Total time for which application threads were stopped: 0.0003768 seconds, Stopping threads took: 0.0000697 seconds
2015-12-06T19:55:12.707+0530: 79.001: Total time for which application threads were stopped: 0.0001513 seconds, Stopping threads took: 0.0000354 seconds
2015-12-06T19:55:13.181+0530: 79.474: Total time for which application threads were stopped: 0.0004627 seconds, Stopping threads took: 0.0001498 seconds
2015-12-06T19:55:13.297+0530: 79.591: Total time for which application threads were stopped: 0.0002350 seconds, Stopping threads took: 0.0000501 seconds
2015-12-06T19:55:13.640+0530: 79.934: Total time for which application threads were stopped: 0.0004387 seconds, Stopping threads took: 0.0001413 seconds
2015-12-06T19:55:13.765+0530: 80.059: Total time for which application threads were stopped: 0.0014043 seconds, Stopping threads took: 0.0012076 seconds
2015-12-06T19:55:14.765+0530: 81.059: Total time for which application threads were stopped: 0.0001261 seconds, Stopping threads took: 0.0000294 seconds
2015-12-06T19:55:15.765+0530: 82.059: Total time for which application threads were stopped: 0.0001521 seconds, Stopping threads took: 0.0000353 seconds
2015-12-06T19:55:16.247+0530: 82.540: Total time for which application threads were stopped: 0.0033133 seconds, Stopping threads took: 0.0029929 seconds
2015-12-06T19:55:16.431+0530: 82.725: Total time for which application threads were stopped: 0.0003275 seconds, Stopping threads took: 0.0000677 seconds
2015-12-06T19:55:17.006+0530: 83.300: Total time for which application threads were stopped: 0.0003385 seconds, Stopping threads took: 0.0000651 seconds
2015-12-06T19:55:17.240+0530: 83.534: Total time for which application threads were stopped: 0.0001612 seconds, Stopping threads took: 0.0000377 seconds
2015-12-06T19:55:18.240+0530: 84.534: Total time for which application threads were stopped: 0.0001742 seconds, Stopping threads took: 0.0000383 seconds
2015-12-06T19:55:19.241+0530: 85.535: Total time for which application threads were stopped: 0.0001594 seconds, Stopping threads took: 0.0000323 seconds
2015-12-06T19:55:20.080+0530: 86.373: Total time for which application threads were stopped: 0.0034103 seconds, Stopping threads took: 0.0028938 seconds
2015-12-06T19:55:20.092+0530: 86.385: Total time for which application threads were stopped: 0.0001823 seconds, Stopping threads took: 0.0000315 seconds
2015-12-06T19:55:20.106+0530: 86.400: Total time for which application threads were stopped: 0.0047562 seconds, Stopping threads took: 0.0045970 seconds
2015-12-06T19:55:20.111+0530: 86.404: Total time for which application threads were stopped: 0.0001936 seconds, Stopping threads took: 0.0000366 seconds
2015-12-06T19:55:20.116+0530: 86.410: Total time for which application threads were stopped: 0.0019874 seconds, Stopping threads took: 0.0018248 seconds
2015-12-06T19:55:20.119+0530: 86.413: Total time for which application threads were stopped: 0.0001712 seconds, Stopping threads took: 0.0000311 seconds
2015-12-06T19:55:20.580+0530: 86.874: Total time for which application threads were stopped: 0.0006508 seconds, Stopping threads took: 0.0000358 seconds
2015-12-06T19:55:20.586+0530: 86.879: Total time for which application threads were stopped: 0.0001467 seconds, Stopping threads took: 0.0000383 seconds
2015-12-06T19:55:20.598+0530: 86.892: Total time for which application threads were stopped: 0.0001332 seconds, Stopping threads took: 0.0000288 seconds
2015-12-06T19:55:20.618+0530: 86.912: Total time for which application threads were stopped: 0.0001123 seconds, Stopping threads took: 0.0000220 seconds
2015-12-06T19:55:20.622+0530: 86.916: Total time for which application threads were stopped: 0.0001910 seconds, Stopping threads took: 0.0000897 seconds
2015-12-06T19:55:20.625+0530: 86.919: Total time for which application threads were stopped: 0.0006849 seconds, Stopping threads took: 0.0000483 seconds
2015-12-06T19:55:20.629+0530: 86.923: Total time for which application threads were stopped: 0.0006429 seconds, Stopping threads took: 0.0000796 seconds
2015-12-06T19:55:20.658+0530: 86.951: Total time for which application threads were stopped: 0.0002011 seconds, Stopping threads took: 0.0000554 seconds
2015-12-06T19:55:21.059+0530: 87.353: Total time for which application threads were stopped: 0.0004559 seconds, Stopping threads took: 0.0001455 seconds
2015-12-06T19:55:21.271+0530: 87.564: Total time for which application threads were stopped: 0.0001753 seconds, Stopping threads took: 0.0000529 seconds
2015-12-06T19:55:22.078+0530: 88.371: Total time for which application threads were stopped: 0.0006481 seconds, Stopping threads took: 0.0001797 seconds
2015-12-06T19:55:22.157+0530: 88.451: Total time for which application threads were stopped: 0.0001632 seconds, Stopping threads took: 0.0000333 seconds
2015-12-06T19:55:22.266+0530: 88.560: Total time for which application threads were stopped: 0.0001862 seconds, Stopping threads took: 0.0000359 seconds
2015-12-06T19:55:22.852+0530: 89.146: Total time for which application threads were stopped: 0.0006171 seconds, Stopping threads took: 0.0004931 seconds
2015-12-06T19:55:23.236+0530: 89.530: Total time for which application threads were stopped: 0.0003225 seconds, Stopping threads took: 0.0000543 seconds
2015-12-06T19:55:23.238+0530: 89.532: Total time for which application threads were stopped: 0.0001903 seconds, Stopping threads took: 0.0000302 seconds
2015-12-06T19:55:23.327+0530: 89.620: Total time for which application threads were stopped: 0.0008254 seconds, Stopping threads took: 0.0000629 seconds
2015-12-06T19:55:23.645+0530: 89.939: Total time for which application threads were stopped: 0.0001797 seconds, Stopping threads took: 0.0000388 seconds
2015-12-06T19:55:23.767+0530: 90.061: Total time for which application threads were stopped: 0.0002077 seconds, Stopping threads took: 0.0001010 seconds
2015-12-06T19:55:24.000+0530: 90.293: Total time for which application threads were stopped: 0.0002632 seconds, Stopping threads took: 0.0000532 seconds
2015-12-06T19:55:24.022+0530: 90.316: Total time for which application threads were stopped: 0.0001482 seconds, Stopping threads took: 0.0000284 seconds
2015-12-06T19:55:24.609+0530: 90.903: Total time for which application threads were stopped: 0.0003911 seconds, Stopping threads took: 0.0001202 seconds
2015-12-06T19:55:24.615+0530: 90.909: Total time for which application threads were stopped: 0.0009534 seconds, Stopping threads took: 0.0000488 seconds
2015-12-06T19:55:24.750+0530: 91.044: Total time for which application threads were stopped: 0.0004400 seconds, Stopping threads took: 0.0001902 seconds
2015-12-06T19:55:24.944+0530: 91.238: Total time for which application threads were stopped: 0.0004428 seconds, Stopping threads took: 0.0001306 seconds
2015-12-06T19:55:25.137+0530: 91.431: Total time for which application threads were stopped: 0.0006181 seconds, Stopping threads took: 0.0004033 seconds
2015-12-06T19:55:25.140+0530: 91.434: Total time for which application threads were stopped: 0.0013621 seconds, Stopping threads took: 0.0001133 seconds
2015-12-06T19:55:25.423+0530: 91.717: Total time for which application threads were stopped: 0.0002577 seconds, Stopping threads took: 0.0001206 seconds
2015-12-06T19:55:25.424+0530: 91.718: Total time for which application threads were stopped: 0.0002078 seconds, Stopping threads took: 0.0001289 seconds
2015-12-06T19:55:25.424+0530: 91.718: Total time for which application threads were stopped: 0.0001205 seconds, Stopping threads took: 0.0000462 seconds
2015-12-06T19:55:25.427+0530: 91.721: Total time for which application threads were stopped: 0.0001045 seconds, Stopping threads took: 0.0000207 seconds
2015-12-06T19:55:25.831+0530: 92.125: Total time for which application threads were stopped: 0.0002507 seconds, Stopping threads took: 0.0000831 seconds
2015-12-06T19:55:25.936+0530: 92.229: Total time for which application threads were stopped: 0.0001549 seconds, Stopping threads took: 0.0000280 seconds
2015-12-06T19:55:25.939+0530: 92.233: Total time for which application threads were stopped: 0.0002447 seconds, Stopping threads took: 0.0001253 seconds
2015-12-06T19:55:26.021+0530: 92.315: Total time for which application threads were stopped: 0.0008238 seconds, Stopping threads took: 0.0005588 seconds
2015-12-06T19:55:26.025+0530: 92.318: Total time for which application threads were stopped: 0.0004217 seconds, Stopping threads took: 0.0001400 seconds
2015-12-06T19:55:26.069+0530: 92.363: Total time for which application threads were stopped: 0.0003044 seconds, Stopping threads took: 0.0001028 seconds
2015-12-06T19:55:26.143+0530: 92.437: Total time for which application threads were stopped: 0.0001859 seconds, Stopping threads took: 0.0000286 seconds
2015-12-06T19:55:26.154+0530: 92.448: Total time for which application threads were stopped: 0.0002428 seconds, Stopping threads took: 0.0000635 seconds
{Heap before GC invocations=8 (full 1):
 par new generation   total 109248K, used 100742K [0x00000000e0000000, 0x00000000e8000000, 0x00000000e8000000)
  eden space 87424K, 100% used [0x00000000e0000000, 0x00000000e5560000, 0x00000000e5560000)
  from space 21824K,  61% used [0x00000000e5560000, 0x00000000e6261ab8, 0x00000000e6ab0000)
  to   space 21824K,   0% used [0x00000000e6ab0000, 0x00000000e6ab0000, 0x00000000e8000000)
 concurrent mark-sweep generation total 393216K, used 0K [0x00000000e8000000, 0x0000000100000000, 0x0000000100000000)
 Metaspace       used 32215K, capacity 32616K, committed 32892K, reserved 1079296K
  class space    used 3767K, capacity 3885K, committed 3964K, reserved 1048576K
2015-12-06T19:55:26.181+0530: 92.475: [GC (Allocation Failure) 92.475: [ParNew
Desired survivor size 20112992 bytes, new threshold 8 (max 8)
- age   1:    9916496 bytes,    9916496 total
- age   2:    1696520 bytes,   11613016 total
- age   3:     106648 bytes,   11719664 total
- age   4:     131728 bytes,   11851392 total
- age   5:     100232 bytes,   11951624 total
- age   6:    1568992 bytes,   13520616 total
- age   7:     272352 bytes,   13792968 total
- age   8:    3165864 bytes,   16958832 total
: 100742K->20027K(109248K), 0.0757970 secs] 100742K->22592K(502464K), 0.0762379 secs] [Times: user=0.15 sys=0.01, real=0.08 secs] 
Heap after GC invocations=9 (full 1):
 par new generation   total 109248K, used 20027K [0x00000000e0000000, 0x00000000e8000000, 0x00000000e8000000)
  eden space 87424K,   0% used [0x00000000e0000000, 0x00000000e0000000, 0x00000000e5560000)
  from space 21824K,  91% used [0x00000000e6ab0000, 0x00000000e7e3edc0, 0x00000000e8000000)
  to   space 21824K,   0% used [0x00000000e5560000, 0x00000000e5560000, 0x00000000e6ab0000)
 concurrent mark-sweep generation total 393216K, used 2564K [0x00000000e8000000, 0x0000000100000000, 0x0000000100000000)
 Metaspace       used 32215K, capacity 32616K, committed 32892K, reserved 1079296K
  class space    used 3767K, capacity 3885K, committed 3964K, reserved 1048576K
}
2015-12-06T19:55:26.257+0530: 92.551: Total time for which application threads were stopped: 0.0767065 seconds, Stopping threads took: 0.0000768 seconds
2015-12-06T19:55:26.267+0530: 92.561: Total time for which application threads were stopped: 0.0002607 seconds, Stopping threads took: 0.0000847 seconds
2015-12-06T19:55:26.273+0530: 92.567: Total time for which application threads were stopped: 0.0029226 seconds, Stopping threads took: 0.0027567 seconds
2015-12-06T19:55:26.299+0530: 92.593: Total time for which application threads were stopped: 0.0011036 seconds, Stopping threads took: 0.0007642 seconds
2015-12-06T19:55:26.442+0530: 92.735: Total time for which application threads were stopped: 0.0003136 seconds, Stopping threads took: 0.0000912 seconds
2015-12-06T19:55:26.465+0530: 92.759: Total time for which application threads were stopped: 0.0037768 seconds, Stopping threads took: 0.0035780 seconds
{Heap before GC invocations=9 (full 1):
 par new generation   total 109248K, used 107435K [0x00000000e0000000, 0x00000000e8000000, 0x00000000e8000000)
  eden space 87424K,  99% used [0x00000000e0000000, 0x00000000e555bfb8, 0x00000000e5560000)
  from space 21824K,  91% used [0x00000000e6ab0000, 0x00000000e7e3edc0, 0x00000000e8000000)
  to   space 21824K,   0% used [0x00000000e5560000, 0x00000000e5560000, 0x00000000e6ab0000)
 concurrent mark-sweep generation total 393216K, used 2564K [0x00000000e8000000, 0x0000000100000000, 0x0000000100000000)
 Metaspace       used 32255K, capacity 32680K, committed 33148K, reserved 1079296K
  class space    used 3767K, capacity 3885K, committed 3964K, reserved 1048576K
2015-12-06T19:55:26.537+0530: 92.831: [GC (Allocation Failure) 92.832: [ParNew
Desired survivor size 20112992 bytes, new threshold 8 (max 8)
- age   1:    1055624 bytes,    1055624 total
- age   2:    6014176 bytes,    7069800 total
- age   3:    1696320 bytes,    8766120 total
- age   4:     106648 bytes,    8872768 total
- age   5:     131728 bytes,    9004496 total
- age   6:     100200 bytes,    9104696 total
- age   7:    1568960 bytes,   10673656 total
- age   8:     271640 bytes,   10945296 total
: 107435K->18655K(109248K), 0.0596068 secs] 110000K->24463K(502464K), 0.0600233 secs] [Times: user=0.13 sys=0.01, real=0.06 secs] 
Heap after GC invocations=10 (full 1):
 par new generation   total 109248K, used 18655K [0x00000000e0000000, 0x00000000e8000000, 0x00000000e8000000)
  eden space 87424K,   0% used [0x00000000e0000000, 0x00000000e0000000, 0x00000000e5560000)
  from space 21824K,  85% used [0x00000000e5560000, 0x00000000e6797e58, 0x00000000e6ab0000)
  to   space 21824K,   0% used [0x00000000e6ab0000, 0x00000000e6ab0000, 0x00000000e8000000)
 concurrent mark-sweep generation total 393216K, used 5808K [0x00000000e8000000, 0x0000000100000000, 0x0000000100000000)
 Metaspace       used 32255K, capacity 32680K, committed 33148K, reserved 1079296K
  class space    used 3767K, capacity 3885K, committed 3964K, reserved 1048576K
}
2015-12-06T19:55:26.598+0530: 92.891: Total time for which application threads were stopped: 0.0604862 seconds, Stopping threads took: 0.0000773 seconds
2015-12-06T19:55:26.614+0530: 92.908: Total time for which application threads were stopped: 0.0012298 seconds, Stopping threads took: 0.0010480 seconds
2015-12-06T19:55:26.634+0530: 92.927: Total time for which application threads were stopped: 0.0002198 seconds, Stopping threads took: 0.0000759 seconds
2015-12-06T19:55:26.740+0530: 93.034: Total time for which application threads were stopped: 0.0002063 seconds, Stopping threads took: 0.0000672 seconds
2015-12-06T19:55:26.743+0530: 93.037: Total time for which application threads were stopped: 0.0002271 seconds, Stopping threads took: 0.0001159 seconds
2015-12-06T19:55:26.744+0530: 93.038: Total time for which application threads were stopped: 0.0001589 seconds, Stopping threads took: 0.0000368 seconds
2015-12-06T19:55:26.839+0530: 93.132: Total time for which application threads were stopped: 0.0002167 seconds, Stopping threads took: 0.0000442 seconds
2015-12-06T19:55:26.857+0530: 93.151: Total time for which application threads were stopped: 0.0021798 seconds, Stopping threads took: 0.0017831 seconds
2015-12-06T19:55:26.881+0530: 93.175: Total time for which application threads were stopped: 0.0042917 seconds, Stopping threads took: 0.0041307 seconds
{Heap before GC invocations=10 (full 1):
 par new generation   total 109248K, used 106079K [0x00000000e0000000, 0x00000000e8000000, 0x00000000e8000000)
  eden space 87424K, 100% used [0x00000000e0000000, 0x00000000e5560000, 0x00000000e5560000)
  from space 21824K,  85% used [0x00000000e5560000, 0x00000000e6797e58, 0x00000000e6ab0000)
  to   space 21824K,   0% used [0x00000000e6ab0000, 0x00000000e6ab0000, 0x00000000e8000000)
 concurrent mark-sweep generation total 393216K, used 5808K [0x00000000e8000000, 0x0000000100000000, 0x0000000100000000)
 Metaspace       used 32304K, capacity 32750K, committed 33148K, reserved 1079296K
  class space    used 3767K, capacity 3886K, committed 3964K, reserved 1048576K
2015-12-06T19:55:26.896+0530: 93.190: [GC (Allocation Failure) 93.190: [ParNew
Desired survivor size 20112992 bytes, new threshold 8 (max 8)
- age   1:     364704 bytes,     364704 total
- age   2:     880080 bytes,    1244784 total
- age   3:    5995560 bytes,    7240344 total
- age   4:    1695456 bytes,    8935800 total
- age   5:     106648 bytes,    9042448 total
- age   6:     131728 bytes,    9174176 total
- age   7:     100200 bytes,    9274376 total
- age   8:    1568960 bytes,   10843336 total
: 106079K->14663K(109248K), 0.0303577 secs] 111887K->20741K(502464K), 0.0306933 secs] [Times: user=0.06 sys=0.00, real=0.03 secs] 
Heap after GC invocations=11 (full 1):
 par new generation   total 109248K, used 14663K [0x00000000e0000000, 0x00000000e8000000, 0x00000000e8000000)
  eden space 87424K,   0% used [0x00000000e0000000, 0x00000000e0000000, 0x00000000e5560000)
  from space 21824K,  67% used [0x00000000e6ab0000, 0x00000000e7901de0, 0x00000000e8000000)
  to   space 21824K,   0% used [0x00000000e5560000, 0x00000000e5560000, 0x00000000e6ab0000)
 concurrent mark-sweep generation total 393216K, used 6078K [0x00000000e8000000, 0x0000000100000000, 0x0000000100000000)
 Metaspace       used 32304K, capacity 32750K, committed 33148K, reserved 1079296K
  class space    used 3767K, capacity 3886K, committed 3964K, reserved 1048576K
}
2015-12-06T19:55:26.927+0530: 93.221: Total time for which application threads were stopped: 0.0329626 seconds, Stopping threads took: 0.0018638 seconds
2015-12-06T19:55:26.994+0530: 93.287: Total time for which application threads were stopped: 0.0002097 seconds, Stopping threads took: 0.0000387 seconds
2015-12-06T19:55:27.017+0530: 93.311: Total time for which application threads were stopped: 0.0002245 seconds, Stopping threads took: 0.0000733 seconds
2015-12-06T19:55:27.137+0530: 93.431: Total time for which application threads were stopped: 0.0124284 seconds, Stopping threads took: 0.0122094 seconds
2015-12-06T19:55:27.161+0530: 93.455: Total time for which application threads were stopped: 0.0121798 seconds, Stopping threads took: 0.0120350 seconds
2015-12-06T19:55:27.164+0530: 93.458: Total time for which application threads were stopped: 0.0012150 seconds, Stopping threads took: 0.0010615 seconds
2015-12-06T19:55:27.192+0530: 93.485: Total time for which application threads were stopped: 0.0002429 seconds, Stopping threads took: 0.0000718 seconds
2015-12-06T19:55:27.244+0530: 93.538: Total time for which application threads were stopped: 0.0001970 seconds, Stopping threads took: 0.0000444 seconds
2015-12-06T19:55:27.244+0530: 93.538: Total time for which application threads were stopped: 0.0000817 seconds, Stopping threads took: 0.0000182 seconds
2015-12-06T19:55:27.246+0530: 93.540: Total time for which application threads were stopped: 0.0018195 seconds, Stopping threads took: 0.0016861 seconds
2015-12-06T19:55:27.246+0530: 93.540: Total time for which application threads were stopped: 0.0000832 seconds, Stopping threads took: 0.0000202 seconds
2015-12-06T19:55:27.246+0530: 93.540: Total time for which application threads were stopped: 0.0000714 seconds, Stopping threads took: 0.0000140 seconds
2015-12-06T19:55:27.246+0530: 93.540: Total time for which application threads were stopped: 0.0000699 seconds, Stopping threads took: 0.0000133 seconds
2015-12-06T19:55:27.246+0530: 93.540: Total time for which application threads were stopped: 0.0000686 seconds, Stopping threads took: 0.0000129 seconds
2015-12-06T19:55:27.270+0530: 93.564: Total time for which application threads were stopped: 0.0007180 seconds, Stopping threads took: 0.0005377 seconds
2015-12-06T19:55:27.294+0530: 93.588: Total time for which application threads were stopped: 0.0060573 seconds, Stopping threads took: 0.0058776 seconds
2015-12-06T19:55:27.305+0530: 93.599: Total time for which application threads were stopped: 0.0002775 seconds, Stopping threads took: 0.0000997 seconds
2015-12-06T19:55:27.308+0530: 93.602: Total time for which application threads were stopped: 0.0002001 seconds, Stopping threads took: 0.0000628 seconds
2015-12-06T19:55:27.308+0530: 93.602: Total time for which application threads were stopped: 0.0001074 seconds, Stopping threads took: 0.0000228 seconds
2015-12-06T19:55:27.308+0530: 93.602: Total time for which application threads were stopped: 0.0000979 seconds, Stopping threads took: 0.0000204 seconds
2015-12-06T19:55:27.308+0530: 93.602: Total time for which application threads were stopped: 0.0000761 seconds, Stopping threads took: 0.0000154 seconds
2015-12-06T19:55:27.309+0530: 93.602: Total time for which application threads were stopped: 0.0000730 seconds, Stopping threads took: 0.0000151 seconds
2015-12-06T19:55:27.309+0530: 93.603: Total time for which application threads were stopped: 0.0002049 seconds, Stopping threads took: 0.0000135 seconds
2015-12-06T19:55:27.309+0530: 93.603: Total time for which application threads were stopped: 0.0000771 seconds, Stopping threads took: 0.0000159 seconds
2015-12-06T19:55:27.309+0530: 93.603: Total time for which application threads were stopped: 0.0000714 seconds, Stopping threads took: 0.0000136 seconds
2015-12-06T19:55:27.309+0530: 93.603: Total time for which application threads were stopped: 0.0001032 seconds, Stopping threads took: 0.0000246 seconds
2015-12-06T19:55:27.309+0530: 93.603: Total time for which application threads were stopped: 0.0000870 seconds, Stopping threads took: 0.0000255 seconds
2015-12-06T19:55:27.309+0530: 93.603: Total time for which application threads were stopped: 0.0000746 seconds, Stopping threads took: 0.0000164 seconds
2015-12-06T19:55:27.309+0530: 93.603: Total time for which application threads were stopped: 0.0000744 seconds, Stopping threads took: 0.0000151 seconds
2015-12-06T19:55:27.309+0530: 93.603: Total time for which application threads were stopped: 0.0000761 seconds, Stopping threads took: 0.0000155 seconds
2015-12-06T19:55:27.310+0530: 93.603: Total time for which application threads were stopped: 0.0000719 seconds, Stopping threads took: 0.0000158 seconds
2015-12-06T19:55:27.310+0530: 93.604: Total time for which application threads were stopped: 0.0000701 seconds, Stopping threads took: 0.0000149 seconds
2015-12-06T19:55:27.310+0530: 93.604: Total time for which application threads were stopped: 0.0000743 seconds, Stopping threads took: 0.0000153 seconds
2015-12-06T19:55:27.310+0530: 93.604: Total time for which application threads were stopped: 0.0000747 seconds, Stopping threads took: 0.0000167 seconds
2015-12-06T19:55:27.310+0530: 93.604: Total time for which application threads were stopped: 0.0000730 seconds, Stopping threads took: 0.0000151 seconds
2015-12-06T19:55:27.310+0530: 93.604: Total time for which application threads were stopped: 0.0000773 seconds, Stopping threads took: 0.0000155 seconds
2015-12-06T19:55:27.310+0530: 93.604: Total time for which application threads were stopped: 0.0002718 seconds, Stopping threads took: 0.0000141 seconds
2015-12-06T19:55:27.325+0530: 93.619: Total time for which application threads were stopped: 0.0002289 seconds, Stopping threads took: 0.0000865 seconds
2015-12-06T19:55:27.325+0530: 93.619: Total time for which application threads were stopped: 0.0001059 seconds, Stopping threads took: 0.0000357 seconds
2015-12-06T19:55:27.340+0530: 93.634: Total time for which application threads were stopped: 0.0001988 seconds, Stopping threads took: 0.0000643 seconds
2015-12-06T19:55:27.351+0530: 93.645: Total time for which application threads were stopped: 0.0001889 seconds, Stopping threads took: 0.0000410 seconds
2015-12-06T19:55:27.423+0530: 93.717: Total time for which application threads were stopped: 0.0062705 seconds, Stopping threads took: 0.0060992 seconds
2015-12-06T19:55:27.424+0530: 93.718: Total time for which application threads were stopped: 0.0001570 seconds, Stopping threads took: 0.0000423 seconds
2015-12-06T19:55:27.429+0530: 93.723: Total time for which application threads were stopped: 0.0002385 seconds, Stopping threads took: 0.0000491 seconds
2015-12-06T19:55:27.433+0530: 93.727: Total time for which application threads were stopped: 0.0003037 seconds, Stopping threads took: 0.0000576 seconds
{Heap before GC invocations=11 (full 1):
 par new generation   total 109248K, used 102087K [0x00000000e0000000, 0x00000000e8000000, 0x00000000e8000000)
  eden space 87424K, 100% used [0x00000000e0000000, 0x00000000e5560000, 0x00000000e5560000)
  from space 21824K,  67% used [0x00000000e6ab0000, 0x00000000e7901de0, 0x00000000e8000000)
  to   space 21824K,   0% used [0x00000000e5560000, 0x00000000e5560000, 0x00000000e6ab0000)
 concurrent mark-sweep generation total 393216K, used 6078K [0x00000000e8000000, 0x0000000100000000, 0x0000000100000000)
 Metaspace       used 32519K, capacity 32942K, committed 33404K, reserved 1079296K
  class space    used 3781K, capacity 3886K, committed 3964K, reserved 1048576K
2015-12-06T19:55:27.686+0530: 93.980: [GC (Allocation Failure) 93.980: [ParNew
Desired survivor size 20112992 bytes, new threshold 8 (max 8)
- age   1:    4173976 bytes,    4173976 total
- age   2:     119336 bytes,    4293312 total
- age   3:     135912 bytes,    4429224 total
- age   4:    4313624 bytes,    8742848 total
- age   5:    1663592 bytes,   10406440 total
- age   6:     106648 bytes,   10513088 total
- age   7:     131728 bytes,   10644816 total
- age   8:     100184 bytes,   10745000 total
: 102087K->15058K(109248K), 0.0482096 secs] 108165K->22707K(502464K), 0.0484340 secs] [Times: user=0.07 sys=0.00, real=0.05 secs] 
Heap after GC invocations=12 (full 1):
 par new generation   total 109248K, used 15058K [0x00000000e0000000, 0x00000000e8000000, 0x00000000e8000000)
  eden space 87424K,   0% used [0x00000000e0000000, 0x00000000e0000000, 0x00000000e5560000)
  from space 21824K,  68% used [0x00000000e5560000, 0x00000000e6414940, 0x00000000e6ab0000)
  to   space 21824K,   0% used [0x00000000e6ab0000, 0x00000000e6ab0000, 0x00000000e8000000)
 concurrent mark-sweep generation total 393216K, used 7649K [0x00000000e8000000, 0x0000000100000000, 0x0000000100000000)
 Metaspace       used 32519K, capacity 32942K, committed 33404K, reserved 1079296K
  class space    used 3781K, capacity 3886K, committed 3964K, reserved 1048576K
}
2015-12-06T19:55:27.734+0530: 94.028: Total time for which application threads were stopped: 0.0490063 seconds, Stopping threads took: 0.0000404 seconds
2015-12-06T19:55:27.739+0530: 94.033: Total time for which application threads were stopped: 0.0011133 seconds, Stopping threads took: 0.0009506 seconds
2015-12-06T19:55:27.740+0530: 94.034: Total time for which application threads were stopped: 0.0002434 seconds, Stopping threads took: 0.0000859 seconds
{Heap before GC invocations=12 (full 1):
 par new generation   total 109248K, used 102482K [0x00000000e0000000, 0x00000000e8000000, 0x00000000e8000000)
  eden space 87424K, 100% used [0x00000000e0000000, 0x00000000e5560000, 0x00000000e5560000)
  from space 21824K,  68% used [0x00000000e5560000, 0x00000000e6414940, 0x00000000e6ab0000)
  to   space 21824K,   0% used [0x00000000e6ab0000, 0x00000000e6ab0000, 0x00000000e8000000)
 concurrent mark-sweep generation total 393216K, used 7649K [0x00000000e8000000, 0x0000000100000000, 0x0000000100000000)
 Metaspace       used 32568K, capacity 32990K, committed 33404K, reserved 1079296K
  class space    used 3786K, capacity 3894K, committed 3964K, reserved 1048576K
2015-12-06T19:55:27.876+0530: 94.170: [GC (Allocation Failure) 94.170: [ParNew
Desired survivor size 20112992 bytes, new threshold 8 (max 8)
- age   1:    1978008 bytes,    1978008 total
- age   2:    3631040 bytes,    5609048 total
- age   3:     119336 bytes,    5728384 total
- age   4:     135912 bytes,    5864296 total
- age   5:    4305592 bytes,   10169888 total
- age   6:    1663592 bytes,   11833480 total
- age   7:     106648 bytes,   11940128 total
- age   8:     131728 bytes,   12071856 total
: 102482K->14585K(109248K), 0.0432456 secs] 110131K->22336K(502464K), 0.0436566 secs] [Times: user=0.07 sys=0.00, real=0.04 secs] 
Heap after GC invocations=13 (full 1):
 par new generation   total 109248K, used 14585K [0x00000000e0000000, 0x00000000e8000000, 0x00000000e8000000)
  eden space 87424K,   0% used [0x00000000e0000000, 0x00000000e0000000, 0x00000000e5560000)
  from space 21824K,  66% used [0x00000000e6ab0000, 0x00000000e78ee6a0, 0x00000000e8000000)
  to   space 21824K,   0% used [0x00000000e5560000, 0x00000000e5560000, 0x00000000e6ab0000)
 concurrent mark-sweep generation total 393216K, used 7750K [0x00000000e8000000, 0x0000000100000000, 0x0000000100000000)
 Metaspace       used 32568K, capacity 32990K, committed 33404K, reserved 1079296K
  class space    used 3786K, capacity 3894K, committed 3964K, reserved 1048576K
}
2015-12-06T19:55:27.920+0530: 94.213: Total time for which application threads were stopped: 0.0516192 seconds, Stopping threads took: 0.0074429 seconds
2015-12-06T19:55:27.920+0530: 94.214: Total time for which application threads were stopped: 0.0002524 seconds, Stopping threads took: 0.0000683 seconds
2015-12-06T19:55:27.928+0530: 94.222: Total time for which application threads were stopped: 0.0019358 seconds, Stopping threads took: 0.0017454 seconds
{Heap before GC invocations=13 (full 1):
 par new generation   total 109248K, used 102009K [0x00000000e0000000, 0x00000000e8000000, 0x00000000e8000000)
  eden space 87424K, 100% used [0x00000000e0000000, 0x00000000e5560000, 0x00000000e5560000)
  from space 21824K,  66% used [0x00000000e6ab0000, 0x00000000e78ee6a0, 0x00000000e8000000)
  to   space 21824K,   0% used [0x00000000e5560000, 0x00000000e5560000, 0x00000000e6ab0000)
 concurrent mark-sweep generation total 393216K, used 7750K [0x00000000e8000000, 0x0000000100000000, 0x0000000100000000)
 Metaspace       used 32574K, capacity 32996K, committed 33404K, reserved 1079296K
  class space    used 3786K, capacity 3895K, committed 3964K, reserved 1048576K
2015-12-06T19:55:28.094+0530: 94.388: [GC (Allocation Failure) 94.388: [ParNew
Desired survivor size 20112992 bytes, new threshold 8 (max 8)
- age   1:     405352 bytes,     405352 total
- age   2:    1664680 bytes,    2070032 total
- age   3:    3611552 bytes,    5681584 total
- age   4:     119336 bytes,    5800920 total
- age   5:     135912 bytes,    5936832 total
- age   6:    4305376 bytes,   10242208 total
- age   7:    1663592 bytes,   11905800 total
- age   8:     106648 bytes,   12012448 total
: 102009K->12709K(109248K), 0.0185580 secs] 109760K->20592K(502464K), 0.0188435 secs] [Times: user=0.06 sys=0.00, real=0.01 secs] 
Heap after GC invocations=14 (full 1):
 par new generation   total 109248K, used 12709K [0x00000000e0000000, 0x00000000e8000000, 0x00000000e8000000)
  eden space 87424K,   0% used [0x00000000e0000000, 0x00000000e0000000, 0x00000000e5560000)
  from space 21824K,  58% used [0x00000000e5560000, 0x00000000e61c9670, 0x00000000e6ab0000)
  to   space 21824K,   0% used [0x00000000e6ab0000, 0x00000000e6ab0000, 0x00000000e8000000)
 concurrent mark-sweep generation total 393216K, used 7882K [0x00000000e8000000, 0x0000000100000000, 0x0000000100000000)
 Metaspace       used 32574K, capacity 32996K, committed 33404K, reserved 1079296K
  class space    used 3786K, capacity 3895K, committed 3964K, reserved 1048576K
}
2015-12-06T19:55:28.113+0530: 94.407: Total time for which application threads were stopped: 0.0192459 seconds, Stopping threads took: 0.0000681 seconds
{Heap before GC invocations=14 (full 1):
 par new generation   total 109248K, used 100133K [0x00000000e0000000, 0x00000000e8000000, 0x00000000e8000000)
  eden space 87424K, 100% used [0x00000000e0000000, 0x00000000e5560000, 0x00000000e5560000)
  from space 21824K,  58% used [0x00000000e5560000, 0x00000000e61c9670, 0x00000000e6ab0000)
  to   space 21824K,   0% used [0x00000000e6ab0000, 0x00000000e6ab0000, 0x00000000e8000000)
 concurrent mark-sweep generation total 393216K, used 7882K [0x00000000e8000000, 0x0000000100000000, 0x0000000100000000)
 Metaspace       used 32579K, capacity 33002K, committed 33404K, reserved 1079296K
  class space    used 3787K, capacity 3896K, committed 3964K, reserved 1048576K
2015-12-06T19:55:28.314+0530: 94.608: [GC (Allocation Failure) 94.608: [ParNew
Desired survivor size 20112992 bytes, new threshold 8 (max 8)
- age   1:     360368 bytes,     360368 total
- age   2:      79648 bytes,     440016 total
- age   3:    1664680 bytes,    2104696 total
- age   4:    3611552 bytes,    5716248 total
- age   5:     119336 bytes,    5835584 total
- age   6:     135768 bytes,    5971352 total
- age   7:    4305376 bytes,   10276728 total
- age   8:    1663592 bytes,   11940320 total
: 100133K->19845K(109248K), 0.0221700 secs] 108016K->27834K(502464K), 0.0224608 secs] [Times: user=0.08 sys=0.00, real=0.02 secs] 
Heap after GC invocations=15 (full 1):
 par new generation   total 109248K, used 19845K [0x00000000e0000000, 0x00000000e8000000, 0x00000000e8000000)
  eden space 87424K,   0% used [0x00000000e0000000, 0x00000000e0000000, 0x00000000e5560000)
  from space 21824K,  90% used [0x00000000e6ab0000, 0x00000000e7e114e0, 0x00000000e8000000)
  to   space 21824K,   0% used [0x00000000e5560000, 0x00000000e5560000, 0x00000000e6ab0000)
 concurrent mark-sweep generation total 393216K, used 7989K [0x00000000e8000000, 0x0000000100000000, 0x0000000100000000)
 Metaspace       used 32579K, capacity 33002K, committed 33404K, reserved 1079296K
  class space    used 3787K, capacity 3896K, committed 3964K, reserved 1048576K
}
2015-12-06T19:55:28.337+0530: 94.631: Total time for which application threads were stopped: 0.0227833 seconds, Stopping threads took: 0.0000393 seconds
2015-12-06T19:55:28.361+0530: 94.655: Total time for which application threads were stopped: 0.0040930 seconds, Stopping threads took: 0.0039768 seconds
2015-12-06T19:55:28.480+0530: 94.774: Total time for which application threads were stopped: 0.0001979 seconds, Stopping threads took: 0.0000696 seconds
2015-12-06T19:55:28.486+0530: 94.780: Total time for which application threads were stopped: 0.0002173 seconds, Stopping threads took: 0.0000797 seconds
2015-12-06T19:55:28.523+0530: 94.817: Total time for which application threads were stopped: 0.0002634 seconds, Stopping threads took: 0.0000676 seconds
2015-12-06T19:55:28.530+0530: 94.824: Total time for which application threads were stopped: 0.0002043 seconds, Stopping threads took: 0.0000762 seconds
2015-12-06T19:55:28.532+0530: 94.826: Total time for which application threads were stopped: 0.0010602 seconds, Stopping threads took: 0.0009521 seconds
2015-12-06T19:55:28.535+0530: 94.829: Total time for which application threads were stopped: 0.0001725 seconds, Stopping threads took: 0.0000596 seconds
2015-12-06T19:55:28.541+0530: 94.835: Total time for which application threads were stopped: 0.0001658 seconds, Stopping threads took: 0.0000449 seconds
2015-12-06T19:55:28.541+0530: 94.835: Total time for which application threads were stopped: 0.0001133 seconds, Stopping threads took: 0.0000299 seconds
2015-12-06T19:55:28.541+0530: 94.835: Total time for which application threads were stopped: 0.0001022 seconds, Stopping threads took: 0.0000287 seconds
2015-12-06T19:55:28.541+0530: 94.835: Total time for which application threads were stopped: 0.0001272 seconds, Stopping threads took: 0.0000428 seconds
2015-12-06T19:55:28.541+0530: 94.835: Total time for which application threads were stopped: 0.0001104 seconds, Stopping threads took: 0.0000147 seconds
2015-12-06T19:55:28.542+0530: 94.835: Total time for which application threads were stopped: 0.0000820 seconds, Stopping threads took: 0.0000294 seconds
2015-12-06T19:55:28.552+0530: 94.846: Total time for which application threads were stopped: 0.0001595 seconds, Stopping threads took: 0.0000424 seconds
2015-12-06T19:55:28.552+0530: 94.846: Total time for which application threads were stopped: 0.0000627 seconds, Stopping threads took: 0.0000138 seconds
2015-12-06T19:55:28.552+0530: 94.846: Total time for which application threads were stopped: 0.0000772 seconds, Stopping threads took: 0.0000281 seconds
2015-12-06T19:55:28.552+0530: 94.846: Total time for which application threads were stopped: 0.0000583 seconds, Stopping threads took: 0.0000132 seconds
2015-12-06T19:55:28.552+0530: 94.846: Total time for which application threads were stopped: 0.0000780 seconds, Stopping threads took: 0.0000283 seconds
2015-12-06T19:55:28.552+0530: 94.846: Total time for which application threads were stopped: 0.0000814 seconds, Stopping threads took: 0.0000304 seconds
2015-12-06T19:55:28.552+0530: 94.846: Total time for which application threads were stopped: 0.0000618 seconds, Stopping threads took: 0.0000127 seconds
2015-12-06T19:55:28.552+0530: 94.846: Total time for which application threads were stopped: 0.0000595 seconds, Stopping threads took: 0.0000130 seconds
2015-12-06T19:55:28.553+0530: 94.847: Total time for which application threads were stopped: 0.0001653 seconds, Stopping threads took: 0.0000131 seconds
2015-12-06T19:55:28.553+0530: 94.847: Total time for which application threads were stopped: 0.0000725 seconds, Stopping threads took: 0.0000247 seconds
2015-12-06T19:55:28.553+0530: 94.847: Total time for which application threads were stopped: 0.0000628 seconds, Stopping threads took: 0.0000138 seconds
2015-12-06T19:55:28.553+0530: 94.847: Total time for which application threads were stopped: 0.0000588 seconds, Stopping threads took: 0.0000131 seconds
2015-12-06T19:55:28.553+0530: 94.847: Total time for which application threads were stopped: 0.0000721 seconds, Stopping threads took: 0.0000231 seconds
2015-12-06T19:55:28.553+0530: 94.847: Total time for which application threads were stopped: 0.0001344 seconds, Stopping threads took: 0.0000450 seconds
2015-12-06T19:55:28.556+0530: 94.850: Total time for which application threads were stopped: 0.0001725 seconds, Stopping threads took: 0.0000590 seconds
2015-12-06T19:55:28.560+0530: 94.854: Total time for which application threads were stopped: 0.0001734 seconds, Stopping threads took: 0.0000542 seconds
2015-12-06T19:55:28.560+0530: 94.854: Total time for which application threads were stopped: 0.0001002 seconds, Stopping threads took: 0.0000374 seconds
2015-12-06T19:55:28.560+0530: 94.854: Total time for which application threads were stopped: 0.0000845 seconds, Stopping threads took: 0.0000252 seconds
2015-12-06T19:55:28.560+0530: 94.854: Total time for which application threads were stopped: 0.0000944 seconds, Stopping threads took: 0.0000319 seconds
2015-12-06T19:55:28.561+0530: 94.854: Total time for which application threads were stopped: 0.0002162 seconds, Stopping threads took: 0.0000320 seconds
2015-12-06T19:55:28.564+0530: 94.858: Total time for which application threads were stopped: 0.0001621 seconds, Stopping threads took: 0.0000505 seconds
2015-12-06T19:55:28.566+0530: 94.860: Total time for which application threads were stopped: 0.0001697 seconds, Stopping threads took: 0.0000421 seconds
2015-12-06T19:55:28.567+0530: 94.860: Total time for which application threads were stopped: 0.0001379 seconds, Stopping threads took: 0.0000441 seconds
2015-12-06T19:55:28.568+0530: 94.862: Total time for which application threads were stopped: 0.0001467 seconds, Stopping threads took: 0.0000688 seconds
2015-12-06T19:55:28.568+0530: 94.862: Total time for which application threads were stopped: 0.0000815 seconds, Stopping threads took: 0.0000358 seconds
2015-12-06T19:55:28.568+0530: 94.862: Total time for which application threads were stopped: 0.0000539 seconds, Stopping threads took: 0.0000134 seconds
2015-12-06T19:55:28.568+0530: 94.862: Total time for which application threads were stopped: 0.0000544 seconds, Stopping threads took: 0.0000143 seconds
2015-12-06T19:55:28.568+0530: 94.862: Total time for which application threads were stopped: 0.0000844 seconds, Stopping threads took: 0.0000435 seconds
2015-12-06T19:55:28.568+0530: 94.862: Total time for which application threads were stopped: 0.0000540 seconds, Stopping threads took: 0.0000134 seconds
2015-12-06T19:55:28.577+0530: 94.871: Total time for which application threads were stopped: 0.0010097 seconds, Stopping threads took: 0.0008888 seconds
2015-12-06T19:55:28.577+0530: 94.871: Total time for which application threads were stopped: 0.0001219 seconds, Stopping threads took: 0.0000290 seconds
2015-12-06T19:55:28.586+0530: 94.880: Total time for which application threads were stopped: 0.0001720 seconds, Stopping threads took: 0.0000521 seconds
2015-12-06T19:55:28.586+0530: 94.880: Total time for which application threads were stopped: 0.0002046 seconds, Stopping threads took: 0.0001515 seconds
2015-12-06T19:55:28.590+0530: 94.884: Total time for which application threads were stopped: 0.0001802 seconds, Stopping threads took: 0.0000796 seconds
2015-12-06T19:55:28.594+0530: 94.888: Total time for which application threads were stopped: 0.0002001 seconds, Stopping threads took: 0.0000737 seconds
2015-12-06T19:55:29.595+0530: 95.888: Total time for which application threads were stopped: 0.0002642 seconds, Stopping threads took: 0.0000611 seconds
2015-12-06T19:55:30.595+0530: 96.889: Total time for which application threads were stopped: 0.0002614 seconds, Stopping threads took: 0.0000600 seconds
2015-12-06T19:55:32.185+0530: 98.479: Total time for which application threads were stopped: 0.0001313 seconds, Stopping threads took: 0.0000300 seconds
2015-12-06T19:55:32.185+0530: 98.479: Total time for which application threads were stopped: 0.0001325 seconds, Stopping threads took: 0.0000574 seconds
2015-12-06T19:55:32.186+0530: 98.480: Total time for which application threads were stopped: 0.0001023 seconds, Stopping threads took: 0.0000430 seconds
2015-12-06T19:55:32.189+0530: 98.483: Total time for which application threads were stopped: 0.0001389 seconds, Stopping threads took: 0.0000470 seconds
2015-12-06T19:55:32.197+0530: 98.491: Total time for which application threads were stopped: 0.0001049 seconds, Stopping threads took: 0.0000250 seconds
2015-12-06T19:55:32.198+0530: 98.491: Total time for which application threads were stopped: 0.0000638 seconds, Stopping threads took: 0.0000167 seconds
2015-12-06T19:55:32.208+0530: 98.502: Total time for which application threads were stopped: 0.0001328 seconds, Stopping threads took: 0.0000297 seconds
2015-12-06T19:55:33.208+0530: 99.502: Total time for which application threads were stopped: 0.0002682 seconds, Stopping threads took: 0.0000619 seconds
2015-12-06T19:55:33.668+0530: 99.962: Total time for which application threads were stopped: 0.0002629 seconds, Stopping threads took: 0.0000537 seconds
2015-12-06T19:55:33.672+0530: 99.966: Total time for which application threads were stopped: 0.0004150 seconds, Stopping threads took: 0.0001974 seconds
2015-12-06T19:55:33.676+0530: 99.970: Total time for which application threads were stopped: 0.0003038 seconds, Stopping threads took: 0.0001266 seconds
2015-12-06T19:55:33.678+0530: 99.972: Total time for which application threads were stopped: 0.0001963 seconds, Stopping threads took: 0.0000645 seconds
2015-12-06T19:55:33.679+0530: 99.973: Total time for which application threads were stopped: 0.0001407 seconds, Stopping threads took: 0.0000453 seconds
2015-12-06T19:55:34.679+0530: 100.973: Total time for which application threads were stopped: 0.0002071 seconds, Stopping threads took: 0.0000463 seconds
2015-12-06T19:55:54.682+0530: 120.976: Total time for which application threads were stopped: 0.0004695 seconds, Stopping threads took: 0.0001236 seconds
2015-12-06T19:55:58.683+0530: 124.977: Total time for which application threads were stopped: 0.0001496 seconds, Stopping threads took: 0.0000362 seconds
2015-12-06T19:56:00.215+0530: 126.508: Total time for which application threads were stopped: 0.0001759 seconds, Stopping threads took: 0.0000324 seconds
2015-12-06T19:56:00.696+0530: 126.990: Total time for which application threads were stopped: 0.0001380 seconds, Stopping threads took: 0.0000372 seconds
2015-12-06T19:56:00.697+0530: 126.991: Total time for which application threads were stopped: 0.0001135 seconds, Stopping threads took: 0.0000291 seconds
2015-12-06T19:56:00.700+0530: 126.994: Total time for which application threads were stopped: 0.0023845 seconds, Stopping threads took: 0.0023170 seconds
2015-12-06T19:56:00.700+0530: 126.994: Total time for which application threads were stopped: 0.0001173 seconds, Stopping threads took: 0.0000520 seconds
2015-12-06T19:56:00.701+0530: 126.994: Total time for which application threads were stopped: 0.0001298 seconds, Stopping threads took: 0.0000511 seconds
2015-12-06T19:56:00.814+0530: 127.108: Total time for which application threads were stopped: 0.0001566 seconds, Stopping threads took: 0.0000329 seconds
2015-12-06T19:56:00.889+0530: 127.183: Total time for which application threads were stopped: 0.0001467 seconds, Stopping threads took: 0.0000478 seconds
2015-12-06T19:56:00.975+0530: 127.268: Total time for which application threads were stopped: 0.0001846 seconds, Stopping threads took: 0.0000384 seconds
2015-12-06T19:56:01.022+0530: 127.316: Total time for which application threads were stopped: 0.0001500 seconds, Stopping threads took: 0.0000469 seconds
2015-12-06T19:56:01.066+0530: 127.360: Total time for which application threads were stopped: 0.0001990 seconds, Stopping threads took: 0.0000690 seconds
2015-12-06T19:56:02.067+0530: 128.361: Total time for which application threads were stopped: 0.0001633 seconds, Stopping threads took: 0.0000337 seconds
2015-12-06T19:56:03.067+0530: 129.361: Total time for which application threads were stopped: 0.0001614 seconds, Stopping threads took: 0.0000348 seconds
2015-12-06T19:56:04.067+0530: 130.361: Total time for which application threads were stopped: 0.0001484 seconds, Stopping threads took: 0.0000334 seconds
2015-12-06T19:56:04.691+0530: 130.985: Total time for which application threads were stopped: 0.0002261 seconds, Stopping threads took: 0.0000399 seconds
2015-12-06T19:56:04.691+0530: 130.985: Total time for which application threads were stopped: 0.0000932 seconds, Stopping threads took: 0.0000142 seconds
2015-12-06T19:56:04.694+0530: 130.988: Total time for which application threads were stopped: 0.0002318 seconds, Stopping threads took: 0.0000649 seconds
2015-12-06T19:56:04.694+0530: 130.988: Total time for which application threads were stopped: 0.0001052 seconds, Stopping threads took: 0.0000129 seconds
2015-12-06T19:56:05.115+0530: 131.409: Total time for which application threads were stopped: 0.0001707 seconds, Stopping threads took: 0.0000365 seconds
2015-12-06T19:56:06.115+0530: 132.409: Total time for which application threads were stopped: 0.0001505 seconds, Stopping threads took: 0.0000373 seconds
2015-12-06T19:56:55.122+0530: 181.416: Total time for which application threads were stopped: 0.0002513 seconds, Stopping threads took: 0.0000600 seconds
2015-12-06T19:57:00.805+0530: 187.099: Total time for which application threads were stopped: 0.0003248 seconds, Stopping threads took: 0.0000737 seconds
2015-12-06T19:57:00.806+0530: 187.099: Total time for which application threads were stopped: 0.0002448 seconds, Stopping threads took: 0.0000890 seconds
2015-12-06T19:57:02.806+0530: 189.100: Total time for which application threads were stopped: 0.0002593 seconds, Stopping threads took: 0.0000595 seconds
2015-12-06T19:57:14.808+0530: 201.102: Total time for which application threads were stopped: 0.0002522 seconds, Stopping threads took: 0.0000602 seconds
2015-12-06T19:57:49.357+0530: 235.651: Total time for which application threads were stopped: 0.0001920 seconds, Stopping threads took: 0.0000426 seconds
2015-12-06T19:57:49.358+0530: 235.651: Total time for which application threads were stopped: 0.0000748 seconds, Stopping threads took: 0.0000249 seconds
2015-12-06T19:57:49.358+0530: 235.651: Total time for which application threads were stopped: 0.0000555 seconds, Stopping threads took: 0.0000116 seconds
2015-12-06T19:57:49.358+0530: 235.652: Total time for which application threads were stopped: 0.0000542 seconds, Stopping threads took: 0.0000114 seconds
2015-12-06T19:57:49.358+0530: 235.652: Total time for which application threads were stopped: 0.0000588 seconds, Stopping threads took: 0.0000158 seconds
2015-12-06T19:57:49.358+0530: 235.652: Total time for which application threads were stopped: 0.0000609 seconds, Stopping threads took: 0.0000159 seconds
2015-12-06T19:57:49.358+0530: 235.652: Total time for which application threads were stopped: 0.0000561 seconds, Stopping threads took: 0.0000136 seconds
2015-12-06T19:57:49.358+0530: 235.652: Total time for which application threads were stopped: 0.0000562 seconds, Stopping threads took: 0.0000137 seconds
2015-12-06T19:57:49.358+0530: 235.652: Total time for which application threads were stopped: 0.0000526 seconds, Stopping threads took: 0.0000104 seconds
2015-12-06T19:57:49.358+0530: 235.652: Total time for which application threads were stopped: 0.0000547 seconds, Stopping threads took: 0.0000122 seconds
2015-12-06T19:57:49.358+0530: 235.652: Total time for which application threads were stopped: 0.0001876 seconds, Stopping threads took: 0.0000115 seconds
2015-12-06T19:57:49.358+0530: 235.652: Total time for which application threads were stopped: 0.0000553 seconds, Stopping threads took: 0.0000125 seconds
2015-12-06T19:57:49.359+0530: 235.652: Total time for which application threads were stopped: 0.0000499 seconds, Stopping threads took: 0.0000105 seconds
2015-12-06T19:57:49.359+0530: 235.653: Total time for which application threads were stopped: 0.0000489 seconds, Stopping threads took: 0.0000103 seconds
2015-12-06T19:57:49.359+0530: 235.653: Total time for which application threads were stopped: 0.0000485 seconds, Stopping threads took: 0.0000104 seconds
2015-12-06T19:57:49.359+0530: 235.653: Total time for which application threads were stopped: 0.0000485 seconds, Stopping threads took: 0.0000103 seconds
2015-12-06T19:57:49.359+0530: 235.653: Total time for which application threads were stopped: 0.0000518 seconds, Stopping threads took: 0.0000103 seconds
2015-12-06T19:57:49.359+0530: 235.653: Total time for which application threads were stopped: 0.0000495 seconds, Stopping threads took: 0.0000102 seconds
2015-12-06T19:57:49.359+0530: 235.653: Total time for which application threads were stopped: 0.0000487 seconds, Stopping threads took: 0.0000103 seconds
2015-12-06T19:57:49.359+0530: 235.653: Total time for which application threads were stopped: 0.0000489 seconds, Stopping threads took: 0.0000103 seconds
2015-12-06T19:57:49.359+0530: 235.653: Total time for which application threads were stopped: 0.0001712 seconds, Stopping threads took: 0.0000103 seconds
2015-12-06T19:57:49.359+0530: 235.653: Total time for which application threads were stopped: 0.0000514 seconds, Stopping threads took: 0.0000113 seconds
2015-12-06T19:57:49.361+0530: 235.654: Total time for which application threads were stopped: 0.0000664 seconds, Stopping threads took: 0.0000152 seconds
2015-12-06T19:57:49.361+0530: 235.654: Total time for which application threads were stopped: 0.0000490 seconds, Stopping threads took: 0.0000100 seconds
2015-12-06T19:57:49.361+0530: 235.655: Total time for which application threads were stopped: 0.0000481 seconds, Stopping threads took: 0.0000098 seconds
2015-12-06T19:57:49.361+0530: 235.655: Total time for which application threads were stopped: 0.0000606 seconds, Stopping threads took: 0.0000142 seconds
2015-12-06T19:57:49.374+0530: 235.667: Total time for which application threads were stopped: 0.0001153 seconds, Stopping threads took: 0.0000247 seconds
2015-12-06T19:57:49.374+0530: 235.668: Total time for which application threads were stopped: 0.0000662 seconds, Stopping threads took: 0.0000133 seconds
2015-12-06T19:57:49.374+0530: 235.668: Total time for which application threads were stopped: 0.0000607 seconds, Stopping threads took: 0.0000122 seconds
2015-12-06T19:57:49.385+0530: 235.679: Total time for which application threads were stopped: 0.0000873 seconds, Stopping threads took: 0.0000201 seconds
2015-12-06T19:57:49.418+0530: 235.712: Total time for which application threads were stopped: 0.0005494 seconds, Stopping threads took: 0.0000366 seconds
2015-12-06T19:57:49.491+0530: 235.785: Total time for which application threads were stopped: 0.0002552 seconds, Stopping threads took: 0.0000683 seconds
2015-12-06T19:57:49.491+0530: 235.785: Total time for which application threads were stopped: 0.0001336 seconds, Stopping threads took: 0.0000832 seconds
2015-12-06T19:57:49.491+0530: 235.785: Total time for which application threads were stopped: 0.0000807 seconds, Stopping threads took: 0.0000305 seconds
2015-12-06T19:57:49.505+0530: 235.799: Total time for which application threads were stopped: 0.0001422 seconds, Stopping threads took: 0.0000337 seconds
2015-12-06T19:57:49.507+0530: 235.801: Total time for which application threads were stopped: 0.0001283 seconds, Stopping threads took: 0.0000296 seconds
2015-12-06T19:57:49.507+0530: 235.801: Total time for which application threads were stopped: 0.0000612 seconds, Stopping threads took: 0.0000153 seconds
2015-12-06T19:57:49.507+0530: 235.801: Total time for which application threads were stopped: 0.0000638 seconds, Stopping threads took: 0.0000156 seconds
2015-12-06T19:57:49.514+0530: 235.808: Total time for which application threads were stopped: 0.0001754 seconds, Stopping threads took: 0.0000420 seconds
2015-12-06T19:57:49.520+0530: 235.813: Total time for which application threads were stopped: 0.0001577 seconds, Stopping threads took: 0.0000321 seconds
2015-12-06T19:57:49.520+0530: 235.814: Total time for which application threads were stopped: 0.0001100 seconds, Stopping threads took: 0.0000216 seconds
2015-12-06T19:57:49.520+0530: 235.814: Total time for which application threads were stopped: 0.0000973 seconds, Stopping threads took: 0.0000178 seconds
2015-12-06T19:57:49.526+0530: 235.820: Total time for which application threads were stopped: 0.0001772 seconds, Stopping threads took: 0.0000446 seconds
2015-12-06T19:57:49.535+0530: 235.829: Total time for which application threads were stopped: 0.0001888 seconds, Stopping threads took: 0.0000401 seconds
2015-12-06T19:57:49.536+0530: 235.830: Total time for which application threads were stopped: 0.0001412 seconds, Stopping threads took: 0.0000225 seconds
2015-12-06T19:57:49.536+0530: 235.830: Total time for which application threads were stopped: 0.0001007 seconds, Stopping threads took: 0.0000153 seconds
2015-12-06T19:57:49.549+0530: 235.843: Total time for which application threads were stopped: 0.0001744 seconds, Stopping threads took: 0.0000384 seconds
2015-12-06T19:57:49.552+0530: 235.845: Total time for which application threads were stopped: 0.0001583 seconds, Stopping threads took: 0.0000353 seconds
2015-12-06T19:57:49.552+0530: 235.846: Total time for which application threads were stopped: 0.0001026 seconds, Stopping threads took: 0.0000182 seconds
2015-12-06T19:57:49.552+0530: 235.846: Total time for which application threads were stopped: 0.0000901 seconds, Stopping threads took: 0.0000161 seconds
2015-12-06T19:57:49.560+0530: 235.854: Total time for which application threads were stopped: 0.0001701 seconds, Stopping threads took: 0.0000388 seconds
2015-12-06T19:57:49.600+0530: 235.894: Total time for which application threads were stopped: 0.0001313 seconds, Stopping threads took: 0.0000312 seconds
2015-12-06T19:57:49.601+0530: 235.894: Total time for which application threads were stopped: 0.0001852 seconds, Stopping threads took: 0.0000127 seconds
2015-12-06T19:57:49.601+0530: 235.895: Total time for which application threads were stopped: 0.0000533 seconds, Stopping threads took: 0.0000120 seconds
2015-12-06T19:57:49.613+0530: 235.907: Total time for which application threads were stopped: 0.0002293 seconds, Stopping threads took: 0.0000751 seconds
2015-12-06T19:57:49.648+0530: 235.942: Total time for which application threads were stopped: 0.0008344 seconds, Stopping threads took: 0.0000371 seconds
2015-12-06T19:57:49.651+0530: 235.945: Total time for which application threads were stopped: 0.0001719 seconds, Stopping threads took: 0.0000376 seconds
2015-12-06T19:57:49.651+0530: 235.945: Total time for which application threads were stopped: 0.0000834 seconds, Stopping threads took: 0.0000167 seconds
2015-12-06T19:57:49.666+0530: 235.960: Total time for which application threads were stopped: 0.0001547 seconds, Stopping threads took: 0.0000300 seconds
2015-12-06T19:57:49.670+0530: 235.964: Total time for which application threads were stopped: 0.0001182 seconds, Stopping threads took: 0.0000248 seconds
2015-12-06T19:57:49.670+0530: 235.964: Total time for which application threads were stopped: 0.0001864 seconds, Stopping threads took: 0.0000136 seconds
2015-12-06T19:57:49.671+0530: 235.965: Total time for which application threads were stopped: 0.0000792 seconds, Stopping threads took: 0.0000187 seconds
2015-12-06T19:57:49.723+0530: 236.017: Total time for which application threads were stopped: 0.0001391 seconds, Stopping threads took: 0.0000307 seconds
2015-12-06T19:57:49.723+0530: 236.017: Total time for which application threads were stopped: 0.0000823 seconds, Stopping threads took: 0.0000206 seconds
2015-12-06T19:57:49.734+0530: 236.028: Total time for which application threads were stopped: 0.0001236 seconds, Stopping threads took: 0.0000268 seconds
2015-12-06T19:57:49.734+0530: 236.028: Total time for which application threads were stopped: 0.0000647 seconds, Stopping threads took: 0.0000147 seconds
{Heap before GC invocations=15 (full 1):
 par new generation   total 109248K, used 107269K [0x00000000e0000000, 0x00000000e8000000, 0x00000000e8000000)
  eden space 87424K, 100% used [0x00000000e0000000, 0x00000000e5560000, 0x00000000e5560000)
  from space 21824K,  90% used [0x00000000e6ab0000, 0x00000000e7e114e0, 0x00000000e8000000)
  to   space 21824K,   0% used [0x00000000e5560000, 0x00000000e5560000, 0x00000000e6ab0000)
 concurrent mark-sweep generation total 393216K, used 7989K [0x00000000e8000000, 0x0000000100000000, 0x0000000100000000)
 Metaspace       used 34139K, capacity 34634K, committed 34812K, reserved 1079296K
  class space    used 3914K, capacity 4072K, committed 4092K, reserved 1048576K
2015-12-06T19:57:49.758+0530: 236.052: [GC (Allocation Failure) 236.052: [ParNew
Desired survivor size 20112992 bytes, new threshold 8 (max 8)
- age   1:    7761992 bytes,    7761992 total
- age   2:      84592 bytes,    7846584 total
- age   3:      78352 bytes,    7924936 total
- age   4:     176816 bytes,    8101752 total
- age   5:    1923368 bytes,   10025120 total
- age   6:     117712 bytes,   10142832 total
- age   7:     135632 bytes,   10278464 total
- age   8:    2610224 bytes,   12888688 total
: 107269K->14631K(109248K), 0.0198445 secs] 115258K->24220K(502464K), 0.0200750 secs] [Times: user=0.07 sys=0.00, real=0.02 secs] 
Heap after GC invocations=16 (full 1):
 par new generation   total 109248K, used 14631K [0x00000000e0000000, 0x00000000e8000000, 0x00000000e8000000)
  eden space 87424K,   0% used [0x00000000e0000000, 0x00000000e0000000, 0x00000000e5560000)
  from space 21824K,  67% used [0x00000000e5560000, 0x00000000e63a9da0, 0x00000000e6ab0000)
  to   space 21824K,   0% used [0x00000000e6ab0000, 0x00000000e6ab0000, 0x00000000e8000000)
 concurrent mark-sweep generation total 393216K, used 9589K [0x00000000e8000000, 0x0000000100000000, 0x0000000100000000)
 Metaspace       used 34139K, capacity 34634K, committed 34812K, reserved 1079296K
  class space    used 3914K, capacity 4072K, committed 4092K, reserved 1048576K
}
2015-12-06T19:57:49.778+0530: 236.072: Total time for which application threads were stopped: 0.0204022 seconds, Stopping threads took: 0.0000321 seconds
2015-12-06T19:57:49.806+0530: 236.100: Total time for which application threads were stopped: 0.0001192 seconds, Stopping threads took: 0.0000251 seconds
2015-12-06T19:57:49.807+0530: 236.101: Total time for which application threads were stopped: 0.0000583 seconds, Stopping threads took: 0.0000130 seconds
2015-12-06T19:57:49.809+0530: 236.102: Total time for which application threads were stopped: 0.0000716 seconds, Stopping threads took: 0.0000152 seconds
2015-12-06T19:57:49.813+0530: 236.107: Total time for which application threads were stopped: 0.0001266 seconds, Stopping threads took: 0.0000236 seconds
2015-12-06T19:57:49.838+0530: 236.132: Total time for which application threads were stopped: 0.0001659 seconds, Stopping threads took: 0.0000345 seconds
2015-12-06T19:57:49.838+0530: 236.132: Total time for which application threads were stopped: 0.0000929 seconds, Stopping threads took: 0.0000187 seconds
2015-12-06T19:57:49.852+0530: 236.146: Total time for which application threads were stopped: 0.0001316 seconds, Stopping threads took: 0.0000270 seconds
2015-12-06T19:57:49.853+0530: 236.147: Total time for which application threads were stopped: 0.0000706 seconds, Stopping threads took: 0.0000161 seconds
2015-12-06T19:57:49.863+0530: 236.157: Total time for which application threads were stopped: 0.0001215 seconds, Stopping threads took: 0.0000250 seconds
2015-12-06T19:57:49.905+0530: 236.199: Total time for which application threads were stopped: 0.0001239 seconds, Stopping threads took: 0.0000272 seconds
2015-12-06T19:57:49.905+0530: 236.199: Total time for which application threads were stopped: 0.0000761 seconds, Stopping threads took: 0.0000331 seconds
2015-12-06T19:57:49.912+0530: 236.206: Total time for which application threads were stopped: 0.0001392 seconds, Stopping threads took: 0.0000334 seconds
2015-12-06T19:57:50.391+0530: 236.685: Total time for which application threads were stopped: 0.0001704 seconds, Stopping threads took: 0.0000393 seconds
2015-12-06T19:57:50.397+0530: 236.691: Total time for which application threads were stopped: 0.0001377 seconds, Stopping threads took: 0.0000286 seconds
2015-12-06T19:57:50.789+0530: 237.082: Total time for which application threads were stopped: 0.0005882 seconds, Stopping threads took: 0.0003290 seconds
2015-12-06T19:57:50.790+0530: 237.084: Total time for which application threads were stopped: 0.0004847 seconds, Stopping threads took: 0.0002004 seconds
2015-12-06T19:57:50.792+0530: 237.086: Total time for which application threads were stopped: 0.0005130 seconds, Stopping threads took: 0.0001997 seconds
2015-12-06T19:57:50.793+0530: 237.087: Total time for which application threads were stopped: 0.0004270 seconds, Stopping threads took: 0.0000643 seconds
2015-12-06T19:57:50.868+0530: 237.162: Total time for which application threads were stopped: 0.0072439 seconds, Stopping threads took: 0.0069758 seconds
2015-12-06T19:57:50.889+0530: 237.183: Total time for which application threads were stopped: 0.0026697 seconds, Stopping threads took: 0.0023913 seconds
2015-12-06T19:57:50.915+0530: 237.209: Total time for which application threads were stopped: 0.0005894 seconds, Stopping threads took: 0.0002850 seconds
2015-12-06T19:57:50.921+0530: 237.215: Total time for which application threads were stopped: 0.0049220 seconds, Stopping threads took: 0.0045970 seconds
2015-12-06T19:57:50.942+0530: 237.235: Total time for which application threads were stopped: 0.0003872 seconds, Stopping threads took: 0.0001283 seconds
2015-12-06T19:57:50.949+0530: 237.243: Total time for which application threads were stopped: 0.0002922 seconds, Stopping threads took: 0.0000644 seconds
2015-12-06T19:57:50.977+0530: 237.271: Total time for which application threads were stopped: 0.0107710 seconds, Stopping threads took: 0.0105195 seconds
2015-12-06T19:57:50.983+0530: 237.277: Total time for which application threads were stopped: 0.0020012 seconds, Stopping threads took: 0.0017898 seconds
2015-12-06T19:57:50.993+0530: 237.287: Total time for which application threads were stopped: 0.0013040 seconds, Stopping threads took: 0.0011002 seconds
{Heap before GC invocations=16 (full 1):
 par new generation   total 109248K, used 102055K [0x00000000e0000000, 0x00000000e8000000, 0x00000000e8000000)
  eden space 87424K, 100% used [0x00000000e0000000, 0x00000000e5560000, 0x00000000e5560000)
  from space 21824K,  67% used [0x00000000e5560000, 0x00000000e63a9da0, 0x00000000e6ab0000)
  to   space 21824K,   0% used [0x00000000e6ab0000, 0x00000000e6ab0000, 0x00000000e8000000)
 concurrent mark-sweep generation total 393216K, used 9589K [0x00000000e8000000, 0x0000000100000000, 0x0000000100000000)
 Metaspace       used 36171K, capacity 36706K, committed 37116K, reserved 1081344K
  class space    used 4159K, capacity 4332K, committed 4348K, reserved 1048576K
2015-12-06T19:57:51.009+0530: 237.303: [GC (Allocation Failure) 237.303: [ParNew
Desired survivor size 20112992 bytes, new threshold 8 (max 8)
- age   1:    9135336 bytes,    9135336 total
- age   2:    6252944 bytes,   15388280 total
- age   3:      84592 bytes,   15472872 total
- age   4:      78352 bytes,   15551224 total
- age   5:     176640 bytes,   15727864 total
- age   6:    1916944 bytes,   17644808 total
- age   7:     117712 bytes,   17762520 total
- age   8:     135632 bytes,   17898152 total
: 102055K->21824K(109248K), 0.0826641 secs] 111644K->33992K(502464K), 0.0831250 secs] [Times: user=0.14 sys=0.00, real=0.08 secs] 
Heap after GC invocations=17 (full 1):
 par new generation   total 109248K, used 21824K [0x00000000e0000000, 0x00000000e8000000, 0x00000000e8000000)
  eden space 87424K,   0% used [0x00000000e0000000, 0x00000000e0000000, 0x00000000e5560000)
  from space 21824K, 100% used [0x00000000e6ab0000, 0x00000000e8000000, 0x00000000e8000000)
  to   space 21824K,   0% used [0x00000000e5560000, 0x00000000e5560000, 0x00000000e6ab0000)
 concurrent mark-sweep generation total 393216K, used 12168K [0x00000000e8000000, 0x0000000100000000, 0x0000000100000000)
 Metaspace       used 36171K, capacity 36706K, committed 37116K, reserved 1081344K
  class space    used 4159K, capacity 4332K, committed 4348K, reserved 1048576K
}
2015-12-06T19:57:51.092+0530: 237.386: Total time for which application threads were stopped: 0.0836473 seconds, Stopping threads took: 0.0000894 seconds
{Heap before GC invocations=17 (full 1):
 par new generation   total 109248K, used 109248K [0x00000000e0000000, 0x00000000e8000000, 0x00000000e8000000)
  eden space 87424K, 100% used [0x00000000e0000000, 0x00000000e5560000, 0x00000000e5560000)
  from space 21824K, 100% used [0x00000000e6ab0000, 0x00000000e8000000, 0x00000000e8000000)
  to   space 21824K,   0% used [0x00000000e5560000, 0x00000000e5560000, 0x00000000e6ab0000)
 concurrent mark-sweep generation total 393216K, used 12168K [0x00000000e8000000, 0x0000000100000000, 0x0000000100000000)
 Metaspace       used 36175K, capacity 36712K, committed 37116K, reserved 1081344K
  class space    used 4160K, capacity 4333K, committed 4348K, reserved 1048576K
2015-12-06T19:57:51.155+0530: 237.449: [GC (Allocation Failure) 237.449: [ParNew
Desired survivor size 20112992 bytes, new threshold 8 (max 8)
- age   1:     808936 bytes,     808936 total
- age   2:    7153576 bytes,    7962512 total
- age   3:    6239216 bytes,   14201728 total
- age   4:      84592 bytes,   14286320 total
- age   5:      78352 bytes,   14364672 total
- age   6:     176640 bytes,   14541312 total
- age   7:    1916944 bytes,   16458256 total
- age   8:     117712 bytes,   16575968 total
: 109248K->21220K(109248K), 0.1267055 secs] 121416K->33523K(502464K), 0.1270205 secs] [Times: user=0.18 sys=0.00, real=0.13 secs] 
Heap after GC invocations=18 (full 1):
 par new generation   total 109248K, used 21220K [0x00000000e0000000, 0x00000000e8000000, 0x00000000e8000000)
  eden space 87424K,   0% used [0x00000000e0000000, 0x00000000e0000000, 0x00000000e5560000)
  from space 21824K,  97% used [0x00000000e5560000, 0x00000000e6a19110, 0x00000000e6ab0000)
  to   space 21824K,   0% used [0x00000000e6ab0000, 0x00000000e6ab0000, 0x00000000e8000000)
 concurrent mark-sweep generation total 393216K, used 12302K [0x00000000e8000000, 0x0000000100000000, 0x0000000100000000)
 Metaspace       used 36175K, capacity 36712K, committed 37116K, reserved 1081344K
  class space    used 4160K, capacity 4333K, committed 4348K, reserved 1048576K
}
2015-12-06T19:57:51.282+0530: 237.576: Total time for which application threads were stopped: 0.1464003 seconds, Stopping threads took: 0.0190237 seconds
2015-12-06T19:57:51.366+0530: 237.660: Total time for which application threads were stopped: 0.0210583 seconds, Stopping threads took: 0.0200692 seconds
2015-12-06T19:57:51.382+0530: 237.676: Total time for which application threads were stopped: 0.0049261 seconds, Stopping threads took: 0.0039370 seconds
{Heap before GC invocations=18 (full 1):
 par new generation   total 109248K, used 108644K [0x00000000e0000000, 0x00000000e8000000, 0x00000000e8000000)
  eden space 87424K, 100% used [0x00000000e0000000, 0x00000000e5560000, 0x00000000e5560000)
  from space 21824K,  97% used [0x00000000e5560000, 0x00000000e6a19110, 0x00000000e6ab0000)
  to   space 21824K,   0% used [0x00000000e6ab0000, 0x00000000e6ab0000, 0x00000000e8000000)
 concurrent mark-sweep generation total 393216K, used 12302K [0x00000000e8000000, 0x0000000100000000, 0x0000000100000000)
 Metaspace       used 36261K, capacity 36776K, committed 37116K, reserved 1081344K
  class space    used 4176K, capacity 4333K, committed 4348K, reserved 1048576K
2015-12-06T19:57:51.401+0530: 237.695: [GC (Allocation Failure) 237.696: [ParNew
Desired survivor size 20112992 bytes, new threshold 8 (max 8)
- age   1:     938248 bytes,     938248 total
- age   2:     238288 bytes,    1176536 total
- age   3:    7152840 bytes,    8329376 total
- age   4:    6239216 bytes,   14568592 total
- age   5:      84592 bytes,   14653184 total
- age   6:      78352 bytes,   14731536 total
- age   7:     176592 bytes,   14908128 total
- age   8:    1916944 bytes,   16825072 total
: 108644K->21390K(109248K), 0.0758296 secs] 120947K->33810K(502464K), 0.0762749 secs] [Times: user=0.11 sys=0.00, real=0.07 secs] 
Heap after GC invocations=19 (full 1):
 par new generation   total 109248K, used 21390K [0x00000000e0000000, 0x00000000e8000000, 0x00000000e8000000)
  eden space 87424K,   0% used [0x00000000e0000000, 0x00000000e0000000, 0x00000000e5560000)
  from space 21824K,  98% used [0x00000000e6ab0000, 0x00000000e7f93810, 0x00000000e8000000)
  to   space 21824K,   0% used [0x00000000e5560000, 0x00000000e5560000, 0x00000000e6ab0000)
 concurrent mark-sweep generation total 393216K, used 12420K [0x00000000e8000000, 0x0000000100000000, 0x0000000100000000)
 Metaspace       used 36261K, capacity 36776K, committed 37116K, reserved 1081344K
  class space    used 4176K, capacity 4333K, committed 4348K, reserved 1048576K
}
2015-12-06T19:57:51.478+0530: 237.772: Total time for which application threads were stopped: 0.0847736 seconds, Stopping threads took: 0.0080463 seconds
2015-12-06T19:57:51.509+0530: 237.803: Total time for which application threads were stopped: 0.0119215 seconds, Stopping threads took: 0.0110613 seconds
2015-12-06T19:57:51.527+0530: 237.821: Total time for which application threads were stopped: 0.0009624 seconds, Stopping threads took: 0.0000817 seconds
2015-12-06T19:57:51.572+0530: 237.866: Total time for which application threads were stopped: 0.0019639 seconds, Stopping threads took: 0.0017646 seconds
2015-12-06T19:57:51.617+0530: 237.911: Total time for which application threads were stopped: 0.0333475 seconds, Stopping threads took: 0.0330411 seconds
{Heap before GC invocations=19 (full 1):
 par new generation   total 109248K, used 108803K [0x00000000e0000000, 0x00000000e8000000, 0x00000000e8000000)
  eden space 87424K,  99% used [0x00000000e0000000, 0x00000000e555d5e8, 0x00000000e5560000)
  from space 21824K,  98% used [0x00000000e6ab0000, 0x00000000e7f93810, 0x00000000e8000000)
  to   space 21824K,   0% used [0x00000000e5560000, 0x00000000e5560000, 0x00000000e6ab0000)
 concurrent mark-sweep generation total 393216K, used 12420K [0x00000000e8000000, 0x0000000100000000, 0x0000000100000000)
 Metaspace       used 36338K, capacity 36896K, committed 37244K, reserved 1081344K
  class space    used 4185K, capacity 4369K, committed 4476K, reserved 1048576K
2015-12-06T19:57:51.633+0530: 237.927: [GC (Allocation Failure) 237.927: [ParNew
Desired survivor size 20112992 bytes, new threshold 8 (max 8)
- age   1:    1700200 bytes,    1700200 total
- age   2:     156040 bytes,    1856240 total
- age   3:     238136 bytes,    2094376 total
- age   4:    7125584 bytes,    9219960 total
- age   5:    6239192 bytes,   15459152 total
- age   6:      84592 bytes,   15543744 total
- age   7:      78352 bytes,   15622096 total
- age   8:     176592 bytes,   15798688 total
: 108803K->19607K(109248K), 0.1072507 secs] 121223K->33925K(502464K), 0.1078700 secs] [Times: user=0.13 sys=0.00, real=0.11 secs] 
Heap after GC invocations=20 (full 1):
 par new generation   total 109248K, used 19607K [0x00000000e0000000, 0x00000000e8000000, 0x00000000e8000000)
  eden space 87424K,   0% used [0x00000000e0000000, 0x00000000e0000000, 0x00000000e5560000)
  from space 21824K,  89% used [0x00000000e5560000, 0x00000000e6885d98, 0x00000000e6ab0000)
  to   space 21824K,   0% used [0x00000000e6ab0000, 0x00000000e6ab0000, 0x00000000e8000000)
 concurrent mark-sweep generation total 393216K, used 14318K [0x00000000e8000000, 0x0000000100000000, 0x0000000100000000)
 Metaspace       used 36338K, capacity 36896K, committed 37244K, reserved 1081344K
  class space    used 4185K, capacity 4369K, committed 4476K, reserved 1048576K
}
2015-12-06T19:57:51.742+0530: 238.035: Total time for which application threads were stopped: 0.1104037 seconds, Stopping threads took: 0.0020670 seconds
{Heap before GC invocations=20 (full 1):
 par new generation   total 109248K, used 107031K [0x00000000e0000000, 0x00000000e8000000, 0x00000000e8000000)
  eden space 87424K, 100% used [0x00000000e0000000, 0x00000000e5560000, 0x00000000e5560000)
  from space 21824K,  89% used [0x00000000e5560000, 0x00000000e6885d98, 0x00000000e6ab0000)
  to   space 21824K,   0% used [0x00000000e6ab0000, 0x00000000e6ab0000, 0x00000000e8000000)
 concurrent mark-sweep generation total 393216K, used 14318K [0x00000000e8000000, 0x0000000100000000, 0x0000000100000000)
 Metaspace       used 36347K, capacity 36902K, committed 37244K, reserved 1081344K
  class space    used 4185K, capacity 4370K, committed 4476K, reserved 1048576K
2015-12-06T19:57:51.899+0530: 238.193: [GC (Allocation Failure) 238.193: [ParNew
Desired survivor size 20112992 bytes, new threshold 8 (max 8)
- age   1:    1111728 bytes,    1111728 total
- age   2:     233208 bytes,    1344936 total
- age   3:     155768 bytes,    1500704 total
- age   4:     238136 bytes,    1738840 total
- age   5:    7125376 bytes,    8864216 total
- age   6:    6239160 bytes,   15103376 total
- age   7:      84592 bytes,   15187968 total
- age   8:      78352 bytes,   15266320 total
: 107031K->17715K(109248K), 0.0491209 secs] 121349K->32208K(502464K), 0.0494084 secs] [Times: user=0.16 sys=0.01, real=0.05 secs] 
Heap after GC invocations=21 (full 1):
 par new generation   total 109248K, used 17715K [0x00000000e0000000, 0x00000000e8000000, 0x00000000e8000000)
  eden space 87424K,   0% used [0x00000000e0000000, 0x00000000e0000000, 0x00000000e5560000)
  from space 21824K,  81% used [0x00000000e6ab0000, 0x00000000e7bfce48, 0x00000000e8000000)
  to   space 21824K,   0% used [0x00000000e5560000, 0x00000000e5560000, 0x00000000e6ab0000)
 concurrent mark-sweep generation total 393216K, used 14493K [0x00000000e8000000, 0x0000000100000000, 0x0000000100000000)
 Metaspace       used 36347K, capacity 36902K, committed 37244K, reserved 1081344K
  class space    used 4185K, capacity 4370K, committed 4476K, reserved 1048576K
}
2015-12-06T19:57:51.948+0530: 238.242: Total time for which application threads were stopped: 0.0752742 seconds, Stopping threads took: 0.0253866 seconds
2015-12-06T19:57:52.032+0530: 238.326: Total time for which application threads were stopped: 0.0003200 seconds, Stopping threads took: 0.0001396 seconds
2015-12-06T19:57:52.040+0530: 238.334: Total time for which application threads were stopped: 0.0002966 seconds, Stopping threads took: 0.0001251 seconds
2015-12-06T19:57:52.052+0530: 238.346: Total time for which application threads were stopped: 0.0003004 seconds, Stopping threads took: 0.0000970 seconds
2015-12-06T19:57:52.081+0530: 238.375: Total time for which application threads were stopped: 0.0030761 seconds, Stopping threads took: 0.0028359 seconds
{Heap before GC invocations=21 (full 1):
 par new generation   total 109248K, used 105139K [0x00000000e0000000, 0x00000000e8000000, 0x00000000e8000000)
  eden space 87424K, 100% used [0x00000000e0000000, 0x00000000e5560000, 0x00000000e5560000)
  from space 21824K,  81% used [0x00000000e6ab0000, 0x00000000e7bfce48, 0x00000000e8000000)
  to   space 21824K,   0% used [0x00000000e5560000, 0x00000000e5560000, 0x00000000e6ab0000)
 concurrent mark-sweep generation total 393216K, used 14493K [0x00000000e8000000, 0x0000000100000000, 0x0000000100000000)
 Metaspace       used 36356K, capacity 36908K, committed 37244K, reserved 1081344K
  class space    used 4186K, capacity 4371K, committed 4476K, reserved 1048576K
2015-12-06T19:57:52.093+0530: 238.387: [GC (Allocation Failure) 238.388: [ParNew
Desired survivor size 20112992 bytes, new threshold 8 (max 8)
- age   1:     518648 bytes,     518648 total
- age   2:     115408 bytes,     634056 total
- age   3:     232288 bytes,     866344 total
- age   4:     154952 bytes,    1021296 total
- age   5:     238136 bytes,    1259432 total
- age   6:    7125416 bytes,    8384848 total
- age   7:    6238968 bytes,   14623816 total
- age   8:      84592 bytes,   14708408 total
: 105139K->19090K(109248K), 0.0391563 secs] 119632K->33662K(502464K), 0.0395309 secs] [Times: user=0.09 sys=0.01, real=0.03 secs] 
Heap after GC invocations=22 (full 1):
 par new generation   total 109248K, used 19090K [0x00000000e0000000, 0x00000000e8000000, 0x00000000e8000000)
  eden space 87424K,   0% used [0x00000000e0000000, 0x00000000e0000000, 0x00000000e5560000)
  from space 21824K,  87% used [0x00000000e5560000, 0x00000000e6804840, 0x00000000e6ab0000)
  to   space 21824K,   0% used [0x00000000e6ab0000, 0x00000000e6ab0000, 0x00000000e8000000)
 concurrent mark-sweep generation total 393216K, used 14572K [0x00000000e8000000, 0x0000000100000000, 0x0000000100000000)
 Metaspace       used 36356K, capacity 36908K, committed 37244K, reserved 1081344K
  class space    used 4186K, capacity 4371K, committed 4476K, reserved 1048576K
}
2015-12-06T19:57:52.133+0530: 238.427: Total time for which application threads were stopped: 0.0400202 seconds, Stopping threads took: 0.0000413 seconds
2015-12-06T19:57:52.154+0530: 238.447: Total time for which application threads were stopped: 0.0040864 seconds, Stopping threads took: 0.0038417 seconds
2015-12-06T19:57:52.167+0530: 238.461: Total time for which application threads were stopped: 0.0011577 seconds, Stopping threads took: 0.0009973 seconds
{Heap before GC invocations=22 (full 1):
 par new generation   total 109248K, used 106514K [0x00000000e0000000, 0x00000000e8000000, 0x00000000e8000000)
  eden space 87424K, 100% used [0x00000000e0000000, 0x00000000e5560000, 0x00000000e5560000)
  from space 21824K,  87% used [0x00000000e5560000, 0x00000000e6804840, 0x00000000e6ab0000)
  to   space 21824K,   0% used [0x00000000e6ab0000, 0x00000000e6ab0000, 0x00000000e8000000)
 concurrent mark-sweep generation total 393216K, used 14572K [0x00000000e8000000, 0x0000000100000000, 0x0000000100000000)
 Metaspace       used 36357K, capacity 36908K, committed 37244K, reserved 1081344K
  class space    used 4186K, capacity 4371K, committed 4476K, reserved 1048576K
2015-12-06T19:57:52.223+0530: 238.516: [GC (Allocation Failure) 238.517: [ParNew
Desired survivor size 20112992 bytes, new threshold 8 (max 8)
- age   1:     684392 bytes,     684392 total
- age   2:      99432 bytes,     783824 total
- age   3:     115408 bytes,     899232 total
- age   4:     232072 bytes,    1131304 total
- age   5:     154952 bytes,    1286256 total
- age   6:     238136 bytes,    1524392 total
- age   7:    7125376 bytes,    8649768 total
- age   8:    6238944 bytes,   14888712 total
: 106514K->18802K(109248K), 0.0291224 secs] 121086K->33458K(502464K), 0.0294014 secs] [Times: user=0.07 sys=0.01, real=0.02 secs] 
Heap after GC invocations=23 (full 1):
 par new generation   total 109248K, used 18802K [0x00000000e0000000, 0x00000000e8000000, 0x00000000e8000000)
  eden space 87424K,   0% used [0x00000000e0000000, 0x00000000e0000000, 0x00000000e5560000)
  from space 21824K,  86% used [0x00000000e6ab0000, 0x00000000e7d0c828, 0x00000000e8000000)
  to   space 21824K,   0% used [0x00000000e5560000, 0x00000000e5560000, 0x00000000e6ab0000)
 concurrent mark-sweep generation total 393216K, used 14656K [0x00000000e8000000, 0x0000000100000000, 0x0000000100000000)
 Metaspace       used 36357K, capacity 36908K, committed 37244K, reserved 1081344K
  class space    used 4186K, capacity 4371K, committed 4476K, reserved 1048576K
}
2015-12-06T19:57:52.252+0530: 238.546: Total time for which application threads were stopped: 0.0304373 seconds, Stopping threads took: 0.0006187 seconds
{Heap before GC invocations=23 (full 1):
 par new generation   total 109248K, used 106226K [0x00000000e0000000, 0x00000000e8000000, 0x00000000e8000000)
  eden space 87424K, 100% used [0x00000000e0000000, 0x00000000e5560000, 0x00000000e5560000)
  from space 21824K,  86% used [0x00000000e6ab0000, 0x00000000e7d0c828, 0x00000000e8000000)
  to   space 21824K,   0% used [0x00000000e5560000, 0x00000000e5560000, 0x00000000e6ab0000)
 concurrent mark-sweep generation total 393216K, used 14656K [0x00000000e8000000, 0x0000000100000000, 0x0000000100000000)
 Metaspace       used 36368K, capacity 36908K, committed 37244K, reserved 1081344K
  class space    used 4186K, capacity 4371K, committed 4476K, reserved 1048576K
2015-12-06T19:57:52.361+0530: 238.655: [GC (Allocation Failure) 238.655: [ParNew
Desired survivor size 20112992 bytes, new threshold 8 (max 8)
- age   1:     870720 bytes,     870720 total
- age   2:      81504 bytes,     952224 total
- age   3:      98232 bytes,    1050456 total
- age   4:     114472 bytes,    1164928 total
- age   5:     231616 bytes,    1396544 total
- age   6:     154136 bytes,    1550680 total
- age   7:     236808 bytes,    1787488 total
- age   8:    7124136 bytes,    8911624 total
: 106226K->13522K(109248K), 0.0648307 secs] 120882K->34435K(502464K), 0.0652206 secs] [Times: user=0.15 sys=0.01, real=0.06 secs] 
Heap after GC invocations=24 (full 1):
 par new generation   total 109248K, used 13522K [0x00000000e0000000, 0x00000000e8000000, 0x00000000e8000000)
  eden space 87424K,   0% used [0x00000000e0000000, 0x00000000e0000000, 0x00000000e5560000)
  from space 21824K,  61% used [0x00000000e5560000, 0x00000000e6294a18, 0x00000000e6ab0000)
  to   space 21824K,   0% used [0x00000000e6ab0000, 0x00000000e6ab0000, 0x00000000e8000000)
 concurrent mark-sweep generation total 393216K, used 20912K [0x00000000e8000000, 0x0000000100000000, 0x0000000100000000)
 Metaspace       used 36368K, capacity 36908K, committed 37244K, reserved 1081344K
  class space    used 4186K, capacity 4371K, committed 4476K, reserved 1048576K
}
2015-12-06T19:57:52.427+0530: 238.720: Total time for which application threads were stopped: 0.0657559 seconds, Stopping threads took: 0.0000867 seconds
2015-12-06T19:57:52.774+0530: 239.067: Total time for which application threads were stopped: 0.0002794 seconds, Stopping threads took: 0.0001061 seconds
2015-12-06T19:57:52.781+0530: 239.075: Total time for which application threads were stopped: 0.0002487 seconds, Stopping threads took: 0.0000679 seconds
2015-12-06T19:57:52.800+0530: 239.094: Total time for which application threads were stopped: 0.0002476 seconds, Stopping threads took: 0.0000531 seconds
2015-12-06T19:57:52.823+0530: 239.117: Total time for which application threads were stopped: 0.0002533 seconds, Stopping threads took: 0.0000662 seconds
2015-12-06T19:57:52.834+0530: 239.128: Total time for which application threads were stopped: 0.0001913 seconds, Stopping threads took: 0.0000400 seconds
2015-12-06T19:57:52.922+0530: 239.216: Total time for which application threads were stopped: 0.0001761 seconds, Stopping threads took: 0.0000361 seconds
2015-12-06T19:57:52.923+0530: 239.217: Total time for which application threads were stopped: 0.0001205 seconds, Stopping threads took: 0.0000286 seconds
2015-12-06T19:57:52.935+0530: 239.229: Total time for which application threads were stopped: 0.0001650 seconds, Stopping threads took: 0.0000313 seconds
2015-12-06T19:57:52.936+0530: 239.229: Total time for which application threads were stopped: 0.0000913 seconds, Stopping threads took: 0.0000185 seconds
2015-12-06T19:57:52.936+0530: 239.230: Total time for which application threads were stopped: 0.0000835 seconds, Stopping threads took: 0.0000154 seconds
2015-12-06T19:57:52.936+0530: 239.230: Total time for which application threads were stopped: 0.0000814 seconds, Stopping threads took: 0.0000145 seconds
2015-12-06T19:57:52.936+0530: 239.230: Total time for which application threads were stopped: 0.0000811 seconds, Stopping threads took: 0.0000148 seconds
2015-12-06T19:57:52.936+0530: 239.230: Total time for which application threads were stopped: 0.0000808 seconds, Stopping threads took: 0.0000145 seconds
2015-12-06T19:57:52.936+0530: 239.230: Total time for which application threads were stopped: 0.0000809 seconds, Stopping threads took: 0.0000144 seconds
2015-12-06T19:57:52.936+0530: 239.230: Total time for which application threads were stopped: 0.0000760 seconds, Stopping threads took: 0.0000137 seconds
2015-12-06T19:57:52.936+0530: 239.230: Total time for which application threads were stopped: 0.0000715 seconds, Stopping threads took: 0.0000095 seconds
2015-12-06T19:57:52.936+0530: 239.230: Total time for which application threads were stopped: 0.0000717 seconds, Stopping threads took: 0.0000095 seconds
2015-12-06T19:57:52.937+0530: 239.230: Total time for which application threads were stopped: 0.0000716 seconds, Stopping threads took: 0.0000094 seconds
2015-12-06T19:57:52.937+0530: 239.231: Total time for which application threads were stopped: 0.0000742 seconds, Stopping threads took: 0.0000119 seconds
2015-12-06T19:57:52.937+0530: 239.231: Total time for which application threads were stopped: 0.0001437 seconds, Stopping threads took: 0.0000437 seconds
2015-12-06T19:57:52.938+0530: 239.231: Total time for which application threads were stopped: 0.0000900 seconds, Stopping threads took: 0.0000173 seconds
2015-12-06T19:57:52.938+0530: 239.232: Total time for which application threads were stopped: 0.0000937 seconds, Stopping threads took: 0.0000218 seconds
2015-12-06T19:57:52.938+0530: 239.232: Total time for which application threads were stopped: 0.0000878 seconds, Stopping threads took: 0.0000185 seconds
2015-12-06T19:57:52.938+0530: 239.232: Total time for which application threads were stopped: 0.0001052 seconds, Stopping threads took: 0.0000353 seconds
2015-12-06T19:57:52.938+0530: 239.232: Total time for which application threads were stopped: 0.0001037 seconds, Stopping threads took: 0.0000375 seconds
2015-12-06T19:57:52.938+0530: 239.232: Total time for which application threads were stopped: 0.0000838 seconds, Stopping threads took: 0.0000183 seconds
2015-12-06T19:57:52.939+0530: 239.233: Total time for which application threads were stopped: 0.0002687 seconds, Stopping threads took: 0.0000288 seconds
2015-12-06T19:57:52.942+0530: 239.236: Total time for which application threads were stopped: 0.0001757 seconds, Stopping threads took: 0.0000592 seconds
2015-12-06T19:57:52.944+0530: 239.237: Total time for which application threads were stopped: 0.0001522 seconds, Stopping threads took: 0.0000495 seconds
2015-12-06T19:57:52.944+0530: 239.238: Total time for which application threads were stopped: 0.0000872 seconds, Stopping threads took: 0.0000297 seconds
2015-12-06T19:57:52.944+0530: 239.238: Total time for which application threads were stopped: 0.0000820 seconds, Stopping threads took: 0.0000253 seconds
2015-12-06T19:57:52.944+0530: 239.238: Total time for which application threads were stopped: 0.0000915 seconds, Stopping threads took: 0.0000350 seconds
2015-12-06T19:57:52.944+0530: 239.238: Total time for which application threads were stopped: 0.0000850 seconds, Stopping threads took: 0.0000329 seconds
2015-12-06T19:57:52.944+0530: 239.238: Total time for which application threads were stopped: 0.0000763 seconds, Stopping threads took: 0.0000253 seconds
2015-12-06T19:57:52.944+0530: 239.238: Total time for which application threads were stopped: 0.0000846 seconds, Stopping threads took: 0.0000322 seconds
2015-12-06T19:57:52.944+0530: 239.238: Total time for which application threads were stopped: 0.0000863 seconds, Stopping threads took: 0.0000329 seconds
2015-12-06T19:57:52.945+0530: 239.238: Total time for which application threads were stopped: 0.0000804 seconds, Stopping threads took: 0.0000266 seconds
2015-12-06T19:57:52.945+0530: 239.239: Total time for which application threads were stopped: 0.0000921 seconds, Stopping threads took: 0.0000372 seconds
2015-12-06T19:57:52.945+0530: 239.239: Total time for which application threads were stopped: 0.0001333 seconds, Stopping threads took: 0.0000465 seconds
2015-12-06T19:57:52.945+0530: 239.239: Total time for which application threads were stopped: 0.0001151 seconds, Stopping threads took: 0.0000324 seconds
2015-12-06T19:57:52.946+0530: 239.239: Total time for which application threads were stopped: 0.0000665 seconds, Stopping threads took: 0.0000141 seconds
2015-12-06T19:57:52.946+0530: 239.240: Total time for which application threads were stopped: 0.0000622 seconds, Stopping threads took: 0.0000121 seconds
2015-12-06T19:57:52.946+0530: 239.240: Total time for which application threads were stopped: 0.0000619 seconds, Stopping threads took: 0.0000120 seconds
2015-12-06T19:57:52.946+0530: 239.240: Total time for which application threads were stopped: 0.0000620 seconds, Stopping threads took: 0.0000121 seconds
2015-12-06T19:57:52.946+0530: 239.240: Total time for which application threads were stopped: 0.0000618 seconds, Stopping threads took: 0.0000123 seconds
2015-12-06T19:57:52.946+0530: 239.240: Total time for which application threads were stopped: 0.0000611 seconds, Stopping threads took: 0.0000121 seconds
2015-12-06T19:57:52.946+0530: 239.240: Total time for which application threads were stopped: 0.0000853 seconds, Stopping threads took: 0.0000118 seconds
2015-12-06T19:57:52.947+0530: 239.241: Total time for which application threads were stopped: 0.0003937 seconds, Stopping threads took: 0.0000502 seconds
2015-12-06T19:57:52.949+0530: 239.243: Total time for which application threads were stopped: 0.0001972 seconds, Stopping threads took: 0.0000584 seconds
2015-12-06T19:57:52.949+0530: 239.243: Total time for which application threads were stopped: 0.0000705 seconds, Stopping threads took: 0.0000145 seconds
2015-12-06T19:57:52.949+0530: 239.243: Total time for which application threads were stopped: 0.0000639 seconds, Stopping threads took: 0.0000126 seconds
2015-12-06T19:57:52.979+0530: 239.273: Total time for which application threads were stopped: 0.0002091 seconds, Stopping threads took: 0.0000510 seconds
2015-12-06T19:57:52.979+0530: 239.273: Total time for which application threads were stopped: 0.0001019 seconds, Stopping threads took: 0.0000317 seconds
2015-12-06T19:57:52.980+0530: 239.274: Total time for which application threads were stopped: 0.0001017 seconds, Stopping threads took: 0.0000236 seconds
2015-12-06T19:57:53.001+0530: 239.295: Total time for which application threads were stopped: 0.0002077 seconds, Stopping threads took: 0.0000371 seconds
2015-12-06T19:57:53.006+0530: 239.300: Total time for which application threads were stopped: 0.0001750 seconds, Stopping threads took: 0.0000335 seconds
2015-12-06T19:57:53.052+0530: 239.346: Total time for which application threads were stopped: 0.0002090 seconds, Stopping threads took: 0.0000511 seconds
2015-12-06T19:57:53.052+0530: 239.346: Total time for which application threads were stopped: 0.0001426 seconds, Stopping threads took: 0.0000542 seconds
2015-12-06T19:57:53.052+0530: 239.346: Total time for which application threads were stopped: 0.0001055 seconds, Stopping threads took: 0.0000182 seconds
2015-12-06T19:57:53.052+0530: 239.346: Total time for which application threads were stopped: 0.0001138 seconds, Stopping threads took: 0.0000325 seconds
2015-12-06T19:57:53.053+0530: 239.346: Total time for which application threads were stopped: 0.0001058 seconds, Stopping threads took: 0.0000257 seconds
2015-12-06T19:57:53.053+0530: 239.347: Total time for which application threads were stopped: 0.0000906 seconds, Stopping threads took: 0.0000130 seconds
2015-12-06T19:57:53.054+0530: 239.348: Total time for which application threads were stopped: 0.0012877 seconds, Stopping threads took: 0.0000154 seconds
2015-12-06T19:57:53.054+0530: 239.348: Total time for which application threads were stopped: 0.0001324 seconds, Stopping threads took: 0.0000179 seconds
2015-12-06T19:57:53.054+0530: 239.348: Total time for which application threads were stopped: 0.0000905 seconds, Stopping threads took: 0.0000112 seconds
2015-12-06T19:57:53.054+0530: 239.348: Total time for which application threads were stopped: 0.0000936 seconds, Stopping threads took: 0.0000164 seconds
2015-12-06T19:57:53.055+0530: 239.348: Total time for which application threads were stopped: 0.0000862 seconds, Stopping threads took: 0.0000138 seconds
2015-12-06T19:57:53.055+0530: 239.349: Total time for which application threads were stopped: 0.0000927 seconds, Stopping threads took: 0.0000149 seconds
2015-12-06T19:57:53.055+0530: 239.349: Total time for which application threads were stopped: 0.0000875 seconds, Stopping threads took: 0.0000138 seconds
2015-12-06T19:57:53.055+0530: 239.349: Total time for which application threads were stopped: 0.0000922 seconds, Stopping threads took: 0.0000145 seconds
2015-12-06T19:57:53.055+0530: 239.349: Total time for which application threads were stopped: 0.0001052 seconds, Stopping threads took: 0.0000306 seconds
2015-12-06T19:57:53.055+0530: 239.349: Total time for which application threads were stopped: 0.0001154 seconds, Stopping threads took: 0.0000303 seconds
2015-12-06T19:57:53.055+0530: 239.349: Total time for which application threads were stopped: 0.0001091 seconds, Stopping threads took: 0.0000299 seconds
2015-12-06T19:57:53.055+0530: 239.349: Total time for which application threads were stopped: 0.0000844 seconds, Stopping threads took: 0.0000099 seconds
2015-12-06T19:57:53.056+0530: 239.350: Total time for which application threads were stopped: 0.0002716 seconds, Stopping threads took: 0.0000096 seconds
2015-12-06T19:57:53.056+0530: 239.350: Total time for which application threads were stopped: 0.0003380 seconds, Stopping threads took: 0.0000163 seconds
2015-12-06T19:57:53.073+0530: 239.367: Total time for which application threads were stopped: 0.0002642 seconds, Stopping threads took: 0.0000702 seconds
2015-12-06T19:57:53.077+0530: 239.371: Total time for which application threads were stopped: 0.0003179 seconds, Stopping threads took: 0.0000634 seconds
2015-12-06T19:57:53.078+0530: 239.372: Total time for which application threads were stopped: 0.0001669 seconds, Stopping threads took: 0.0000248 seconds
2015-12-06T19:57:53.078+0530: 239.372: Total time for which application threads were stopped: 0.0003899 seconds, Stopping threads took: 0.0000963 seconds
2015-12-06T19:57:53.303+0530: 239.597: Total time for which application threads were stopped: 0.0003122 seconds, Stopping threads took: 0.0000904 seconds
2015-12-06T19:57:53.465+0530: 239.759: Total time for which application threads were stopped: 0.0002231 seconds, Stopping threads took: 0.0000725 seconds
2015-12-06T19:57:53.465+0530: 239.759: Total time for which application threads were stopped: 0.0001133 seconds, Stopping threads took: 0.0000213 seconds
2015-12-06T19:57:53.466+0530: 239.759: Total time for which application threads were stopped: 0.0001017 seconds, Stopping threads took: 0.0000200 seconds
2015-12-06T19:57:53.472+0530: 239.765: Total time for which application threads were stopped: 0.0001708 seconds, Stopping threads took: 0.0000372 seconds
{Heap before GC invocations=24 (full 1):
 par new generation   total 109248K, used 98359K [0x00000000e0000000, 0x00000000e8000000, 0x00000000e8000000)
  eden space 87424K,  97% used [0x00000000e0000000, 0x00000000e52d9510, 0x00000000e5560000)
  from space 21824K,  61% used [0x00000000e5560000, 0x00000000e6294a18, 0x00000000e6ab0000)
  to   space 21824K,   0% used [0x00000000e6ab0000, 0x00000000e6ab0000, 0x00000000e8000000)
 concurrent mark-sweep generation total 393216K, used 20912K [0x00000000e8000000, 0x0000000100000000, 0x0000000100000000)
 Metaspace       used 36569K, capacity 37108K, committed 37500K, reserved 1083392K
  class space    used 4194K, capacity 4383K, committed 4476K, reserved 1048576K
2015-12-06T19:57:53.476+0530: 239.770: [GC (Allocation Failure) 239.770: [ParNew
Desired survivor size 20112992 bytes, new threshold 8 (max 8)
- age   1:    5519904 bytes,    5519904 total
- age   2:     537880 bytes,    6057784 total
- age   3:      80784 bytes,    6138568 total
- age   4:      97584 bytes,    6236152 total
- age   5:     110976 bytes,    6347128 total
- age   6:     214704 bytes,    6561832 total
- age   7:     151064 bytes,    6712896 total
- age   8:      41008 bytes,    6753904 total
: 98359K->8612K(109248K), 0.0175869 secs] 119272K->33956K(502464K), 0.0178716 secs] [Times: user=0.06 sys=0.00, real=0.02 secs] 
Heap after GC invocations=25 (full 1):
 par new generation   total 109248K, used 8612K [0x00000000e0000000, 0x00000000e8000000, 0x00000000e8000000)
  eden space 87424K,   0% used [0x00000000e0000000, 0x00000000e0000000, 0x00000000e5560000)
  from space 21824K,  39% used [0x00000000e6ab0000, 0x00000000e73191c0, 0x00000000e8000000)
  to   space 21824K,   0% used [0x00000000e5560000, 0x00000000e5560000, 0x00000000e6ab0000)
 concurrent mark-sweep generation total 393216K, used 25344K [0x00000000e8000000, 0x0000000100000000, 0x0000000100000000)
 Metaspace       used 36569K, capacity 37108K, committed 37500K, reserved 1083392K
  class space    used 4194K, capacity 4383K, committed 4476K, reserved 1048576K
}
2015-12-06T19:57:53.494+0530: 239.788: Total time for which application threads were stopped: 0.0202212 seconds, Stopping threads took: 0.0020908 seconds
2015-12-06T19:57:53.826+0530: 240.120: Total time for which application threads were stopped: 0.0002375 seconds, Stopping threads took: 0.0000614 seconds
2015-12-06T19:57:54.298+0530: 240.592: Total time for which application threads were stopped: 0.0002296 seconds, Stopping threads took: 0.0000584 seconds
{Heap before GC invocations=25 (full 1):
 par new generation   total 109248K, used 96036K [0x00000000e0000000, 0x00000000e8000000, 0x00000000e8000000)
  eden space 87424K, 100% used [0x00000000e0000000, 0x00000000e5560000, 0x00000000e5560000)
  from space 21824K,  39% used [0x00000000e6ab0000, 0x00000000e73191c0, 0x00000000e8000000)
  to   space 21824K,   0% used [0x00000000e5560000, 0x00000000e5560000, 0x00000000e6ab0000)
 concurrent mark-sweep generation total 393216K, used 25344K [0x00000000e8000000, 0x0000000100000000, 0x0000000100000000)
 Metaspace       used 36672K, capacity 37190K, committed 37500K, reserved 1083392K
  class space    used 4201K, capacity 4386K, committed 4476K, reserved 1048576K
2015-12-06T19:57:54.381+0530: 240.675: [GC (Allocation Failure) 240.675: [ParNew
Desired survivor size 20112992 bytes, new threshold 8 (max 8)
- age   1:    3953296 bytes,    3953296 total
- age   2:    3622552 bytes,    7575848 total
- age   3:     537880 bytes,    8113728 total
- age   4:      80784 bytes,    8194512 total
- age   5:      97584 bytes,    8292096 total
- age   6:     110912 bytes,    8403008 total
- age   7:     214704 bytes,    8617712 total
- age   8:     151064 bytes,    8768776 total
: 96036K->10688K(109248K), 0.0170889 secs] 121380K->36074K(502464K), 0.0173173 secs] [Times: user=0.03 sys=0.00, real=0.01 secs] 
Heap after GC invocations=26 (full 1):
 par new generation   total 109248K, used 10688K [0x00000000e0000000, 0x00000000e8000000, 0x00000000e8000000)
  eden space 87424K,   0% used [0x00000000e0000000, 0x00000000e0000000, 0x00000000e5560000)
  from space 21824K,  48% used [0x00000000e5560000, 0x00000000e5fd00c0, 0x00000000e6ab0000)
  to   space 21824K,   0% used [0x00000000e6ab0000, 0x00000000e6ab0000, 0x00000000e8000000)
 concurrent mark-sweep generation total 393216K, used 25386K [0x00000000e8000000, 0x0000000100000000, 0x0000000100000000)
 Metaspace       used 36672K, capacity 37190K, committed 37500K, reserved 1083392K
  class space    used 4201K, capacity 4386K, committed 4476K, reserved 1048576K
}
2015-12-06T19:57:54.399+0530: 240.693: Total time for which application threads were stopped: 0.0320322 seconds, Stopping threads took: 0.0142423 seconds
{Heap before GC invocations=26 (full 1):
 par new generation   total 109248K, used 98112K [0x00000000e0000000, 0x00000000e8000000, 0x00000000e8000000)
  eden space 87424K, 100% used [0x00000000e0000000, 0x00000000e5560000, 0x00000000e5560000)
  from space 21824K,  48% used [0x00000000e5560000, 0x00000000e5fd00c0, 0x00000000e6ab0000)
  to   space 21824K,   0% used [0x00000000e6ab0000, 0x00000000e6ab0000, 0x00000000e8000000)
 concurrent mark-sweep generation total 393216K, used 25386K [0x00000000e8000000, 0x0000000100000000, 0x0000000100000000)
 Metaspace       used 36672K, capacity 37190K, committed 37500K, reserved 1083392K
  class space    used 4201K, capacity 4386K, committed 4476K, reserved 1048576K
2015-12-06T19:57:54.441+0530: 240.735: [GC (Allocation Failure) 240.736: [ParNew
Desired survivor size 20112992 bytes, new threshold 8 (max 8)
- age   1:     631024 bytes,     631024 total
- age   2:    3480064 bytes,    4111088 total
- age   3:    3622552 bytes,    7733640 total
- age   4:     537880 bytes,    8271520 total
- age   5:      80784 bytes,    8352304 total
- age   6:      97584 bytes,    8449888 total
- age   7:     110912 bytes,    8560800 total
- age   8:     214704 bytes,    8775504 total
: 98112K->13038K(109248K), 0.0334916 secs] 123498K->38575K(502464K), 0.0339127 secs] [Times: user=0.04 sys=0.00, real=0.03 secs] 
Heap after GC invocations=27 (full 1):
 par new generation   total 109248K, used 13038K [0x00000000e0000000, 0x00000000e8000000, 0x00000000e8000000)
  eden space 87424K,   0% used [0x00000000e0000000, 0x00000000e0000000, 0x00000000e5560000)
  from space 21824K,  59% used [0x00000000e6ab0000, 0x00000000e776bac0, 0x00000000e8000000)
  to   space 21824K,   0% used [0x00000000e5560000, 0x00000000e5560000, 0x00000000e6ab0000)
 concurrent mark-sweep generation total 393216K, used 25536K [0x00000000e8000000, 0x0000000100000000, 0x0000000100000000)
 Metaspace       used 36672K, capacity 37190K, committed 37500K, reserved 1083392K
  class space    used 4201K, capacity 4386K, committed 4476K, reserved 1048576K
}
2015-12-06T19:57:54.476+0530: 240.769: Total time for which application threads were stopped: 0.0379194 seconds, Stopping threads took: 0.0034945 seconds
{Heap before GC invocations=27 (full 1):
 par new generation   total 109248K, used 100462K [0x00000000e0000000, 0x00000000e8000000, 0x00000000e8000000)
  eden space 87424K, 100% used [0x00000000e0000000, 0x00000000e5560000, 0x00000000e5560000)
  from space 21824K,  59% used [0x00000000e6ab0000, 0x00000000e776bac0, 0x00000000e8000000)
  to   space 21824K,   0% used [0x00000000e5560000, 0x00000000e5560000, 0x00000000e6ab0000)
 concurrent mark-sweep generation total 393216K, used 25536K [0x00000000e8000000, 0x0000000100000000, 0x0000000100000000)
 Metaspace       used 36672K, capacity 37190K, committed 37500K, reserved 1083392K
  class space    used 4201K, capacity 4386K, committed 4476K, reserved 1048576K
2015-12-06T19:57:54.521+0530: 240.815: [GC (Allocation Failure) 240.815: [ParNew
Desired survivor size 20112992 bytes, new threshold 8 (max 8)
- age   1:     865984 bytes,     865984 total
- age   2:     240056 bytes,    1106040 total
- age   3:    3480064 bytes,    4586104 total
- age   4:    3622552 bytes,    8208656 total
- age   5:     537880 bytes,    8746536 total
- age   6:      80784 bytes,    8827320 total
- age   7:      97584 bytes,    8924904 total
- age   8:     110912 bytes,    9035816 total
: 100462K->11076K(109248K), 0.0825402 secs] 125999K->36825K(502464K), 0.0828453 secs] [Times: user=0.13 sys=0.01, real=0.08 secs] 
Heap after GC invocations=28 (full 1):
 par new generation   total 109248K, used 11076K [0x00000000e0000000, 0x00000000e8000000, 0x00000000e8000000)
  eden space 87424K,   0% used [0x00000000e0000000, 0x00000000e0000000, 0x00000000e5560000)
  from space 21824K,  50% used [0x00000000e5560000, 0x00000000e60312d8, 0x00000000e6ab0000)
  to   space 21824K,   0% used [0x00000000e6ab0000, 0x00000000e6ab0000, 0x00000000e8000000)
 concurrent mark-sweep generation total 393216K, used 25748K [0x00000000e8000000, 0x0000000100000000, 0x0000000100000000)
 Metaspace       used 36672K, capacity 37190K, committed 37500K, reserved 1083392K
  class space    used 4201K, capacity 4386K, committed 4476K, reserved 1048576K
}
2015-12-06T19:57:54.604+0530: 240.898: Total time for which application threads were stopped: 0.0903187 seconds, Stopping threads took: 0.0070683 seconds
2015-12-06T19:57:54.630+0530: 240.923: Total time for which application threads were stopped: 0.0043758 seconds, Stopping threads took: 0.0042043 seconds
2015-12-06T19:57:54.630+0530: 240.924: Total time for which application threads were stopped: 0.0001182 seconds, Stopping threads took: 0.0000224 seconds
2015-12-06T19:57:54.643+0530: 240.936: Total time for which application threads were stopped: 0.0012149 seconds, Stopping threads took: 0.0010558 seconds
2015-12-06T19:57:54.649+0530: 240.943: Total time for which application threads were stopped: 0.0013979 seconds, Stopping threads took: 0.0011720 seconds
{Heap before GC invocations=28 (full 1):
 par new generation   total 109248K, used 98500K [0x00000000e0000000, 0x00000000e8000000, 0x00000000e8000000)
  eden space 87424K, 100% used [0x00000000e0000000, 0x00000000e5560000, 0x00000000e5560000)
  from space 21824K,  50% used [0x00000000e5560000, 0x00000000e60312d8, 0x00000000e6ab0000)
  to   space 21824K,   0% used [0x00000000e6ab0000, 0x00000000e6ab0000, 0x00000000e8000000)
 concurrent mark-sweep generation total 393216K, used 25748K [0x00000000e8000000, 0x0000000100000000, 0x0000000100000000)
 Metaspace       used 36750K, capacity 37254K, committed 37500K, reserved 1083392K
  class space    used 4212K, capacity 4386K, committed 4476K, reserved 1048576K
2015-12-06T19:57:54.666+0530: 240.959: [GC (Allocation Failure) 240.960: [ParNew
Desired survivor size 20112992 bytes, new threshold 8 (max 8)
- age   1:    1468976 bytes,    1468976 total
- age   2:      59008 bytes,    1527984 total
- age   3:     239904 bytes,    1767888 total
- age   4:    3479816 bytes,    5247704 total
- age   5:    3622504 bytes,    8870208 total
- age   6:     537880 bytes,    9408088 total
- age   7:      80784 bytes,    9488872 total
- age   8:      97584 bytes,    9586456 total
: 98500K->14067K(109248K), 0.0312636 secs] 124249K->39927K(502464K), 0.0317956 secs] [Times: user=0.06 sys=0.00, real=0.03 secs] 
Heap after GC invocations=29 (full 1):
 par new generation   total 109248K, used 14067K [0x00000000e0000000, 0x00000000e8000000, 0x00000000e8000000)
  eden space 87424K,   0% used [0x00000000e0000000, 0x00000000e0000000, 0x00000000e5560000)
  from space 21824K,  64% used [0x00000000e6ab0000, 0x00000000e786cf80, 0x00000000e8000000)
  to   space 21824K,   0% used [0x00000000e5560000, 0x00000000e5560000, 0x00000000e6ab0000)
 concurrent mark-sweep generation total 393216K, used 25859K [0x00000000e8000000, 0x0000000100000000, 0x0000000100000000)
 Metaspace       used 36750K, capacity 37254K, committed 37500K, reserved 1083392K
  class space    used 4212K, capacity 4386K, committed 4476K, reserved 1048576K
}
2015-12-06T19:57:54.698+0530: 240.991: Total time for which application threads were stopped: 0.0365547 seconds, Stopping threads took: 0.0042610 seconds
2015-12-06T19:57:54.733+0530: 241.027: Total time for which application threads were stopped: 0.0041990 seconds, Stopping threads took: 0.0039812 seconds
{Heap before GC invocations=29 (full 1):
 par new generation   total 109248K, used 101491K [0x00000000e0000000, 0x00000000e8000000, 0x00000000e8000000)
  eden space 87424K, 100% used [0x00000000e0000000, 0x00000000e5560000, 0x00000000e5560000)
  from space 21824K,  64% used [0x00000000e6ab0000, 0x00000000e786cf80, 0x00000000e8000000)
  to   space 21824K,   0% used [0x00000000e5560000, 0x00000000e5560000, 0x00000000e6ab0000)
 concurrent mark-sweep generation total 393216K, used 25859K [0x00000000e8000000, 0x0000000100000000, 0x0000000100000000)
 Metaspace       used 36806K, capacity 37254K, committed 37500K, reserved 1083392K
  class space    used 4222K, capacity 4386K, committed 4476K, reserved 1048576K
2015-12-06T19:57:54.793+0530: 241.087: [GC (Allocation Failure) 241.088: [ParNew
Desired survivor size 20112992 bytes, new threshold 8 (max 8)
- age   1:    1078592 bytes,    1078592 total
- age   2:     128408 bytes,    1207000 total
- age   3:      58520 bytes,    1265520 total
- age   4:     239632 bytes,    1505152 total
- age   5:    3479752 bytes,    4984904 total
- age   6:    3622504 bytes,    8607408 total
- age   7:     537880 bytes,    9145288 total
- age   8:      80784 bytes,    9226072 total
: 101491K->11241K(109248K), 0.0400181 secs] 127351K->37198K(502464K), 0.0404504 secs] [Times: user=0.07 sys=0.00, real=0.04 secs] 
Heap after GC invocations=30 (full 1):
 par new generation   total 109248K, used 11241K [0x00000000e0000000, 0x00000000e8000000, 0x00000000e8000000)
  eden space 87424K,   0% used [0x00000000e0000000, 0x00000000e0000000, 0x00000000e5560000)
  from space 21824K,  51% used [0x00000000e5560000, 0x00000000e605a4c0, 0x00000000e6ab0000)
  to   space 21824K,   0% used [0x00000000e6ab0000, 0x00000000e6ab0000, 0x00000000e8000000)
 concurrent mark-sweep generation total 393216K, used 25956K [0x00000000e8000000, 0x0000000100000000, 0x0000000100000000)
 Metaspace       used 36806K, capacity 37254K, committed 37500K, reserved 1083392K
  class space    used 4222K, capacity 4386K, committed 4476K, reserved 1048576K
}
2015-12-06T19:57:54.834+0530: 241.128: Total time for which application threads were stopped: 0.0610385 seconds, Stopping threads took: 0.0200903 seconds
{Heap before GC invocations=30 (full 1):
 par new generation   total 109248K, used 98665K [0x00000000e0000000, 0x00000000e8000000, 0x00000000e8000000)
  eden space 87424K, 100% used [0x00000000e0000000, 0x00000000e5560000, 0x00000000e5560000)
  from space 21824K,  51% used [0x00000000e5560000, 0x00000000e605a4c0, 0x00000000e6ab0000)
  to   space 21824K,   0% used [0x00000000e6ab0000, 0x00000000e6ab0000, 0x00000000e8000000)
 concurrent mark-sweep generation total 393216K, used 25956K [0x00000000e8000000, 0x0000000100000000, 0x0000000100000000)
 Metaspace       used 36890K, capacity 37414K, committed 37756K, reserved 1083392K
  class space    used 4230K, capacity 4418K, committed 4476K, reserved 1048576K
2015-12-06T19:57:54.955+0530: 241.249: [GC (Allocation Failure) 241.249: [ParNew
Desired survivor size 20112992 bytes, new threshold 8 (max 8)
- age   1:    1229576 bytes,    1229576 total
- age   2:     118656 bytes,    1348232 total
- age   3:     127336 bytes,    1475568 total
- age   4:      57976 bytes,    1533544 total
- age   5:     239360 bytes,    1772904 total
- age   6:    3479640 bytes,    5252544 total
- age   7:    3655144 bytes,    8907688 total
- age   8:     537880 bytes,    9445568 total
: 98665K->13208K(109248K), 0.0765877 secs] 124622K->39246K(502464K), 0.0768915 secs] [Times: user=0.10 sys=0.00, real=0.07 secs] 
Heap after GC invocations=31 (full 1):
 par new generation   total 109248K, used 13208K [0x00000000e0000000, 0x00000000e8000000, 0x00000000e8000000)
  eden space 87424K,   0% used [0x00000000e0000000, 0x00000000e0000000, 0x00000000e5560000)
  from space 21824K,  60% used [0x00000000e6ab0000, 0x00000000e7796048, 0x00000000e8000000)
  to   space 21824K,   0% used [0x00000000e5560000, 0x00000000e5560000, 0x00000000e6ab0000)
 concurrent mark-sweep generation total 393216K, used 26037K [0x00000000e8000000, 0x0000000100000000, 0x0000000100000000)
 Metaspace       used 36890K, capacity 37414K, committed 37756K, reserved 1083392K
  class space    used 4230K, capacity 4418K, committed 4476K, reserved 1048576K
}
2015-12-06T19:57:55.032+0530: 241.326: Total time for which application threads were stopped: 0.0938187 seconds, Stopping threads took: 0.0165774 seconds
2015-12-06T19:57:55.137+0530: 241.431: Total time for which application threads were stopped: 0.0063913 seconds, Stopping threads took: 0.0061148 seconds
{Heap before GC invocations=31 (full 1):
 par new generation   total 109248K, used 100632K [0x00000000e0000000, 0x00000000e8000000, 0x00000000e8000000)
  eden space 87424K, 100% used [0x00000000e0000000, 0x00000000e5560000, 0x00000000e5560000)
  from space 21824K,  60% used [0x00000000e6ab0000, 0x00000000e7796048, 0x00000000e8000000)
  to   space 21824K,   0% used [0x00000000e5560000, 0x00000000e5560000, 0x00000000e6ab0000)
 concurrent mark-sweep generation total 393216K, used 26037K [0x00000000e8000000, 0x0000000100000000, 0x0000000100000000)
 Metaspace       used 36964K, capacity 37478K, committed 37756K, reserved 1083392K
  class space    used 4236K, capacity 4418K, committed 4476K, reserved 1048576K
2015-12-06T19:57:55.147+0530: 241.441: [GC (Allocation Failure) 241.442: [ParNew
Desired survivor size 20112992 bytes, new threshold 8 (max 8)
- age   1:     832216 bytes,     832216 total
- age   2:     102216 bytes,     934432 total
- age   3:     117448 bytes,    1051880 total
- age   4:     124704 bytes,    1176584 total
- age   5:      57976 bytes,    1234560 total
- age   6:     239360 bytes,    1473920 total
- age   7:    3479584 bytes,    4953504 total
- age   8:    3622328 bytes,    8575832 total
: 100632K->12704K(109248K), 0.0468397 secs] 126670K->39271K(502464K), 0.0472877 secs] [Times: user=0.09 sys=0.00, real=0.05 secs] 
Heap after GC invocations=32 (full 1):
 par new generation   total 109248K, used 12704K [0x00000000e0000000, 0x00000000e8000000, 0x00000000e8000000)
  eden space 87424K,   0% used [0x00000000e0000000, 0x00000000e0000000, 0x00000000e5560000)
  from space 21824K,  58% used [0x00000000e5560000, 0x00000000e61c8130, 0x00000000e6ab0000)
  to   space 21824K,   0% used [0x00000000e6ab0000, 0x00000000e6ab0000, 0x00000000e8000000)
 concurrent mark-sweep generation total 393216K, used 26567K [0x00000000e8000000, 0x0000000100000000, 0x0000000100000000)
 Metaspace       used 36964K, capacity 37478K, committed 37756K, reserved 1083392K
  class space    used 4236K, capacity 4418K, committed 4476K, reserved 1048576K
}
2015-12-06T19:57:55.195+0530: 241.489: Total time for which application threads were stopped: 0.0479656 seconds, Stopping threads took: 0.0000649 seconds
2015-12-06T19:57:55.200+0530: 241.494: Total time for which application threads were stopped: 0.0012420 seconds, Stopping threads took: 0.0002347 seconds
2015-12-06T19:57:55.286+0530: 241.580: Total time for which application threads were stopped: 0.0084474 seconds, Stopping threads took: 0.0074184 seconds
{Heap before GC invocations=32 (full 1):
 par new generation   total 109248K, used 100128K [0x00000000e0000000, 0x00000000e8000000, 0x00000000e8000000)
  eden space 87424K, 100% used [0x00000000e0000000, 0x00000000e5560000, 0x00000000e5560000)
  from space 21824K,  58% used [0x00000000e5560000, 0x00000000e61c8130, 0x00000000e6ab0000)
  to   space 21824K,   0% used [0x00000000e6ab0000, 0x00000000e6ab0000, 0x00000000e8000000)
 concurrent mark-sweep generation total 393216K, used 26567K [0x00000000e8000000, 0x0000000100000000, 0x0000000100000000)
 Metaspace       used 37165K, capacity 37676K, committed 38012K, reserved 1083392K
  class space    used 4255K, capacity 4419K, committed 4476K, reserved 1048576K
2015-12-06T19:57:55.341+0530: 241.635: [GC (Allocation Failure) 241.635: [ParNew
Desired survivor size 20112992 bytes, new threshold 8 (max 8)
- age   1:    1285248 bytes,    1285248 total
- age   2:      93920 bytes,    1379168 total
- age   3:     100992 bytes,    1480160 total
- age   4:     116632 bytes,    1596792 total
- age   5:     123136 bytes,    1719928 total
- age   6:      56848 bytes,    1776776 total
- age   7:     238152 bytes,    2014928 total
- age   8:    3478896 bytes,    5493824 total
: 100128K->7315K(109248K), 0.0261788 secs] 126695K->37424K(502464K), 0.0264654 secs] [Times: user=0.08 sys=0.00, real=0.03 secs] 
Heap after GC invocations=33 (full 1):
 par new generation   total 109248K, used 7315K [0x00000000e0000000, 0x00000000e8000000, 0x00000000e8000000)
  eden space 87424K,   0% used [0x00000000e0000000, 0x00000000e0000000, 0x00000000e5560000)
  from space 21824K,  33% used [0x00000000e6ab0000, 0x00000000e71d4ef0, 0x00000000e8000000)
  to   space 21824K,   0% used [0x00000000e5560000, 0x00000000e5560000, 0x00000000e6ab0000)
 concurrent mark-sweep generation total 393216K, used 30109K [0x00000000e8000000, 0x0000000100000000, 0x0000000100000000)
 Metaspace       used 37165K, capacity 37676K, committed 38012K, reserved 1083392K
  class space    used 4255K, capacity 4419K, committed 4476K, reserved 1048576K
}
2015-12-06T19:57:55.367+0530: 241.661: Total time for which application threads were stopped: 0.0295764 seconds, Stopping threads took: 0.0027626 seconds
2015-12-06T19:57:55.811+0530: 242.105: Total time for which application threads were stopped: 0.0002909 seconds, Stopping threads took: 0.0000648 seconds
2015-12-06T19:57:55.894+0530: 242.188: Total time for which application threads were stopped: 0.0003011 seconds, Stopping threads took: 0.0001061 seconds
2015-12-06T19:57:55.968+0530: 242.262: Total time for which application threads were stopped: 0.0002625 seconds, Stopping threads took: 0.0000669 seconds
2015-12-06T19:57:55.970+0530: 242.264: Total time for which application threads were stopped: 0.0002702 seconds, Stopping threads took: 0.0000892 seconds
2015-12-06T19:57:55.985+0530: 242.279: Total time for which application threads were stopped: 0.0002349 seconds, Stopping threads took: 0.0000408 seconds
2015-12-06T19:57:55.986+0530: 242.280: Total time for which application threads were stopped: 0.0002409 seconds, Stopping threads took: 0.0000666 seconds
2015-12-06T19:57:56.005+0530: 242.299: Total time for which application threads were stopped: 0.0004308 seconds, Stopping threads took: 0.0002825 seconds
2015-12-06T19:57:56.005+0530: 242.299: Total time for which application threads were stopped: 0.0001047 seconds, Stopping threads took: 0.0000205 seconds
2015-12-06T19:57:56.007+0530: 242.301: Total time for which application threads were stopped: 0.0001952 seconds, Stopping threads took: 0.0000386 seconds
2015-12-06T19:57:56.009+0530: 242.303: Total time for which application threads were stopped: 0.0002515 seconds, Stopping threads took: 0.0000392 seconds
2015-12-06T19:57:56.014+0530: 242.308: Total time for which application threads were stopped: 0.0002268 seconds, Stopping threads took: 0.0000494 seconds
2015-12-06T19:57:56.020+0530: 242.314: Total time for which application threads were stopped: 0.0003685 seconds, Stopping threads took: 0.0001572 seconds
2015-12-06T19:57:56.036+0530: 242.330: Total time for which application threads were stopped: 0.0005201 seconds, Stopping threads took: 0.0000703 seconds
2015-12-06T19:57:56.038+0530: 242.332: Total time for which application threads were stopped: 0.0003131 seconds, Stopping threads took: 0.0000903 seconds
2015-12-06T19:57:56.133+0530: 242.427: Total time for which application threads were stopped: 0.0024027 seconds, Stopping threads took: 0.0021081 seconds
2015-12-06T19:57:56.383+0530: 242.677: Total time for which application threads were stopped: 0.0003343 seconds, Stopping threads took: 0.0000797 seconds
2015-12-06T19:57:56.386+0530: 242.680: Total time for which application threads were stopped: 0.0002051 seconds, Stopping threads took: 0.0000407 seconds
2015-12-06T19:57:56.403+0530: 242.697: Total time for which application threads were stopped: 0.0008633 seconds, Stopping threads took: 0.0005219 seconds
2015-12-06T19:57:56.405+0530: 242.699: Total time for which application threads were stopped: 0.0003254 seconds, Stopping threads took: 0.0000717 seconds
2015-12-06T19:57:56.426+0530: 242.720: Total time for which application threads were stopped: 0.0008187 seconds, Stopping threads took: 0.0001870 seconds
2015-12-06T19:57:56.543+0530: 242.837: Total time for which application threads were stopped: 0.0002291 seconds, Stopping threads took: 0.0000382 seconds
2015-12-06T19:57:56.591+0530: 242.885: Total time for which application threads were stopped: 0.0002759 seconds, Stopping threads took: 0.0000465 seconds
2015-12-06T19:57:56.592+0530: 242.886: Total time for which application threads were stopped: 0.0002083 seconds, Stopping threads took: 0.0000386 seconds
2015-12-06T19:57:56.639+0530: 242.933: Total time for which application threads were stopped: 0.0001774 seconds, Stopping threads took: 0.0000393 seconds
2015-12-06T19:57:56.641+0530: 242.935: Total time for which application threads were stopped: 0.0002777 seconds, Stopping threads took: 0.0000815 seconds
2015-12-06T19:57:56.711+0530: 243.005: Total time for which application threads were stopped: 0.0002561 seconds, Stopping threads took: 0.0000583 seconds
2015-12-06T19:57:56.762+0530: 243.056: Total time for which application threads were stopped: 0.0002374 seconds, Stopping threads took: 0.0000413 seconds
2015-12-06T19:57:56.835+0530: 243.129: Total time for which application threads were stopped: 0.0003140 seconds, Stopping threads took: 0.0000801 seconds
2015-12-06T19:57:56.835+0530: 243.129: Total time for which application threads were stopped: 0.0001900 seconds, Stopping threads took: 0.0000394 seconds
2015-12-06T19:57:56.861+0530: 243.155: Total time for which application threads were stopped: 0.0002840 seconds, Stopping threads took: 0.0000413 seconds
2015-12-06T19:57:56.863+0530: 243.157: Total time for which application threads were stopped: 0.0002348 seconds, Stopping threads took: 0.0000400 seconds
2015-12-06T19:57:56.954+0530: 243.247: Total time for which application threads were stopped: 0.0002649 seconds, Stopping threads took: 0.0000610 seconds
2015-12-06T19:57:57.211+0530: 243.505: Total time for which application threads were stopped: 0.0005277 seconds, Stopping threads took: 0.0000922 seconds
2015-12-06T19:57:57.223+0530: 243.517: Total time for which application threads were stopped: 0.0001816 seconds, Stopping threads took: 0.0000332 seconds
2015-12-06T19:57:57.258+0530: 243.552: Total time for which application threads were stopped: 0.0002085 seconds, Stopping threads took: 0.0000340 seconds
2015-12-06T19:57:57.326+0530: 243.620: Total time for which application threads were stopped: 0.0002222 seconds, Stopping threads took: 0.0000440 seconds
{Heap before GC invocations=33 (full 1):
 par new generation   total 109248K, used 94739K [0x00000000e0000000, 0x00000000e8000000, 0x00000000e8000000)
  eden space 87424K, 100% used [0x00000000e0000000, 0x00000000e5560000, 0x00000000e5560000)
  from space 21824K,  33% used [0x00000000e6ab0000, 0x00000000e71d4ef0, 0x00000000e8000000)
  to   space 21824K,   0% used [0x00000000e5560000, 0x00000000e5560000, 0x00000000e6ab0000)
 concurrent mark-sweep generation total 393216K, used 30109K [0x00000000e8000000, 0x0000000100000000, 0x0000000100000000)
 Metaspace       used 37509K, capacity 38090K, committed 38268K, reserved 1083392K
  class space    used 4259K, capacity 4424K, committed 4476K, reserved 1048576K
2015-12-06T19:57:57.349+0530: 243.642: [GC (Allocation Failure) 243.643: [ParNew
Desired survivor size 20112992 bytes, new threshold 8 (max 8)
- age   1:    3226832 bytes,    3226832 total
- age   2:     710048 bytes,    3936880 total
- age   3:      92816 bytes,    4029696 total
- age   4:     100272 bytes,    4129968 total
- age   5:     115960 bytes,    4245928 total
- age   6:     122848 bytes,    4368776 total
- age   7:      56584 bytes,    4425360 total
- age   8:      42376 bytes,    4467736 total
: 94739K->6355K(109248K), 0.0425635 secs] 124848K->37298K(502464K), 0.0430210 secs] [Times: user=0.10 sys=0.00, real=0.04 secs] 
Heap after GC invocations=34 (full 1):
 par new generation   total 109248K, used 6355K [0x00000000e0000000, 0x00000000e8000000, 0x00000000e8000000)
  eden space 87424K,   0% used [0x00000000e0000000, 0x00000000e0000000, 0x00000000e5560000)
  from space 21824K,  29% used [0x00000000e5560000, 0x00000000e5b94f08, 0x00000000e6ab0000)
  to   space 21824K,   0% used [0x00000000e6ab0000, 0x00000000e6ab0000, 0x00000000e8000000)
 concurrent mark-sweep generation total 393216K, used 30942K [0x00000000e8000000, 0x0000000100000000, 0x0000000100000000)
 Metaspace       used 37509K, capacity 38090K, committed 38268K, reserved 1083392K
  class space    used 4259K, capacity 4424K, committed 4476K, reserved 1048576K
}
2015-12-06T19:57:57.392+0530: 243.686: Total time for which application threads were stopped: 0.0434945 seconds, Stopping threads took: 0.0000425 seconds
2015-12-06T19:57:57.407+0530: 243.701: Total time for which application threads were stopped: 0.0002822 seconds, Stopping threads took: 0.0000484 seconds
2015-12-06T19:57:57.443+0530: 243.737: Total time for which application threads were stopped: 0.0002529 seconds, Stopping threads took: 0.0000456 seconds
2015-12-06T19:57:57.446+0530: 243.740: Total time for which application threads were stopped: 0.0005479 seconds, Stopping threads took: 0.0000573 seconds
2015-12-06T19:57:58.350+0530: 244.644: Total time for which application threads were stopped: 0.0007800 seconds, Stopping threads took: 0.0000950 seconds
2015-12-06T19:57:58.522+0530: 244.816: Total time for which application threads were stopped: 0.0002392 seconds, Stopping threads took: 0.0000481 seconds
2015-12-06T19:57:58.975+0530: 245.269: Total time for which application threads were stopped: 0.0001955 seconds, Stopping threads took: 0.0000524 seconds
2015-12-06T19:57:58.977+0530: 245.271: Total time for which application threads were stopped: 0.0001885 seconds, Stopping threads took: 0.0000423 seconds
2015-12-06T19:57:58.978+0530: 245.271: Total time for which application threads were stopped: 0.0003238 seconds, Stopping threads took: 0.0000424 seconds
2015-12-06T19:57:59.140+0530: 245.434: Total time for which application threads were stopped: 0.0002365 seconds, Stopping threads took: 0.0000412 seconds
2015-12-06T19:57:59.145+0530: 245.439: Total time for which application threads were stopped: 0.0006512 seconds, Stopping threads took: 0.0004753 seconds
{Heap before GC invocations=34 (full 1):
 par new generation   total 109248K, used 93779K [0x00000000e0000000, 0x00000000e8000000, 0x00000000e8000000)
  eden space 87424K, 100% used [0x00000000e0000000, 0x00000000e5560000, 0x00000000e5560000)
  from space 21824K,  29% used [0x00000000e5560000, 0x00000000e5b94f08, 0x00000000e6ab0000)
  to   space 21824K,   0% used [0x00000000e6ab0000, 0x00000000e6ab0000, 0x00000000e8000000)
 concurrent mark-sweep generation total 393216K, used 30942K [0x00000000e8000000, 0x0000000100000000, 0x0000000100000000)
 Metaspace       used 37964K, capacity 38506K, committed 38688K, reserved 1083392K
  class space    used 4268K, capacity 4456K, committed 4476K, reserved 1048576K
2015-12-06T19:57:59.448+0530: 245.742: [GC (Allocation Failure) 245.742: [ParNew
Desired survivor size 20112992 bytes, new threshold 8 (max 8)
- age   1:    1407832 bytes,    1407832 total
- age   2:    2266840 bytes,    3674672 total
- age   3:     693512 bytes,    4368184 total
- age   4:      92376 bytes,    4460560 total
- age   5:     100272 bytes,    4560832 total
- age   6:     115960 bytes,    4676792 total
- age   7:     122088 bytes,    4798880 total
- age   8:      56584 bytes,    4855464 total
: 93779K->5855K(109248K), 0.0323112 secs] 124722K->36842K(502464K), 0.0327050 secs] [Times: user=0.07 sys=0.01, real=0.03 secs] 
Heap after GC invocations=35 (full 1):
 par new generation   total 109248K, used 5855K [0x00000000e0000000, 0x00000000e8000000, 0x00000000e8000000)
  eden space 87424K,   0% used [0x00000000e0000000, 0x00000000e0000000, 0x00000000e5560000)
  from space 21824K,  26% used [0x00000000e6ab0000, 0x00000000e7067f70, 0x00000000e8000000)
  to   space 21824K,   0% used [0x00000000e5560000, 0x00000000e5560000, 0x00000000e6ab0000)
 concurrent mark-sweep generation total 393216K, used 30986K [0x00000000e8000000, 0x0000000100000000, 0x0000000100000000)
 Metaspace       used 37964K, capacity 38506K, committed 38688K, reserved 1083392K
  class space    used 4268K, capacity 4456K, committed 4476K, reserved 1048576K
}
2015-12-06T19:57:59.481+0530: 245.775: Total time for which application threads were stopped: 0.0332712 seconds, Stopping threads took: 0.0000844 seconds
2015-12-06T19:57:59.836+0530: 246.130: Total time for which application threads were stopped: 0.0001945 seconds, Stopping threads took: 0.0000385 seconds
2015-12-06T19:58:00.836+0530: 247.130: Total time for which application threads were stopped: 0.0002085 seconds, Stopping threads took: 0.0000339 seconds
2015-12-06T19:58:01.480+0530: 247.774: [GC (CMS Initial Mark) [1 CMS-initial-mark: 30986K(393216K)] 114813K(502464K), 0.0204920 secs] [Times: user=0.08 sys=0.00, real=0.02 secs] 
2015-12-06T19:58:01.501+0530: 247.795: Total time for which application threads were stopped: 0.0209042 seconds, Stopping threads took: 0.0000411 seconds
2015-12-06T19:58:01.501+0530: 247.795: [CMS-concurrent-mark-start]
2015-12-06T19:58:01.536+0530: 247.830: [CMS-concurrent-mark: 0.035/0.035 secs] [Times: user=0.13 sys=0.00, real=0.03 secs] 
2015-12-06T19:58:01.536+0530: 247.830: [CMS-concurrent-preclean-start]
2015-12-06T19:58:01.538+0530: 247.832: [CMS-concurrent-preclean: 0.002/0.002 secs] [Times: user=0.00 sys=0.00, real=0.00 secs] 
2015-12-06T19:58:01.538+0530: 247.832: [CMS-concurrent-abortable-preclean-start]
2015-12-06T19:58:01.566+0530: 247.859: Total time for which application threads were stopped: 0.0001763 seconds, Stopping threads took: 0.0000404 seconds
{Heap before GC invocations=35 (full 2):
 par new generation   total 109248K, used 93279K [0x00000000e0000000, 0x00000000e8000000, 0x00000000e8000000)
  eden space 87424K, 100% used [0x00000000e0000000, 0x00000000e5560000, 0x00000000e5560000)
  from space 21824K,  26% used [0x00000000e6ab0000, 0x00000000e7067f70, 0x00000000e8000000)
  to   space 21824K,   0% used [0x00000000e5560000, 0x00000000e5560000, 0x00000000e6ab0000)
 concurrent mark-sweep generation total 393216K, used 30986K [0x00000000e8000000, 0x0000000100000000, 0x0000000100000000)
 Metaspace       used 38313K, capacity 38890K, committed 39020K, reserved 1083392K
  class space    used 4268K, capacity 4456K, committed 4476K, reserved 1048576K
2015-12-06T19:58:01.755+0530: 248.049: [GC (Allocation Failure) 248.049: [ParNew
Desired survivor size 20112992 bytes, new threshold 8 (max 8)
- age   1:     880712 bytes,     880712 total
- age   2:     939952 bytes,    1820664 total
- age   3:    2261456 bytes,    4082120 total
- age   4:     692728 bytes,    4774848 total
- age   5:      92344 bytes,    4867192 total
- age   6:     100272 bytes,    4967464 total
- age   7:     115960 bytes,    5083424 total
- age   8:     122088 bytes,    5205512 total
: 93279K->7248K(109248K), 0.0182585 secs] 124266K->38291K(502464K), 0.0185813 secs] [Times: user=0.04 sys=0.00, real=0.02 secs] 
Heap after GC invocations=36 (full 2):
 par new generation   total 109248K, used 7248K [0x00000000e0000000, 0x00000000e8000000, 0x00000000e8000000)
  eden space 87424K,   0% used [0x00000000e0000000, 0x00000000e0000000, 0x00000000e5560000)
  from space 21824K,  33% used [0x00000000e5560000, 0x00000000e5c74120, 0x00000000e6ab0000)
  to   space 21824K,   0% used [0x00000000e6ab0000, 0x00000000e6ab0000, 0x00000000e8000000)
 concurrent mark-sweep generation total 393216K, used 31043K [0x00000000e8000000, 0x0000000100000000, 0x0000000100000000)
 Metaspace       used 38313K, capacity 38890K, committed 39020K, reserved 1083392K
  class space    used 4268K, capacity 4456K, committed 4476K, reserved 1048576K
}
2015-12-06T19:58:01.774+0530: 248.068: Total time for which application threads were stopped: 0.0190105 seconds, Stopping threads took: 0.0000367 seconds
2015-12-06T19:58:01.831+0530: 248.125: Total time for which application threads were stopped: 0.0002308 seconds, Stopping threads took: 0.0000558 seconds
2015-12-06T19:58:02.122+0530: 248.416: Total time for which application threads were stopped: 0.0005232 seconds, Stopping threads took: 0.0001155 seconds
2015-12-06T19:58:02.133+0530: 248.427: Total time for which application threads were stopped: 0.0002280 seconds, Stopping threads took: 0.0000463 seconds
2015-12-06T19:58:02.133+0530: 248.427: Total time for which application threads were stopped: 0.0001065 seconds, Stopping threads took: 0.0000129 seconds
2015-12-06T19:58:02.253+0530: 248.547: Total time for which application threads were stopped: 0.0003064 seconds, Stopping threads took: 0.0000624 seconds
2015-12-06T19:58:02.259+0530: 248.553: Total time for which application threads were stopped: 0.0002673 seconds, Stopping threads took: 0.0000863 seconds
2015-12-06T19:58:02.911+0530: 249.205: [CMS-concurrent-abortable-preclean: 0.734/1.373 secs] [Times: user=2.39 sys=0.05, real=1.37 secs] 
2015-12-06T19:58:02.917+0530: 249.210: [GC (CMS Final Remark) [YG occupancy: 53545 K (109248 K)]{Heap before GC invocations=36 (full 2):
 par new generation   total 109248K, used 53545K [0x00000000e0000000, 0x00000000e8000000, 0x00000000e8000000)
  eden space 87424K,  52% used [0x00000000e0000000, 0x00000000e2d36540, 0x00000000e5560000)
  from space 21824K,  33% used [0x00000000e5560000, 0x00000000e5c74120, 0x00000000e6ab0000)
  to   space 21824K,   0% used [0x00000000e6ab0000, 0x00000000e6ab0000, 0x00000000e8000000)
 concurrent mark-sweep generation total 393216K, used 31043K [0x00000000e8000000, 0x0000000100000000, 0x0000000100000000)
 Metaspace       used 38425K, capacity 39026K, committed 39276K, reserved 1083392K
  class space    used 4268K, capacity 4456K, committed 4476K, reserved 1048576K
2015-12-06T19:58:02.917+0530: 249.211: [GC (CMS Final Remark) 249.211: [ParNew
Desired survivor size 20112992 bytes, new threshold 8 (max 8)
- age   1:    1285664 bytes,    1285664 total
- age   2:      72768 bytes,    1358432 total
- age   3:     401776 bytes,    1760208 total
- age   4:    2260344 bytes,    4020552 total
- age   5:     692616 bytes,    4713168 total
- age   6:      92312 bytes,    4805480 total
- age   7:     100176 bytes,    4905656 total
- age   8:     115960 bytes,    5021616 total
: 53545K->6619K(109248K), 0.0096186 secs] 84589K->37784K(502464K), 0.0097865 secs] [Times: user=0.03 sys=0.00, real=0.01 secs] 
Heap after GC invocations=37 (full 2):
 par new generation   total 109248K, used 6619K [0x00000000e0000000, 0x00000000e8000000, 0x00000000e8000000)
  eden space 87424K,   0% used [0x00000000e0000000, 0x00000000e0000000, 0x00000000e5560000)
  from space 21824K,  30% used [0x00000000e6ab0000, 0x00000000e7126c08, 0x00000000e8000000)
  to   space 21824K,   0% used [0x00000000e5560000, 0x00000000e5560000, 0x00000000e6ab0000)
 concurrent mark-sweep generation total 393216K, used 31165K [0x00000000e8000000, 0x0000000100000000, 0x0000000100000000)
 Metaspace       used 38425K, capacity 39026K, committed 39276K, reserved 1083392K
  class space    used 4268K, capacity 4456K, committed 4476K, reserved 1048576K
}
249.220: [Rescan (parallel) , 0.0045228 secs]249.225: [weak refs processing, 0.0010189 secs]249.226: [class unloading, 0.0135544 secs]249.240: [scrub symbol table, 0.0052642 secs]249.245: [scrub string table, 0.0008469 secs][1 CMS-remark: 31165K(393216K)] 37784K(502464K), 0.0377634 secs] [Times: user=0.06 sys=0.00, real=0.04 secs] 
2015-12-06T19:58:02.955+0530: 249.248: Total time for which application threads were stopped: 0.0381261 seconds, Stopping threads took: 0.0000377 seconds
2015-12-06T19:58:02.955+0530: 249.248: [CMS-concurrent-sweep-start]
2015-12-06T19:58:02.972+0530: 249.266: [CMS-concurrent-sweep: 0.018/0.018 secs] [Times: user=0.04 sys=0.00, real=0.01 secs] 
2015-12-06T19:58:02.984+0530: 249.277: [CMS-concurrent-reset-start]
2015-12-06T19:58:02.986+0530: 249.280: [CMS-concurrent-reset: 0.002/0.002 secs] [Times: user=0.00 sys=0.00, real=0.00 secs] 
2015-12-06T19:58:03.402+0530: 249.695: Total time for which application threads were stopped: 0.0002687 seconds, Stopping threads took: 0.0000367 seconds
2015-12-06T19:58:04.402+0530: 250.696: Total time for which application threads were stopped: 0.0001894 seconds, Stopping threads took: 0.0000261 seconds
2015-12-06T19:58:04.477+0530: 250.771: Total time for which application threads were stopped: 0.0001900 seconds, Stopping threads took: 0.0000343 seconds
2015-12-06T19:58:04.694+0530: 250.988: Total time for which application threads were stopped: 0.0001807 seconds, Stopping threads took: 0.0000390 seconds
{Heap before GC invocations=37 (full 2):
 par new generation   total 109248K, used 94036K [0x00000000e0000000, 0x00000000e8000000, 0x00000000e8000000)
  eden space 87424K,  99% used [0x00000000e0000000, 0x00000000e555e798, 0x00000000e5560000)
  from space 21824K,  30% used [0x00000000e6ab0000, 0x00000000e7126c08, 0x00000000e8000000)
  to   space 21824K,   0% used [0x00000000e5560000, 0x00000000e5560000, 0x00000000e6ab0000)
 concurrent mark-sweep generation total 393216K, used 22565K [0x00000000e8000000, 0x0000000100000000, 0x0000000100000000)
 Metaspace       used 38707K, capacity 39206K, committed 39532K, reserved 1085440K
  class space    used 4269K, capacity 4454K, committed 4476K, reserved 1048576K
2015-12-06T19:58:05.031+0530: 251.324: [GC (Allocation Failure) 251.325: [ParNew
Desired survivor size 20112992 bytes, new threshold 8 (max 8)
- age   1:     851736 bytes,     851736 total
- age   2:     974568 bytes,    1826304 total
- age   3:      61856 bytes,    1888160 total
- age   4:     393104 bytes,    2281264 total
- age   5:    2240448 bytes,    4521712 total
- age   6:     725384 bytes,    5247096 total
- age   7:      92312 bytes,    5339408 total
- age   8:     100176 bytes,    5439584 total
: 94036K->6436K(109248K), 0.0072474 secs] 116602K->29117K(502464K), 0.0075790 secs] [Times: user=0.03 sys=0.00, real=0.01 secs] 
Heap after GC invocations=38 (full 2):
 par new generation   total 109248K, used 6436K [0x00000000e0000000, 0x00000000e8000000, 0x00000000e8000000)
  eden space 87424K,   0% used [0x00000000e0000000, 0x00000000e0000000, 0x00000000e5560000)
  from space 21824K,  29% used [0x00000000e5560000, 0x00000000e5ba9010, 0x00000000e6ab0000)
  to   space 21824K,   0% used [0x00000000e6ab0000, 0x00000000e6ab0000, 0x00000000e8000000)
 concurrent mark-sweep generation total 393216K, used 22681K [0x00000000e8000000, 0x0000000100000000, 0x0000000100000000)
 Metaspace       used 38707K, capacity 39206K, committed 39532K, reserved 1085440K
  class space    used 4269K, capacity 4454K, committed 4476K, reserved 1048576K
}
2015-12-06T19:58:05.038+0530: 251.332: Total time for which application threads were stopped: 0.0079758 seconds, Stopping threads took: 0.0000389 seconds
2015-12-06T19:58:05.130+0530: 251.424: Total time for which application threads were stopped: 0.0002129 seconds, Stopping threads took: 0.0000491 seconds
2015-12-06T19:58:05.131+0530: 251.425: Total time for which application threads were stopped: 0.0001738 seconds, Stopping threads took: 0.0000346 seconds
2015-12-06T19:58:05.397+0530: 251.690: Total time for which application threads were stopped: 0.0003342 seconds, Stopping threads took: 0.0000790 seconds
2015-12-06T19:58:05.399+0530: 251.693: Total time for which application threads were stopped: 0.0004765 seconds, Stopping threads took: 0.0001386 seconds
2015-12-06T19:58:06.399+0530: 252.693: Total time for which application threads were stopped: 0.0002226 seconds, Stopping threads took: 0.0000512 seconds
{Heap before GC invocations=38 (full 2):
 par new generation   total 109248K, used 93768K [0x00000000e0000000, 0x00000000e8000000, 0x00000000e8000000)
  eden space 87424K,  99% used [0x00000000e0000000, 0x00000000e5549108, 0x00000000e5560000)
  from space 21824K,  29% used [0x00000000e5560000, 0x00000000e5ba9010, 0x00000000e6ab0000)
  to   space 21824K,   0% used [0x00000000e6ab0000, 0x00000000e6ab0000, 0x00000000e8000000)
 concurrent mark-sweep generation total 393216K, used 22681K [0x00000000e8000000, 0x0000000100000000, 0x0000000100000000)
 Metaspace       used 38980K, capacity 39526K, committed 39788K, reserved 1085440K
  class space    used 4269K, capacity 4454K, committed 4476K, reserved 1048576K
2015-12-06T19:58:06.499+0530: 252.793: [GC (Allocation Failure) 252.793: [ParNew
Desired survivor size 20112992 bytes, new threshold 8 (max 8)
- age   1:    2514224 bytes,    2514224 total
- age   2:      49152 bytes,    2563376 total
- age   3:     400080 bytes,    2963456 total
- age   4:      56360 bytes,    3019816 total
- age   5:     391136 bytes,    3410952 total
- age   6:    2239856 bytes,    5650808 total
- age   7:     692600 bytes,    6343408 total
- age   8:      92312 bytes,    6435720 total
: 93768K->8056K(109248K), 0.0094489 secs] 116449K->30837K(502464K), 0.0098479 secs] [Times: user=0.03 sys=0.00, real=0.01 secs] 
Heap after GC invocations=39 (full 2):
 par new generation   total 109248K, used 8056K [0x00000000e0000000, 0x00000000e8000000, 0x00000000e8000000)
  eden space 87424K,   0% used [0x00000000e0000000, 0x00000000e0000000, 0x00000000e5560000)
  from space 21824K,  36% used [0x00000000e6ab0000, 0x00000000e728e1d0, 0x00000000e8000000)
  to   space 21824K,   0% used [0x00000000e5560000, 0x00000000e5560000, 0x00000000e6ab0000)
 concurrent mark-sweep generation total 393216K, used 22781K [0x00000000e8000000, 0x0000000100000000, 0x0000000100000000)
 Metaspace       used 38980K, capacity 39526K, committed 39788K, reserved 1085440K
  class space    used 4269K, capacity 4454K, committed 4476K, reserved 1048576K
}
2015-12-06T19:58:06.509+0530: 252.803: Total time for which application threads were stopped: 0.0103130 seconds, Stopping threads took: 0.0000403 seconds
2015-12-06T19:58:06.577+0530: 252.870: Total time for which application threads were stopped: 0.0002505 seconds, Stopping threads took: 0.0000826 seconds
2015-12-06T19:58:06.579+0530: 252.872: Total time for which application threads were stopped: 0.0011720 seconds, Stopping threads took: 0.0009633 seconds
2015-12-06T19:58:06.579+0530: 252.873: Total time for which application threads were stopped: 0.0001688 seconds, Stopping threads took: 0.0000568 seconds
2015-12-06T19:58:06.600+0530: 252.894: Total time for which application threads were stopped: 0.0002445 seconds, Stopping threads took: 0.0000637 seconds
2015-12-06T19:58:06.600+0530: 252.894: Total time for which application threads were stopped: 0.0001111 seconds, Stopping threads took: 0.0000428 seconds
2015-12-06T19:58:06.600+0530: 252.894: Total time for which application threads were stopped: 0.0000889 seconds, Stopping threads took: 0.0000278 seconds
2015-12-06T19:58:06.600+0530: 252.894: Total time for which application threads were stopped: 0.0001135 seconds, Stopping threads took: 0.0000259 seconds
2015-12-06T19:58:06.600+0530: 252.894: Total time for which application threads were stopped: 0.0000997 seconds, Stopping threads took: 0.0000413 seconds
2015-12-06T19:58:06.601+0530: 252.895: Total time for which application threads were stopped: 0.0001731 seconds, Stopping threads took: 0.0000281 seconds
2015-12-06T19:58:06.602+0530: 252.896: Total time for which application threads were stopped: 0.0002664 seconds, Stopping threads took: 0.0000189 seconds
2015-12-06T19:58:06.603+0530: 252.897: Total time for which application threads were stopped: 0.0001076 seconds, Stopping threads took: 0.0000322 seconds
2015-12-06T19:58:06.635+0530: 252.929: Total time for which application threads were stopped: 0.0002225 seconds, Stopping threads took: 0.0000343 seconds
2015-12-06T19:58:08.635+0530: 254.929: Total time for which application threads were stopped: 0.0003657 seconds, Stopping threads took: 0.0000676 seconds
2015-12-06T19:58:08.874+0530: 255.168: Total time for which application threads were stopped: 0.0003611 seconds, Stopping threads took: 0.0000791 seconds
2015-12-06T19:58:09.064+0530: 255.358: Total time for which application threads were stopped: 0.0004529 seconds, Stopping threads took: 0.0000650 seconds
2015-12-06T19:58:09.583+0530: 255.876: Total time for which application threads were stopped: 0.0003065 seconds, Stopping threads took: 0.0000883 seconds
2015-12-06T19:58:09.584+0530: 255.878: Total time for which application threads were stopped: 0.0002621 seconds, Stopping threads took: 0.0000385 seconds
2015-12-06T19:58:09.587+0530: 255.881: Total time for which application threads were stopped: 0.0002155 seconds, Stopping threads took: 0.0000349 seconds
2015-12-06T19:58:09.588+0530: 255.882: Total time for which application threads were stopped: 0.0002318 seconds, Stopping threads took: 0.0000327 seconds
2015-12-06T19:58:09.588+0530: 255.882: Total time for which application threads were stopped: 0.0001552 seconds, Stopping threads took: 0.0000175 seconds
2015-12-06T19:58:09.588+0530: 255.882: Total time for which application threads were stopped: 0.0001533 seconds, Stopping threads took: 0.0000157 seconds
2015-12-06T19:58:09.593+0530: 255.887: Total time for which application threads were stopped: 0.0042776 seconds, Stopping threads took: 0.0040505 seconds
2015-12-06T19:58:09.597+0530: 255.891: Total time for which application threads were stopped: 0.0002780 seconds, Stopping threads took: 0.0000498 seconds
2015-12-06T19:58:09.971+0530: 256.265: Total time for which application threads were stopped: 0.0002606 seconds, Stopping threads took: 0.0000540 seconds
2015-12-06T19:58:10.193+0530: 256.486: Total time for which application threads were stopped: 0.0004002 seconds, Stopping threads took: 0.0000643 seconds
2015-12-06T19:58:10.193+0530: 256.487: Total time for which application threads were stopped: 0.0003456 seconds, Stopping threads took: 0.0000375 seconds
2015-12-06T19:58:10.693+0530: 256.987: Total time for which application threads were stopped: 0.0005969 seconds, Stopping threads took: 0.0001511 seconds
2015-12-06T19:58:10.696+0530: 256.990: Total time for which application threads were stopped: 0.0004672 seconds, Stopping threads took: 0.0001344 seconds
2015-12-06T19:58:10.696+0530: 256.990: Total time for which application threads were stopped: 0.0003598 seconds, Stopping threads took: 0.0001242 seconds
2015-12-06T19:58:10.697+0530: 256.991: Total time for which application threads were stopped: 0.0002562 seconds, Stopping threads took: 0.0000429 seconds
2015-12-06T19:58:10.697+0530: 256.991: Total time for which application threads were stopped: 0.0001542 seconds, Stopping threads took: 0.0000433 seconds
2015-12-06T19:58:10.698+0530: 256.991: Total time for which application threads were stopped: 0.0001853 seconds, Stopping threads took: 0.0000819 seconds
2015-12-06T19:58:10.699+0530: 256.992: Total time for which application threads were stopped: 0.0002085 seconds, Stopping threads took: 0.0000714 seconds
2015-12-06T19:58:10.699+0530: 256.993: Total time for which application threads were stopped: 0.0001377 seconds, Stopping threads took: 0.0000428 seconds
2015-12-06T19:58:10.881+0530: 257.175: Total time for which application threads were stopped: 0.0009628 seconds, Stopping threads took: 0.0004723 seconds
2015-12-06T19:58:10.881+0530: 257.175: Total time for which application threads were stopped: 0.0003819 seconds, Stopping threads took: 0.0000526 seconds
2015-12-06T19:58:10.882+0530: 257.176: Total time for which application threads were stopped: 0.0004138 seconds, Stopping threads took: 0.0000923 seconds
2015-12-06T19:58:10.882+0530: 257.176: Total time for which application threads were stopped: 0.0004151 seconds, Stopping threads took: 0.0000891 seconds
2015-12-06T19:58:10.885+0530: 257.179: Total time for which application threads were stopped: 0.0005612 seconds, Stopping threads took: 0.0001542 seconds
2015-12-06T19:58:10.886+0530: 257.180: Total time for which application threads were stopped: 0.0004129 seconds, Stopping threads took: 0.0000826 seconds
2015-12-06T19:58:10.887+0530: 257.181: Total time for which application threads were stopped: 0.0008473 seconds, Stopping threads took: 0.0000874 seconds
2015-12-06T19:58:11.423+0530: 257.717: Total time for which application threads were stopped: 0.0004052 seconds, Stopping threads took: 0.0001221 seconds
2015-12-06T19:58:12.423+0530: 258.717: Total time for which application threads were stopped: 0.0003640 seconds, Stopping threads took: 0.0000645 seconds
2015-12-06T19:58:12.880+0530: 259.174: Total time for which application threads were stopped: 0.0034883 seconds, Stopping threads took: 0.0029925 seconds
2015-12-06T19:58:13.880+0530: 260.174: Total time for which application threads were stopped: 0.0002278 seconds, Stopping threads took: 0.0000386 seconds
2015-12-06T19:58:15.881+0530: 262.175: Total time for which application threads were stopped: 0.0002029 seconds, Stopping threads took: 0.0000365 seconds
2015-12-06T19:58:16.231+0530: 262.525: Total time for which application threads were stopped: 0.0008881 seconds, Stopping threads took: 0.0004420 seconds
2015-12-06T19:58:17.007+0530: 263.300: Total time for which application threads were stopped: 0.0003184 seconds, Stopping threads took: 0.0000594 seconds
2015-12-06T19:58:19.107+0530: 265.401: Total time for which application threads were stopped: 0.0002660 seconds, Stopping threads took: 0.0000442 seconds
2015-12-06T19:58:20.040+0530: 266.334: Total time for which application threads were stopped: 0.0002020 seconds, Stopping threads took: 0.0000350 seconds
2015-12-06T19:58:20.040+0530: 266.334: Total time for which application threads were stopped: 0.0000977 seconds, Stopping threads took: 0.0000185 seconds
2015-12-06T19:58:21.040+0530: 267.334: Total time for which application threads were stopped: 0.0003211 seconds, Stopping threads took: 0.0000628 seconds
2015-12-06T19:58:21.703+0530: 267.996: Total time for which application threads were stopped: 0.0004591 seconds, Stopping threads took: 0.0000868 seconds
2015-12-06T19:58:21.703+0530: 267.997: Total time for which application threads were stopped: 0.0004909 seconds, Stopping threads took: 0.0001976 seconds
2015-12-06T19:58:21.928+0530: 268.222: Total time for which application threads were stopped: 0.0002516 seconds, Stopping threads took: 0.0000472 seconds
2015-12-06T19:58:22.929+0530: 269.222: Total time for which application threads were stopped: 0.0003730 seconds, Stopping threads took: 0.0000653 seconds
2015-12-06T19:58:23.929+0530: 270.223: Total time for which application threads were stopped: 0.0002158 seconds, Stopping threads took: 0.0000434 seconds
2015-12-06T19:58:25.930+0530: 272.224: Total time for which application threads were stopped: 0.0004123 seconds, Stopping threads took: 0.0000638 seconds
2015-12-06T19:58:26.930+0530: 273.224: Total time for which application threads were stopped: 0.0003740 seconds, Stopping threads took: 0.0000657 seconds
2015-12-06T19:58:27.931+0530: 274.225: Total time for which application threads were stopped: 0.0003306 seconds, Stopping threads took: 0.0000537 seconds
2015-12-06T19:58:28.406+0530: 274.699: Total time for which application threads were stopped: 0.0003506 seconds, Stopping threads took: 0.0000663 seconds
2015-12-06T19:58:28.828+0530: 275.122: Total time for which application threads were stopped: 0.0016888 seconds, Stopping threads took: 0.0006578 seconds
2015-12-06T19:58:29.184+0530: 275.478: Total time for which application threads were stopped: 0.0036013 seconds, Stopping threads took: 0.0033624 seconds
2015-12-06T19:58:29.185+0530: 275.479: Total time for which application threads were stopped: 0.0003277 seconds, Stopping threads took: 0.0001285 seconds
2015-12-06T19:58:29.186+0530: 275.479: Total time for which application threads were stopped: 0.0002887 seconds, Stopping threads took: 0.0002014 seconds
2015-12-06T19:58:29.186+0530: 275.480: Total time for which application threads were stopped: 0.0001314 seconds, Stopping threads took: 0.0000525 seconds
2015-12-06T19:58:29.491+0530: 275.785: Total time for which application threads were stopped: 0.0003084 seconds, Stopping threads took: 0.0000523 seconds
2015-12-06T19:58:29.493+0530: 275.787: Total time for which application threads were stopped: 0.0001931 seconds, Stopping threads took: 0.0000326 seconds
2015-12-06T19:58:29.703+0530: 275.997: Total time for which application threads were stopped: 0.0004799 seconds, Stopping threads took: 0.0003119 seconds
2015-12-06T19:58:29.749+0530: 276.043: Total time for which application threads were stopped: 0.0004437 seconds, Stopping threads took: 0.0002486 seconds
2015-12-06T19:58:29.750+0530: 276.044: Total time for which application threads were stopped: 0.0002848 seconds, Stopping threads took: 0.0001881 seconds
2015-12-06T19:58:29.750+0530: 276.044: Total time for which application threads were stopped: 0.0001875 seconds, Stopping threads took: 0.0000942 seconds
2015-12-06T19:58:29.750+0530: 276.044: Total time for which application threads were stopped: 0.0001215 seconds, Stopping threads took: 0.0000275 seconds
2015-12-06T19:58:29.751+0530: 276.045: Total time for which application threads were stopped: 0.0001937 seconds, Stopping threads took: 0.0000777 seconds
2015-12-06T19:58:29.751+0530: 276.045: Total time for which application threads were stopped: 0.0002800 seconds, Stopping threads took: 0.0000438 seconds
2015-12-06T19:58:29.756+0530: 276.050: Total time for which application threads were stopped: 0.0049007 seconds, Stopping threads took: 0.0047045 seconds
2015-12-06T19:58:29.760+0530: 276.054: Total time for which application threads were stopped: 0.0003124 seconds, Stopping threads took: 0.0000994 seconds
2015-12-06T19:58:29.760+0530: 276.054: Total time for which application threads were stopped: 0.0001037 seconds, Stopping threads took: 0.0000111 seconds
2015-12-06T19:58:29.760+0530: 276.054: Total time for which application threads were stopped: 0.0000960 seconds, Stopping threads took: 0.0000095 seconds
2015-12-06T19:58:30.247+0530: 276.541: Total time for which application threads were stopped: 0.0030522 seconds, Stopping threads took: 0.0007278 seconds
2015-12-06T19:58:30.254+0530: 276.548: Total time for which application threads were stopped: 0.0065072 seconds, Stopping threads took: 0.0057557 seconds
2015-12-06T19:58:30.256+0530: 276.550: Total time for which application threads were stopped: 0.0010667 seconds, Stopping threads took: 0.0000290 seconds
2015-12-06T19:58:30.265+0530: 276.559: Total time for which application threads were stopped: 0.0009903 seconds, Stopping threads took: 0.0007625 seconds
2015-12-06T19:58:30.272+0530: 276.566: Total time for which application threads were stopped: 0.0009387 seconds, Stopping threads took: 0.0007272 seconds
{Heap before GC invocations=39 (full 2):
 par new generation   total 109248K, used 95480K [0x00000000e0000000, 0x00000000e8000000, 0x00000000e8000000)
  eden space 87424K, 100% used [0x00000000e0000000, 0x00000000e5560000, 0x00000000e5560000)
  from space 21824K,  36% used [0x00000000e6ab0000, 0x00000000e728e1d0, 0x00000000e8000000)
  to   space 21824K,   0% used [0x00000000e5560000, 0x00000000e5560000, 0x00000000e6ab0000)
 concurrent mark-sweep generation total 393216K, used 22781K [0x00000000e8000000, 0x0000000100000000, 0x0000000100000000)
 Metaspace       used 39393K, capacity 39946K, committed 40172K, reserved 1085440K
  class space    used 4297K, capacity 4486K, committed 4604K, reserved 1048576K
2015-12-06T19:58:30.487+0530: 276.780: [GC (Allocation Failure) 276.965: [ParNew
Desired survivor size 20112992 bytes, new threshold 8 (max 8)
- age   1:    2649280 bytes,    2649280 total
- age   2:     412608 bytes,    3061888 total
- age   3:      35672 bytes,    3097560 total
- age   4:     378920 bytes,    3476480 total
- age   5:      54792 bytes,    3531272 total
- age   6:     372184 bytes,    3903456 total
- age   7:    2227336 bytes,    6130792 total
- age   8:     692576 bytes,    6823368 total
: 95480K->11729K(109248K), 0.0221394 secs] 118261K->34599K(502464K), 0.2669055 secs] [Times: user=0.04 sys=0.00, real=0.27 secs] 
Heap after GC invocations=40 (full 2):
 par new generation   total 109248K, used 11729K [0x00000000e0000000, 0x00000000e8000000, 0x00000000e8000000)
  eden space 87424K,   0% used [0x00000000e0000000, 0x00000000e0000000, 0x00000000e5560000)
  from space 21824K,  53% used [0x00000000e5560000, 0x00000000e60d4500, 0x00000000e6ab0000)
  to   space 21824K,   0% used [0x00000000e6ab0000, 0x00000000e6ab0000, 0x00000000e8000000)
 concurrent mark-sweep generation total 393216K, used 22870K [0x00000000e8000000, 0x0000000100000000, 0x0000000100000000)
 Metaspace       used 39393K, capacity 39946K, committed 40172K, reserved 1085440K
  class space    used 4297K, capacity 4486K, committed 4604K, reserved 1048576K
}
2015-12-06T19:58:30.754+0530: 277.048: Total time for which application threads were stopped: 0.2678192 seconds, Stopping threads took: 0.0000678 seconds
2015-12-06T19:58:30.758+0530: 277.052: Total time for which application threads were stopped: 0.0006572 seconds, Stopping threads took: 0.0000808 seconds
2015-12-06T19:58:31.368+0530: 277.662: Total time for which application threads were stopped: 0.0002359 seconds, Stopping threads took: 0.0000359 seconds
2015-12-06T19:58:32.368+0530: 278.662: Total time for which application threads were stopped: 0.0002101 seconds, Stopping threads took: 0.0000330 seconds
2015-12-06T19:58:32.744+0530: 279.038: Total time for which application threads were stopped: 0.0002103 seconds, Stopping threads took: 0.0000353 seconds
2015-12-06T19:58:32.745+0530: 279.039: Total time for which application threads were stopped: 0.0001411 seconds, Stopping threads took: 0.0000252 seconds
2015-12-06T19:58:32.745+0530: 279.039: Total time for which application threads were stopped: 0.0000668 seconds, Stopping threads took: 0.0000129 seconds
2015-12-06T19:58:32.745+0530: 279.039: Total time for which application threads were stopped: 0.0000606 seconds, Stopping threads took: 0.0000108 seconds
2015-12-06T19:58:32.746+0530: 279.039: Total time for which application threads were stopped: 0.0000643 seconds, Stopping threads took: 0.0000113 seconds
2015-12-06T19:58:32.746+0530: 279.040: Total time for which application threads were stopped: 0.0000595 seconds, Stopping threads took: 0.0000100 seconds
2015-12-06T19:58:32.746+0530: 279.040: Total time for which application threads were stopped: 0.0000632 seconds, Stopping threads took: 0.0000102 seconds
2015-12-06T19:58:32.746+0530: 279.040: Total time for which application threads were stopped: 0.0000639 seconds, Stopping threads took: 0.0000123 seconds
2015-12-06T19:58:32.746+0530: 279.040: Total time for which application threads were stopped: 0.0000597 seconds, Stopping threads took: 0.0000107 seconds
2015-12-06T19:58:32.746+0530: 279.040: Total time for which application threads were stopped: 0.0000591 seconds, Stopping threads took: 0.0000103 seconds
2015-12-06T19:58:32.746+0530: 279.040: Total time for which application threads were stopped: 0.0002083 seconds, Stopping threads took: 0.0000109 seconds
2015-12-06T19:58:35.747+0530: 282.041: Total time for which application threads were stopped: 0.0002223 seconds, Stopping threads took: 0.0000334 seconds
2015-12-06T19:58:36.747+0530: 283.041: Total time for which application threads were stopped: 0.0002152 seconds, Stopping threads took: 0.0000385 seconds
2015-12-06T19:58:37.748+0530: 284.041: Total time for which application threads were stopped: 0.0002216 seconds, Stopping threads took: 0.0000302 seconds
2015-12-06T19:58:39.748+0530: 286.042: Total time for which application threads were stopped: 0.0002124 seconds, Stopping threads took: 0.0000377 seconds
2015-12-06T19:58:39.850+0530: 286.144: Total time for which application threads were stopped: 0.0001583 seconds, Stopping threads took: 0.0000245 seconds
2015-12-06T19:58:41.850+0530: 288.144: Total time for which application threads were stopped: 0.0002056 seconds, Stopping threads took: 0.0000631 seconds
2015-12-06T19:58:42.851+0530: 289.145: Total time for which application threads were stopped: 0.0001943 seconds, Stopping threads took: 0.0000310 seconds
2015-12-06T19:58:44.823+0530: 291.117: Total time for which application threads were stopped: 0.0002271 seconds, Stopping threads took: 0.0000302 seconds
2015-12-06T19:58:44.824+0530: 291.118: Total time for which application threads were stopped: 0.0004479 seconds, Stopping threads took: 0.0000164 seconds
2015-12-06T19:58:45.517+0530: 291.811: Total time for which application threads were stopped: 0.0003241 seconds, Stopping threads took: 0.0000408 seconds
2015-12-06T19:58:45.518+0530: 291.811: Total time for which application threads were stopped: 0.0001620 seconds, Stopping threads took: 0.0000699 seconds
2015-12-06T19:58:45.518+0530: 291.812: Total time for which application threads were stopped: 0.0001012 seconds, Stopping threads took: 0.0000290 seconds
2015-12-06T19:58:46.518+0530: 292.812: Total time for which application threads were stopped: 0.0002071 seconds, Stopping threads took: 0.0000331 seconds
2015-12-06T19:58:48.518+0530: 294.812: Total time for which application threads were stopped: 0.0002309 seconds, Stopping threads took: 0.0000349 seconds
2015-12-06T19:58:49.192+0530: 295.485: Total time for which application threads were stopped: 0.0002465 seconds, Stopping threads took: 0.0000378 seconds
2015-12-06T19:58:50.192+0530: 296.486: Total time for which application threads were stopped: 0.0003744 seconds, Stopping threads took: 0.0000658 seconds
2015-12-06T19:58:51.192+0530: 297.486: Total time for which application threads were stopped: 0.0001852 seconds, Stopping threads took: 0.0000293 seconds
2015-12-06T19:58:52.193+0530: 298.487: Total time for which application threads were stopped: 0.0001902 seconds, Stopping threads took: 0.0000385 seconds
2015-12-06T19:58:53.166+0530: 299.459: Total time for which application threads were stopped: 0.0002999 seconds, Stopping threads took: 0.0000417 seconds
2015-12-06T19:58:53.177+0530: 299.471: Total time for which application threads were stopped: 0.0115170 seconds, Stopping threads took: 0.0113427 seconds
2015-12-06T19:58:53.177+0530: 299.471: Total time for which application threads were stopped: 0.0001133 seconds, Stopping threads took: 0.0000345 seconds
2015-12-06T19:58:53.203+0530: 299.496: Total time for which application threads were stopped: 0.0002227 seconds, Stopping threads took: 0.0000287 seconds
2015-12-06T19:58:55.112+0530: 301.406: Total time for which application threads were stopped: 0.0001855 seconds, Stopping threads took: 0.0000358 seconds
2015-12-06T19:59:01.028+0530: 307.322: Total time for which application threads were stopped: 0.0002174 seconds, Stopping threads took: 0.0000324 seconds
2015-12-06T19:59:03.029+0530: 309.323: Total time for which application threads were stopped: 0.0003673 seconds, Stopping threads took: 0.0000653 seconds
2015-12-06T19:59:04.278+0530: 310.571: Total time for which application threads were stopped: 0.0002085 seconds, Stopping threads took: 0.0000327 seconds
2015-12-06T19:59:04.278+0530: 310.572: Total time for which application threads were stopped: 0.0001088 seconds, Stopping threads took: 0.0000146 seconds
2015-12-06T19:59:08.278+0530: 314.572: Total time for which application threads were stopped: 0.0002287 seconds, Stopping threads took: 0.0000388 seconds
2015-12-06T19:59:09.279+0530: 315.573: Total time for which application threads were stopped: 0.0004077 seconds, Stopping threads took: 0.0000649 seconds
2015-12-06T19:59:09.297+0530: 315.590: Total time for which application threads were stopped: 0.0002020 seconds, Stopping threads took: 0.0000418 seconds
2015-12-06T19:59:09.297+0530: 315.591: Total time for which application threads were stopped: 0.0001130 seconds, Stopping threads took: 0.0000181 seconds
2015-12-06T19:59:09.297+0530: 315.591: Total time for which application threads were stopped: 0.0000915 seconds, Stopping threads took: 0.0000152 seconds
2015-12-06T19:59:09.977+0530: 316.271: Total time for which application threads were stopped: 0.0002645 seconds, Stopping threads took: 0.0000514 seconds
2015-12-06T19:59:09.977+0530: 316.271: Total time for which application threads were stopped: 0.0001966 seconds, Stopping threads took: 0.0000412 seconds
2015-12-06T19:59:10.438+0530: 316.732: Total time for which application threads were stopped: 0.0002809 seconds, Stopping threads took: 0.0000681 seconds
2015-12-06T19:59:10.438+0530: 316.732: Total time for which application threads were stopped: 0.0001445 seconds, Stopping threads took: 0.0000348 seconds
2015-12-06T19:59:10.642+0530: 316.935: Total time for which application threads were stopped: 0.0003519 seconds, Stopping threads took: 0.0000511 seconds
2015-12-06T19:59:11.642+0530: 317.936: Total time for which application threads were stopped: 0.0002128 seconds, Stopping threads took: 0.0000418 seconds
{Heap before GC invocations=40 (full 2):
 par new generation   total 109248K, used 99153K [0x00000000e0000000, 0x00000000e8000000, 0x00000000e8000000)
  eden space 87424K, 100% used [0x00000000e0000000, 0x00000000e5560000, 0x00000000e5560000)
  from space 21824K,  53% used [0x00000000e5560000, 0x00000000e60d4500, 0x00000000e6ab0000)
  to   space 21824K,   0% used [0x00000000e6ab0000, 0x00000000e6ab0000, 0x00000000e8000000)
 concurrent mark-sweep generation total 393216K, used 22870K [0x00000000e8000000, 0x0000000100000000, 0x0000000100000000)
 Metaspace       used 39567K, capacity 40138K, committed 40428K, reserved 1085440K
  class space    used 4300K, capacity 4486K, committed 4604K, reserved 1048576K
2015-12-06T19:59:11.855+0530: 318.149: [GC (Allocation Failure) 318.150: [ParNew
Desired survivor size 20112992 bytes, new threshold 8 (max 8)
- age   1:    2780904 bytes,    2780904 total
- age   2:    1067832 bytes,    3848736 total
- age   3:      40232 bytes,    3888968 total
- age   4:      30992 bytes,    3919960 total
- age   5:      16928 bytes,    3936888 total
- age   6:      53752 bytes,    3990640 total
- age   7:      32272 bytes,    4022912 total
- age   8:    1741352 bytes,    5764264 total
: 99153K->7830K(109248K), 0.0203169 secs] 122023K->31368K(502464K), 0.0207202 secs] [Times: user=0.04 sys=0.00, real=0.02 secs] 
Heap after GC invocations=41 (full 2):
 par new generation   total 109248K, used 7830K [0x00000000e0000000, 0x00000000e8000000, 0x00000000e8000000)
  eden space 87424K,   0% used [0x00000000e0000000, 0x00000000e0000000, 0x00000000e5560000)
  from space 21824K,  35% used [0x00000000e6ab0000, 0x00000000e7255800, 0x00000000e8000000)
  to   space 21824K,   0% used [0x00000000e5560000, 0x00000000e5560000, 0x00000000e6ab0000)
 concurrent mark-sweep generation total 393216K, used 23538K [0x00000000e8000000, 0x0000000100000000, 0x0000000100000000)
 Metaspace       used 39567K, capacity 40138K, committed 40428K, reserved 1085440K
  class space    used 4300K, capacity 4486K, committed 4604K, reserved 1048576K
}
2015-12-06T19:59:11.876+0530: 318.170: Total time for which application threads were stopped: 0.0212638 seconds, Stopping threads took: 0.0001018 seconds
2015-12-06T19:59:12.040+0530: 318.334: Total time for which application threads were stopped: 0.0004455 seconds, Stopping threads took: 0.0000775 seconds
2015-12-06T19:59:12.530+0530: 318.824: Total time for which application threads were stopped: 0.0003274 seconds, Stopping threads took: 0.0000533 seconds
2015-12-06T19:59:13.157+0530: 319.451: Total time for which application threads were stopped: 0.0013606 seconds, Stopping threads took: 0.0011067 seconds
2015-12-06T19:59:16.158+0530: 322.452: Total time for which application threads were stopped: 0.0002294 seconds, Stopping threads took: 0.0000430 seconds
2015-12-06T19:59:18.158+0530: 324.452: Total time for which application threads were stopped: 0.0002654 seconds, Stopping threads took: 0.0000447 seconds
2015-12-06T19:59:20.938+0530: 327.231: Total time for which application threads were stopped: 0.0025983 seconds, Stopping threads took: 0.0024229 seconds
2015-12-06T19:59:20.938+0530: 327.232: Total time for which application threads were stopped: 0.0001191 seconds, Stopping threads took: 0.0000390 seconds
2015-12-06T19:59:20.938+0530: 327.232: Total time for which application threads were stopped: 0.0001126 seconds, Stopping threads took: 0.0000288 seconds
2015-12-06T19:59:20.973+0530: 327.266: Total time for which application threads were stopped: 0.0002117 seconds, Stopping threads took: 0.0000307 seconds
2015-12-06T19:59:20.973+0530: 327.267: Total time for which application threads were stopped: 0.0000949 seconds, Stopping threads took: 0.0000122 seconds
2015-12-06T19:59:22.946+0530: 329.240: Total time for which application threads were stopped: 0.0004635 seconds, Stopping threads took: 0.0001452 seconds
2015-12-06T19:59:22.947+0530: 329.241: Total time for which application threads were stopped: 0.0004023 seconds, Stopping threads took: 0.0001678 seconds
2015-12-06T19:59:23.081+0530: 329.375: Total time for which application threads were stopped: 0.0002114 seconds, Stopping threads took: 0.0000553 seconds
2015-12-06T19:59:23.081+0530: 329.375: Total time for which application threads were stopped: 0.0002174 seconds, Stopping threads took: 0.0000820 seconds
2015-12-06T19:59:24.081+0530: 330.375: Total time for which application threads were stopped: 0.0002318 seconds, Stopping threads took: 0.0000368 seconds
2015-12-06T19:59:25.082+0530: 331.376: Total time for which application threads were stopped: 0.0002484 seconds, Stopping threads took: 0.0000418 seconds
2015-12-06T19:59:26.082+0530: 332.376: Total time for which application threads were stopped: 0.0002080 seconds, Stopping threads took: 0.0000372 seconds
2015-12-06T19:59:26.708+0530: 333.002: Total time for which application threads were stopped: 0.0004183 seconds, Stopping threads took: 0.0000842 seconds
2015-12-06T19:59:27.708+0530: 334.002: Total time for which application threads were stopped: 0.0003250 seconds, Stopping threads took: 0.0000632 seconds
2015-12-06T19:59:32.411+0530: 338.705: Total time for which application threads were stopped: 0.0001822 seconds, Stopping threads took: 0.0000326 seconds
2015-12-06T19:59:32.411+0530: 338.705: Total time for which application threads were stopped: 0.0000734 seconds, Stopping threads took: 0.0000105 seconds
2015-12-06T19:59:33.238+0530: 339.532: Total time for which application threads were stopped: 0.0006116 seconds, Stopping threads took: 0.0003652 seconds
2015-12-06T19:59:34.239+0530: 340.532: Total time for which application threads were stopped: 0.0003955 seconds, Stopping threads took: 0.0000616 seconds
2015-12-06T19:59:39.729+0530: 346.023: Total time for which application threads were stopped: 0.0004995 seconds, Stopping threads took: 0.0001214 seconds
2015-12-06T19:59:40.730+0530: 347.024: Total time for which application threads were stopped: 0.0004366 seconds, Stopping threads took: 0.0000717 seconds
2015-12-06T19:59:43.731+0530: 350.025: Total time for which application threads were stopped: 0.0004180 seconds, Stopping threads took: 0.0000733 seconds
{Heap before GC invocations=41 (full 2):
 par new generation   total 109248K, used 95254K [0x00000000e0000000, 0x00000000e8000000, 0x00000000e8000000)
  eden space 87424K, 100% used [0x00000000e0000000, 0x00000000e5560000, 0x00000000e5560000)
  from space 21824K,  35% used [0x00000000e6ab0000, 0x00000000e7255800, 0x00000000e8000000)
  to   space 21824K,   0% used [0x00000000e5560000, 0x00000000e5560000, 0x00000000e6ab0000)
 concurrent mark-sweep generation total 393216K, used 23538K [0x00000000e8000000, 0x0000000100000000, 0x0000000100000000)
 Metaspace       used 39780K, capacity 40394K, committed 40684K, reserved 1085440K
  class space    used 4300K, capacity 4486K, committed 4604K, reserved 1048576K
2015-12-06T19:59:43.755+0530: 350.049: [GC (Allocation Failure) 350.145: [ParNew
Desired survivor size 20112992 bytes, new threshold 8 (max 8)
- age   1:    2970536 bytes,    2970536 total
- age   2:    1013848 bytes,    3984384 total
- age   3:     275616 bytes,    4260000 total
- age   4:      31400 bytes,    4291400 total
- age   5:      30992 bytes,    4322392 total
- age   6:      13432 bytes,    4335824 total
- age   7:      53752 bytes,    4389576 total
- age   8:      28832 bytes,    4418408 total
: 95254K->5787K(109248K), 0.0434946 secs] 118792K->31029K(502464K), 0.1397641 secs] [Times: user=0.06 sys=0.00, real=0.14 secs] 
Heap after GC invocations=42 (full 2):
 par new generation   total 109248K, used 5787K [0x00000000e0000000, 0x00000000e8000000, 0x00000000e8000000)
  eden space 87424K,   0% used [0x00000000e0000000, 0x00000000e0000000, 0x00000000e5560000)
  from space 21824K,  26% used [0x00000000e5560000, 0x00000000e5b06f80, 0x00000000e6ab0000)
  to   space 21824K,   0% used [0x00000000e6ab0000, 0x00000000e6ab0000, 0x00000000e8000000)
 concurrent mark-sweep generation total 393216K, used 25241K [0x00000000e8000000, 0x0000000100000000, 0x0000000100000000)
 Metaspace       used 39780K, capacity 40394K, committed 40684K, reserved 1085440K
  class space    used 4300K, capacity 4486K, committed 4604K, reserved 1048576K
}
2015-12-06T19:59:43.895+0530: 350.189: Total time for which application threads were stopped: 0.1404641 seconds, Stopping threads took: 0.0001150 seconds
2015-12-06T19:59:44.997+0530: 351.291: Total time for which application threads were stopped: 0.0004896 seconds, Stopping threads took: 0.0000738 seconds
2015-12-06T19:59:44.998+0530: 351.292: Total time for which application threads were stopped: 0.0004336 seconds, Stopping threads took: 0.0001449 seconds
2015-12-06T19:59:44.998+0530: 351.292: Total time for which application threads were stopped: 0.0002934 seconds, Stopping threads took: 0.0000386 seconds
2015-12-06T19:59:44.999+0530: 351.293: Total time for which application threads were stopped: 0.0002921 seconds, Stopping threads took: 0.0000348 seconds
2015-12-06T19:59:44.999+0530: 351.293: Total time for which application threads were stopped: 0.0002987 seconds, Stopping threads took: 0.0000479 seconds
2015-12-06T19:59:45.992+0530: 352.286: Total time for which application threads were stopped: 0.0024048 seconds, Stopping threads took: 0.0020976 seconds
2015-12-06T19:59:46.457+0530: 352.750: Total time for which application threads were stopped: 0.0003479 seconds, Stopping threads took: 0.0000732 seconds
2015-12-06T19:59:46.457+0530: 352.751: Total time for which application threads were stopped: 0.0002319 seconds, Stopping threads took: 0.0000604 seconds
2015-12-06T19:59:46.457+0530: 352.751: Total time for which application threads were stopped: 0.0001753 seconds, Stopping threads took: 0.0000403 seconds
2015-12-06T19:59:46.457+0530: 352.751: Total time for which application threads were stopped: 0.0000876 seconds, Stopping threads took: 0.0000160 seconds
2015-12-06T19:59:47.458+0530: 353.752: Total time for which application threads were stopped: 0.0002350 seconds, Stopping threads took: 0.0000449 seconds
2015-12-06T19:59:48.328+0530: 354.622: Total time for which application threads were stopped: 0.0002714 seconds, Stopping threads took: 0.0000599 seconds
2015-12-06T19:59:48.329+0530: 354.623: Total time for which application threads were stopped: 0.0001842 seconds, Stopping threads took: 0.0000477 seconds
2015-12-06T19:59:48.339+0530: 354.633: Total time for which application threads were stopped: 0.0002504 seconds, Stopping threads took: 0.0000630 seconds
2015-12-06T19:59:48.339+0530: 354.633: Total time for which application threads were stopped: 0.0002139 seconds, Stopping threads took: 0.0000708 seconds
2015-12-06T19:59:49.341+0530: 355.635: Total time for which application threads were stopped: 0.0004406 seconds, Stopping threads took: 0.0000724 seconds
2015-12-06T19:59:50.287+0530: 356.580: Total time for which application threads were stopped: 0.0001941 seconds, Stopping threads took: 0.0000336 seconds
2015-12-06T19:59:51.888+0530: 358.182: Total time for which application threads were stopped: 0.0003978 seconds, Stopping threads took: 0.0000684 seconds
2015-12-06T19:59:52.889+0530: 359.183: Total time for which application threads were stopped: 0.0003858 seconds, Stopping threads took: 0.0000636 seconds
2015-12-06T19:59:56.644+0530: 362.938: Total time for which application threads were stopped: 0.0004576 seconds, Stopping threads took: 0.0000834 seconds
2015-12-06T19:59:58.644+0530: 364.938: Total time for which application threads were stopped: 0.0004263 seconds, Stopping threads took: 0.0000731 seconds
2015-12-06T19:59:59.757+0530: 366.051: Total time for which application threads were stopped: 0.0003899 seconds, Stopping threads took: 0.0001241 seconds
2015-12-06T20:00:00.758+0530: 367.052: Total time for which application threads were stopped: 0.0001660 seconds, Stopping threads took: 0.0000299 seconds
2015-12-06T20:00:01.758+0530: 368.052: Total time for which application threads were stopped: 0.0003833 seconds, Stopping threads took: 0.0000600 seconds
2015-12-06T20:00:02.759+0530: 369.053: Total time for which application threads were stopped: 0.0003790 seconds, Stopping threads took: 0.0000475 seconds
2015-12-06T20:00:09.002+0530: 375.296: Total time for which application threads were stopped: 0.0004602 seconds, Stopping threads took: 0.0001180 seconds
2015-12-06T20:00:09.003+0530: 375.296: Total time for which application threads were stopped: 0.0003449 seconds, Stopping threads took: 0.0000927 seconds
2015-12-06T20:00:09.003+0530: 375.297: Total time for which application threads were stopped: 0.0003043 seconds, Stopping threads took: 0.0001042 seconds
2015-12-06T20:00:09.004+0530: 375.297: Total time for which application threads were stopped: 0.0003208 seconds, Stopping threads took: 0.0001090 seconds
2015-12-06T20:00:09.004+0530: 375.298: Total time for which application threads were stopped: 0.0007491 seconds, Stopping threads took: 0.0000903 seconds
2015-12-06T20:00:10.005+0530: 376.299: Total time for which application threads were stopped: 0.0002312 seconds, Stopping threads took: 0.0000598 seconds
2015-12-06T20:00:11.005+0530: 377.299: Total time for which application threads were stopped: 0.0004352 seconds, Stopping threads took: 0.0000643 seconds
2015-12-06T20:00:12.006+0530: 378.300: Total time for which application threads were stopped: 0.0002814 seconds, Stopping threads took: 0.0000451 seconds
2015-12-06T20:00:15.006+0530: 381.300: Total time for which application threads were stopped: 0.0002618 seconds, Stopping threads took: 0.0000463 seconds
2015-12-06T20:00:16.007+0530: 382.301: Total time for which application threads were stopped: 0.0002881 seconds, Stopping threads took: 0.0000810 seconds
2015-12-06T20:00:17.242+0530: 383.536: Total time for which application threads were stopped: 0.0005090 seconds, Stopping threads took: 0.0000768 seconds
2015-12-06T20:00:17.242+0530: 383.536: Total time for which application threads were stopped: 0.0003887 seconds, Stopping threads took: 0.0000553 seconds
2015-12-06T20:00:17.243+0530: 383.537: Total time for which application threads were stopped: 0.0004091 seconds, Stopping threads took: 0.0000924 seconds
2015-12-06T20:00:17.243+0530: 383.537: Total time for which application threads were stopped: 0.0004082 seconds, Stopping threads took: 0.0000939 seconds
2015-12-06T20:00:17.244+0530: 383.538: Total time for which application threads were stopped: 0.0003317 seconds, Stopping threads took: 0.0000425 seconds
2015-12-06T20:00:19.150+0530: 385.444: Total time for which application threads were stopped: 0.0003548 seconds, Stopping threads took: 0.0000674 seconds
2015-12-06T20:00:19.150+0530: 385.444: Total time for which application threads were stopped: 0.0002027 seconds, Stopping threads took: 0.0000293 seconds
2015-12-06T20:00:19.684+0530: 385.978: Total time for which application threads were stopped: 0.0004694 seconds, Stopping threads took: 0.0001274 seconds
2015-12-06T20:00:19.685+0530: 385.979: Total time for which application threads were stopped: 0.0002939 seconds, Stopping threads took: 0.0000459 seconds
2015-12-06T20:00:20.685+0530: 386.979: Total time for which application threads were stopped: 0.0003352 seconds, Stopping threads took: 0.0000943 seconds
{Heap before GC invocations=42 (full 2):
 par new generation   total 109248K, used 93211K [0x00000000e0000000, 0x00000000e8000000, 0x00000000e8000000)
  eden space 87424K, 100% used [0x00000000e0000000, 0x00000000e5560000, 0x00000000e5560000)
  from space 21824K,  26% used [0x00000000e5560000, 0x00000000e5b06f80, 0x00000000e6ab0000)
  to   space 21824K,   0% used [0x00000000e6ab0000, 0x00000000e6ab0000, 0x00000000e8000000)
 concurrent mark-sweep generation total 393216K, used 25241K [0x00000000e8000000, 0x0000000100000000, 0x0000000100000000)
 Metaspace       used 39890K, capacity 40522K, committed 40940K, reserved 1085440K
  class space    used 4301K, capacity 4486K, committed 4604K, reserved 1048576K
2015-12-06T20:00:21.245+0530: 387.539: [GC (Allocation Failure) 387.539: [ParNew
Desired survivor size 20112992 bytes, new threshold 8 (max 8)
- age   1:    3630344 bytes,    3630344 total
- age   2:     190680 bytes,    3821024 total
- age   3:     267640 bytes,    4088664 total
- age   4:     270200 bytes,    4358864 total
- age   5:      27560 bytes,    4386424 total
- age   6:      30216 bytes,    4416640 total
- age   7:      13400 bytes,    4430040 total
- age   8:      53752 bytes,    4483792 total
: 93211K->5853K(109248K), 0.0130571 secs] 118453K->31124K(502464K), 0.1084294 secs] [Times: user=0.04 sys=0.01, real=0.11 secs] 
Heap after GC invocations=43 (full 2):
 par new generation   total 109248K, used 5853K [0x00000000e0000000, 0x00000000e8000000, 0x00000000e8000000)
  eden space 87424K,   0% used [0x00000000e0000000, 0x00000000e0000000, 0x00000000e5560000)
  from space 21824K,  26% used [0x00000000e6ab0000, 0x00000000e70677a0, 0x00000000e8000000)
  to   space 21824K,   0% used [0x00000000e5560000, 0x00000000e5560000, 0x00000000e6ab0000)
 concurrent mark-sweep generation total 393216K, used 25270K [0x00000000e8000000, 0x0000000100000000, 0x0000000100000000)
 Metaspace       used 39890K, capacity 40522K, committed 40940K, reserved 1085440K
  class space    used 4301K, capacity 4486K, committed 4604K, reserved 1048576K
}
2015-12-06T20:00:21.354+0530: 387.648: Total time for which application threads were stopped: 0.2272368 seconds, Stopping threads took: 0.0001316 seconds
2015-12-06T20:00:21.355+0530: 387.649: Total time for which application threads were stopped: 0.0008255 seconds, Stopping threads took: 0.0000639 seconds
2015-12-06T20:00:21.363+0530: 387.657: Total time for which application threads were stopped: 0.0003634 seconds, Stopping threads took: 0.0000536 seconds
2015-12-06T20:00:26.364+0530: 392.658: Total time for which application threads were stopped: 0.0004034 seconds, Stopping threads took: 0.0000693 seconds
2015-12-06T20:00:27.364+0530: 393.658: Total time for which application threads were stopped: 0.0002072 seconds, Stopping threads took: 0.0000389 seconds
2015-12-06T20:00:27.886+0530: 394.180: Total time for which application threads were stopped: 0.0012087 seconds, Stopping threads took: 0.0010087 seconds
2015-12-06T20:00:27.889+0530: 394.183: Total time for which application threads were stopped: 0.0019144 seconds, Stopping threads took: 0.0017057 seconds
2015-12-06T20:00:27.890+0530: 394.184: Total time for which application threads were stopped: 0.0001873 seconds, Stopping threads took: 0.0000542 seconds
2015-12-06T20:00:29.890+0530: 396.184: Total time for which application threads were stopped: 0.0003975 seconds, Stopping threads took: 0.0000739 seconds
2015-12-06T20:00:31.891+0530: 398.185: Total time for which application threads were stopped: 0.0003820 seconds, Stopping threads took: 0.0000729 seconds
2015-12-06T20:00:32.892+0530: 399.185: Total time for which application threads were stopped: 0.0003106 seconds, Stopping threads took: 0.0000618 seconds
2015-12-06T20:00:34.892+0530: 401.186: Total time for which application threads were stopped: 0.0004097 seconds, Stopping threads took: 0.0000659 seconds
2015-12-06T20:00:35.893+0530: 402.187: Total time for which application threads were stopped: 0.0002881 seconds, Stopping threads took: 0.0000555 seconds
2015-12-06T20:00:38.521+0530: 404.815: Total time for which application threads were stopped: 0.0004249 seconds, Stopping threads took: 0.0001639 seconds
2015-12-06T20:00:38.522+0530: 404.816: Total time for which application threads were stopped: 0.0002269 seconds, Stopping threads took: 0.0000366 seconds
2015-12-06T20:00:38.522+0530: 404.816: Total time for which application threads were stopped: 0.0002214 seconds, Stopping threads took: 0.0000358 seconds
2015-12-06T20:00:38.523+0530: 404.816: Total time for which application threads were stopped: 0.0002211 seconds, Stopping threads took: 0.0000359 seconds
2015-12-06T20:00:40.523+0530: 406.817: Total time for which application threads were stopped: 0.0001919 seconds, Stopping threads took: 0.0000285 seconds
2015-12-06T20:00:41.523+0530: 407.817: Total time for which application threads were stopped: 0.0002173 seconds, Stopping threads took: 0.0000368 seconds
2015-12-06T20:00:42.524+0530: 408.818: Total time for which application threads were stopped: 0.0003785 seconds, Stopping threads took: 0.0000622 seconds
2015-12-06T20:00:44.432+0530: 410.726: Total time for which application threads were stopped: 0.0002479 seconds, Stopping threads took: 0.0000602 seconds
2015-12-06T20:00:46.433+0530: 412.726: Total time for which application threads were stopped: 0.0003156 seconds, Stopping threads took: 0.0000649 seconds
2015-12-06T20:00:48.611+0530: 414.905: Total time for which application threads were stopped: 0.0003445 seconds, Stopping threads took: 0.0000835 seconds
2015-12-06T20:00:51.612+0530: 417.906: Total time for which application threads were stopped: 0.0002317 seconds, Stopping threads took: 0.0000384 seconds
2015-12-06T20:00:52.776+0530: 419.070: Total time for which application threads were stopped: 0.0002082 seconds, Stopping threads took: 0.0000298 seconds
2015-12-06T20:00:52.776+0530: 419.070: Total time for which application threads were stopped: 0.0001402 seconds, Stopping threads took: 0.0000166 seconds
2015-12-06T20:00:54.070+0530: 420.364: Total time for which application threads were stopped: 0.0004714 seconds, Stopping threads took: 0.0000729 seconds
2015-12-06T20:00:54.070+0530: 420.364: Total time for which application threads were stopped: 0.0003438 seconds, Stopping threads took: 0.0000391 seconds
2015-12-06T20:00:54.071+0530: 420.364: Total time for which application threads were stopped: 0.0002972 seconds, Stopping threads took: 0.0000325 seconds
2015-12-06T20:00:54.071+0530: 420.365: Total time for which application threads were stopped: 0.0002949 seconds, Stopping threads took: 0.0000387 seconds
2015-12-06T20:00:54.080+0530: 420.374: Total time for which application threads were stopped: 0.0016291 seconds, Stopping threads took: 0.0012843 seconds
2015-12-06T20:00:54.081+0530: 420.375: Total time for which application threads were stopped: 0.0002600 seconds, Stopping threads took: 0.0000462 seconds
2015-12-06T20:00:54.805+0530: 421.099: Total time for which application threads were stopped: 0.0002571 seconds, Stopping threads took: 0.0000352 seconds
2015-12-06T20:00:54.844+0530: 421.138: Total time for which application threads were stopped: 0.0002228 seconds, Stopping threads took: 0.0000351 seconds
2015-12-06T20:00:57.835+0530: 424.129: Total time for which application threads were stopped: 0.0002194 seconds, Stopping threads took: 0.0000623 seconds
2015-12-06T20:00:58.836+0530: 425.130: Total time for which application threads were stopped: 0.0003502 seconds, Stopping threads took: 0.0000552 seconds
2015-12-06T20:00:59.740+0530: 426.033: Total time for which application threads were stopped: 0.0010398 seconds, Stopping threads took: 0.0001470 seconds
2015-12-06T20:01:00.740+0530: 427.034: Total time for which application threads were stopped: 0.0002387 seconds, Stopping threads took: 0.0000377 seconds
2015-12-06T20:01:01.740+0530: 428.034: Total time for which application threads were stopped: 0.0003089 seconds, Stopping threads took: 0.0000612 seconds
2015-12-06T20:01:01.776+0530: 428.070: Total time for which application threads were stopped: 0.0003764 seconds, Stopping threads took: 0.0000697 seconds
2015-12-06T20:01:04.466+0530: 430.760: Total time for which application threads were stopped: 0.0005186 seconds, Stopping threads took: 0.0001441 seconds
2015-12-06T20:01:05.086+0530: 431.380: Total time for which application threads were stopped: 0.0002415 seconds, Stopping threads took: 0.0000394 seconds
2015-12-06T20:01:07.087+0530: 433.381: Total time for which application threads were stopped: 0.0002229 seconds, Stopping threads took: 0.0000392 seconds
{Heap before GC invocations=43 (full 2):
 par new generation   total 109248K, used 93277K [0x00000000e0000000, 0x00000000e8000000, 0x00000000e8000000)
  eden space 87424K, 100% used [0x00000000e0000000, 0x00000000e5560000, 0x00000000e5560000)
  from space 21824K,  26% used [0x00000000e6ab0000, 0x00000000e70677a0, 0x00000000e8000000)
  to   space 21824K,   0% used [0x00000000e5560000, 0x00000000e5560000, 0x00000000e6ab0000)
 concurrent mark-sweep generation total 393216K, used 25270K [0x00000000e8000000, 0x0000000100000000, 0x0000000100000000)
 Metaspace       used 39999K, capacity 40586K, committed 40940K, reserved 1085440K
  class space    used 4301K, capacity 4486K, committed 4604K, reserved 1048576K
2015-12-06T20:01:08.550+0530: 434.844: [GC (Allocation Failure) 434.844: [ParNew
Desired survivor size 20112992 bytes, new threshold 8 (max 8)
- age   1:    2281760 bytes,    2281760 total
- age   2:    1838424 bytes,    4120184 total
- age   3:     168048 bytes,    4288232 total
- age   4:     236552 bytes,    4524784 total
- age   5:     259496 bytes,    4784280 total
- age   6:      25224 bytes,    4809504 total
- age   7:      29440 bytes,    4838944 total
- age   8:      13400 bytes,    4852344 total
: 93277K->6381K(109248K), 0.0148613 secs] 118548K->31704K(502464K), 0.9748798 secs] [Times: user=0.03 sys=0.00, real=0.98 secs] 
Heap after GC invocations=44 (full 2):
 par new generation   total 109248K, used 6381K [0x00000000e0000000, 0x00000000e8000000, 0x00000000e8000000)
  eden space 87424K,   0% used [0x00000000e0000000, 0x00000000e0000000, 0x00000000e5560000)
  from space 21824K,  29% used [0x00000000e5560000, 0x00000000e5b9b5b8, 0x00000000e6ab0000)
  to   space 21824K,   0% used [0x00000000e6ab0000, 0x00000000e6ab0000, 0x00000000e8000000)
 concurrent mark-sweep generation total 393216K, used 25322K [0x00000000e8000000, 0x0000000100000000, 0x0000000100000000)
 Metaspace       used 39999K, capacity 40586K, committed 40940K, reserved 1085440K
  class space    used 4301K, capacity 4486K, committed 4604K, reserved 1048576K
}
2015-12-06T20:01:09.525+0530: 435.819: Total time for which application threads were stopped: 0.9756193 seconds, Stopping threads took: 0.0000324 seconds
2015-12-06T20:01:12.526+0530: 438.820: Total time for which application threads were stopped: 0.0003854 seconds, Stopping threads took: 0.0000638 seconds
2015-12-06T20:01:14.060+0530: 440.354: Total time for which application threads were stopped: 0.0004123 seconds, Stopping threads took: 0.0000711 seconds
2015-12-06T20:01:14.060+0530: 440.354: Total time for which application threads were stopped: 0.0002272 seconds, Stopping threads took: 0.0000338 seconds
2015-12-06T20:01:17.718+0530: 444.012: Total time for which application threads were stopped: 0.0023692 seconds, Stopping threads took: 0.0021368 seconds
2015-12-06T20:01:18.940+0530: 445.233: Total time for which application threads were stopped: 0.0002731 seconds, Stopping threads took: 0.0001005 seconds
2015-12-06T20:01:18.940+0530: 445.234: Total time for which application threads were stopped: 0.0004599 seconds, Stopping threads took: 0.0001615 seconds
2015-12-06T20:01:19.419+0530: 445.713: Total time for which application threads were stopped: 0.0008911 seconds, Stopping threads took: 0.0006082 seconds
2015-12-06T20:01:19.420+0530: 445.714: Total time for which application threads were stopped: 0.0003435 seconds, Stopping threads took: 0.0000474 seconds
2015-12-06T20:01:19.420+0530: 445.714: Total time for which application threads were stopped: 0.0003643 seconds, Stopping threads took: 0.0001127 seconds
2015-12-06T20:01:19.461+0530: 445.755: Total time for which application threads were stopped: 0.0002488 seconds, Stopping threads took: 0.0000791 seconds
2015-12-06T20:01:20.461+0530: 446.755: Total time for which application threads were stopped: 0.0002783 seconds, Stopping threads took: 0.0000691 seconds
2015-12-06T20:01:21.570+0530: 447.864: Total time for which application threads were stopped: 0.0004270 seconds, Stopping threads took: 0.0000733 seconds
2015-12-06T20:01:22.570+0530: 448.864: Total time for which application threads were stopped: 0.0001568 seconds, Stopping threads took: 0.0000293 seconds
2015-12-06T20:01:23.033+0530: 449.327: Total time for which application threads were stopped: 0.0036275 seconds, Stopping threads took: 0.0033310 seconds
2015-12-06T20:01:23.129+0530: 449.423: Total time for which application threads were stopped: 0.0003793 seconds, Stopping threads took: 0.0001181 seconds
2015-12-06T20:01:23.580+0530: 449.874: Total time for which application threads were stopped: 0.0012920 seconds, Stopping threads took: 0.0001533 seconds
2015-12-06T20:01:23.764+0530: 450.058: Total time for which application threads were stopped: 0.0004914 seconds, Stopping threads took: 0.0001375 seconds
2015-12-06T20:01:24.765+0530: 451.059: Total time for which application threads were stopped: 0.0003892 seconds, Stopping threads took: 0.0000650 seconds
2015-12-06T20:01:24.978+0530: 451.272: Total time for which application threads were stopped: 0.0004797 seconds, Stopping threads took: 0.0001172 seconds
2015-12-06T20:01:25.978+0530: 452.272: Total time for which application threads were stopped: 0.0003356 seconds, Stopping threads took: 0.0000568 seconds
2015-12-06T20:01:26.979+0530: 453.273: Total time for which application threads were stopped: 0.0003984 seconds, Stopping threads took: 0.0000633 seconds
2015-12-06T20:01:28.625+0530: 454.919: Total time for which application threads were stopped: 0.0045367 seconds, Stopping threads took: 0.0043837 seconds
2015-12-06T20:01:28.626+0530: 454.919: Total time for which application threads were stopped: 0.0001356 seconds, Stopping threads took: 0.0000246 seconds
2015-12-06T20:01:28.626+0530: 454.919: Total time for which application threads were stopped: 0.0000795 seconds, Stopping threads took: 0.0000181 seconds
2015-12-06T20:01:28.626+0530: 454.920: Total time for which application threads were stopped: 0.0001689 seconds, Stopping threads took: 0.0000665 seconds
2015-12-06T20:01:29.627+0530: 455.920: Total time for which application threads were stopped: 0.0003922 seconds, Stopping threads took: 0.0000648 seconds
2015-12-06T20:01:30.627+0530: 456.921: Total time for which application threads were stopped: 0.0003177 seconds, Stopping threads took: 0.0000639 seconds
2015-12-06T20:01:32.628+0530: 458.921: Total time for which application threads were stopped: 0.0002338 seconds, Stopping threads took: 0.0000342 seconds
2015-12-06T20:01:33.053+0530: 459.347: Total time for which application threads were stopped: 0.0003894 seconds, Stopping threads took: 0.0000622 seconds
2015-12-06T20:01:34.053+0530: 460.347: Total time for which application threads were stopped: 0.0003192 seconds, Stopping threads took: 0.0000517 seconds
2015-12-06T20:01:34.500+0530: 460.793: Total time for which application threads were stopped: 0.0002107 seconds, Stopping threads took: 0.0000357 seconds
2015-12-06T20:01:39.347+0530: 465.641: Total time for which application threads were stopped: 0.0002393 seconds, Stopping threads took: 0.0000390 seconds
2015-12-06T20:01:39.347+0530: 465.641: Total time for which application threads were stopped: 0.0001371 seconds, Stopping threads took: 0.0000207 seconds
2015-12-06T20:01:42.348+0530: 468.642: Total time for which application threads were stopped: 0.0003451 seconds, Stopping threads took: 0.0000607 seconds
2015-12-06T20:01:44.348+0530: 470.642: Total time for which application threads were stopped: 0.0002095 seconds, Stopping threads took: 0.0000377 seconds
{Heap before GC invocations=44 (full 2):
 par new generation   total 109248K, used 93805K [0x00000000e0000000, 0x00000000e8000000, 0x00000000e8000000)
  eden space 87424K, 100% used [0x00000000e0000000, 0x00000000e5560000, 0x00000000e5560000)
  from space 21824K,  29% used [0x00000000e5560000, 0x00000000e5b9b5b8, 0x00000000e6ab0000)
  to   space 21824K,   0% used [0x00000000e6ab0000, 0x00000000e6ab0000, 0x00000000e8000000)
 concurrent mark-sweep generation total 393216K, used 25322K [0x00000000e8000000, 0x0000000100000000, 0x0000000100000000)
 Metaspace       used 40023K, capacity 40586K, committed 40940K, reserved 1085440K
  class space    used 4301K, capacity 4486K, committed 4604K, reserved 1048576K
2015-12-06T20:01:44.365+0530: 470.659: [GC (Allocation Failure) 470.940: [ParNew
Desired survivor size 20112992 bytes, new threshold 8 (max 8)
- age   1:    3381728 bytes,    3381728 total
- age   2:     275720 bytes,    3657448 total
- age   3:     237560 bytes,    3895008 total
- age   4:     156160 bytes,    4051168 total
- age   5:     236552 bytes,    4287720 total
- age   6:     259496 bytes,    4547216 total
- age   7:      25224 bytes,    4572440 total
- age   8:      27880 bytes,    4600320 total
: 93805K->5786K(109248K), 0.0230534 secs] 119128K->31122K(502464K), 0.3038208 secs] [Times: user=0.05 sys=0.00, real=0.30 secs] 
Heap after GC invocations=45 (full 2):
 par new generation   total 109248K, used 5786K [0x00000000e0000000, 0x00000000e8000000, 0x00000000e8000000)
  eden space 87424K,   0% used [0x00000000e0000000, 0x00000000e0000000, 0x00000000e5560000)
  from space 21824K,  26% used [0x00000000e6ab0000, 0x00000000e7056a50, 0x00000000e8000000)
  to   space 21824K,   0% used [0x00000000e5560000, 0x00000000e5560000, 0x00000000e6ab0000)
 concurrent mark-sweep generation total 393216K, used 25335K [0x00000000e8000000, 0x0000000100000000, 0x0000000100000000)
 Metaspace       used 40023K, capacity 40586K, committed 40940K, reserved 1085440K
  class space    used 4301K, capacity 4486K, committed 4604K, reserved 1048576K
}
2015-12-06T20:01:44.669+0530: 470.963: Total time for which application threads were stopped: 0.3041615 seconds, Stopping threads took: 0.0000321 seconds
2015-12-06T20:01:45.669+0530: 471.963: Total time for which application threads were stopped: 0.0003641 seconds, Stopping threads took: 0.0000738 seconds
2015-12-06T20:01:46.296+0530: 472.590: Total time for which application threads were stopped: 0.0046566 seconds, Stopping threads took: 0.0045108 seconds
2015-12-06T20:01:46.297+0530: 472.591: Total time for which application threads were stopped: 0.0002142 seconds, Stopping threads took: 0.0000718 seconds
2015-12-06T20:01:46.297+0530: 472.591: Total time for which application threads were stopped: 0.0001064 seconds, Stopping threads took: 0.0000206 seconds
2015-12-06T20:01:46.297+0530: 472.591: Total time for which application threads were stopped: 0.0001137 seconds, Stopping threads took: 0.0000360 seconds
2015-12-06T20:01:46.854+0530: 473.147: Total time for which application threads were stopped: 0.0012528 seconds, Stopping threads took: 0.0010288 seconds
2015-12-06T20:01:46.868+0530: 473.161: Total time for which application threads were stopped: 0.0002108 seconds, Stopping threads took: 0.0000301 seconds
2015-12-06T20:01:47.623+0530: 473.916: Total time for which application threads were stopped: 0.0002346 seconds, Stopping threads took: 0.0000474 seconds
2015-12-06T20:01:50.623+0530: 476.917: Total time for which application threads were stopped: 0.0005575 seconds, Stopping threads took: 0.0000815 seconds
2015-12-06T20:01:53.609+0530: 479.903: Total time for which application threads were stopped: 0.0004503 seconds, Stopping threads took: 0.0000623 seconds
2015-12-06T20:01:53.609+0530: 479.903: Total time for which application threads were stopped: 0.0002478 seconds, Stopping threads took: 0.0000359 seconds
2015-12-06T20:01:55.480+0530: 481.774: Total time for which application threads were stopped: 0.0005266 seconds, Stopping threads took: 0.0001574 seconds
2015-12-06T20:01:57.851+0530: 484.145: Total time for which application threads were stopped: 0.0007789 seconds, Stopping threads took: 0.0000613 seconds
2015-12-06T20:01:58.851+0530: 485.145: Total time for which application threads were stopped: 0.0002488 seconds, Stopping threads took: 0.0000406 seconds
2015-12-06T20:01:59.022+0530: 485.315: Total time for which application threads were stopped: 0.0002024 seconds, Stopping threads took: 0.0000367 seconds
2015-12-06T20:01:59.022+0530: 485.316: Total time for which application threads were stopped: 0.0001262 seconds, Stopping threads took: 0.0000196 seconds
2015-12-06T20:01:59.022+0530: 485.316: Total time for which application threads were stopped: 0.0001139 seconds, Stopping threads took: 0.0000202 seconds
2015-12-06T20:02:01.096+0530: 487.390: Total time for which application threads were stopped: 0.0004131 seconds, Stopping threads took: 0.0000985 seconds
2015-12-06T20:02:02.096+0530: 488.390: Total time for which application threads were stopped: 0.0002130 seconds, Stopping threads took: 0.0000319 seconds
2015-12-06T20:02:03.097+0530: 489.390: Total time for which application threads were stopped: 0.0002792 seconds, Stopping threads took: 0.0000459 seconds
2015-12-06T20:02:03.387+0530: 489.681: Total time for which application threads were stopped: 0.0007420 seconds, Stopping threads took: 0.0001203 seconds
2015-12-06T20:02:03.593+0530: 489.887: Total time for which application threads were stopped: 0.0004482 seconds, Stopping threads took: 0.0001170 seconds
2015-12-06T20:02:03.793+0530: 490.087: Total time for which application threads were stopped: 0.0004280 seconds, Stopping threads took: 0.0001003 seconds
2015-12-06T20:02:05.737+0530: 492.031: Total time for which application threads were stopped: 0.0002539 seconds, Stopping threads took: 0.0000338 seconds
2015-12-06T20:02:08.110+0530: 494.404: Total time for which application threads were stopped: 0.0002021 seconds, Stopping threads took: 0.0000386 seconds
2015-12-06T20:02:08.126+0530: 494.420: Total time for which application threads were stopped: 0.0002728 seconds, Stopping threads took: 0.0000434 seconds
2015-12-06T20:02:09.414+0530: 495.708: Total time for which application threads were stopped: 0.0004587 seconds, Stopping threads took: 0.0002900 seconds
2015-12-06T20:02:09.426+0530: 495.719: Total time for which application threads were stopped: 0.0009584 seconds, Stopping threads took: 0.0001088 seconds
2015-12-06T20:02:12.426+0530: 498.720: Total time for which application threads were stopped: 0.0004595 seconds, Stopping threads took: 0.0000641 seconds
2015-12-06T20:02:13.728+0530: 500.022: Total time for which application threads were stopped: 0.0002218 seconds, Stopping threads took: 0.0000345 seconds
2015-12-06T20:02:14.728+0530: 501.022: Total time for which application threads were stopped: 0.0003872 seconds, Stopping threads took: 0.0000911 seconds
2015-12-06T20:02:15.729+0530: 502.023: Total time for which application threads were stopped: 0.0005237 seconds, Stopping threads took: 0.0000705 seconds
2015-12-06T20:02:16.072+0530: 502.366: Total time for which application threads were stopped: 0.0004602 seconds, Stopping threads took: 0.0000658 seconds
2015-12-06T20:02:16.072+0530: 502.366: Total time for which application threads were stopped: 0.0002825 seconds, Stopping threads took: 0.0000293 seconds
2015-12-06T20:02:17.418+0530: 503.712: Total time for which application threads were stopped: 0.0004889 seconds, Stopping threads took: 0.0001070 seconds
2015-12-06T20:02:24.419+0530: 510.713: Total time for which application threads were stopped: 0.0001972 seconds, Stopping threads took: 0.0000338 seconds
2015-12-06T20:02:24.468+0530: 510.762: Total time for which application threads were stopped: 0.0001999 seconds, Stopping threads took: 0.0000343 seconds
2015-12-06T20:02:26.468+0530: 512.762: Total time for which application threads were stopped: 0.0001883 seconds, Stopping threads took: 0.0000423 seconds
2015-12-06T20:02:28.978+0530: 515.271: Total time for which application threads were stopped: 0.0003689 seconds, Stopping threads took: 0.0000497 seconds
2015-12-06T20:02:28.978+0530: 515.272: Total time for which application threads were stopped: 0.0002766 seconds, Stopping threads took: 0.0000384 seconds
2015-12-06T20:02:29.369+0530: 515.663: Total time for which application threads were stopped: 0.0003893 seconds, Stopping threads took: 0.0000883 seconds
{Heap before GC invocations=45 (full 2):
 par new generation   total 109248K, used 93210K [0x00000000e0000000, 0x00000000e8000000, 0x00000000e8000000)
  eden space 87424K, 100% used [0x00000000e0000000, 0x00000000e5560000, 0x00000000e5560000)
  from space 21824K,  26% used [0x00000000e6ab0000, 0x00000000e7056a50, 0x00000000e8000000)
  to   space 21824K,   0% used [0x00000000e5560000, 0x00000000e5560000, 0x00000000e6ab0000)
 concurrent mark-sweep generation total 393216K, used 25335K [0x00000000e8000000, 0x0000000100000000, 0x0000000100000000)
 Metaspace       used 40041K, capacity 40586K, committed 40940K, reserved 1085440K
  class space    used 4301K, capacity 4486K, committed 4604K, reserved 1048576K
2015-12-06T20:02:29.372+0530: 515.665: [GC (Allocation Failure) 515.844: [ParNew
Desired survivor size 20112992 bytes, new threshold 8 (max 8)
- age   1:    1739280 bytes,    1739280 total
- age   2:    2711904 bytes,    4451184 total
- age   3:     244336 bytes,    4695520 total
- age   4:     226440 bytes,    4921960 total
- age   5:     151464 bytes,    5073424 total
- age   6:     236552 bytes,    5309976 total
- age   7:     259472 bytes,    5569448 total
- age   8:      24448 bytes,    5593896 total
: 93210K->6836K(109248K), 0.0078219 secs] 118546K->32199K(502464K), 0.3545301 secs] [Times: user=0.02 sys=0.00, real=0.36 secs] 
Heap after GC invocations=46 (full 2):
 par new generation   total 109248K, used 6836K [0x00000000e0000000, 0x00000000e8000000, 0x00000000e8000000)
  eden space 87424K,   0% used [0x00000000e0000000, 0x00000000e0000000, 0x00000000e5560000)
  from space 21824K,  31% used [0x00000000e5560000, 0x00000000e5c0d1d0, 0x00000000e6ab0000)
  to   space 21824K,   0% used [0x00000000e6ab0000, 0x00000000e6ab0000, 0x00000000e8000000)
 concurrent mark-sweep generation total 393216K, used 25363K [0x00000000e8000000, 0x0000000100000000, 0x0000000100000000)
 Metaspace       used 40041K, capacity 40586K, committed 40940K, reserved 1085440K
  class space    used 4301K, capacity 4486K, committed 4604K, reserved 1048576K
}
2015-12-06T20:02:29.726+0530: 516.020: Total time for which application threads were stopped: 0.3550477 seconds, Stopping threads took: 0.0000605 seconds
2015-12-06T20:02:29.729+0530: 516.023: Total time for which application threads were stopped: 0.0002588 seconds, Stopping threads took: 0.0000453 seconds
2015-12-06T20:02:29.731+0530: 516.025: Total time for which application threads were stopped: 0.0005439 seconds, Stopping threads took: 0.0000426 seconds
2015-12-06T20:02:30.169+0530: 516.462: Total time for which application threads were stopped: 0.0001785 seconds, Stopping threads took: 0.0000323 seconds
2015-12-06T20:02:30.169+0530: 516.463: Total time for which application threads were stopped: 0.0000817 seconds, Stopping threads took: 0.0000156 seconds
2015-12-06T20:02:31.442+0530: 517.735: Total time for which application threads were stopped: 0.0002064 seconds, Stopping threads took: 0.0000339 seconds
2015-12-06T20:02:31.442+0530: 517.736: Total time for which application threads were stopped: 0.0001318 seconds, Stopping threads took: 0.0000166 seconds
2015-12-06T20:02:31.442+0530: 517.736: Total time for which application threads were stopped: 0.0001142 seconds, Stopping threads took: 0.0000144 seconds
2015-12-06T20:02:31.683+0530: 517.976: Total time for which application threads were stopped: 0.0001613 seconds, Stopping threads took: 0.0000280 seconds
2015-12-06T20:02:32.093+0530: 518.387: Total time for which application threads were stopped: 0.0001744 seconds, Stopping threads took: 0.0000374 seconds
2015-12-06T20:02:33.094+0530: 519.388: Total time for which application threads were stopped: 0.0002289 seconds, Stopping threads took: 0.0000348 seconds
2015-12-06T20:02:35.207+0530: 521.501: Total time for which application threads were stopped: 0.0002344 seconds, Stopping threads took: 0.0000375 seconds
2015-12-06T20:02:36.207+0530: 522.501: Total time for which application threads were stopped: 0.0002682 seconds, Stopping threads took: 0.0000336 seconds
2015-12-06T20:02:36.854+0530: 523.147: Total time for which application threads were stopped: 0.0005427 seconds, Stopping threads took: 0.0000887 seconds
2015-12-06T20:02:36.854+0530: 523.148: Total time for which application threads were stopped: 0.0002202 seconds, Stopping threads took: 0.0000270 seconds
2015-12-06T20:02:37.445+0530: 523.739: Total time for which application threads were stopped: 0.0006407 seconds, Stopping threads took: 0.0002846 seconds
2015-12-06T20:02:38.720+0530: 525.014: Total time for which application threads were stopped: 0.0002311 seconds, Stopping threads took: 0.0000401 seconds
2015-12-06T20:02:41.299+0530: 527.593: Total time for which application threads were stopped: 0.0003951 seconds, Stopping threads took: 0.0000520 seconds
2015-12-06T20:02:43.300+0530: 529.593: Total time for which application threads were stopped: 0.0002134 seconds, Stopping threads took: 0.0000367 seconds
2015-12-06T20:02:46.953+0530: 533.247: Total time for which application threads were stopped: 0.0002730 seconds, Stopping threads took: 0.0000460 seconds
2015-12-06T20:02:46.954+0530: 533.247: Total time for which application threads were stopped: 0.0001386 seconds, Stopping threads took: 0.0000154 seconds
2015-12-06T20:02:50.315+0530: 536.609: Total time for which application threads were stopped: 0.0004576 seconds, Stopping threads took: 0.0001353 seconds
2015-12-06T20:02:50.456+0530: 536.750: Total time for which application threads were stopped: 0.0004387 seconds, Stopping threads took: 0.0001226 seconds
2015-12-06T20:02:51.456+0530: 537.750: Total time for which application threads were stopped: 0.0002216 seconds, Stopping threads took: 0.0000370 seconds
2015-12-06T20:02:52.457+0530: 538.751: Total time for which application threads were stopped: 0.0003080 seconds, Stopping threads took: 0.0000467 seconds
2015-12-06T20:02:54.457+0530: 540.751: Total time for which application threads were stopped: 0.0003621 seconds, Stopping threads took: 0.0000573 seconds
2015-12-06T20:02:54.923+0530: 541.217: Total time for which application threads were stopped: 0.0002866 seconds, Stopping threads took: 0.0000590 seconds
2015-12-06T20:02:54.923+0530: 541.217: Total time for which application threads were stopped: 0.0001597 seconds, Stopping threads took: 0.0000399 seconds
2015-12-06T20:02:55.282+0530: 541.576: Total time for which application threads were stopped: 0.0002784 seconds, Stopping threads took: 0.0000675 seconds
2015-12-06T20:02:58.453+0530: 544.746: Total time for which application threads were stopped: 0.0002796 seconds, Stopping threads took: 0.0000470 seconds
2015-12-06T20:02:58.501+0530: 544.795: Total time for which application threads were stopped: 0.0002715 seconds, Stopping threads took: 0.0000430 seconds
2015-12-06T20:02:58.501+0530: 544.795: Total time for which application threads were stopped: 0.0001901 seconds, Stopping threads took: 0.0000383 seconds
2015-12-06T20:03:00.333+0530: 546.626: Total time for which application threads were stopped: 0.0002730 seconds, Stopping threads took: 0.0000349 seconds
{Heap before GC invocations=46 (full 2):
 par new generation   total 109248K, used 94260K [0x00000000e0000000, 0x00000000e8000000, 0x00000000e8000000)
  eden space 87424K, 100% used [0x00000000e0000000, 0x00000000e5560000, 0x00000000e5560000)
  from space 21824K,  31% used [0x00000000e5560000, 0x00000000e5c0d1d0, 0x00000000e6ab0000)
  to   space 21824K,   0% used [0x00000000e6ab0000, 0x00000000e6ab0000, 0x00000000e8000000)
 concurrent mark-sweep generation total 393216K, used 25363K [0x00000000e8000000, 0x0000000100000000, 0x0000000100000000)
 Metaspace       used 40065K, capacity 40650K, committed 40940K, reserved 1085440K
  class space    used 4301K, capacity 4486K, committed 4604K, reserved 1048576K
2015-12-06T20:03:01.678+0530: 547.972: [GC (Allocation Failure) 548.071: [ParNew
Desired survivor size 20112992 bytes, new threshold 8 (max 8)
- age   1:    3951920 bytes,    3951920 total
- age   2:     348936 bytes,    4300856 total
- age   3:     174168 bytes,    4475024 total
- age   4:     228064 bytes,    4703088 total
- age   5:     225664 bytes,    4928752 total
- age   6:     149896 bytes,    5078648 total
- age   7:     235744 bytes,    5314392 total
- age   8:     123320 bytes,    5437712 total
: 94260K->7700K(109248K), 0.0207971 secs] 119623K->33087K(502464K), 0.5365324 secs] [Times: user=0.04 sys=0.00, real=0.54 secs] 
Heap after GC invocations=47 (full 2):
 par new generation   total 109248K, used 7700K [0x00000000e0000000, 0x00000000e8000000, 0x00000000e8000000)
  eden space 87424K,   0% used [0x00000000e0000000, 0x00000000e0000000, 0x00000000e5560000)
  from space 21824K,  35% used [0x00000000e6ab0000, 0x00000000e72350a8, 0x00000000e8000000)
  to   space 21824K,   0% used [0x00000000e5560000, 0x00000000e5560000, 0x00000000e6ab0000)
 concurrent mark-sweep generation total 393216K, used 25387K [0x00000000e8000000, 0x0000000100000000, 0x0000000100000000)
 Metaspace       used 40065K, capacity 40650K, committed 40940K, reserved 1085440K
  class space    used 4301K, capacity 4486K, committed 4604K, reserved 1048576K
}
2015-12-06T20:03:02.215+0530: 548.509: Total time for which application threads were stopped: 0.5370657 seconds, Stopping threads took: 0.0000384 seconds
2015-12-06T20:03:04.216+0530: 550.509: Total time for which application threads were stopped: 0.0002002 seconds, Stopping threads took: 0.0000326 seconds
2015-12-06T20:03:07.581+0530: 553.875: Total time for which application threads were stopped: 0.0005808 seconds, Stopping threads took: 0.0000604 seconds
2015-12-06T20:03:07.584+0530: 553.878: Total time for which application threads were stopped: 0.0002019 seconds, Stopping threads took: 0.0000346 seconds
2015-12-06T20:03:07.584+0530: 553.878: Total time for which application threads were stopped: 0.0000908 seconds, Stopping threads took: 0.0000122 seconds
2015-12-06T20:03:07.629+0530: 553.923: Total time for which application threads were stopped: 0.0080706 seconds, Stopping threads took: 0.0078602 seconds
2015-12-06T20:03:07.630+0530: 553.924: Total time for which application threads were stopped: 0.0001908 seconds, Stopping threads took: 0.0000500 seconds
2015-12-06T20:03:07.645+0530: 553.939: Total time for which application threads were stopped: 0.0001887 seconds, Stopping threads took: 0.0000331 seconds
2015-12-06T20:03:07.646+0530: 553.940: Total time for which application threads were stopped: 0.0001772 seconds, Stopping threads took: 0.0000294 seconds
2015-12-06T20:03:07.646+0530: 553.940: Total time for which application threads were stopped: 0.0000827 seconds, Stopping threads took: 0.0000131 seconds
2015-12-06T20:03:07.646+0530: 553.940: Total time for which application threads were stopped: 0.0000689 seconds, Stopping threads took: 0.0000105 seconds
2015-12-06T20:03:07.700+0530: 553.994: Total time for which application threads were stopped: 0.0002060 seconds, Stopping threads took: 0.0000360 seconds
2015-12-06T20:03:08.397+0530: 554.691: Total time for which application threads were stopped: 0.0002888 seconds, Stopping threads took: 0.0000324 seconds
2015-12-06T20:03:08.406+0530: 554.700: Total time for which application threads were stopped: 0.0002258 seconds, Stopping threads took: 0.0000342 seconds
2015-12-06T20:03:08.406+0530: 554.700: Total time for which application threads were stopped: 0.0001177 seconds, Stopping threads took: 0.0000161 seconds
2015-12-06T20:03:09.230+0530: 555.524: Total time for which application threads were stopped: 0.0001940 seconds, Stopping threads took: 0.0000395 seconds
2015-12-06T20:03:09.230+0530: 555.524: Total time for which application threads were stopped: 0.0000785 seconds, Stopping threads took: 0.0000143 seconds
2015-12-06T20:03:09.230+0530: 555.524: Total time for which application threads were stopped: 0.0000719 seconds, Stopping threads took: 0.0000126 seconds
2015-12-06T20:03:12.568+0530: 558.862: Total time for which application threads were stopped: 0.0005297 seconds, Stopping threads took: 0.0000669 seconds
2015-12-06T20:03:13.365+0530: 559.659: Total time for which application threads were stopped: 0.0004395 seconds, Stopping threads took: 0.0000586 seconds
2015-12-06T20:03:17.061+0530: 563.355: Total time for which application threads were stopped: 0.0004969 seconds, Stopping threads took: 0.0000777 seconds
2015-12-06T20:03:17.527+0530: 563.820: Total time for which application threads were stopped: 0.0002344 seconds, Stopping threads took: 0.0000358 seconds
2015-12-06T20:03:18.425+0530: 564.718: Total time for which application threads were stopped: 0.0002584 seconds, Stopping threads took: 0.0000428 seconds
2015-12-06T20:03:18.425+0530: 564.719: Total time for which application threads were stopped: 0.0001876 seconds, Stopping threads took: 0.0000560 seconds
2015-12-06T20:03:19.425+0530: 565.719: Total time for which application threads were stopped: 0.0004167 seconds, Stopping threads took: 0.0001041 seconds
2015-12-06T20:03:21.426+0530: 567.720: Total time for which application threads were stopped: 0.0002193 seconds, Stopping threads took: 0.0000337 seconds
{Heap before GC invocations=47 (full 2):
 par new generation   total 109248K, used 95040K [0x00000000e0000000, 0x00000000e8000000, 0x00000000e8000000)
  eden space 87424K,  99% used [0x00000000e0000000, 0x00000000e554b130, 0x00000000e5560000)
  from space 21824K,  35% used [0x00000000e6ab0000, 0x00000000e72350a8, 0x00000000e8000000)
  to   space 21824K,   0% used [0x00000000e5560000, 0x00000000e5560000, 0x00000000e6ab0000)
 concurrent mark-sweep generation total 393216K, used 25387K [0x00000000e8000000, 0x0000000100000000, 0x0000000100000000)
 Metaspace       used 40073K, capacity 40650K, committed 40940K, reserved 1085440K
  class space    used 4301K, capacity 4486K, committed 4604K, reserved 1048576K
2015-12-06T20:03:21.825+0530: 568.119: [GC (Allocation Failure) 568.731: [ParNew
Desired survivor size 20112992 bytes, new threshold 8 (max 8)
- age   1:    3677632 bytes,    3677632 total
- age   2:    3192064 bytes,    6869696 total
- age   3:     319488 bytes,    7189184 total
- age   4:     162792 bytes,    7351976 total
- age   5:     228064 bytes,    7580040 total
- age   6:     224856 bytes,    7804896 total
- age   7:     149872 bytes,    7954768 total
- age   8:     100448 bytes,    8055216 total
: 95040K->9238K(109248K), 0.0168089 secs] 120427K->34680K(502464K), 0.6293678 secs] [Times: user=0.03 sys=0.00, real=0.63 secs] 
Heap after GC invocations=48 (full 2):
 par new generation   total 109248K, used 9238K [0x00000000e0000000, 0x00000000e8000000, 0x00000000e8000000)
  eden space 87424K,   0% used [0x00000000e0000000, 0x00000000e0000000, 0x00000000e5560000)
  from space 21824K,  42% used [0x00000000e5560000, 0x00000000e5e65880, 0x00000000e6ab0000)
  to   space 21824K,   0% used [0x00000000e6ab0000, 0x00000000e6ab0000, 0x00000000e8000000)
 concurrent mark-sweep generation total 393216K, used 25442K [0x00000000e8000000, 0x0000000100000000, 0x0000000100000000)
 Metaspace       used 40073K, capacity 40650K, committed 40940K, reserved 1085440K
  class space    used 4301K, capacity 4486K, committed 4604K, reserved 1048576K
}
2015-12-06T20:03:22.455+0530: 568.748: Total time for which application threads were stopped: 0.6301053 seconds, Stopping threads took: 0.0001260 seconds
2015-12-06T20:03:23.999+0530: 570.293: Total time for which application threads were stopped: 0.0004078 seconds, Stopping threads took: 0.0000753 seconds
2015-12-06T20:03:25.000+0530: 571.293: Total time for which application threads were stopped: 0.0005140 seconds, Stopping threads took: 0.0000785 seconds
2015-12-06T20:03:26.000+0530: 572.294: Total time for which application threads were stopped: 0.0003664 seconds, Stopping threads took: 0.0000642 seconds
2015-12-06T20:03:26.971+0530: 573.265: Total time for which application threads were stopped: 0.0005593 seconds, Stopping threads took: 0.0001646 seconds
2015-12-06T20:03:26.972+0530: 573.266: Total time for which application threads were stopped: 0.0003484 seconds, Stopping threads took: 0.0001123 seconds
2015-12-06T20:03:26.975+0530: 573.269: Total time for which application threads were stopped: 0.0003746 seconds, Stopping threads took: 0.0000554 seconds
2015-12-06T20:03:26.976+0530: 573.270: Total time for which application threads were stopped: 0.0002372 seconds, Stopping threads took: 0.0000335 seconds
2015-12-06T20:03:27.069+0530: 573.363: Total time for which application threads were stopped: 0.0031154 seconds, Stopping threads took: 0.0026616 seconds
2015-12-06T20:03:28.070+0530: 574.363: Total time for which application threads were stopped: 0.0002185 seconds, Stopping threads took: 0.0000349 seconds
2015-12-06T20:03:33.071+0530: 579.365: Total time for which application threads were stopped: 0.0003595 seconds, Stopping threads took: 0.0000596 seconds
2015-12-06T20:03:34.071+0530: 580.365: Total time for which application threads were stopped: 0.0003566 seconds, Stopping threads took: 0.0000586 seconds
2015-12-06T20:03:35.072+0530: 581.365: Total time for which application threads were stopped: 0.0002051 seconds, Stopping threads took: 0.0000352 seconds
2015-12-06T20:03:36.703+0530: 582.997: Total time for which application threads were stopped: 0.0015956 seconds, Stopping threads took: 0.0013922 seconds
2015-12-06T20:03:36.703+0530: 582.997: Total time for which application threads were stopped: 0.0001511 seconds, Stopping threads took: 0.0000233 seconds
2015-12-06T20:03:36.704+0530: 582.997: Total time for which application threads were stopped: 0.0001077 seconds, Stopping threads took: 0.0000140 seconds
2015-12-06T20:03:36.704+0530: 582.998: Total time for which application threads were stopped: 0.0001201 seconds, Stopping threads took: 0.0000301 seconds
2015-12-06T20:03:36.716+0530: 583.010: Total time for which application threads were stopped: 0.0030766 seconds, Stopping threads took: 0.0028310 seconds
2015-12-06T20:03:36.796+0530: 583.090: Total time for which application threads were stopped: 0.0002688 seconds, Stopping threads took: 0.0000459 seconds
2015-12-06T20:03:36.797+0530: 583.091: Total time for which application threads were stopped: 0.0003235 seconds, Stopping threads took: 0.0000626 seconds
2015-12-06T20:03:39.373+0530: 585.667: Total time for which application threads were stopped: 0.0025183 seconds, Stopping threads took: 0.0022956 seconds
2015-12-06T20:03:39.374+0530: 585.667: Total time for which application threads were stopped: 0.0001283 seconds, Stopping threads took: 0.0000168 seconds
2015-12-06T20:03:40.374+0530: 586.668: Total time for which application threads were stopped: 0.0003665 seconds, Stopping threads took: 0.0000684 seconds
2015-12-06T20:03:41.375+0530: 587.668: Total time for which application threads were stopped: 0.0002046 seconds, Stopping threads took: 0.0000358 seconds
2015-12-06T20:03:41.764+0530: 588.058: Total time for which application threads were stopped: 0.0003548 seconds, Stopping threads took: 0.0000529 seconds
2015-12-06T20:03:42.033+0530: 588.327: Total time for which application threads were stopped: 0.0004891 seconds, Stopping threads took: 0.0000649 seconds
2015-12-06T20:03:46.034+0530: 592.328: Total time for which application threads were stopped: 0.0003702 seconds, Stopping threads took: 0.0000607 seconds
2015-12-06T20:03:47.035+0530: 593.329: Total time for which application threads were stopped: 0.0004427 seconds, Stopping threads took: 0.0001115 seconds
2015-12-06T20:03:48.035+0530: 594.329: Total time for which application threads were stopped: 0.0002653 seconds, Stopping threads took: 0.0000431 seconds
2015-12-06T20:03:50.036+0530: 596.330: Total time for which application threads were stopped: 0.0004139 seconds, Stopping threads took: 0.0000659 seconds
2015-12-06T20:03:50.165+0530: 596.459: Total time for which application threads were stopped: 0.0003008 seconds, Stopping threads took: 0.0000800 seconds
2015-12-06T20:03:50.165+0530: 596.459: Total time for which application threads were stopped: 0.0001211 seconds, Stopping threads took: 0.0000191 seconds
2015-12-06T20:03:50.840+0530: 597.134: Total time for which application threads were stopped: 0.0002059 seconds, Stopping threads took: 0.0000306 seconds
2015-12-06T20:03:50.840+0530: 597.134: Total time for which application threads were stopped: 0.0001298 seconds, Stopping threads took: 0.0000157 seconds
2015-12-06T20:03:51.722+0530: 598.016: Total time for which application threads were stopped: 0.0005093 seconds, Stopping threads took: 0.0001285 seconds
2015-12-06T20:03:52.375+0530: 598.669: Total time for which application threads were stopped: 0.0001721 seconds, Stopping threads took: 0.0000289 seconds
2015-12-06T20:03:52.376+0530: 598.669: Total time for which application threads were stopped: 0.0000963 seconds, Stopping threads took: 0.0000142 seconds
2015-12-06T20:04:00.377+0530: 606.671: Total time for which application threads were stopped: 0.0003027 seconds, Stopping threads took: 0.0000532 seconds
2015-12-06T20:04:01.157+0530: 607.450: Total time for which application threads were stopped: 0.0003313 seconds, Stopping threads took: 0.0000464 seconds
2015-12-06T20:04:02.157+0530: 608.451: Total time for which application threads were stopped: 0.0003867 seconds, Stopping threads took: 0.0000508 seconds
2015-12-06T20:04:03.158+0530: 609.451: Total time for which application threads were stopped: 0.0003476 seconds, Stopping threads took: 0.0000539 seconds
2015-12-06T20:04:03.930+0530: 610.224: Total time for which application threads were stopped: 0.0003389 seconds, Stopping threads took: 0.0000675 seconds
2015-12-06T20:04:03.930+0530: 610.224: Total time for which application threads were stopped: 0.0002302 seconds, Stopping threads took: 0.0000443 seconds
2015-12-06T20:04:04.586+0530: 610.880: Total time for which application threads were stopped: 0.0005431 seconds, Stopping threads took: 0.0001736 seconds
2015-12-06T20:04:04.604+0530: 610.898: Total time for which application threads were stopped: 0.0001824 seconds, Stopping threads took: 0.0000275 seconds
2015-12-06T20:04:04.608+0530: 610.902: Total time for which application threads were stopped: 0.0020429 seconds, Stopping threads took: 0.0003796 seconds
2015-12-06T20:04:04.667+0530: 610.960: Total time for which application threads were stopped: 0.0044156 seconds, Stopping threads took: 0.0041593 seconds
{Heap before GC invocations=48 (full 2):
 par new generation   total 109248K, used 96662K [0x00000000e0000000, 0x00000000e8000000, 0x00000000e8000000)
  eden space 87424K, 100% used [0x00000000e0000000, 0x00000000e5560000, 0x00000000e5560000)
  from space 21824K,  42% used [0x00000000e5560000, 0x00000000e5e65880, 0x00000000e6ab0000)
  to   space 21824K,   0% used [0x00000000e6ab0000, 0x00000000e6ab0000, 0x00000000e8000000)
 concurrent mark-sweep generation total 393216K, used 25442K [0x00000000e8000000, 0x0000000100000000, 0x0000000100000000)
 Metaspace       used 40234K, capacity 40778K, committed 41196K, reserved 1085440K
  class space    used 4302K, capacity 4486K, committed 4604K, reserved 1048576K
2015-12-06T20:04:04.677+0530: 610.971: [GC (Allocation Failure) 610.971: [ParNew
Desired survivor size 20112992 bytes, new threshold 8 (max 8)
- age   1:    2516504 bytes,    2516504 total
- age   2:    2040168 bytes,    4556672 total
- age   3:     262128 bytes,    4818800 total
- age   4:     289456 bytes,    5108256 total
- age   5:     150848 bytes,    5259104 total
- age   6:     228040 bytes,    5487144 total
- age   7:     156320 bytes,    5643464 total
- age   8:      82256 bytes,    5725720 total
: 96662K->8337K(109248K), 0.0213654 secs] 122104K->33811K(502464K), 0.0216450 secs] [Times: user=0.03 sys=0.00, real=0.02 secs] 
Heap after GC invocations=49 (full 2):
 par new generation   total 109248K, used 8337K [0x00000000e0000000, 0x00000000e8000000, 0x00000000e8000000)
  eden space 87424K,   0% used [0x00000000e0000000, 0x00000000e0000000, 0x00000000e5560000)
  from space 21824K,  38% used [0x00000000e6ab0000, 0x00000000e72d4448, 0x00000000e8000000)
  to   space 21824K,   0% used [0x00000000e5560000, 0x00000000e5560000, 0x00000000e6ab0000)
 concurrent mark-sweep generation total 393216K, used 25474K [0x00000000e8000000, 0x0000000100000000, 0x0000000100000000)
 Metaspace       used 40234K, capacity 40778K, committed 41196K, reserved 1085440K
  class space    used 4302K, capacity 4486K, committed 4604K, reserved 1048576K
}
2015-12-06T20:04:04.699+0530: 610.993: Total time for which application threads were stopped: 0.0222292 seconds, Stopping threads took: 0.0000421 seconds
2015-12-06T20:04:04.700+0530: 610.994: Total time for which application threads were stopped: 0.0004855 seconds, Stopping threads took: 0.0000646 seconds
2015-12-06T20:04:05.580+0530: 611.874: Total time for which application threads were stopped: 0.0002462 seconds, Stopping threads took: 0.0000336 seconds
2015-12-06T20:04:07.164+0530: 613.458: Total time for which application threads were stopped: 0.0003885 seconds, Stopping threads took: 0.0000576 seconds
2015-12-06T20:04:08.944+0530: 615.238: Total time for which application threads were stopped: 0.0005265 seconds, Stopping threads took: 0.0001536 seconds
2015-12-06T20:04:12.945+0530: 619.239: Total time for which application threads were stopped: 0.0002059 seconds, Stopping threads took: 0.0000334 seconds
2015-12-06T20:04:13.945+0530: 620.239: Total time for which application threads were stopped: 0.0003879 seconds, Stopping threads took: 0.0000546 seconds
2015-12-06T20:04:14.946+0530: 621.240: Total time for which application threads were stopped: 0.0003878 seconds, Stopping threads took: 0.0000575 seconds
2015-12-06T20:04:15.946+0530: 622.240: Total time for which application threads were stopped: 0.0003330 seconds, Stopping threads took: 0.0000468 seconds
2015-12-06T20:04:16.947+0530: 623.241: Total time for which application threads were stopped: 0.0003046 seconds, Stopping threads took: 0.0000539 seconds
2015-12-06T20:04:17.489+0530: 623.783: Total time for which application threads were stopped: 0.0003073 seconds, Stopping threads took: 0.0000334 seconds
2015-12-06T20:04:20.490+0530: 626.784: Total time for which application threads were stopped: 0.0003934 seconds, Stopping threads took: 0.0000639 seconds
2015-12-06T20:04:21.719+0530: 628.013: Total time for which application threads were stopped: 0.0001817 seconds, Stopping threads took: 0.0000357 seconds
2015-12-06T20:04:21.720+0530: 628.013: Total time for which application threads were stopped: 0.0000822 seconds, Stopping threads took: 0.0000099 seconds
2015-12-06T20:04:21.833+0530: 628.126: Total time for which application threads were stopped: 0.0004851 seconds, Stopping threads took: 0.0000761 seconds
2015-12-06T20:04:21.834+0530: 628.128: Total time for which application threads were stopped: 0.0001847 seconds, Stopping threads took: 0.0000257 seconds
2015-12-06T20:04:24.834+0530: 631.128: Total time for which application threads were stopped: 0.0001756 seconds, Stopping threads took: 0.0000270 seconds
2015-12-06T20:04:25.884+0530: 632.178: Total time for which application threads were stopped: 0.0001998 seconds, Stopping threads took: 0.0000707 seconds
2015-12-06T20:04:25.884+0530: 632.178: Total time for which application threads were stopped: 0.0001142 seconds, Stopping threads took: 0.0000324 seconds
2015-12-06T20:04:25.884+0530: 632.178: Total time for which application threads were stopped: 0.0001084 seconds, Stopping threads took: 0.0000382 seconds
2015-12-06T20:04:26.022+0530: 632.316: Total time for which application threads were stopped: 0.0002704 seconds, Stopping threads took: 0.0000645 seconds
2015-12-06T20:04:27.023+0530: 633.317: Total time for which application threads were stopped: 0.0004103 seconds, Stopping threads took: 0.0000640 seconds
2015-12-06T20:04:32.071+0530: 638.365: Total time for which application threads were stopped: 0.0001876 seconds, Stopping threads took: 0.0000351 seconds
2015-12-06T20:04:32.932+0530: 639.226: Total time for which application threads were stopped: 0.0009563 seconds, Stopping threads took: 0.0000621 seconds
2015-12-06T20:04:32.946+0530: 639.239: Total time for which application threads were stopped: 0.0003840 seconds, Stopping threads took: 0.0000944 seconds
2015-12-06T20:04:34.735+0530: 641.029: Total time for which application threads were stopped: 0.0004013 seconds, Stopping threads took: 0.0001423 seconds
2015-12-06T20:04:35.005+0530: 641.299: Total time for which application threads were stopped: 0.0004770 seconds, Stopping threads took: 0.0001035 seconds
2015-12-06T20:04:35.006+0530: 641.300: Total time for which application threads were stopped: 0.0002482 seconds, Stopping threads took: 0.0000419 seconds
2015-12-06T20:04:35.796+0530: 642.090: Total time for which application threads were stopped: 0.0003468 seconds, Stopping threads took: 0.0000679 seconds
2015-12-06T20:04:35.796+0530: 642.090: Total time for which application threads were stopped: 0.0002078 seconds, Stopping threads took: 0.0000307 seconds
2015-12-06T20:04:38.616+0530: 644.909: Total time for which application threads were stopped: 0.0001805 seconds, Stopping threads took: 0.0000308 seconds
2015-12-06T20:04:38.616+0530: 644.910: Total time for which application threads were stopped: 0.0001095 seconds, Stopping threads took: 0.0000274 seconds
{Heap before GC invocations=49 (full 2):
 par new generation   total 109248K, used 95761K [0x00000000e0000000, 0x00000000e8000000, 0x00000000e8000000)
  eden space 87424K, 100% used [0x00000000e0000000, 0x00000000e5560000, 0x00000000e5560000)
  from space 21824K,  38% used [0x00000000e6ab0000, 0x00000000e72d4448, 0x00000000e8000000)
  to   space 21824K,   0% used [0x00000000e5560000, 0x00000000e5560000, 0x00000000e6ab0000)
 concurrent mark-sweep generation total 393216K, used 25474K [0x00000000e8000000, 0x0000000100000000, 0x0000000100000000)
 Metaspace       used 40264K, capacity 40778K, committed 41196K, reserved 1085440K
  class space    used 4302K, capacity 4486K, committed 4604K, reserved 1048576K
2015-12-06T20:04:38.649+0530: 644.943: [GC (Allocation Failure) 644.943: [ParNew
Desired survivor size 20112992 bytes, new threshold 8 (max 8)
- age   1:    3970488 bytes,    3970488 total
- age   2:     345624 bytes,    4316112 total
- age   3:     150304 bytes,    4466416 total
- age   4:     239368 bytes,    4705784 total
- age   5:     287400 bytes,    4993184 total
- age   6:     150824 bytes,    5144008 total
- age   7:     228016 bytes,    5372024 total
- age   8:      88656 bytes,    5460680 total
: 95761K->7528K(109248K), 0.0150989 secs] 121235K->33017K(502464K), 0.0153525 secs] [Times: user=0.03 sys=0.00, real=0.02 secs] 
Heap after GC invocations=50 (full 2):
 par new generation   total 109248K, used 7528K [0x00000000e0000000, 0x00000000e8000000, 0x00000000e8000000)
  eden space 87424K,   0% used [0x00000000e0000000, 0x00000000e0000000, 0x00000000e5560000)
  from space 21824K,  34% used [0x00000000e5560000, 0x00000000e5cba200, 0x00000000e6ab0000)
  to   space 21824K,   0% used [0x00000000e6ab0000, 0x00000000e6ab0000, 0x00000000e8000000)
 concurrent mark-sweep generation total 393216K, used 25488K [0x00000000e8000000, 0x0000000100000000, 0x0000000100000000)
 Metaspace       used 40264K, capacity 40778K, committed 41196K, reserved 1085440K
  class space    used 4302K, capacity 4486K, committed 4604K, reserved 1048576K
}
2015-12-06T20:04:39.262+0530: 645.556: Total time for which application threads were stopped: 0.6136987 seconds, Stopping threads took: 0.0000369 seconds
2015-12-06T20:04:39.263+0530: 645.557: Total time for which application threads were stopped: 0.0002381 seconds, Stopping threads took: 0.0000389 seconds
2015-12-06T20:04:39.264+0530: 645.557: Total time for which application threads were stopped: 0.0001454 seconds, Stopping threads took: 0.0000425 seconds
2015-12-06T20:04:39.264+0530: 645.558: Total time for which application threads were stopped: 0.0002163 seconds, Stopping threads took: 0.0000277 seconds
2015-12-06T20:04:39.265+0530: 645.559: Total time for which application threads were stopped: 0.0001317 seconds, Stopping threads took: 0.0000153 seconds
2015-12-06T20:04:39.268+0530: 645.562: Total time for which application threads were stopped: 0.0002157 seconds, Stopping threads took: 0.0000207 seconds
2015-12-06T20:04:40.268+0530: 646.562: Total time for which application threads were stopped: 0.0001925 seconds, Stopping threads took: 0.0000319 seconds
2015-12-06T20:04:42.269+0530: 648.563: Total time for which application threads were stopped: 0.0003239 seconds, Stopping threads took: 0.0000490 seconds
2015-12-06T20:04:46.270+0530: 652.563: Total time for which application threads were stopped: 0.0001550 seconds, Stopping threads took: 0.0000257 seconds
2015-12-06T20:04:47.287+0530: 653.581: Total time for which application threads were stopped: 0.0001729 seconds, Stopping threads took: 0.0000232 seconds
2015-12-06T20:04:47.287+0530: 653.581: Total time for which application threads were stopped: 0.0000867 seconds, Stopping threads took: 0.0000102 seconds
2015-12-06T20:04:50.288+0530: 656.582: Total time for which application threads were stopped: 0.0002034 seconds, Stopping threads took: 0.0000325 seconds
2015-12-06T20:04:56.510+0530: 662.804: Total time for which application threads were stopped: 0.0001516 seconds, Stopping threads took: 0.0000247 seconds
2015-12-06T20:04:59.876+0530: 666.170: Total time for which application threads were stopped: 0.0001767 seconds, Stopping threads took: 0.0000240 seconds
2015-12-06T20:04:59.876+0530: 666.170: Total time for which application threads were stopped: 0.0000809 seconds, Stopping threads took: 0.0000109 seconds
2015-12-06T20:04:59.908+0530: 666.202: Total time for which application threads were stopped: 0.0002653 seconds, Stopping threads took: 0.0000433 seconds
2015-12-06T20:04:59.918+0530: 666.212: Total time for which application threads were stopped: 0.0001603 seconds, Stopping threads took: 0.0000279 seconds
2015-12-06T20:04:59.929+0530: 666.223: Total time for which application threads were stopped: 0.0002922 seconds, Stopping threads took: 0.0000638 seconds
2015-12-06T20:05:02.392+0530: 668.686: Total time for which application threads were stopped: 0.0033170 seconds, Stopping threads took: 0.0030278 seconds
2015-12-06T20:05:03.016+0530: 669.310: Total time for which application threads were stopped: 0.0003401 seconds, Stopping threads took: 0.0000649 seconds
2015-12-06T20:05:03.017+0530: 669.310: Total time for which application threads were stopped: 0.0002305 seconds, Stopping threads took: 0.0000389 seconds
2015-12-06T20:05:05.700+0530: 671.994: Total time for which application threads were stopped: 0.0002032 seconds, Stopping threads took: 0.0000322 seconds
2015-12-06T20:05:07.659+0530: 673.952: Total time for which application threads were stopped: 0.0002911 seconds, Stopping threads took: 0.0000540 seconds
2015-12-06T20:05:08.070+0530: 674.364: Total time for which application threads were stopped: 0.0002130 seconds, Stopping threads took: 0.0000323 seconds
2015-12-06T20:05:12.101+0530: 678.395: Total time for which application threads were stopped: 0.0015548 seconds, Stopping threads took: 0.0013594 seconds
2015-12-06T20:05:12.286+0530: 678.580: Total time for which application threads were stopped: 0.0002488 seconds, Stopping threads took: 0.0000376 seconds
2015-12-06T20:05:12.786+0530: 679.080: Total time for which application threads were stopped: 0.0001681 seconds, Stopping threads took: 0.0000280 seconds
2015-12-06T20:05:12.786+0530: 679.080: Total time for which application threads were stopped: 0.0000717 seconds, Stopping threads took: 0.0000101 seconds
2015-12-06T20:05:12.786+0530: 679.080: Total time for which application threads were stopped: 0.0001191 seconds, Stopping threads took: 0.0000145 seconds
2015-12-06T20:05:14.787+0530: 681.081: Total time for which application threads were stopped: 0.0001919 seconds, Stopping threads took: 0.0000317 seconds
2015-12-06T20:05:14.850+0530: 681.144: Total time for which application threads were stopped: 0.0012505 seconds, Stopping threads took: 0.0010752 seconds
2015-12-06T20:05:14.862+0530: 681.155: Total time for which application threads were stopped: 0.0002050 seconds, Stopping threads took: 0.0000314 seconds
2015-12-06T20:05:14.862+0530: 681.156: Total time for which application threads were stopped: 0.0000826 seconds, Stopping threads took: 0.0000122 seconds
2015-12-06T20:05:16.889+0530: 683.183: Total time for which application threads were stopped: 0.0038840 seconds, Stopping threads took: 0.0036980 seconds
{Heap before GC invocations=50 (full 2):
 par new generation   total 109248K, used 94952K [0x00000000e0000000, 0x00000000e8000000, 0x00000000e8000000)
  eden space 87424K, 100% used [0x00000000e0000000, 0x00000000e5560000, 0x00000000e5560000)
  from space 21824K,  34% used [0x00000000e5560000, 0x00000000e5cba200, 0x00000000e6ab0000)
  to   space 21824K,   0% used [0x00000000e6ab0000, 0x00000000e6ab0000, 0x00000000e8000000)
 concurrent mark-sweep generation total 393216K, used 25488K [0x00000000e8000000, 0x0000000100000000, 0x0000000100000000)
 Metaspace       used 40273K, capacity 40842K, committed 41196K, reserved 1085440K
  class space    used 4302K, capacity 4486K, committed 4604K, reserved 1048576K
2015-12-06T20:05:18.329+0530: 684.623: [GC (Allocation Failure) 684.624: [ParNew
Desired survivor size 20112992 bytes, new threshold 8 (max 8)
- age   1:    1757992 bytes,    1757992 total
- age   2:    3509528 bytes,    5267520 total
- age   3:     259792 bytes,    5527312 total
- age   4:     148176 bytes,    5675488 total
- age   5:     237016 bytes,    5912504 total
- age   6:     285000 bytes,    6197504 total
- age   7:      82328 bytes,    6279832 total
- age   8:      91968 bytes,    6371800 total
: 94952K->8021K(109248K), 0.0117836 secs] 120441K->33530K(502464K), 0.0121029 secs] [Times: user=0.03 sys=0.00, real=0.02 secs] 
Heap after GC invocations=51 (full 2):
 par new generation   total 109248K, used 8021K [0x00000000e0000000, 0x00000000e8000000, 0x00000000e8000000)
  eden space 87424K,   0% used [0x00000000e0000000, 0x00000000e0000000, 0x00000000e5560000)
  from space 21824K,  36% used [0x00000000e6ab0000, 0x00000000e72854f0, 0x00000000e8000000)
  to   space 21824K,   0% used [0x00000000e5560000, 0x00000000e5560000, 0x00000000e6ab0000)
 concurrent mark-sweep generation total 393216K, used 25509K [0x00000000e8000000, 0x0000000100000000, 0x0000000100000000)
 Metaspace       used 40273K, capacity 40842K, committed 41196K, reserved 1085440K
  class space    used 4302K, capacity 4486K, committed 4604K, reserved 1048576K
}
2015-12-06T20:05:18.342+0530: 684.636: Total time for which application threads were stopped: 0.0126553 seconds, Stopping threads took: 0.0001365 seconds
2015-12-06T20:05:18.551+0530: 684.844: Total time for which application threads were stopped: 0.0001581 seconds, Stopping threads took: 0.0000273 seconds
2015-12-06T20:05:18.551+0530: 684.845: Total time for which application threads were stopped: 0.0003281 seconds, Stopping threads took: 0.0000109 seconds
2015-12-06T20:05:18.897+0530: 685.191: Total time for which application threads were stopped: 0.0001709 seconds, Stopping threads took: 0.0000271 seconds
2015-12-06T20:05:19.897+0530: 686.191: Total time for which application threads were stopped: 0.0002333 seconds, Stopping threads took: 0.0000359 seconds
2015-12-06T20:05:20.058+0530: 686.351: Total time for which application threads were stopped: 0.0002345 seconds, Stopping threads took: 0.0000358 seconds
2015-12-06T20:05:20.058+0530: 686.352: Total time for which application threads were stopped: 0.0002543 seconds, Stopping threads took: 0.0000635 seconds
2015-12-06T20:05:20.059+0530: 686.353: Total time for which application threads were stopped: 0.0002329 seconds, Stopping threads took: 0.0000627 seconds
{Heap before GC invocations=51 (full 2):
 par new generation   total 109248K, used 95445K [0x00000000e0000000, 0x00000000e8000000, 0x00000000e8000000)
  eden space 87424K, 100% used [0x00000000e0000000, 0x00000000e5560000, 0x00000000e5560000)
  from space 21824K,  36% used [0x00000000e6ab0000, 0x00000000e72854f0, 0x00000000e8000000)
  to   space 21824K,   0% used [0x00000000e5560000, 0x00000000e5560000, 0x00000000e6ab0000)
 concurrent mark-sweep generation total 393216K, used 25509K [0x00000000e8000000, 0x0000000100000000, 0x0000000100000000)
 Metaspace       used 40290K, capacity 40842K, committed 41196K, reserved 1085440K
  class space    used 4302K, capacity 4486K, committed 4604K, reserved 1048576K
2015-12-06T20:05:20.141+0530: 686.435: [GC (Allocation Failure) 686.435: [ParNew
Desired survivor size 20112992 bytes, new threshold 8 (max 8)
- age   1:    2495336 bytes,    2495336 total
- age   2:     746304 bytes,    3241640 total
- age   3:    3495280 bytes,    6736920 total
- age   4:     236712 bytes,    6973632 total
- age   5:     147392 bytes,    7121024 total
- age   6:     236232 bytes,    7357256 total
- age   7:     284224 bytes,    7641480 total
- age   8:      82328 bytes,    7723808 total
: 95445K->10792K(109248K), 0.0099756 secs] 120954K->36389K(502464K), 0.0102359 secs] [Times: user=0.02 sys=0.00, real=0.00 secs] 
Heap after GC invocations=52 (full 2):
 par new generation   total 109248K, used 10792K [0x00000000e0000000, 0x00000000e8000000, 0x00000000e8000000)
  eden space 87424K,   0% used [0x00000000e0000000, 0x00000000e0000000, 0x00000000e5560000)
  from space 21824K,  49% used [0x00000000e5560000, 0x00000000e5fea080, 0x00000000e6ab0000)
  to   space 21824K,   0% used [0x00000000e6ab0000, 0x00000000e6ab0000, 0x00000000e8000000)
 concurrent mark-sweep generation total 393216K, used 25597K [0x00000000e8000000, 0x0000000100000000, 0x0000000100000000)
 Metaspace       used 40290K, capacity 40842K, committed 41196K, reserved 1085440K
  class space    used 4302K, capacity 4486K, committed 4604K, reserved 1048576K
}
2015-12-06T20:05:20.152+0530: 686.446: Total time for which application threads were stopped: 0.0138289 seconds, Stopping threads took: 0.0032736 seconds
2015-12-06T20:05:21.152+0530: 687.446: Total time for which application threads were stopped: 0.0002995 seconds, Stopping threads took: 0.0000648 seconds
2015-12-06T20:05:22.152+0530: 688.446: Total time for which application threads were stopped: 0.0002229 seconds, Stopping threads took: 0.0000313 seconds
2015-12-06T20:05:23.153+0530: 689.447: Total time for which application threads were stopped: 0.0001906 seconds, Stopping threads took: 0.0000330 seconds
2015-12-06T20:05:23.712+0530: 690.006: Total time for which application threads were stopped: 0.0002336 seconds, Stopping threads took: 0.0000664 seconds
2015-12-06T20:05:23.712+0530: 690.006: Total time for which application threads were stopped: 0.0000833 seconds, Stopping threads took: 0.0000129 seconds
2015-12-06T20:05:23.911+0530: 690.204: Total time for which application threads were stopped: 0.0001881 seconds, Stopping threads took: 0.0000315 seconds
2015-12-06T20:05:23.911+0530: 690.205: Total time for which application threads were stopped: 0.0001386 seconds, Stopping threads took: 0.0000442 seconds
2015-12-06T20:05:23.911+0530: 690.205: Total time for which application threads were stopped: 0.0001243 seconds, Stopping threads took: 0.0000598 seconds
2015-12-06T20:05:23.911+0530: 690.205: Total time for which application threads were stopped: 0.0000698 seconds, Stopping threads took: 0.0000156 seconds
2015-12-06T20:05:23.911+0530: 690.205: Total time for which application threads were stopped: 0.0000657 seconds, Stopping threads took: 0.0000121 seconds
2015-12-06T20:05:23.911+0530: 690.205: Total time for which application threads were stopped: 0.0000644 seconds, Stopping threads took: 0.0000135 seconds
2015-12-06T20:05:23.912+0530: 690.205: Total time for which application threads were stopped: 0.0002423 seconds, Stopping threads took: 0.0000251 seconds
2015-12-06T20:05:24.142+0530: 690.435: Total time for which application threads were stopped: 0.0002119 seconds, Stopping threads took: 0.0000437 seconds
2015-12-06T20:05:24.142+0530: 690.436: Total time for which application threads were stopped: 0.0001367 seconds, Stopping threads took: 0.0000195 seconds
2015-12-06T20:05:24.142+0530: 690.436: Total time for which application threads were stopped: 0.0001329 seconds, Stopping threads took: 0.0000286 seconds
2015-12-06T20:05:24.142+0530: 690.436: Total time for which application threads were stopped: 0.0001345 seconds, Stopping threads took: 0.0000463 seconds
2015-12-06T20:05:24.154+0530: 690.448: Total time for which application threads were stopped: 0.0002495 seconds, Stopping threads took: 0.0000546 seconds
{Heap before GC invocations=52 (full 2):
 par new generation   total 109248K, used 98216K [0x00000000e0000000, 0x00000000e8000000, 0x00000000e8000000)
  eden space 87424K, 100% used [0x00000000e0000000, 0x00000000e5560000, 0x00000000e5560000)
  from space 21824K,  49% used [0x00000000e5560000, 0x00000000e5fea080, 0x00000000e6ab0000)
  to   space 21824K,   0% used [0x00000000e6ab0000, 0x00000000e6ab0000, 0x00000000e8000000)
 concurrent mark-sweep generation total 393216K, used 25597K [0x00000000e8000000, 0x0000000100000000, 0x0000000100000000)
 Metaspace       used 40309K, capacity 40842K, committed 41196K, reserved 1085440K
  class space    used 4302K, capacity 4486K, committed 4604K, reserved 1048576K
2015-12-06T20:05:24.190+0530: 690.484: [GC (Allocation Failure) 690.484: [ParNew
Desired survivor size 20112992 bytes, new threshold 8 (max 8)
- age   1:    1645696 bytes,    1645696 total
- age   2:    1762936 bytes,    3408632 total
- age   3:     642280 bytes,    4050912 total
- age   4:    3455200 bytes,    7506112 total
- age   5:     220672 bytes,    7726784 total
- age   6:     142368 bytes,    7869152 total
- age   7:     235448 bytes,    8104600 total
- age   8:     284224 bytes,    8388824 total
: 98216K->10443K(109248K), 0.0084057 secs] 123813K->36122K(502464K), 0.0086349 secs] [Times: user=0.03 sys=0.00, real=0.01 secs] 
Heap after GC invocations=53 (full 2):
 par new generation   total 109248K, used 10443K [0x00000000e0000000, 0x00000000e8000000, 0x00000000e8000000)
  eden space 87424K,   0% used [0x00000000e0000000, 0x00000000e0000000, 0x00000000e5560000)
  from space 21824K,  47% used [0x00000000e6ab0000, 0x00000000e74e2fa0, 0x00000000e8000000)
  to   space 21824K,   0% used [0x00000000e5560000, 0x00000000e5560000, 0x00000000e6ab0000)
 concurrent mark-sweep generation total 393216K, used 25678K [0x00000000e8000000, 0x0000000100000000, 0x0000000100000000)
 Metaspace       used 40309K, capacity 40842K, committed 41196K, reserved 1085440K
  class space    used 4302K, capacity 4486K, committed 4604K, reserved 1048576K
}
2015-12-06T20:05:24.199+0530: 690.493: Total time for which application threads were stopped: 0.0300069 seconds, Stopping threads took: 0.0000481 seconds
2015-12-06T20:05:24.219+0530: 690.513: Total time for which application threads were stopped: 0.0006709 seconds, Stopping threads took: 0.0003523 seconds
2015-12-06T20:05:24.289+0530: 690.583: Total time for which application threads were stopped: 0.0002063 seconds, Stopping threads took: 0.0000418 seconds
2015-12-06T20:05:24.290+0530: 690.584: Total time for which application threads were stopped: 0.0002706 seconds, Stopping threads took: 0.0000183 seconds
2015-12-06T20:05:24.540+0530: 690.834: Total time for which application threads were stopped: 0.0004088 seconds, Stopping threads took: 0.0000449 seconds
2015-12-06T20:05:24.540+0530: 690.834: Total time for which application threads were stopped: 0.0003190 seconds, Stopping threads took: 0.0000381 seconds
2015-12-06T20:05:25.541+0530: 691.835: Total time for which application threads were stopped: 0.0002116 seconds, Stopping threads took: 0.0000345 seconds
2015-12-06T20:05:26.430+0530: 692.724: Total time for which application threads were stopped: 0.0002315 seconds, Stopping threads took: 0.0000379 seconds
{Heap before GC invocations=53 (full 2):
 par new generation   total 109248K, used 97862K [0x00000000e0000000, 0x00000000e8000000, 0x00000000e8000000)
  eden space 87424K,  99% used [0x00000000e0000000, 0x00000000e555e938, 0x00000000e5560000)
  from space 21824K,  47% used [0x00000000e6ab0000, 0x00000000e74e2fa0, 0x00000000e8000000)
  to   space 21824K,   0% used [0x00000000e5560000, 0x00000000e5560000, 0x00000000e6ab0000)
 concurrent mark-sweep generation total 393216K, used 25678K [0x00000000e8000000, 0x0000000100000000, 0x0000000100000000)
 Metaspace       used 40312K, capacity 40842K, committed 41196K, reserved 1085440K
  class space    used 4302K, capacity 4486K, committed 4604K, reserved 1048576K
2015-12-06T20:05:27.925+0530: 694.219: [GC (Allocation Failure) 694.219: [ParNew
Desired survivor size 20112992 bytes, new threshold 8 (max 8)
- age   1:    3269104 bytes,    3269104 total
- age   2:     850928 bytes,    4120032 total
- age   3:    1577928 bytes,    5697960 total
- age   4:     399944 bytes,    6097904 total
- age   5:    2241584 bytes,    8339488 total
- age   6:     219848 bytes,    8559336 total
- age   7:      74680 bytes,    8634016 total
- age   8:     100072 bytes,    8734088 total
: 97862K->14377K(109248K), 0.0156266 secs] 123540K->40200K(502464K), 0.2511657 secs] [Times: user=0.02 sys=0.00, real=0.25 secs] 
Heap after GC invocations=54 (full 2):
 par new generation   total 109248K, used 14377K [0x00000000e0000000, 0x00000000e8000000, 0x00000000e8000000)
  eden space 87424K,   0% used [0x00000000e0000000, 0x00000000e0000000, 0x00000000e5560000)
  from space 21824K,  65% used [0x00000000e5560000, 0x00000000e636a480, 0x00000000e6ab0000)
  to   space 21824K,   0% used [0x00000000e6ab0000, 0x00000000e6ab0000, 0x00000000e8000000)
 concurrent mark-sweep generation total 393216K, used 25823K [0x00000000e8000000, 0x0000000100000000, 0x0000000100000000)
 Metaspace       used 40312K, capacity 40842K, committed 41196K, reserved 1085440K
  class space    used 4302K, capacity 4486K, committed 4604K, reserved 1048576K
}
2015-12-06T20:05:28.177+0530: 694.470: Total time for which application threads were stopped: 0.2517678 seconds, Stopping threads took: 0.0000784 seconds
2015-12-06T20:05:28.178+0530: 694.472: Total time for which application threads were stopped: 0.0004637 seconds, Stopping threads took: 0.0000806 seconds
2015-12-06T20:05:28.476+0530: 694.770: Total time for which application threads were stopped: 0.0001727 seconds, Stopping threads took: 0.0000304 seconds
2015-12-06T20:05:28.626+0530: 694.920: Total time for which application threads were stopped: 0.0001657 seconds, Stopping threads took: 0.0000274 seconds
2015-12-06T20:05:28.627+0530: 694.920: Total time for which application threads were stopped: 0.0000765 seconds, Stopping threads took: 0.0000125 seconds
2015-12-06T20:05:28.735+0530: 695.029: Total time for which application threads were stopped: 0.0001968 seconds, Stopping threads took: 0.0000307 seconds
2015-12-06T20:05:28.735+0530: 695.029: Total time for which application threads were stopped: 0.0001002 seconds, Stopping threads took: 0.0000140 seconds
2015-12-06T20:05:33.897+0530: 700.190: Total time for which application threads were stopped: 0.0006467 seconds, Stopping threads took: 0.0001408 seconds
2015-12-06T20:05:34.371+0530: 700.665: Total time for which application threads were stopped: 0.0002479 seconds, Stopping threads took: 0.0000529 seconds
2015-12-06T20:05:34.371+0530: 700.665: Total time for which application threads were stopped: 0.0001424 seconds, Stopping threads took: 0.0000303 seconds
2015-12-06T20:05:38.372+0530: 704.666: Total time for which application threads were stopped: 0.0002068 seconds, Stopping threads took: 0.0000339 seconds
2015-12-06T20:05:39.372+0530: 705.666: Total time for which application threads were stopped: 0.0002097 seconds, Stopping threads took: 0.0000306 seconds
2015-12-06T20:05:40.948+0530: 707.242: Total time for which application threads were stopped: 0.0001832 seconds, Stopping threads took: 0.0000310 seconds
2015-12-06T20:05:40.949+0530: 707.242: Total time for which application threads were stopped: 0.0001067 seconds, Stopping threads took: 0.0000307 seconds
2015-12-06T20:05:40.949+0530: 707.243: Total time for which application threads were stopped: 0.0001117 seconds, Stopping threads took: 0.0000275 seconds
2015-12-06T20:05:41.457+0530: 707.751: Total time for which application threads were stopped: 0.0017321 seconds, Stopping threads took: 0.0014007 seconds
2015-12-06T20:05:41.458+0530: 707.752: Total time for which application threads were stopped: 0.0001858 seconds, Stopping threads took: 0.0000486 seconds
2015-12-06T20:05:41.460+0530: 707.754: Total time for which application threads were stopped: 0.0002735 seconds, Stopping threads took: 0.0000420 seconds
2015-12-06T20:05:41.467+0530: 707.761: Total time for which application threads were stopped: 0.0002099 seconds, Stopping threads took: 0.0000286 seconds
2015-12-06T20:05:42.467+0530: 708.761: Total time for which application threads were stopped: 0.0002065 seconds, Stopping threads took: 0.0000332 seconds
2015-12-06T20:05:44.468+0530: 710.762: Total time for which application threads were stopped: 0.0001852 seconds, Stopping threads took: 0.0000277 seconds
2015-12-06T20:05:44.473+0530: 710.767: Total time for which application threads were stopped: 0.0002364 seconds, Stopping threads took: 0.0000457 seconds
2015-12-06T20:05:45.341+0530: 711.635: Total time for which application threads were stopped: 0.0002210 seconds, Stopping threads took: 0.0000385 seconds
2015-12-06T20:05:46.341+0530: 712.635: Total time for which application threads were stopped: 0.0002118 seconds, Stopping threads took: 0.0000430 seconds
2015-12-06T20:05:46.771+0530: 713.065: Total time for which application threads were stopped: 0.0001795 seconds, Stopping threads took: 0.0000302 seconds
2015-12-06T20:05:46.771+0530: 713.065: Total time for which application threads were stopped: 0.0000755 seconds, Stopping threads took: 0.0000119 seconds
2015-12-06T20:05:49.772+0530: 716.066: Total time for which application threads were stopped: 0.0002021 seconds, Stopping threads took: 0.0000315 seconds
2015-12-06T20:05:50.772+0530: 717.066: Total time for which application threads were stopped: 0.0001795 seconds, Stopping threads took: 0.0000264 seconds
2015-12-06T20:05:51.202+0530: 717.496: Total time for which application threads were stopped: 0.0053630 seconds, Stopping threads took: 0.0015095 seconds
2015-12-06T20:05:51.203+0530: 717.496: Total time for which application threads were stopped: 0.0001578 seconds, Stopping threads took: 0.0000387 seconds
2015-12-06T20:05:51.205+0530: 717.499: Total time for which application threads were stopped: 0.0001616 seconds, Stopping threads took: 0.0000419 seconds
2015-12-06T20:05:52.206+0530: 718.499: Total time for which application threads were stopped: 0.0001976 seconds, Stopping threads took: 0.0000340 seconds
2015-12-06T20:05:53.206+0530: 719.500: Total time for which application threads were stopped: 0.0001881 seconds, Stopping threads took: 0.0000268 seconds
{Heap before GC invocations=54 (full 2):
 par new generation   total 109248K, used 101801K [0x00000000e0000000, 0x00000000e8000000, 0x00000000e8000000)
  eden space 87424K, 100% used [0x00000000e0000000, 0x00000000e5560000, 0x00000000e5560000)
  from space 21824K,  65% used [0x00000000e5560000, 0x00000000e636a480, 0x00000000e6ab0000)
  to   space 21824K,   0% used [0x00000000e6ab0000, 0x00000000e6ab0000, 0x00000000e8000000)
 concurrent mark-sweep generation total 393216K, used 25823K [0x00000000e8000000, 0x0000000100000000, 0x0000000100000000)
 Metaspace       used 40337K, capacity 40842K, committed 41196K, reserved 1085440K
  class space    used 4302K, capacity 4486K, committed 4604K, reserved 1048576K
2015-12-06T20:05:54.050+0530: 720.344: [GC (Allocation Failure) 720.536: [ParNew
Desired survivor size 20112992 bytes, new threshold 8 (max 8)
- age   1:    3125560 bytes,    3125560 total
- age   2:    2102120 bytes,    5227680 total
- age   3:     600032 bytes,    5827712 total
- age   4:    1382208 bytes,    7209920 total
- age   5:     237144 bytes,    7447064 total
- age   6:     224048 bytes,    7671112 total
- age   7:     151384 bytes,    7822496 total
- age   8:       7048 bytes,    7829544 total
: 101801K->10806K(109248K), 0.0113779 secs] 127624K->36661K(502464K), 0.2917612 secs] [Times: user=0.03 sys=0.00, real=0.30 secs] 
Heap after GC invocations=55 (full 2):
 par new generation   total 109248K, used 10806K [0x00000000e0000000, 0x00000000e8000000, 0x00000000e8000000)
  eden space 87424K,   0% used [0x00000000e0000000, 0x00000000e0000000, 0x00000000e5560000)
  from space 21824K,  49% used [0x00000000e6ab0000, 0x00000000e753d828, 0x00000000e8000000)
  to   space 21824K,   0% used [0x00000000e5560000, 0x00000000e5560000, 0x00000000e6ab0000)
 concurrent mark-sweep generation total 393216K, used 25855K [0x00000000e8000000, 0x0000000100000000, 0x0000000100000000)
 Metaspace       used 40337K, capacity 40842K, committed 41196K, reserved 1085440K
  class space    used 4302K, capacity 4486K, committed 4604K, reserved 1048576K
}
2015-12-06T20:05:54.342+0530: 720.636: Total time for which application threads were stopped: 0.2925867 seconds, Stopping threads took: 0.0000247 seconds
2015-12-06T20:05:55.343+0530: 721.637: Total time for which application threads were stopped: 0.0004450 seconds, Stopping threads took: 0.0000613 seconds
2015-12-06T20:05:56.515+0530: 722.809: Total time for which application threads were stopped: 0.0002312 seconds, Stopping threads took: 0.0000513 seconds
2015-12-06T20:05:56.812+0530: 723.106: Total time for which application threads were stopped: 0.0003457 seconds, Stopping threads took: 0.0002095 seconds
2015-12-06T20:05:56.813+0530: 723.107: Total time for which application threads were stopped: 0.0002740 seconds, Stopping threads took: 0.0002108 seconds
2015-12-06T20:05:59.228+0530: 725.522: Total time for which application threads were stopped: 0.0004035 seconds, Stopping threads took: 0.0000567 seconds
2015-12-06T20:05:59.229+0530: 725.523: Total time for which application threads were stopped: 0.0003010 seconds, Stopping threads took: 0.0000443 seconds
2015-12-06T20:05:59.943+0530: 726.237: Total time for which application threads were stopped: 0.0008352 seconds, Stopping threads took: 0.0006324 seconds
2015-12-06T20:05:59.944+0530: 726.238: Total time for which application threads were stopped: 0.0001618 seconds, Stopping threads took: 0.0000413 seconds
2015-12-06T20:06:00.641+0530: 726.935: Total time for which application threads were stopped: 0.0002717 seconds, Stopping threads took: 0.0000454 seconds
2015-12-06T20:06:03.304+0530: 729.598: Total time for which application threads were stopped: 0.0001987 seconds, Stopping threads took: 0.0000308 seconds
2015-12-06T20:06:03.304+0530: 729.598: Total time for which application threads were stopped: 0.0000867 seconds, Stopping threads took: 0.0000135 seconds
2015-12-06T20:06:04.305+0530: 730.598: Total time for which application threads were stopped: 0.0002053 seconds, Stopping threads took: 0.0000334 seconds
2015-12-06T20:06:07.305+0530: 733.599: Total time for which application threads were stopped: 0.0003777 seconds, Stopping threads took: 0.0000541 seconds
2015-12-06T20:06:07.485+0530: 733.779: Total time for which application threads were stopped: 0.0002382 seconds, Stopping threads took: 0.0000274 seconds
2015-12-06T20:06:07.769+0530: 734.063: Total time for which application threads were stopped: 0.0002878 seconds, Stopping threads took: 0.0000616 seconds
2015-12-06T20:06:07.769+0530: 734.063: Total time for which application threads were stopped: 0.0001706 seconds, Stopping threads took: 0.0000293 seconds
2015-12-06T20:06:08.770+0530: 735.064: Total time for which application threads were stopped: 0.0003743 seconds, Stopping threads took: 0.0000552 seconds
2015-12-06T20:06:17.869+0530: 744.163: Total time for which application threads were stopped: 0.0008206 seconds, Stopping threads took: 0.0000576 seconds
2015-12-06T20:06:19.508+0530: 745.802: Total time for which application threads were stopped: 0.0002245 seconds, Stopping threads took: 0.0000354 seconds
2015-12-06T20:06:20.508+0530: 746.802: Total time for which application threads were stopped: 0.0002899 seconds, Stopping threads took: 0.0000510 seconds
2015-12-06T20:06:21.509+0530: 747.803: Total time for which application threads were stopped: 0.0003033 seconds, Stopping threads took: 0.0000534 seconds
2015-12-06T20:06:22.568+0530: 748.862: Total time for which application threads were stopped: 0.0002073 seconds, Stopping threads took: 0.0000328 seconds
2015-12-06T20:06:23.134+0530: 749.428: Total time for which application threads were stopped: 0.0006628 seconds, Stopping threads took: 0.0001034 seconds
2015-12-06T20:06:23.135+0530: 749.429: Total time for which application threads were stopped: 0.0002012 seconds, Stopping threads took: 0.0000498 seconds
2015-12-06T20:06:23.941+0530: 750.235: Total time for which application threads were stopped: 0.0004070 seconds, Stopping threads took: 0.0001088 seconds
2015-12-06T20:06:23.942+0530: 750.235: Total time for which application threads were stopped: 0.0004069 seconds, Stopping threads took: 0.0001760 seconds
2015-12-06T20:06:23.942+0530: 750.236: Total time for which application threads were stopped: 0.0002655 seconds, Stopping threads took: 0.0000424 seconds
2015-12-06T20:06:26.943+0530: 753.236: Total time for which application threads were stopped: 0.0003309 seconds, Stopping threads took: 0.0000570 seconds
2015-12-06T20:06:27.943+0530: 754.237: Total time for which application threads were stopped: 0.0003637 seconds, Stopping threads took: 0.0000562 seconds
2015-12-06T20:06:30.167+0530: 756.461: Total time for which application threads were stopped: 0.0003984 seconds, Stopping threads took: 0.0000657 seconds
2015-12-06T20:06:32.168+0530: 758.462: Total time for which application threads were stopped: 0.0004054 seconds, Stopping threads took: 0.0000726 seconds
2015-12-06T20:06:34.168+0530: 760.462: Total time for which application threads were stopped: 0.0002328 seconds, Stopping threads took: 0.0000363 seconds
2015-12-06T20:06:35.404+0530: 761.698: Total time for which application threads were stopped: 0.0003401 seconds, Stopping threads took: 0.0000729 seconds
{Heap before GC invocations=55 (full 2):
 par new generation   total 109248K, used 98222K [0x00000000e0000000, 0x00000000e8000000, 0x00000000e8000000)
  eden space 87424K,  99% used [0x00000000e0000000, 0x00000000e555e010, 0x00000000e5560000)
  from space 21824K,  49% used [0x00000000e6ab0000, 0x00000000e753d828, 0x00000000e8000000)
  to   space 21824K,   0% used [0x00000000e5560000, 0x00000000e5560000, 0x00000000e6ab0000)
 concurrent mark-sweep generation total 393216K, used 25855K [0x00000000e8000000, 0x0000000100000000, 0x0000000100000000)
 Metaspace       used 40345K, capacity 40842K, committed 41196K, reserved 1085440K
  class space    used 4302K, capacity 4486K, committed 4604K, reserved 1048576K
2015-12-06T20:06:35.405+0530: 761.699: [GC (Allocation Failure) 761.699: [ParNew
Desired survivor size 20112992 bytes, new threshold 8 (max 8)
- age   1:    3576912 bytes,    3576912 total
- age   2:    1870408 bytes,    5447320 total
- age   3:      93800 bytes,    5541120 total
- age   4:      84792 bytes,    5625912 total
- age   5:       9144 bytes,    5635056 total
- age   6:     227136 bytes,    5862192 total
- age   7:     146696 bytes,    6008888 total
- age   8:      16144 bytes,    6025032 total
: 98222K->7699K(109248K), 0.0073842 secs] 124077K->33561K(502464K), 0.0077148 secs] [Times: user=0.02 sys=0.00, real=0.00 secs] 
Heap after GC invocations=56 (full 2):
 par new generation   total 109248K, used 7699K [0x00000000e0000000, 0x00000000e8000000, 0x00000000e8000000)
  eden space 87424K,   0% used [0x00000000e0000000, 0x00000000e0000000, 0x00000000e5560000)
  from space 21824K,  35% used [0x00000000e5560000, 0x00000000e5ce4d00, 0x00000000e6ab0000)
  to   space 21824K,   0% used [0x00000000e6ab0000, 0x00000000e6ab0000, 0x00000000e8000000)
 concurrent mark-sweep generation total 393216K, used 25862K [0x00000000e8000000, 0x0000000100000000, 0x0000000100000000)
 Metaspace       used 40345K, capacity 40842K, committed 41196K, reserved 1085440K
  class space    used 4302K, capacity 4486K, committed 4604K, reserved 1048576K
}
2015-12-06T20:06:35.413+0530: 761.707: Total time for which application threads were stopped: 0.0085119 seconds, Stopping threads took: 0.0001356 seconds
2015-12-06T20:06:35.417+0530: 761.711: Total time for which application threads were stopped: 0.0039437 seconds, Stopping threads took: 0.0036248 seconds
2015-12-06T20:06:36.418+0530: 762.712: Total time for which application threads were stopped: 0.0003335 seconds, Stopping threads took: 0.0000498 seconds
2015-12-06T20:06:36.580+0530: 762.874: Total time for which application threads were stopped: 0.0001966 seconds, Stopping threads took: 0.0000357 seconds
2015-12-06T20:06:36.601+0530: 762.895: Total time for which application threads were stopped: 0.0002050 seconds, Stopping threads took: 0.0000329 seconds
2015-12-06T20:06:36.607+0530: 762.901: Total time for which application threads were stopped: 0.0002812 seconds, Stopping threads took: 0.0000332 seconds
2015-12-06T20:06:37.191+0530: 763.485: Total time for which application threads were stopped: 0.0002337 seconds, Stopping threads took: 0.0000326 seconds
2015-12-06T20:06:39.191+0530: 765.485: Total time for which application threads were stopped: 0.0004550 seconds, Stopping threads took: 0.0000516 seconds
2015-12-06T20:06:39.353+0530: 765.647: Total time for which application threads were stopped: 0.0005158 seconds, Stopping threads took: 0.0002594 seconds
2015-12-06T20:06:39.353+0530: 765.647: Total time for which application threads were stopped: 0.0001768 seconds, Stopping threads took: 0.0000388 seconds
2015-12-06T20:06:40.353+0530: 766.647: Total time for which application threads were stopped: 0.0002492 seconds, Stopping threads took: 0.0000355 seconds
2015-12-06T20:06:40.357+0530: 766.651: Total time for which application threads were stopped: 0.0002424 seconds, Stopping threads took: 0.0000281 seconds
2015-12-06T20:06:40.368+0530: 766.662: Total time for which application threads were stopped: 0.0062671 seconds, Stopping threads took: 0.0060518 seconds
2015-12-06T20:06:40.368+0530: 766.662: Total time for which application threads were stopped: 0.0002372 seconds, Stopping threads took: 0.0000547 seconds
2015-12-06T20:06:40.369+0530: 766.662: Total time for which application threads were stopped: 0.0001488 seconds, Stopping threads took: 0.0000510 seconds
2015-12-06T20:06:40.369+0530: 766.663: Total time for which application threads were stopped: 0.0001367 seconds, Stopping threads took: 0.0000479 seconds
2015-12-06T20:06:41.369+0530: 767.663: Total time for which application threads were stopped: 0.0002076 seconds, Stopping threads took: 0.0000342 seconds
2015-12-06T20:06:43.370+0530: 769.664: Total time for which application threads were stopped: 0.0004335 seconds, Stopping threads took: 0.0000580 seconds
2015-12-06T20:06:44.307+0530: 770.600: Total time for which application threads were stopped: 0.0003583 seconds, Stopping threads took: 0.0000531 seconds
2015-12-06T20:06:44.606+0530: 770.900: Total time for which application threads were stopped: 0.0005042 seconds, Stopping threads took: 0.0000727 seconds
2015-12-06T20:06:44.607+0530: 770.901: Total time for which application threads were stopped: 0.0003327 seconds, Stopping threads took: 0.0000460 seconds
2015-12-06T20:06:46.607+0530: 772.901: Total time for which application threads were stopped: 0.0004247 seconds, Stopping threads took: 0.0000592 seconds
2015-12-06T20:06:50.645+0530: 776.939: Total time for which application threads were stopped: 0.0002344 seconds, Stopping threads took: 0.0000379 seconds
2015-12-06T20:06:51.362+0530: 777.656: Total time for which application threads were stopped: 0.0002092 seconds, Stopping threads took: 0.0000366 seconds
2015-12-06T20:06:51.362+0530: 777.656: Total time for which application threads were stopped: 0.0000885 seconds, Stopping threads took: 0.0000159 seconds
2015-12-06T20:06:54.363+0530: 780.657: Total time for which application threads were stopped: 0.0003393 seconds, Stopping threads took: 0.0000640 seconds
2015-12-06T20:06:54.443+0530: 780.737: Total time for which application threads were stopped: 0.0007025 seconds, Stopping threads took: 0.0000492 seconds
2015-12-06T20:06:55.443+0530: 781.737: Total time for which application threads were stopped: 0.0001844 seconds, Stopping threads took: 0.0000372 seconds
2015-12-06T20:06:56.444+0530: 782.737: Total time for which application threads were stopped: 0.0003083 seconds, Stopping threads took: 0.0000545 seconds
2015-12-06T20:06:58.444+0530: 784.738: Total time for which application threads were stopped: 0.0001634 seconds, Stopping threads took: 0.0000260 seconds
2015-12-06T20:06:58.494+0530: 784.788: Total time for which application threads were stopped: 0.0002521 seconds, Stopping threads took: 0.0000316 seconds
2015-12-06T20:06:59.083+0530: 785.377: Total time for which application threads were stopped: 0.0004022 seconds, Stopping threads took: 0.0000625 seconds
2015-12-06T20:06:59.084+0530: 785.377: Total time for which application threads were stopped: 0.0002762 seconds, Stopping threads took: 0.0000353 seconds
2015-12-06T20:06:59.084+0530: 785.378: Total time for which application threads were stopped: 0.0001582 seconds, Stopping threads took: 0.0000250 seconds
2015-12-06T20:07:00.084+0530: 786.378: Total time for which application threads were stopped: 0.0001840 seconds, Stopping threads took: 0.0000293 seconds
2015-12-06T20:07:00.677+0530: 786.971: Total time for which application threads were stopped: 0.0001868 seconds, Stopping threads took: 0.0000289 seconds
2015-12-06T20:07:00.677+0530: 786.971: Total time for which application threads were stopped: 0.0000808 seconds, Stopping threads took: 0.0000083 seconds
2015-12-06T20:07:00.862+0530: 787.156: Total time for which application threads were stopped: 0.0004348 seconds, Stopping threads took: 0.0000342 seconds
2015-12-06T20:07:00.862+0530: 787.156: Total time for which application threads were stopped: 0.0004355 seconds, Stopping threads took: 0.0000758 seconds
2015-12-06T20:07:00.863+0530: 787.157: Total time for which application threads were stopped: 0.0002017 seconds, Stopping threads took: 0.0000374 seconds
2015-12-06T20:07:00.881+0530: 787.175: Total time for which application threads were stopped: 0.0002442 seconds, Stopping threads took: 0.0000511 seconds
2015-12-06T20:07:00.882+0530: 787.176: Total time for which application threads were stopped: 0.0015644 seconds, Stopping threads took: 0.0012235 seconds
2015-12-06T20:07:00.884+0530: 787.178: Total time for which application threads were stopped: 0.0008827 seconds, Stopping threads took: 0.0007175 seconds
{Heap before GC invocations=56 (full 2):
 par new generation   total 109248K, used 95097K [0x00000000e0000000, 0x00000000e8000000, 0x00000000e8000000)
  eden space 87424K,  99% used [0x00000000e0000000, 0x00000000e55599d0, 0x00000000e5560000)
  from space 21824K,  35% used [0x00000000e5560000, 0x00000000e5ce4d00, 0x00000000e6ab0000)
  to   space 21824K,   0% used [0x00000000e6ab0000, 0x00000000e6ab0000, 0x00000000e8000000)
 concurrent mark-sweep generation total 393216K, used 25862K [0x00000000e8000000, 0x0000000100000000, 0x0000000100000000)
 Metaspace       used 40411K, capacity 40970K, committed 41196K, reserved 1085440K
  class space    used 4302K, capacity 4486K, committed 4604K, reserved 1048576K
2015-12-06T20:07:01.473+0530: 787.767: [GC (Allocation Failure) 788.071: [ParNew
Desired survivor size 20112992 bytes, new threshold 8 (max 8)
- age   1:    4243544 bytes,    4243544 total
- age   2:    2822472 bytes,    7066016 total
- age   3:     154912 bytes,    7220928 total
- age   4:      81208 bytes,    7302136 total
- age   5:      77504 bytes,    7379640 total
- age   6:       7560 bytes,    7387200 total
- age   7:     224960 bytes,    7612160 total
- age   8:      11472 bytes,    7623632 total
: 95097K->9506K(109248K), 0.0166378 secs] 120960K->35384K(502464K), 0.7160855 secs] [Times: user=0.04 sys=0.00, real=0.72 secs] 
Heap after GC invocations=57 (full 2):
 par new generation   total 109248K, used 9506K [0x00000000e0000000, 0x00000000e8000000, 0x00000000e8000000)
  eden space 87424K,   0% used [0x00000000e0000000, 0x00000000e0000000, 0x00000000e5560000)
  from space 21824K,  43% used [0x00000000e6ab0000, 0x00000000e73f8a20, 0x00000000e8000000)
  to   space 21824K,   0% used [0x00000000e5560000, 0x00000000e5560000, 0x00000000e6ab0000)
 concurrent mark-sweep generation total 393216K, used 25878K [0x00000000e8000000, 0x0000000100000000, 0x0000000100000000)
 Metaspace       used 40411K, capacity 40970K, committed 41196K, reserved 1085440K
  class space    used 4302K, capacity 4486K, committed 4604K, reserved 1048576K
}
2015-12-06T20:07:02.190+0530: 788.484: Total time for which application threads were stopped: 0.7169863 seconds, Stopping threads took: 0.0000431 seconds
2015-12-06T20:07:02.202+0530: 788.496: Total time for which application threads were stopped: 0.0003296 seconds, Stopping threads took: 0.0000936 seconds
2015-12-06T20:07:02.202+0530: 788.496: Total time for which application threads were stopped: 0.0001541 seconds, Stopping threads took: 0.0000210 seconds
2015-12-06T20:07:02.203+0530: 788.496: Total time for which application threads were stopped: 0.0001349 seconds, Stopping threads took: 0.0000165 seconds
2015-12-06T20:07:03.203+0530: 789.497: Total time for which application threads were stopped: 0.0003899 seconds, Stopping threads took: 0.0000559 seconds
2015-12-06T20:07:04.204+0530: 790.497: Total time for which application threads were stopped: 0.0002908 seconds, Stopping threads took: 0.0000493 seconds
2015-12-06T20:07:05.204+0530: 791.498: Total time for which application threads were stopped: 0.0001810 seconds, Stopping threads took: 0.0000334 seconds
2015-12-06T20:07:08.293+0530: 794.587: Total time for which application threads were stopped: 0.0002281 seconds, Stopping threads took: 0.0000323 seconds
2015-12-06T20:07:09.102+0530: 795.396: Total time for which application threads were stopped: 0.0003523 seconds, Stopping threads took: 0.0001020 seconds
2015-12-06T20:07:10.102+0530: 796.396: Total time for which application threads were stopped: 0.0003610 seconds, Stopping threads took: 0.0000575 seconds
2015-12-06T20:07:12.103+0530: 798.397: Total time for which application threads were stopped: 0.0003634 seconds, Stopping threads took: 0.0000564 seconds
2015-12-06T20:07:14.796+0530: 801.090: Total time for which application threads were stopped: 0.0003161 seconds, Stopping threads took: 0.0000612 seconds
2015-12-06T20:07:20.148+0530: 806.442: Total time for which application threads were stopped: 0.0002324 seconds, Stopping threads took: 0.0000593 seconds
2015-12-06T20:07:20.149+0530: 806.442: Total time for which application threads were stopped: 0.0001020 seconds, Stopping threads took: 0.0000219 seconds
2015-12-06T20:07:20.149+0530: 806.443: Total time for which application threads were stopped: 0.0001088 seconds, Stopping threads took: 0.0000389 seconds
2015-12-06T20:07:20.565+0530: 806.859: Total time for which application threads were stopped: 0.0003805 seconds, Stopping threads took: 0.0000519 seconds
2015-12-06T20:07:22.566+0530: 808.860: Total time for which application threads were stopped: 0.0003391 seconds, Stopping threads took: 0.0000551 seconds
2015-12-06T20:07:22.994+0530: 809.288: Total time for which application threads were stopped: 0.0002830 seconds, Stopping threads took: 0.0000542 seconds
2015-12-06T20:07:23.574+0530: 809.868: Total time for which application threads were stopped: 0.0002341 seconds, Stopping threads took: 0.0000319 seconds
2015-12-06T20:07:24.575+0530: 810.869: Total time for which application threads were stopped: 0.0003446 seconds, Stopping threads took: 0.0000537 seconds
2015-12-06T20:07:25.575+0530: 811.869: Total time for which application threads were stopped: 0.0003988 seconds, Stopping threads took: 0.0000551 seconds
2015-12-06T20:07:26.792+0530: 813.086: Total time for which application threads were stopped: 0.0002426 seconds, Stopping threads took: 0.0000649 seconds
2015-12-06T20:07:29.940+0530: 816.233: Total time for which application threads were stopped: 0.0002329 seconds, Stopping threads took: 0.0000362 seconds
2015-12-06T20:07:32.216+0530: 818.510: Total time for which application threads were stopped: 0.0003542 seconds, Stopping threads took: 0.0000663 seconds
2015-12-06T20:07:35.832+0530: 822.126: Total time for which application threads were stopped: 0.0002938 seconds, Stopping threads took: 0.0000573 seconds
2015-12-06T20:07:35.833+0530: 822.126: Total time for which application threads were stopped: 0.0001007 seconds, Stopping threads took: 0.0000197 seconds
2015-12-06T20:07:36.993+0530: 823.287: Total time for which application threads were stopped: 0.0044968 seconds, Stopping threads took: 0.0041992 seconds
2015-12-06T20:07:41.616+0530: 827.909: Total time for which application threads were stopped: 0.0002408 seconds, Stopping threads took: 0.0000568 seconds
2015-12-06T20:07:41.616+0530: 827.910: Total time for which application threads were stopped: 0.0002002 seconds, Stopping threads took: 0.0000206 seconds
2015-12-06T20:07:42.592+0530: 828.886: Total time for which application threads were stopped: 0.0003196 seconds, Stopping threads took: 0.0000854 seconds
2015-12-06T20:07:46.185+0530: 832.479: Total time for which application threads were stopped: 0.0002811 seconds, Stopping threads took: 0.0000618 seconds
2015-12-06T20:07:46.186+0530: 832.480: Total time for which application threads were stopped: 0.0002553 seconds, Stopping threads took: 0.0000585 seconds
{Heap before GC invocations=57 (full 2):
 par new generation   total 109248K, used 96913K [0x00000000e0000000, 0x00000000e8000000, 0x00000000e8000000)
  eden space 87424K,  99% used [0x00000000e0000000, 0x00000000e555bd08, 0x00000000e5560000)
  from space 21824K,  43% used [0x00000000e6ab0000, 0x00000000e73f8a20, 0x00000000e8000000)
  to   space 21824K,   0% used [0x00000000e5560000, 0x00000000e5560000, 0x00000000e6ab0000)
 concurrent mark-sweep generation total 393216K, used 25878K [0x00000000e8000000, 0x0000000100000000, 0x0000000100000000)
 Metaspace       used 40419K, capacity 40970K, committed 41196K, reserved 1085440K
  class space    used 4302K, capacity 4486K, committed 4604K, reserved 1048576K
2015-12-06T20:07:46.676+0530: 832.970: [GC (Allocation Failure) 832.970: [ParNew
Desired survivor size 20112992 bytes, new threshold 8 (max 8)
- age   1:    4972608 bytes,    4972608 total
- age   2:    2920840 bytes,    7893448 total
- age   3:     229776 bytes,    8123224 total
- age   4:     147648 bytes,    8270872 total
- age   5:      75720 bytes,    8346592 total
- age   6:      77504 bytes,    8424096 total
- age   7:       7560 bytes,    8431656 total
- age   8:     159352 bytes,    8591008 total
: 96913K->10608K(109248K), 0.0097142 secs] 122792K->36497K(502464K), 0.4857014 secs] [Times: user=0.03 sys=0.01, real=0.49 secs] 
Heap after GC invocations=58 (full 2):
 par new generation   total 109248K, used 10608K [0x00000000e0000000, 0x00000000e8000000, 0x00000000e8000000)
  eden space 87424K,   0% used [0x00000000e0000000, 0x00000000e0000000, 0x00000000e5560000)
  from space 21824K,  48% used [0x00000000e5560000, 0x00000000e5fbc0c0, 0x00000000e6ab0000)
  to   space 21824K,   0% used [0x00000000e6ab0000, 0x00000000e6ab0000, 0x00000000e8000000)
 concurrent mark-sweep generation total 393216K, used 25889K [0x00000000e8000000, 0x0000000100000000, 0x0000000100000000)
 Metaspace       used 40419K, capacity 40970K, committed 41196K, reserved 1085440K
  class space    used 4302K, capacity 4486K, committed 4604K, reserved 1048576K
}
2015-12-06T20:07:47.162+0530: 833.456: Total time for which application threads were stopped: 0.4865494 seconds, Stopping threads took: 0.0000425 seconds
2015-12-06T20:07:47.165+0530: 833.458: Total time for which application threads were stopped: 0.0004362 seconds, Stopping threads took: 0.0000541 seconds
2015-12-06T20:07:47.165+0530: 833.459: Total time for which application threads were stopped: 0.0003249 seconds, Stopping threads took: 0.0000457 seconds
2015-12-06T20:07:47.177+0530: 833.471: Total time for which application threads were stopped: 0.0002356 seconds, Stopping threads took: 0.0000297 seconds
2015-12-06T20:07:53.773+0530: 840.067: Total time for which application threads were stopped: 0.0001910 seconds, Stopping threads took: 0.0000327 seconds
2015-12-06T20:07:54.773+0530: 841.067: Total time for which application threads were stopped: 0.0001960 seconds, Stopping threads took: 0.0000310 seconds
2015-12-06T20:07:55.161+0530: 841.455: Total time for which application threads were stopped: 0.0049150 seconds, Stopping threads took: 0.0046411 seconds
2015-12-06T20:07:55.163+0530: 841.457: Total time for which application threads were stopped: 0.0002796 seconds, Stopping threads took: 0.0000475 seconds
2015-12-06T20:07:56.163+0530: 842.457: Total time for which application threads were stopped: 0.0002317 seconds, Stopping threads took: 0.0000322 seconds
2015-12-06T20:07:56.242+0530: 842.535: Total time for which application threads were stopped: 0.0002758 seconds, Stopping threads took: 0.0000429 seconds
2015-12-06T20:07:56.242+0530: 842.536: Total time for which application threads were stopped: 0.0001160 seconds, Stopping threads took: 0.0000174 seconds
2015-12-06T20:07:56.749+0530: 843.043: Total time for which application threads were stopped: 0.0053936 seconds, Stopping threads took: 0.0052428 seconds
2015-12-06T20:07:56.749+0530: 843.043: Total time for which application threads were stopped: 0.0001243 seconds, Stopping threads took: 0.0000285 seconds
2015-12-06T20:07:56.749+0530: 843.043: Total time for which application threads were stopped: 0.0001141 seconds, Stopping threads took: 0.0000221 seconds
2015-12-06T20:07:56.749+0530: 843.043: Total time for which application threads were stopped: 0.0001134 seconds, Stopping threads took: 0.0000210 seconds
2015-12-06T20:07:57.750+0530: 844.044: Total time for which application threads were stopped: 0.0003653 seconds, Stopping threads took: 0.0000567 seconds
2015-12-06T20:07:58.139+0530: 844.433: Total time for which application threads were stopped: 0.0001712 seconds, Stopping threads took: 0.0000219 seconds
2015-12-06T20:07:58.139+0530: 844.433: Total time for which application threads were stopped: 0.0000835 seconds, Stopping threads took: 0.0000102 seconds
2015-12-06T20:08:00.139+0530: 846.433: Total time for which application threads were stopped: 0.0003576 seconds, Stopping threads took: 0.0000602 seconds
2015-12-06T20:08:00.162+0530: 846.456: Total time for which application threads were stopped: 0.0003303 seconds, Stopping threads took: 0.0000378 seconds
2015-12-06T20:08:00.167+0530: 846.461: Total time for which application threads were stopped: 0.0002230 seconds, Stopping threads took: 0.0000365 seconds
2015-12-06T20:08:01.168+0530: 847.461: Total time for which application threads were stopped: 0.0002380 seconds, Stopping threads took: 0.0000377 seconds
2015-12-06T20:08:02.059+0530: 848.353: Total time for which application threads were stopped: 0.0060886 seconds, Stopping threads took: 0.0059111 seconds
2015-12-06T20:08:02.059+0530: 848.353: Total time for which application threads were stopped: 0.0001119 seconds, Stopping threads took: 0.0000286 seconds
2015-12-06T20:08:02.750+0530: 849.044: Total time for which application threads were stopped: 0.0003814 seconds, Stopping threads took: 0.0001021 seconds
2015-12-06T20:08:02.750+0530: 849.044: Total time for which application threads were stopped: 0.0002638 seconds, Stopping threads took: 0.0000716 seconds
2015-12-06T20:08:03.751+0530: 850.045: Total time for which application threads were stopped: 0.0001940 seconds, Stopping threads took: 0.0000281 seconds
2015-12-06T20:08:05.227+0530: 851.521: Total time for which application threads were stopped: 0.0002381 seconds, Stopping threads took: 0.0000315 seconds
2015-12-06T20:08:05.552+0530: 851.846: Total time for which application threads were stopped: 0.0003897 seconds, Stopping threads took: 0.0000649 seconds
2015-12-06T20:08:06.552+0530: 852.846: Total time for which application threads were stopped: 0.0003295 seconds, Stopping threads took: 0.0000709 seconds
2015-12-06T20:08:07.517+0530: 853.811: Total time for which application threads were stopped: 0.0010905 seconds, Stopping threads took: 0.0000648 seconds
2015-12-06T20:08:08.669+0530: 854.963: Total time for which application threads were stopped: 0.0037241 seconds, Stopping threads took: 0.0035403 seconds
2015-12-06T20:08:08.670+0530: 854.964: Total time for which application threads were stopped: 0.0001700 seconds, Stopping threads took: 0.0000653 seconds
2015-12-06T20:08:09.500+0530: 855.794: Total time for which application threads were stopped: 0.0003751 seconds, Stopping threads took: 0.0000656 seconds
2015-12-06T20:08:12.501+0530: 858.795: Total time for which application threads were stopped: 0.0002821 seconds, Stopping threads took: 0.0000439 seconds
2015-12-06T20:08:14.501+0530: 860.795: Total time for which application threads were stopped: 0.0004880 seconds, Stopping threads took: 0.0001382 seconds
{Heap before GC invocations=58 (full 2):
 par new generation   total 109248K, used 98019K [0x00000000e0000000, 0x00000000e8000000, 0x00000000e8000000)
  eden space 87424K,  99% used [0x00000000e0000000, 0x00000000e555cce0, 0x00000000e5560000)
  from space 21824K,  48% used [0x00000000e5560000, 0x00000000e5fbc0c0, 0x00000000e6ab0000)
  to   space 21824K,   0% used [0x00000000e6ab0000, 0x00000000e6ab0000, 0x00000000e8000000)
 concurrent mark-sweep generation total 393216K, used 25889K [0x00000000e8000000, 0x0000000100000000, 0x0000000100000000)
 Metaspace       used 40456K, capacity 41034K, committed 41452K, reserved 1085440K
  class space    used 4302K, capacity 4486K, committed 4604K, reserved 1048576K
2015-12-06T20:08:15.158+0530: 861.452: [GC (Allocation Failure) 861.452: [ParNew
Desired survivor size 20112992 bytes, new threshold 8 (max 8)
- age   1:    4107760 bytes,    4107760 total
- age   2:     238840 bytes,    4346600 total
- age   3:     308368 bytes,    4654968 total
- age   4:     216992 bytes,    4871960 total
- age   5:     146864 bytes,    5018824 total
- age   6:      75720 bytes,    5094544 total
- age   7:      77504 bytes,    5172048 total
- age   8:       7560 bytes,    5179608 total
: 98019K->10764K(109248K), 0.0130034 secs] 123908K->36809K(502464K), 0.0133033 secs] [Times: user=0.02 sys=0.00, real=0.01 secs] 
Heap after GC invocations=59 (full 2):
 par new generation   total 109248K, used 10764K [0x00000000e0000000, 0x00000000e8000000, 0x00000000e8000000)
  eden space 87424K,   0% used [0x00000000e0000000, 0x00000000e0000000, 0x00000000e5560000)
  from space 21824K,  49% used [0x00000000e6ab0000, 0x00000000e75331b0, 0x00000000e8000000)
  to   space 21824K,   0% used [0x00000000e5560000, 0x00000000e5560000, 0x00000000e6ab0000)
 concurrent mark-sweep generation total 393216K, used 26045K [0x00000000e8000000, 0x0000000100000000, 0x0000000100000000)
 Metaspace       used 40456K, capacity 41034K, committed 41452K, reserved 1085440K
  class space    used 4302K, capacity 4486K, committed 4604K, reserved 1048576K
}
2015-12-06T20:08:15.172+0530: 861.466: Total time for which application threads were stopped: 0.0137509 seconds, Stopping threads took: 0.0000358 seconds
2015-12-06T20:08:15.178+0530: 861.472: Total time for which application threads were stopped: 0.0010997 seconds, Stopping threads took: 0.0006629 seconds
2015-12-06T20:08:15.183+0530: 861.477: Total time for which application threads were stopped: 0.0002591 seconds, Stopping threads took: 0.0000559 seconds
2015-12-06T20:08:15.183+0530: 861.477: Total time for which application threads were stopped: 0.0001278 seconds, Stopping threads took: 0.0000172 seconds
2015-12-06T20:08:15.605+0530: 861.899: Total time for which application threads were stopped: 0.0002301 seconds, Stopping threads took: 0.0000653 seconds
2015-12-06T20:08:15.605+0530: 861.899: Total time for which application threads were stopped: 0.0001747 seconds, Stopping threads took: 0.0000372 seconds
2015-12-06T20:08:15.605+0530: 861.899: Total time for which application threads were stopped: 0.0001054 seconds, Stopping threads took: 0.0000162 seconds
2015-12-06T20:08:16.606+0530: 862.900: Total time for which application threads were stopped: 0.0002839 seconds, Stopping threads took: 0.0000462 seconds
2015-12-06T20:08:17.086+0530: 863.380: Total time for which application threads were stopped: 0.0004327 seconds, Stopping threads took: 0.0000737 seconds
2015-12-06T20:08:18.858+0530: 865.152: Total time for which application threads were stopped: 0.0001793 seconds, Stopping threads took: 0.0000302 seconds
2015-12-06T20:08:18.859+0530: 865.152: Total time for which application threads were stopped: 0.0000711 seconds, Stopping threads took: 0.0000099 seconds
2015-12-06T20:08:19.859+0530: 866.153: Total time for which application threads were stopped: 0.0003049 seconds, Stopping threads took: 0.0000553 seconds
2015-12-06T20:08:21.089+0530: 867.383: Total time for which application threads were stopped: 0.0022392 seconds, Stopping threads took: 0.0020792 seconds
2015-12-06T20:08:25.040+0530: 871.334: Total time for which application threads were stopped: 0.0003808 seconds, Stopping threads took: 0.0000714 seconds
2015-12-06T20:08:26.924+0530: 873.218: Total time for which application threads were stopped: 0.0003451 seconds, Stopping threads took: 0.0000541 seconds
2015-12-06T20:08:26.925+0530: 873.218: Total time for which application threads were stopped: 0.0005425 seconds, Stopping threads took: 0.0001193 seconds
2015-12-06T20:08:27.925+0530: 874.219: Total time for which application threads were stopped: 0.0002636 seconds, Stopping threads took: 0.0000372 seconds
2015-12-06T20:08:28.183+0530: 874.477: Total time for which application threads were stopped: 0.0004237 seconds, Stopping threads took: 0.0001497 seconds
2015-12-06T20:08:29.183+0530: 875.477: Total time for which application threads were stopped: 0.0003991 seconds, Stopping threads took: 0.0000566 seconds
2015-12-06T20:08:32.946+0530: 879.240: Total time for which application threads were stopped: 0.0002470 seconds, Stopping threads took: 0.0000411 seconds
2015-12-06T20:08:35.947+0530: 882.241: Total time for which application threads were stopped: 0.0003827 seconds, Stopping threads took: 0.0000606 seconds
2015-12-06T20:08:36.127+0530: 882.421: Total time for which application threads were stopped: 0.0003389 seconds, Stopping threads took: 0.0000588 seconds
2015-12-06T20:08:37.128+0530: 883.421: Total time for which application threads were stopped: 0.0002038 seconds, Stopping threads took: 0.0000326 seconds
2015-12-06T20:08:38.128+0530: 884.422: Total time for which application threads were stopped: 0.0002931 seconds, Stopping threads took: 0.0000471 seconds
2015-12-06T20:08:39.129+0530: 885.422: Total time for which application threads were stopped: 0.0003371 seconds, Stopping threads took: 0.0000551 seconds
2015-12-06T20:08:42.678+0530: 888.972: Total time for which application threads were stopped: 0.0001997 seconds, Stopping threads took: 0.0000328 seconds
2015-12-06T20:08:42.678+0530: 888.972: Total time for which application threads were stopped: 0.0001009 seconds, Stopping threads took: 0.0000144 seconds
2015-12-06T20:08:46.679+0530: 892.973: Total time for which application threads were stopped: 0.0001720 seconds, Stopping threads took: 0.0000319 seconds
2015-12-06T20:08:48.679+0530: 894.973: Total time for which application threads were stopped: 0.0002065 seconds, Stopping threads took: 0.0000330 seconds
2015-12-06T20:08:50.683+0530: 896.977: Total time for which application threads were stopped: 0.0004473 seconds, Stopping threads took: 0.0000557 seconds
2015-12-06T20:08:50.683+0530: 896.977: Total time for which application threads were stopped: 0.0003057 seconds, Stopping threads took: 0.0000449 seconds
2015-12-06T20:08:50.684+0530: 896.977: Total time for which application threads were stopped: 0.0003040 seconds, Stopping threads took: 0.0000355 seconds
2015-12-06T20:08:50.684+0530: 896.978: Total time for which application threads were stopped: 0.0004091 seconds, Stopping threads took: 0.0001418 seconds
2015-12-06T20:08:50.685+0530: 896.978: Total time for which application threads were stopped: 0.0003123 seconds, Stopping threads took: 0.0000415 seconds
2015-12-06T20:08:51.685+0530: 897.979: Total time for which application threads were stopped: 0.0002102 seconds, Stopping threads took: 0.0000531 seconds
2015-12-06T20:08:53.304+0530: 899.598: Total time for which application threads were stopped: 0.0004220 seconds, Stopping threads took: 0.0000686 seconds
2015-12-06T20:08:54.219+0530: 900.512: Total time for which application threads were stopped: 0.0002578 seconds, Stopping threads took: 0.0000735 seconds
2015-12-06T20:08:54.219+0530: 900.513: Total time for which application threads were stopped: 0.0001139 seconds, Stopping threads took: 0.0000174 seconds
2015-12-06T20:08:54.219+0530: 900.513: Total time for which application threads were stopped: 0.0000941 seconds, Stopping threads took: 0.0000161 seconds
2015-12-06T20:08:55.003+0530: 901.296: Total time for which application threads were stopped: 0.0005290 seconds, Stopping threads took: 0.0001270 seconds
2015-12-06T20:08:57.881+0530: 904.174: Total time for which application threads were stopped: 0.0003813 seconds, Stopping threads took: 0.0000480 seconds
2015-12-06T20:08:57.881+0530: 904.175: Total time for which application threads were stopped: 0.0002660 seconds, Stopping threads took: 0.0000339 seconds
2015-12-06T20:08:58.882+0530: 905.175: Total time for which application threads were stopped: 0.0003751 seconds, Stopping threads took: 0.0000581 seconds
{Heap before GC invocations=59 (full 2):
 par new generation   total 109248K, used 98188K [0x00000000e0000000, 0x00000000e8000000, 0x00000000e8000000)
  eden space 87424K, 100% used [0x00000000e0000000, 0x00000000e5560000, 0x00000000e5560000)
  from space 21824K,  49% used [0x00000000e6ab0000, 0x00000000e75331b0, 0x00000000e8000000)
  to   space 21824K,   0% used [0x00000000e5560000, 0x00000000e5560000, 0x00000000e6ab0000)
 concurrent mark-sweep generation total 393216K, used 26045K [0x00000000e8000000, 0x0000000100000000, 0x0000000100000000)
 Metaspace       used 40478K, capacity 41046K, committed 41452K, reserved 1085440K
  class space    used 4303K, capacity 4488K, committed 4604K, reserved 1048576K
2015-12-06T20:08:59.489+0530: 905.782: [GC (Allocation Failure) 905.935: [ParNew
Desired survivor size 20112992 bytes, new threshold 8 (max 8)
- age   1:    3536216 bytes,    3536216 total
- age   2:    2873256 bytes,    6409472 total
- age   3:     186176 bytes,    6595648 total
- age   4:     293696 bytes,    6889344 total
- age   5:     216992 bytes,    7106336 total
- age   6:     146080 bytes,    7252416 total
- age   7:      75696 bytes,    7328112 total
- age   8:      77504 bytes,    7405616 total
: 98188K->8913K(109248K), 0.0092740 secs] 124233K->34965K(502464K), 0.2751496 secs] [Times: user=0.03 sys=0.00, real=0.28 secs] 
Heap after GC invocations=60 (full 2):
 par new generation   total 109248K, used 8913K [0x00000000e0000000, 0x00000000e8000000, 0x00000000e8000000)
  eden space 87424K,   0% used [0x00000000e0000000, 0x00000000e0000000, 0x00000000e5560000)
  from space 21824K,  40% used [0x00000000e5560000, 0x00000000e5e14418, 0x00000000e6ab0000)
  to   space 21824K,   0% used [0x00000000e6ab0000, 0x00000000e6ab0000, 0x00000000e8000000)
 concurrent mark-sweep generation total 393216K, used 26052K [0x00000000e8000000, 0x0000000100000000, 0x0000000100000000)
 Metaspace       used 40478K, capacity 41046K, committed 41452K, reserved 1085440K
  class space    used 4303K, capacity 4488K, committed 4604K, reserved 1048576K
}
2015-12-06T20:08:59.764+0530: 906.058: Total time for which application threads were stopped: 0.2758631 seconds, Stopping threads took: 0.0000643 seconds
2015-12-06T20:09:00.475+0530: 906.769: Total time for which application threads were stopped: 0.0002765 seconds, Stopping threads took: 0.0000618 seconds
2015-12-06T20:09:00.476+0530: 906.770: Total time for which application threads were stopped: 0.0001452 seconds, Stopping threads took: 0.0000240 seconds
2015-12-06T20:09:00.476+0530: 906.770: Total time for which application threads were stopped: 0.0000791 seconds, Stopping threads took: 0.0000112 seconds
2015-12-06T20:09:00.476+0530: 906.770: Total time for which application threads were stopped: 0.0000911 seconds, Stopping threads took: 0.0000103 seconds
2015-12-06T20:09:04.442+0530: 910.736: Total time for which application threads were stopped: 0.0004465 seconds, Stopping threads took: 0.0000612 seconds
2015-12-06T20:09:04.443+0530: 910.737: Total time for which application threads were stopped: 0.0003909 seconds, Stopping threads took: 0.0000972 seconds
2015-12-06T20:09:05.443+0530: 911.737: Total time for which application threads were stopped: 0.0004079 seconds, Stopping threads took: 0.0000576 seconds
2015-12-06T20:09:05.507+0530: 911.801: Total time for which application threads were stopped: 0.0014537 seconds, Stopping threads took: 0.0009977 seconds
2015-12-06T20:09:05.553+0530: 911.847: Total time for which application threads were stopped: 0.0003669 seconds, Stopping threads took: 0.0000977 seconds
2015-12-06T20:09:05.553+0530: 911.847: Total time for which application threads were stopped: 0.0001288 seconds, Stopping threads took: 0.0000399 seconds
2015-12-06T20:09:05.554+0530: 911.847: Total time for which application threads were stopped: 0.0000968 seconds, Stopping threads took: 0.0000341 seconds
2015-12-06T20:09:05.554+0530: 911.848: Total time for which application threads were stopped: 0.0001302 seconds, Stopping threads took: 0.0000391 seconds
2015-12-06T20:09:06.554+0530: 912.848: Total time for which application threads were stopped: 0.0004651 seconds, Stopping threads took: 0.0000725 seconds
2015-12-06T20:09:07.563+0530: 913.857: Total time for which application threads were stopped: 0.0003223 seconds, Stopping threads took: 0.0000484 seconds
2015-12-06T20:09:15.564+0530: 921.858: Total time for which application threads were stopped: 0.0002188 seconds, Stopping threads took: 0.0000293 seconds
2015-12-06T20:09:28.567+0530: 934.860: Total time for which application threads were stopped: 0.0004667 seconds, Stopping threads took: 0.0000573 seconds
2015-12-06T20:09:34.568+0530: 940.862: Total time for which application threads were stopped: 0.0003044 seconds, Stopping threads took: 0.0000556 seconds
2015-12-06T20:09:35.473+0530: 941.767: Total time for which application threads were stopped: 0.0026183 seconds, Stopping threads took: 0.0023383 seconds
2015-12-06T20:09:35.476+0530: 941.770: Total time for which application threads were stopped: 0.0003353 seconds, Stopping threads took: 0.0001119 seconds
2015-12-06T20:09:35.476+0530: 941.770: Total time for which application threads were stopped: 0.0003005 seconds, Stopping threads took: 0.0001053 seconds
2015-12-06T20:09:35.477+0530: 941.771: Total time for which application threads were stopped: 0.0002000 seconds, Stopping threads took: 0.0000290 seconds
{Heap before GC invocations=60 (full 2):
 par new generation   total 109248K, used 96337K [0x00000000e0000000, 0x00000000e8000000, 0x00000000e8000000)
  eden space 87424K, 100% used [0x00000000e0000000, 0x00000000e5560000, 0x00000000e5560000)
  from space 21824K,  40% used [0x00000000e5560000, 0x00000000e5e14418, 0x00000000e6ab0000)
  to   space 21824K,   0% used [0x00000000e6ab0000, 0x00000000e6ab0000, 0x00000000e8000000)
 concurrent mark-sweep generation total 393216K, used 26052K [0x00000000e8000000, 0x0000000100000000, 0x0000000100000000)
 Metaspace       used 40516K, capacity 41110K, committed 41452K, reserved 1085440K
  class space    used 4303K, capacity 4488K, committed 4604K, reserved 1048576K
2015-12-06T20:09:37.791+0530: 944.085: [GC (Allocation Failure) 944.085: [ParNew
Desired survivor size 20112992 bytes, new threshold 8 (max 8)
- age   1:    5843384 bytes,    5843384 total
- age   2:     288752 bytes,    6132136 total
- age   3:     252096 bytes,    6384232 total
- age   4:     167592 bytes,    6551824 total
- age   5:     285520 bytes,    6837344 total
- age   6:     216992 bytes,    7054336 total
- age   7:     145296 bytes,    7199632 total
- age   8:      75696 bytes,    7275328 total
: 96337K->12219K(109248K), 0.0104784 secs] 122389K->38348K(502464K), 0.0106481 secs] [Times: user=0.02 sys=0.00, real=0.02 secs] 
Heap after GC invocations=61 (full 2):
 par new generation   total 109248K, used 12219K [0x00000000e0000000, 0x00000000e8000000, 0x00000000e8000000)
  eden space 87424K,   0% used [0x00000000e0000000, 0x00000000e0000000, 0x00000000e5560000)
  from space 21824K,  55% used [0x00000000e6ab0000, 0x00000000e769ed80, 0x00000000e8000000)
  to   space 21824K,   0% used [0x00000000e5560000, 0x00000000e5560000, 0x00000000e6ab0000)
 concurrent mark-sweep generation total 393216K, used 26128K [0x00000000e8000000, 0x0000000100000000, 0x0000000100000000)
 Metaspace       used 40516K, capacity 41110K, committed 41452K, reserved 1085440K
  class space    used 4303K, capacity 4488K, committed 4604K, reserved 1048576K
}
2015-12-06T20:09:37.802+0530: 944.096: Total time for which application threads were stopped: 0.0110334 seconds, Stopping threads took: 0.0000343 seconds
2015-12-06T20:09:37.854+0530: 944.148: Total time for which application threads were stopped: 0.0003465 seconds, Stopping threads took: 0.0001525 seconds
2015-12-06T20:09:40.766+0530: 947.060: Total time for which application threads were stopped: 0.0010989 seconds, Stopping threads took: 0.0000642 seconds
2015-12-06T20:09:40.949+0530: 947.243: Total time for which application threads were stopped: 0.0005795 seconds, Stopping threads took: 0.0002046 seconds
2015-12-06T20:09:40.949+0530: 947.243: Total time for which application threads were stopped: 0.0003161 seconds, Stopping threads took: 0.0000390 seconds
2015-12-06T20:09:40.951+0530: 947.245: Total time for which application threads were stopped: 0.0001870 seconds, Stopping threads took: 0.0000313 seconds
2015-12-06T20:09:41.952+0530: 948.246: Total time for which application threads were stopped: 0.0003855 seconds, Stopping threads took: 0.0000501 seconds
2015-12-06T20:09:43.295+0530: 949.589: Total time for which application threads were stopped: 0.0002766 seconds, Stopping threads took: 0.0000365 seconds
2015-12-06T20:09:43.295+0530: 949.589: Total time for which application threads were stopped: 0.0001851 seconds, Stopping threads took: 0.0000378 seconds
2015-12-06T20:09:43.295+0530: 949.589: Total time for which application threads were stopped: 0.0001819 seconds, Stopping threads took: 0.0000580 seconds
2015-12-06T20:09:43.296+0530: 949.589: Total time for which application threads were stopped: 0.0001594 seconds, Stopping threads took: 0.0000443 seconds
2015-12-06T20:09:44.201+0530: 950.495: Total time for which application threads were stopped: 0.0004903 seconds, Stopping threads took: 0.0001166 seconds
2015-12-06T20:09:44.756+0530: 951.050: Total time for which application threads were stopped: 0.0002121 seconds, Stopping threads took: 0.0000323 seconds
2015-12-06T20:09:45.432+0530: 951.726: Total time for which application threads were stopped: 0.0002567 seconds, Stopping threads took: 0.0000600 seconds
2015-12-06T20:09:46.433+0530: 952.727: Total time for which application threads were stopped: 0.0002371 seconds, Stopping threads took: 0.0000329 seconds
2015-12-06T20:09:48.197+0530: 954.491: Total time for which application threads were stopped: 0.0002458 seconds, Stopping threads took: 0.0000398 seconds
2015-12-06T20:09:48.197+0530: 954.491: Total time for which application threads were stopped: 0.0001047 seconds, Stopping threads took: 0.0000161 seconds
2015-12-06T20:09:50.198+0530: 956.492: Total time for which application threads were stopped: 0.0003298 seconds, Stopping threads took: 0.0000644 seconds
2015-12-06T20:09:51.198+0530: 957.492: Total time for which application threads were stopped: 0.0003790 seconds, Stopping threads took: 0.0000590 seconds
2015-12-06T20:09:52.199+0530: 958.493: Total time for which application threads were stopped: 0.0003784 seconds, Stopping threads took: 0.0000605 seconds
2015-12-06T20:09:53.227+0530: 959.521: Total time for which application threads were stopped: 0.0004390 seconds, Stopping threads took: 0.0000721 seconds
2015-12-06T20:09:56.227+0530: 962.521: Total time for which application threads were stopped: 0.0002030 seconds, Stopping threads took: 0.0000293 seconds
2015-12-06T20:09:56.941+0530: 963.235: Total time for which application threads were stopped: 0.0005509 seconds, Stopping threads took: 0.0001374 seconds
2015-12-06T20:09:56.942+0530: 963.236: Total time for which application threads were stopped: 0.0002574 seconds, Stopping threads took: 0.0000513 seconds
2015-12-06T20:09:57.942+0530: 964.236: Total time for which application threads were stopped: 0.0002836 seconds, Stopping threads took: 0.0000447 seconds
2015-12-06T20:09:58.644+0530: 964.938: Total time for which application threads were stopped: 0.0004855 seconds, Stopping threads took: 0.0000655 seconds
2015-12-06T20:09:59.262+0530: 965.555: Total time for which application threads were stopped: 0.0001904 seconds, Stopping threads took: 0.0000362 seconds
2015-12-06T20:10:00.262+0530: 966.556: Total time for which application threads were stopped: 0.0003218 seconds, Stopping threads took: 0.0000565 seconds
2015-12-06T20:10:00.502+0530: 966.795: Total time for which application threads were stopped: 0.0003259 seconds, Stopping threads took: 0.0000647 seconds
2015-12-06T20:10:00.511+0530: 966.805: Total time for which application threads were stopped: 0.0002168 seconds, Stopping threads took: 0.0000376 seconds
2015-12-06T20:10:00.512+0530: 966.806: Total time for which application threads were stopped: 0.0001204 seconds, Stopping threads took: 0.0000140 seconds
2015-12-06T20:10:00.761+0530: 967.055: Total time for which application threads were stopped: 0.0002437 seconds, Stopping threads took: 0.0000532 seconds
2015-12-06T20:10:00.763+0530: 967.057: Total time for which application threads were stopped: 0.0003883 seconds, Stopping threads took: 0.0000855 seconds
2015-12-06T20:10:01.322+0530: 967.615: Total time for which application threads were stopped: 0.0001878 seconds, Stopping threads took: 0.0000301 seconds
2015-12-06T20:10:01.331+0530: 967.625: Total time for which application threads were stopped: 0.0002774 seconds, Stopping threads took: 0.0000632 seconds
2015-12-06T20:10:01.341+0530: 967.635: Total time for which application threads were stopped: 0.0014644 seconds, Stopping threads took: 0.0012369 seconds
2015-12-06T20:10:02.342+0530: 968.636: Total time for which application threads were stopped: 0.0003570 seconds, Stopping threads took: 0.0000586 seconds
{Heap before GC invocations=61 (full 2):
 par new generation   total 109248K, used 99643K [0x00000000e0000000, 0x00000000e8000000, 0x00000000e8000000)
  eden space 87424K, 100% used [0x00000000e0000000, 0x00000000e5560000, 0x00000000e5560000)
  from space 21824K,  55% used [0x00000000e6ab0000, 0x00000000e769ed80, 0x00000000e8000000)
  to   space 21824K,   0% used [0x00000000e5560000, 0x00000000e5560000, 0x00000000e6ab0000)
 concurrent mark-sweep generation total 393216K, used 26128K [0x00000000e8000000, 0x0000000100000000, 0x0000000100000000)
 Metaspace       used 40704K, capacity 41248K, committed 41708K, reserved 1087488K
  class space    used 4304K, capacity 4488K, committed 4604K, reserved 1048576K
2015-12-06T20:10:03.022+0530: 969.316: [GC (Allocation Failure) 969.317: [ParNew
Desired survivor size 20112992 bytes, new threshold 8 (max 8)
- age   1:    3991392 bytes,    3991392 total
- age   2:    4825720 bytes,    8817112 total
- age   3:     241440 bytes,    9058552 total
- age   4:     222832 bytes,    9281384 total
- age   5:     163488 bytes,    9444872 total
- age   6:     284712 bytes,    9729584 total
- age   7:     149280 bytes,    9878864 total
- age   8:      77608 bytes,    9956472 total
: 99643K->11562K(109248K), 0.0155776 secs] 125772K->37765K(502464K), 0.0161939 secs] [Times: user=0.04 sys=0.00, real=0.01 secs] 
Heap after GC invocations=62 (full 2):
 par new generation   total 109248K, used 11562K [0x00000000e0000000, 0x00000000e8000000, 0x00000000e8000000)
  eden space 87424K,   0% used [0x00000000e0000000, 0x00000000e0000000, 0x00000000e5560000)
  from space 21824K,  52% used [0x00000000e5560000, 0x00000000e60aaac0, 0x00000000e6ab0000)
  to   space 21824K,   0% used [0x00000000e6ab0000, 0x00000000e6ab0000, 0x00000000e8000000)
 concurrent mark-sweep generation total 393216K, used 26202K [0x00000000e8000000, 0x0000000100000000, 0x0000000100000000)
 Metaspace       used 40704K, capacity 41248K, committed 41708K, reserved 1087488K
  class space    used 4304K, capacity 4488K, committed 4604K, reserved 1048576K
}
2015-12-06T20:10:03.039+0530: 969.332: Total time for which application threads were stopped: 0.0169582 seconds, Stopping threads took: 0.0001419 seconds
2015-12-06T20:10:03.039+0530: 969.333: Total time for which application threads were stopped: 0.0004081 seconds, Stopping threads took: 0.0000440 seconds
2015-12-06T20:10:03.820+0530: 970.113: Total time for which application threads were stopped: 0.0002783 seconds, Stopping threads took: 0.0000449 seconds
2015-12-06T20:10:03.820+0530: 970.114: Total time for which application threads were stopped: 0.0002471 seconds, Stopping threads took: 0.0000651 seconds
2015-12-06T20:10:04.821+0530: 971.114: Total time for which application threads were stopped: 0.0003530 seconds, Stopping threads took: 0.0000574 seconds
2015-12-06T20:10:05.821+0530: 972.115: Total time for which application threads were stopped: 0.0002533 seconds, Stopping threads took: 0.0000385 seconds
2015-12-06T20:10:06.416+0530: 972.709: Total time for which application threads were stopped: 0.0004008 seconds, Stopping threads took: 0.0000729 seconds
2015-12-06T20:10:06.416+0530: 972.710: Total time for which application threads were stopped: 0.0002399 seconds, Stopping threads took: 0.0000449 seconds
2015-12-06T20:10:06.416+0530: 972.710: Total time for which application threads were stopped: 0.0002685 seconds, Stopping threads took: 0.0000732 seconds
2015-12-06T20:10:06.417+0530: 972.711: Total time for which application threads were stopped: 0.0003097 seconds, Stopping threads took: 0.0001071 seconds
2015-12-06T20:10:08.418+0530: 974.711: Total time for which application threads were stopped: 0.0004021 seconds, Stopping threads took: 0.0000709 seconds
2015-12-06T20:10:14.419+0530: 980.713: Total time for which application threads were stopped: 0.0004144 seconds, Stopping threads took: 0.0000559 seconds
2015-12-06T20:10:15.878+0530: 982.172: Total time for which application threads were stopped: 0.0003439 seconds, Stopping threads took: 0.0000559 seconds
2015-12-06T20:10:15.879+0530: 982.173: Total time for which application threads were stopped: 0.0006164 seconds, Stopping threads took: 0.0000336 seconds
2015-12-06T20:10:17.431+0530: 983.725: Total time for which application threads were stopped: 0.0005240 seconds, Stopping threads took: 0.0000958 seconds
2015-12-06T20:10:17.683+0530: 983.977: Total time for which application threads were stopped: 0.0004426 seconds, Stopping threads took: 0.0000591 seconds
2015-12-06T20:10:19.376+0530: 985.670: Total time for which application threads were stopped: 0.0002302 seconds, Stopping threads took: 0.0000353 seconds
2015-12-06T20:10:19.376+0530: 985.670: Total time for which application threads were stopped: 0.0001590 seconds, Stopping threads took: 0.0000236 seconds
2015-12-06T20:10:19.376+0530: 985.670: Total time for which application threads were stopped: 0.0001493 seconds, Stopping threads took: 0.0000482 seconds
2015-12-06T20:10:19.376+0530: 985.670: Total time for which application threads were stopped: 0.0001327 seconds, Stopping threads took: 0.0000349 seconds
2015-12-06T20:10:19.377+0530: 985.670: Total time for which application threads were stopped: 0.0001467 seconds, Stopping threads took: 0.0000380 seconds
2015-12-06T20:10:19.378+0530: 985.672: Total time for which application threads were stopped: 0.0003350 seconds, Stopping threads took: 0.0000552 seconds
2015-12-06T20:10:24.624+0530: 990.918: Total time for which application threads were stopped: 0.0001754 seconds, Stopping threads took: 0.0000315 seconds
2015-12-06T20:10:25.625+0530: 991.918: Total time for which application threads were stopped: 0.0001909 seconds, Stopping threads took: 0.0000319 seconds
2015-12-06T20:10:26.750+0530: 993.044: Total time for which application threads were stopped: 0.0002041 seconds, Stopping threads took: 0.0000427 seconds
2015-12-06T20:10:29.750+0530: 996.044: Total time for which application threads were stopped: 0.0002912 seconds, Stopping threads took: 0.0001205 seconds
2015-12-06T20:10:31.299+0530: 997.592: Total time for which application threads were stopped: 0.0002316 seconds, Stopping threads took: 0.0000551 seconds
2015-12-06T20:10:31.310+0530: 997.604: Total time for which application threads were stopped: 0.0002089 seconds, Stopping threads took: 0.0000508 seconds
2015-12-06T20:10:31.310+0530: 997.604: Total time for which application threads were stopped: 0.0001190 seconds, Stopping threads took: 0.0000450 seconds
2015-12-06T20:10:31.313+0530: 997.607: Total time for which application threads were stopped: 0.0002579 seconds, Stopping threads took: 0.0000654 seconds
2015-12-06T20:10:35.570+0530: 1001.864: Total time for which application threads were stopped: 0.0002448 seconds, Stopping threads took: 0.0000379 seconds
2015-12-06T20:10:35.570+0530: 1001.864: Total time for which application threads were stopped: 0.0001229 seconds, Stopping threads took: 0.0000161 seconds
2015-12-06T20:10:35.756+0530: 1002.050: Total time for which application threads were stopped: 0.0004444 seconds, Stopping threads took: 0.0000637 seconds
2015-12-06T20:10:35.952+0530: 1002.246: Total time for which application threads were stopped: 0.0039978 seconds, Stopping threads took: 0.0036376 seconds
2015-12-06T20:10:41.953+0530: 1008.247: Total time for which application threads were stopped: 0.0004556 seconds, Stopping threads took: 0.0000623 seconds
2015-12-06T20:10:42.954+0530: 1009.248: Total time for which application threads were stopped: 0.0004244 seconds, Stopping threads took: 0.0000604 seconds
2015-12-06T20:10:43.954+0530: 1010.248: Total time for which application threads were stopped: 0.0001985 seconds, Stopping threads took: 0.0000324 seconds
2015-12-06T20:10:44.955+0530: 1011.248: Total time for which application threads were stopped: 0.0002127 seconds, Stopping threads took: 0.0000324 seconds
2015-12-06T20:10:45.232+0530: 1011.526: Total time for which application threads were stopped: 0.0003430 seconds, Stopping threads took: 0.0000525 seconds
{Heap before GC invocations=62 (full 2):
 par new generation   total 109248K, used 98986K [0x00000000e0000000, 0x00000000e8000000, 0x00000000e8000000)
  eden space 87424K, 100% used [0x00000000e0000000, 0x00000000e5560000, 0x00000000e5560000)
  from space 21824K,  52% used [0x00000000e5560000, 0x00000000e60aaac0, 0x00000000e6ab0000)
  to   space 21824K,   0% used [0x00000000e6ab0000, 0x00000000e6ab0000, 0x00000000e8000000)
 concurrent mark-sweep generation total 393216K, used 26202K [0x00000000e8000000, 0x0000000100000000, 0x0000000100000000)
 Metaspace       used 40781K, capacity 41312K, committed 41708K, reserved 1087488K
  class space    used 4306K, capacity 4488K, committed 4604K, reserved 1048576K
2015-12-06T20:10:51.924+0530: 1018.218: [GC (Allocation Failure) 1018.291: [ParNew
Desired survivor size 20112992 bytes, new threshold 8 (max 8)
- age   1:    3744272 bytes,    3744272 total
- age   2:    2796640 bytes,    6540912 total
- age   3:     176656 bytes,    6717568 total
- age   4:     221192 bytes,    6938760 total
- age   5:     222800 bytes,    7161560 total
- age   6:     162712 bytes,    7324272 total
- age   7:     284688 bytes,    7608960 total
- age   8:     149256 bytes,    7758216 total
: 98986K->12177K(109248K), 0.0103660 secs] 125189K->38389K(502464K), 0.1716105 secs] [Times: user=0.03 sys=0.00, real=0.17 secs] 
Heap after GC invocations=63 (full 2):
 par new generation   total 109248K, used 12177K [0x00000000e0000000, 0x00000000e8000000, 0x00000000e8000000)
  eden space 87424K,   0% used [0x00000000e0000000, 0x00000000e0000000, 0x00000000e5560000)
  from space 21824K,  55% used [0x00000000e6ab0000, 0x00000000e7694580, 0x00000000e8000000)
  to   space 21824K,   0% used [0x00000000e5560000, 0x00000000e5560000, 0x00000000e6ab0000)
 concurrent mark-sweep generation total 393216K, used 26212K [0x00000000e8000000, 0x0000000100000000, 0x0000000100000000)
 Metaspace       used 40781K, capacity 41312K, committed 41708K, reserved 1087488K
  class space    used 4306K, capacity 4488K, committed 4604K, reserved 1048576K
}
2015-12-06T20:10:52.096+0530: 1018.390: Total time for which application threads were stopped: 0.1721977 seconds, Stopping threads took: 0.0000339 seconds
2015-12-06T20:10:55.097+0530: 1021.390: Total time for which application threads were stopped: 0.0003886 seconds, Stopping threads took: 0.0000569 seconds
2015-12-06T20:10:57.460+0530: 1023.754: Total time for which application threads were stopped: 0.0002500 seconds, Stopping threads took: 0.0000521 seconds
2015-12-06T20:10:57.461+0530: 1023.755: Total time for which application threads were stopped: 0.0008197 seconds, Stopping threads took: 0.0000184 seconds
2015-12-06T20:10:58.140+0530: 1024.434: Total time for which application threads were stopped: 0.0002859 seconds, Stopping threads took: 0.0000395 seconds
2015-12-06T20:10:58.142+0530: 1024.436: Total time for which application threads were stopped: 0.0002905 seconds, Stopping threads took: 0.0000551 seconds
2015-12-06T20:10:58.870+0530: 1025.163: Total time for which application threads were stopped: 0.0027222 seconds, Stopping threads took: 0.0024361 seconds
2015-12-06T20:10:59.870+0530: 1026.164: Total time for which application threads were stopped: 0.0002355 seconds, Stopping threads took: 0.0000371 seconds
2015-12-06T20:11:01.871+0530: 1028.164: Total time for which application threads were stopped: 0.0001830 seconds, Stopping threads took: 0.0000314 seconds
2015-12-06T20:11:02.871+0530: 1029.165: Total time for which application threads were stopped: 0.0002162 seconds, Stopping threads took: 0.0000321 seconds
2015-12-06T20:11:03.781+0530: 1030.075: Total time for which application threads were stopped: 0.0056490 seconds, Stopping threads took: 0.0052916 seconds
2015-12-06T20:11:03.781+0530: 1030.075: Total time for which application threads were stopped: 0.0002771 seconds, Stopping threads took: 0.0000493 seconds
2015-12-06T20:11:06.486+0530: 1032.779: Total time for which application threads were stopped: 0.0006421 seconds, Stopping threads took: 0.0001428 seconds
2015-12-06T20:11:06.486+0530: 1032.780: Total time for which application threads were stopped: 0.0002959 seconds, Stopping threads took: 0.0000489 seconds
2015-12-06T20:11:06.486+0530: 1032.780: Total time for which application threads were stopped: 0.0003398 seconds, Stopping threads took: 0.0000520 seconds
2015-12-06T20:11:06.495+0530: 1032.789: Total time for which application threads were stopped: 0.0003465 seconds, Stopping threads took: 0.0000522 seconds
2015-12-06T20:11:07.496+0530: 1033.790: Total time for which application threads were stopped: 0.0005862 seconds, Stopping threads took: 0.0000944 seconds
2015-12-06T20:11:08.497+0530: 1034.791: Total time for which application threads were stopped: 0.0003905 seconds, Stopping threads took: 0.0000538 seconds
2015-12-06T20:11:08.909+0530: 1035.203: Total time for which application threads were stopped: 0.0002984 seconds, Stopping threads took: 0.0000490 seconds
2015-12-06T20:11:08.909+0530: 1035.203: Total time for which application threads were stopped: 0.0001242 seconds, Stopping threads took: 0.0000460 seconds
2015-12-06T20:11:10.018+0530: 1036.312: Total time for which application threads were stopped: 0.0004187 seconds, Stopping threads took: 0.0000672 seconds
2015-12-06T20:11:10.856+0530: 1037.150: Total time for which application threads were stopped: 0.0004795 seconds, Stopping threads took: 0.0001464 seconds
2015-12-06T20:11:10.856+0530: 1037.150: Total time for which application threads were stopped: 0.0002663 seconds, Stopping threads took: 0.0000548 seconds
2015-12-06T20:11:11.179+0530: 1037.473: Total time for which application threads were stopped: 0.0003756 seconds, Stopping threads took: 0.0000652 seconds
2015-12-06T20:11:11.309+0530: 1037.603: Total time for which application threads were stopped: 0.0003599 seconds, Stopping threads took: 0.0000630 seconds
2015-12-06T20:11:12.138+0530: 1038.432: Total time for which application threads were stopped: 0.0006100 seconds, Stopping threads took: 0.0000967 seconds
2015-12-06T20:11:12.138+0530: 1038.432: Total time for which application threads were stopped: 0.0001740 seconds, Stopping threads took: 0.0000358 seconds
2015-12-06T20:11:12.145+0530: 1038.439: Total time for which application threads were stopped: 0.0004056 seconds, Stopping threads took: 0.0000270 seconds
2015-12-06T20:11:12.146+0530: 1038.439: Total time for which application threads were stopped: 0.0000830 seconds, Stopping threads took: 0.0000129 seconds
2015-12-06T20:11:16.119+0530: 1042.413: Total time for which application threads were stopped: 0.0023183 seconds, Stopping threads took: 0.0019268 seconds
2015-12-06T20:11:16.120+0530: 1042.414: Total time for which application threads were stopped: 0.0003322 seconds, Stopping threads took: 0.0000572 seconds
2015-12-06T20:11:16.121+0530: 1042.415: Total time for which application threads were stopped: 0.0004678 seconds, Stopping threads took: 0.0002516 seconds
{Heap before GC invocations=63 (full 2):
 par new generation   total 109248K, used 99599K [0x00000000e0000000, 0x00000000e8000000, 0x00000000e8000000)
  eden space 87424K,  99% used [0x00000000e0000000, 0x00000000e555f8a8, 0x00000000e5560000)
  from space 21824K,  55% used [0x00000000e6ab0000, 0x00000000e7694580, 0x00000000e8000000)
  to   space 21824K,   0% used [0x00000000e5560000, 0x00000000e5560000, 0x00000000e6ab0000)
 concurrent mark-sweep generation total 393216K, used 26212K [0x00000000e8000000, 0x0000000100000000, 0x0000000100000000)
 Metaspace       used 40792K, capacity 41312K, committed 41708K, reserved 1087488K
  class space    used 4306K, capacity 4488K, committed 4604K, reserved 1048576K
2015-12-06T20:11:18.406+0530: 1044.700: [GC (Allocation Failure) 1044.905: [ParNew
Desired survivor size 20112992 bytes, new threshold 8 (max 8)
- age   1:    5632736 bytes,    5632736 total
- age   2:    2490104 bytes,    8122840 total
- age   3:     153784 bytes,    8276624 total
- age   4:     152864 bytes,    8429488 total
- age   5:     221192 bytes,    8650680 total
- age   6:     222800 bytes,    8873480 total
- age   7:     162688 bytes,    9036168 total
- age   8:     216896 bytes,    9253064 total
: 99599K->11770K(109248K), 0.0141763 secs] 125811K->37997K(502464K), 0.4386968 secs] [Times: user=0.04 sys=0.00, real=0.44 secs] 
Heap after GC invocations=64 (full 2):
 par new generation   total 109248K, used 11770K [0x00000000e0000000, 0x00000000e8000000, 0x00000000e8000000)
  eden space 87424K,   0% used [0x00000000e0000000, 0x00000000e0000000, 0x00000000e5560000)
  from space 21824K,  53% used [0x00000000e5560000, 0x00000000e60debe0, 0x00000000e6ab0000)
  to   space 21824K,   0% used [0x00000000e6ab0000, 0x00000000e6ab0000, 0x00000000e8000000)
 concurrent mark-sweep generation total 393216K, used 26226K [0x00000000e8000000, 0x0000000100000000, 0x0000000100000000)
 Metaspace       used 40792K, capacity 41312K, committed 41708K, reserved 1087488K
  class space    used 4306K, capacity 4488K, committed 4604K, reserved 1048576K
}
2015-12-06T20:11:18.845+0530: 1045.139: Total time for which application threads were stopped: 0.4392389 seconds, Stopping threads took: 0.0000290 seconds
2015-12-06T20:11:20.651+0530: 1046.945: Total time for which application threads were stopped: 0.0005274 seconds, Stopping threads took: 0.0000402 seconds
2015-12-06T20:11:23.591+0530: 1049.884: Total time for which application threads were stopped: 0.0003367 seconds, Stopping threads took: 0.0000548 seconds
2015-12-06T20:11:24.591+0530: 1050.885: Total time for which application threads were stopped: 0.0003609 seconds, Stopping threads took: 0.0000582 seconds
2015-12-06T20:11:25.635+0530: 1051.929: Total time for which application threads were stopped: 0.0002628 seconds, Stopping threads took: 0.0000423 seconds
2015-12-06T20:11:25.636+0530: 1051.929: Total time for which application threads were stopped: 0.0001548 seconds, Stopping threads took: 0.0000498 seconds
2015-12-06T20:11:25.636+0530: 1051.930: Total time for which application threads were stopped: 0.0001637 seconds, Stopping threads took: 0.0000539 seconds
2015-12-06T20:11:25.636+0530: 1051.930: Total time for which application threads were stopped: 0.0000917 seconds, Stopping threads took: 0.0000251 seconds
2015-12-06T20:11:25.636+0530: 1051.930: Total time for which application threads were stopped: 0.0001011 seconds, Stopping threads took: 0.0000264 seconds
2015-12-06T20:11:29.180+0530: 1055.474: Total time for which application threads were stopped: 0.0002134 seconds, Stopping threads took: 0.0000302 seconds
2015-12-06T20:11:32.181+0530: 1058.474: Total time for which application threads were stopped: 0.0002194 seconds, Stopping threads took: 0.0000291 seconds
2015-12-06T20:11:46.807+0530: 1073.101: Total time for which application threads were stopped: 0.0002308 seconds, Stopping threads took: 0.0000306 seconds
2015-12-06T20:11:46.807+0530: 1073.101: Total time for which application threads were stopped: 0.0001042 seconds, Stopping threads took: 0.0000148 seconds
2015-12-06T20:11:48.777+0530: 1075.071: Total time for which application threads were stopped: 0.0004049 seconds, Stopping threads took: 0.0000678 seconds
2015-12-06T20:11:48.778+0530: 1075.071: Total time for which application threads were stopped: 0.0003082 seconds, Stopping threads took: 0.0000944 seconds
2015-12-06T20:11:48.778+0530: 1075.072: Total time for which application threads were stopped: 0.0002373 seconds, Stopping threads took: 0.0000415 seconds
2015-12-06T20:11:48.778+0530: 1075.072: Total time for which application threads were stopped: 0.0003019 seconds, Stopping threads took: 0.0001053 seconds
2015-12-06T20:11:48.779+0530: 1075.073: Total time for which application threads were stopped: 0.0003173 seconds, Stopping threads took: 0.0001230 seconds
2015-12-06T20:11:48.779+0530: 1075.073: Total time for which application threads were stopped: 0.0002810 seconds, Stopping threads took: 0.0000908 seconds
2015-12-06T20:11:50.149+0530: 1076.443: Total time for which application threads were stopped: 0.0002164 seconds, Stopping threads took: 0.0000349 seconds
2015-12-06T20:11:50.600+0530: 1076.894: Total time for which application threads were stopped: 0.0003603 seconds, Stopping threads took: 0.0000574 seconds
2015-12-06T20:11:53.440+0530: 1079.734: Total time for which application threads were stopped: 0.0002287 seconds, Stopping threads took: 0.0000560 seconds
2015-12-06T20:11:53.441+0530: 1079.735: Total time for which application threads were stopped: 0.0001070 seconds, Stopping threads took: 0.0000214 seconds
2015-12-06T20:11:53.441+0530: 1079.735: Total time for which application threads were stopped: 0.0001079 seconds, Stopping threads took: 0.0000305 seconds
2015-12-06T20:11:53.441+0530: 1079.735: Total time for which application threads were stopped: 0.0000964 seconds, Stopping threads took: 0.0000155 seconds
2015-12-06T20:11:53.441+0530: 1079.735: Total time for which application threads were stopped: 0.0001110 seconds, Stopping threads took: 0.0000309 seconds
2015-12-06T20:11:53.444+0530: 1079.738: Total time for which application threads were stopped: 0.0002247 seconds, Stopping threads took: 0.0000346 seconds
2015-12-06T20:11:54.407+0530: 1080.701: Total time for which application threads were stopped: 0.0002614 seconds, Stopping threads took: 0.0000315 seconds
2015-12-06T20:11:58.095+0530: 1084.389: Total time for which application threads were stopped: 0.0004364 seconds, Stopping threads took: 0.0000636 seconds
2015-12-06T20:11:58.096+0530: 1084.390: Total time for which application threads were stopped: 0.0003394 seconds, Stopping threads took: 0.0000395 seconds
2015-12-06T20:11:58.561+0530: 1084.855: Total time for which application threads were stopped: 0.0004165 seconds, Stopping threads took: 0.0000627 seconds
2015-12-06T20:12:03.199+0530: 1089.493: Total time for which application threads were stopped: 0.0003909 seconds, Stopping threads took: 0.0000577 seconds
2015-12-06T20:12:08.866+0530: 1095.160: Total time for which application threads were stopped: 0.0002235 seconds, Stopping threads took: 0.0000549 seconds
2015-12-06T20:12:08.869+0530: 1095.163: Total time for which application threads were stopped: 0.0001791 seconds, Stopping threads took: 0.0000338 seconds
{Heap before GC invocations=64 (full 2):
 par new generation   total 109248K, used 99177K [0x00000000e0000000, 0x00000000e8000000, 0x00000000e8000000)
  eden space 87424K,  99% used [0x00000000e0000000, 0x00000000e555b998, 0x00000000e5560000)
  from space 21824K,  53% used [0x00000000e5560000, 0x00000000e60debe0, 0x00000000e6ab0000)
  to   space 21824K,   0% used [0x00000000e6ab0000, 0x00000000e6ab0000, 0x00000000e8000000)
 concurrent mark-sweep generation total 393216K, used 26226K [0x00000000e8000000, 0x0000000100000000, 0x0000000100000000)
 Metaspace       used 40823K, capacity 41376K, committed 41708K, reserved 1087488K
  class space    used 4307K, capacity 4488K, committed 4604K, reserved 1048576K
2015-12-06T20:12:08.922+0530: 1095.216: [GC (Allocation Failure) 1095.216: [ParNew
Desired survivor size 20112992 bytes, new threshold 8 (max 8)
- age   1:    2931176 bytes,    2931176 total
- age   2:    4295680 bytes,    7226856 total
- age   3:     263168 bytes,    7490024 total
- age   4:     150408 bytes,    7640432 total
- age   5:     152088 bytes,    7792520 total
- age   6:     220416 bytes,    8012936 total
- age   7:     222776 bytes,    8235712 total
- age   8:     162640 bytes,    8398352 total
: 99177K->10923K(109248K), 0.0178272 secs] 125403K->37163K(502464K), 0.0180140 secs] [Times: user=0.03 sys=0.01, real=0.01 secs] 
Heap after GC invocations=65 (full 2):
 par new generation   total 109248K, used 10923K [0x00000000e0000000, 0x00000000e8000000, 0x00000000e8000000)
  eden space 87424K,   0% used [0x00000000e0000000, 0x00000000e0000000, 0x00000000e5560000)
  from space 21824K,  50% used [0x00000000e6ab0000, 0x00000000e755af00, 0x00000000e8000000)
  to   space 21824K,   0% used [0x00000000e5560000, 0x00000000e5560000, 0x00000000e6ab0000)
 concurrent mark-sweep generation total 393216K, used 26239K [0x00000000e8000000, 0x0000000100000000, 0x0000000100000000)
 Metaspace       used 40823K, capacity 41376K, committed 41708K, reserved 1087488K
  class space    used 4307K, capacity 4488K, committed 4604K, reserved 1048576K
}
2015-12-06T20:12:08.941+0530: 1095.234: Total time for which application threads were stopped: 0.0184556 seconds, Stopping threads took: 0.0000370 seconds
2015-12-06T20:12:08.941+0530: 1095.235: Total time for which application threads were stopped: 0.0005246 seconds, Stopping threads took: 0.0000496 seconds
2015-12-06T20:12:13.942+0530: 1100.236: Total time for which application threads were stopped: 0.0003321 seconds, Stopping threads took: 0.0000577 seconds
2015-12-06T20:12:15.290+0530: 1101.584: Total time for which application threads were stopped: 0.0006038 seconds, Stopping threads took: 0.0001900 seconds
2015-12-06T20:12:21.298+0530: 1107.592: Total time for which application threads were stopped: 0.0002488 seconds, Stopping threads took: 0.0000287 seconds
2015-12-06T20:12:21.298+0530: 1107.592: Total time for which application threads were stopped: 0.0001361 seconds, Stopping threads took: 0.0000176 seconds
2015-12-06T20:12:23.668+0530: 1109.962: Total time for which application threads were stopped: 0.0003406 seconds, Stopping threads took: 0.0000528 seconds
2015-12-06T20:12:23.668+0530: 1109.962: Total time for which application threads were stopped: 0.0002159 seconds, Stopping threads took: 0.0000311 seconds
2015-12-06T20:12:27.669+0530: 1113.963: Total time for which application threads were stopped: 0.0003158 seconds, Stopping threads took: 0.0000558 seconds
2015-12-06T20:12:32.047+0530: 1118.341: Total time for which application threads were stopped: 0.0016748 seconds, Stopping threads took: 0.0014898 seconds
2015-12-06T20:12:32.047+0530: 1118.341: Total time for which application threads were stopped: 0.0001765 seconds, Stopping threads took: 0.0000417 seconds
2015-12-06T20:12:33.313+0530: 1119.607: Total time for which application threads were stopped: 0.0002726 seconds, Stopping threads took: 0.0000668 seconds
2015-12-06T20:12:33.314+0530: 1119.607: Total time for which application threads were stopped: 0.0001634 seconds, Stopping threads took: 0.0000427 seconds
2015-12-06T20:12:33.823+0530: 1120.117: Total time for which application threads were stopped: 0.0003664 seconds, Stopping threads took: 0.0000593 seconds
2015-12-06T20:12:34.824+0530: 1121.117: Total time for which application threads were stopped: 0.0003897 seconds, Stopping threads took: 0.0000564 seconds
2015-12-06T20:12:36.175+0530: 1122.469: Total time for which application threads were stopped: 0.0006092 seconds, Stopping threads took: 0.0000691 seconds
2015-12-06T20:12:36.177+0530: 1122.471: Total time for which application threads were stopped: 0.0002410 seconds, Stopping threads took: 0.0000541 seconds
2015-12-06T20:12:36.178+0530: 1122.471: Total time for which application threads were stopped: 0.0001476 seconds, Stopping threads took: 0.0000345 seconds
{Heap before GC invocations=65 (full 2):
 par new generation   total 109248K, used 98296K [0x00000000e0000000, 0x00000000e8000000, 0x00000000e8000000)
  eden space 87424K,  99% used [0x00000000e0000000, 0x00000000e5553240, 0x00000000e5560000)
  from space 21824K,  50% used [0x00000000e6ab0000, 0x00000000e755af00, 0x00000000e8000000)
  to   space 21824K,   0% used [0x00000000e5560000, 0x00000000e5560000, 0x00000000e6ab0000)
 concurrent mark-sweep generation total 393216K, used 26239K [0x00000000e8000000, 0x0000000100000000, 0x0000000100000000)
 Metaspace       used 40823K, capacity 41376K, committed 41708K, reserved 1087488K
  class space    used 4307K, capacity 4488K, committed 4604K, reserved 1048576K
2015-12-06T20:12:36.842+0530: 1123.136: [GC (Allocation Failure) 1123.136: [ParNew
Desired survivor size 20112992 bytes, new threshold 8 (max 8)
- age   1:    5919480 bytes,    5919480 total
- age   2:    1480160 bytes,    7399640 total
- age   3:    1406352 bytes,    8805992 total
- age   4:     219104 bytes,    9025096 total
- age   5:     148304 bytes,    9173400 total
- age   6:     151312 bytes,    9324712 total
- age   7:     220296 bytes,    9545008 total
- age   8:      87480 bytes,    9632488 total
: 98296K->11461K(109248K), 0.0168074 secs] 124536K->37728K(502464K), 0.0171627 secs] [Times: user=0.04 sys=0.01, real=0.01 secs] 
Heap after GC invocations=66 (full 2):
 par new generation   total 109248K, used 11461K [0x00000000e0000000, 0x00000000e8000000, 0x00000000e8000000)
  eden space 87424K,   0% used [0x00000000e0000000, 0x00000000e0000000, 0x00000000e5560000)
  from space 21824K,  52% used [0x00000000e5560000, 0x00000000e6091750, 0x00000000e6ab0000)
  to   space 21824K,   0% used [0x00000000e6ab0000, 0x00000000e6ab0000, 0x00000000e8000000)
 concurrent mark-sweep generation total 393216K, used 26267K [0x00000000e8000000, 0x0000000100000000, 0x0000000100000000)
 Metaspace       used 40823K, capacity 41376K, committed 41708K, reserved 1087488K
  class space    used 4307K, capacity 4488K, committed 4604K, reserved 1048576K
}
2015-12-06T20:12:36.859+0530: 1123.153: Total time for which application threads were stopped: 0.6737937 seconds, Stopping threads took: 0.0038055 seconds
2015-12-06T20:12:36.865+0530: 1123.159: Total time for which application threads were stopped: 0.0001711 seconds, Stopping threads took: 0.0000313 seconds
2015-12-06T20:12:36.865+0530: 1123.159: Total time for which application threads were stopped: 0.0000732 seconds, Stopping threads took: 0.0000124 seconds
2015-12-06T20:12:36.866+0530: 1123.159: Total time for which application threads were stopped: 0.0000723 seconds, Stopping threads took: 0.0000112 seconds
2015-12-06T20:12:36.866+0530: 1123.159: Total time for which application threads were stopped: 0.0000821 seconds, Stopping threads took: 0.0000285 seconds
2015-12-06T20:12:36.866+0530: 1123.160: Total time for which application threads were stopped: 0.0000761 seconds, Stopping threads took: 0.0000243 seconds
2015-12-06T20:12:37.866+0530: 1124.160: Total time for which application threads were stopped: 0.0002002 seconds, Stopping threads took: 0.0000333 seconds
2015-12-06T20:12:42.211+0530: 1128.505: Total time for which application threads were stopped: 0.0002080 seconds, Stopping threads took: 0.0000332 seconds
2015-12-06T20:12:42.211+0530: 1128.505: Total time for which application threads were stopped: 0.0001020 seconds, Stopping threads took: 0.0000143 seconds
2015-12-06T20:12:42.211+0530: 1128.505: Total time for which application threads were stopped: 0.0000829 seconds, Stopping threads took: 0.0000093 seconds
2015-12-06T20:12:44.212+0530: 1130.506: Total time for which application threads were stopped: 0.0004108 seconds, Stopping threads took: 0.0000558 seconds
2015-12-06T20:12:45.798+0530: 1132.092: Total time for which application threads were stopped: 0.0004996 seconds, Stopping threads took: 0.0001180 seconds
2015-12-06T20:12:45.799+0530: 1132.092: Total time for which application threads were stopped: 0.0002599 seconds, Stopping threads took: 0.0000525 seconds
2015-12-06T20:12:45.799+0530: 1132.093: Total time for which application threads were stopped: 0.0002249 seconds, Stopping threads took: 0.0000383 seconds
2015-12-06T20:12:45.799+0530: 1132.093: Total time for which application threads were stopped: 0.0002163 seconds, Stopping threads took: 0.0000415 seconds
2015-12-06T20:12:45.800+0530: 1132.094: Total time for which application threads were stopped: 0.0006980 seconds, Stopping threads took: 0.0000826 seconds
2015-12-06T20:12:46.573+0530: 1132.867: Total time for which application threads were stopped: 0.0004412 seconds, Stopping threads took: 0.0001101 seconds
2015-12-06T20:12:54.700+0530: 1140.994: Total time for which application threads were stopped: 0.0002330 seconds, Stopping threads took: 0.0000531 seconds
2015-12-06T20:12:54.700+0530: 1140.994: Total time for which application threads were stopped: 0.0001575 seconds, Stopping threads took: 0.0000251 seconds
2015-12-06T20:12:54.702+0530: 1140.996: Total time for which application threads were stopped: 0.0007870 seconds, Stopping threads took: 0.0006586 seconds
2015-12-06T20:12:54.703+0530: 1140.997: Total time for which application threads were stopped: 0.0002113 seconds, Stopping threads took: 0.0000557 seconds
2015-12-06T20:12:57.457+0530: 1143.751: Total time for which application threads were stopped: 0.0004246 seconds, Stopping threads took: 0.0000458 seconds
2015-12-06T20:12:59.824+0530: 1146.118: Total time for which application threads were stopped: 0.0002124 seconds, Stopping threads took: 0.0000342 seconds
2015-12-06T20:12:59.825+0530: 1146.118: Total time for which application threads were stopped: 0.0001191 seconds, Stopping threads took: 0.0000188 seconds
2015-12-06T20:13:02.206+0530: 1148.500: Total time for which application threads were stopped: 0.0001901 seconds, Stopping threads took: 0.0000246 seconds
2015-12-06T20:13:02.206+0530: 1148.500: Total time for which application threads were stopped: 0.0000849 seconds, Stopping threads took: 0.0000190 seconds
2015-12-06T20:13:04.663+0530: 1150.956: Total time for which application threads were stopped: 0.0003460 seconds, Stopping threads took: 0.0000468 seconds
2015-12-06T20:13:04.663+0530: 1150.957: Total time for which application threads were stopped: 0.0002158 seconds, Stopping threads took: 0.0000290 seconds
2015-12-06T20:13:06.664+0530: 1152.957: Total time for which application threads were stopped: 0.0004113 seconds, Stopping threads took: 0.0001014 seconds
2015-12-06T20:13:07.664+0530: 1153.958: Total time for which application threads were stopped: 0.0003125 seconds, Stopping threads took: 0.0000561 seconds
2015-12-06T20:13:09.665+0530: 1155.959: Total time for which application threads were stopped: 0.0004068 seconds, Stopping threads took: 0.0000562 seconds
2015-12-06T20:13:11.351+0530: 1157.645: Total time for which application threads were stopped: 0.0002678 seconds, Stopping threads took: 0.0000513 seconds
2015-12-06T20:13:20.867+0530: 1167.161: Total time for which application threads were stopped: 0.0002038 seconds, Stopping threads took: 0.0000380 seconds
2015-12-06T20:13:34.563+0530: 1180.857: Total time for which application threads were stopped: 0.0004619 seconds, Stopping threads took: 0.0000685 seconds
2015-12-06T20:13:34.565+0530: 1180.859: Total time for which application threads were stopped: 0.0005173 seconds, Stopping threads took: 0.0000604 seconds
2015-12-06T20:13:34.566+0530: 1180.860: Total time for which application threads were stopped: 0.0002155 seconds, Stopping threads took: 0.0000508 seconds
2015-12-06T20:13:34.566+0530: 1180.860: Total time for which application threads were stopped: 0.0001583 seconds, Stopping threads took: 0.0000217 seconds
{Heap before GC invocations=66 (full 2):
 par new generation   total 109248K, used 98885K [0x00000000e0000000, 0x00000000e8000000, 0x00000000e8000000)
  eden space 87424K, 100% used [0x00000000e0000000, 0x00000000e5560000, 0x00000000e5560000)
  from space 21824K,  52% used [0x00000000e5560000, 0x00000000e6091750, 0x00000000e6ab0000)
  to   space 21824K,   0% used [0x00000000e6ab0000, 0x00000000e6ab0000, 0x00000000e8000000)
 concurrent mark-sweep generation total 393216K, used 26267K [0x00000000e8000000, 0x0000000100000000, 0x0000000100000000)
 Metaspace       used 40837K, capacity 41376K, committed 41708K, reserved 1087488K
  class space    used 4307K, capacity 4488K, committed 4604K, reserved 1048576K
2015-12-06T20:13:34.585+0530: 1180.878: [GC (Allocation Failure) 1180.879: [ParNew
Desired survivor size 20112992 bytes, new threshold 8 (max 8)
- age   1:    2095880 bytes,    2095880 total
- age   2:    5049832 bytes,    7145712 total
- age   3:     449568 bytes,    7595280 total
- age   4:      82536 bytes,    7677816 total
- age   5:     217512 bytes,    7895328 total
- age   6:     148272 bytes,    8043600 total
- age   7:     149760 bytes,    8193360 total
- age   8:     219520 bytes,    8412880 total
: 98885K->12145K(109248K), 0.0203394 secs] 125152K->38498K(502464K), 0.0210484 secs] [Times: user=0.03 sys=0.00, real=0.02 secs] 
Heap after GC invocations=67 (full 2):
 par new generation   total 109248K, used 12145K [0x00000000e0000000, 0x00000000e8000000, 0x00000000e8000000)
  eden space 87424K,   0% used [0x00000000e0000000, 0x00000000e0000000, 0x00000000e5560000)
  from space 21824K,  55% used [0x00000000e6ab0000, 0x00000000e768c660, 0x00000000e8000000)
  to   space 21824K,   0% used [0x00000000e5560000, 0x00000000e5560000, 0x00000000e6ab0000)
 concurrent mark-sweep generation total 393216K, used 26352K [0x00000000e8000000, 0x0000000100000000, 0x0000000100000000)
 Metaspace       used 40837K, capacity 41376K, committed 41708K, reserved 1087488K
  class space    used 4307K, capacity 4488K, committed 4604K, reserved 1048576K
}
2015-12-06T20:13:34.606+0530: 1180.900: Total time for which application threads were stopped: 0.0247780 seconds, Stopping threads took: 0.0032714 seconds
2015-12-06T20:13:34.608+0530: 1180.902: Total time for which application threads were stopped: 0.0006446 seconds, Stopping threads took: 0.0000651 seconds
2015-12-06T20:13:34.653+0530: 1180.947: Total time for which application threads were stopped: 0.0031033 seconds, Stopping threads took: 0.0028715 seconds
2015-12-06T20:13:34.655+0530: 1180.949: Total time for which application threads were stopped: 0.0004529 seconds, Stopping threads took: 0.0001879 seconds
2015-12-06T20:13:35.349+0530: 1181.642: Total time for which application threads were stopped: 0.0006068 seconds, Stopping threads took: 0.0001444 seconds
2015-12-06T20:13:35.882+0530: 1182.176: Total time for which application threads were stopped: 0.0003488 seconds, Stopping threads took: 0.0001133 seconds
2015-12-06T20:13:35.882+0530: 1182.176: Total time for which application threads were stopped: 0.0001485 seconds, Stopping threads took: 0.0000278 seconds
2015-12-06T20:13:35.882+0530: 1182.176: Total time for which application threads were stopped: 0.0001078 seconds, Stopping threads took: 0.0000150 seconds
2015-12-06T20:13:35.883+0530: 1182.176: Total time for which application threads were stopped: 0.0001677 seconds, Stopping threads took: 0.0000617 seconds
2015-12-06T20:13:36.883+0530: 1183.177: Total time for which application threads were stopped: 0.0004166 seconds, Stopping threads took: 0.0000577 seconds
2015-12-06T20:13:40.232+0530: 1186.526: Total time for which application threads were stopped: 0.0022293 seconds, Stopping threads took: 0.0018984 seconds
2015-12-06T20:13:40.234+0530: 1186.528: Total time for which application threads were stopped: 0.0003010 seconds, Stopping threads took: 0.0000478 seconds
2015-12-06T20:13:40.329+0530: 1186.623: Total time for which application threads were stopped: 0.0005083 seconds, Stopping threads took: 0.0000529 seconds
2015-12-06T20:13:40.927+0530: 1187.221: Total time for which application threads were stopped: 0.0002975 seconds, Stopping threads took: 0.0000552 seconds
2015-12-06T20:13:41.927+0530: 1188.221: Total time for which application threads were stopped: 0.0003136 seconds, Stopping threads took: 0.0000553 seconds
2015-12-06T20:13:42.654+0530: 1188.947: Total time for which application threads were stopped: 0.0006027 seconds, Stopping threads took: 0.0001288 seconds
2015-12-06T20:13:42.654+0530: 1188.948: Total time for which application threads were stopped: 0.0003293 seconds, Stopping threads took: 0.0000564 seconds
2015-12-06T20:13:43.654+0530: 1189.948: Total time for which application threads were stopped: 0.0002906 seconds, Stopping threads took: 0.0000480 seconds
2015-12-06T20:13:46.831+0530: 1193.125: Total time for which application threads were stopped: 0.0002129 seconds, Stopping threads took: 0.0000335 seconds
2015-12-06T20:13:59.419+0530: 1205.713: Total time for which application threads were stopped: 0.0005524 seconds, Stopping threads took: 0.0000529 seconds
2015-12-06T20:13:59.420+0530: 1205.714: Total time for which application threads were stopped: 0.0002740 seconds, Stopping threads took: 0.0000472 seconds
2015-12-06T20:13:59.420+0530: 1205.714: Total time for which application threads were stopped: 0.0003586 seconds, Stopping threads took: 0.0001047 seconds
2015-12-06T20:13:59.495+0530: 1205.789: Total time for which application threads were stopped: 0.0003830 seconds, Stopping threads took: 0.0000902 seconds
{Heap before GC invocations=67 (full 2):
 par new generation   total 109248K, used 99569K [0x00000000e0000000, 0x00000000e8000000, 0x00000000e8000000)
  eden space 87424K, 100% used [0x00000000e0000000, 0x00000000e5560000, 0x00000000e5560000)
  from space 21824K,  55% used [0x00000000e6ab0000, 0x00000000e768c660, 0x00000000e8000000)
  to   space 21824K,   0% used [0x00000000e5560000, 0x00000000e5560000, 0x00000000e6ab0000)
 concurrent mark-sweep generation total 393216K, used 26352K [0x00000000e8000000, 0x0000000100000000, 0x0000000100000000)
 Metaspace       used 40845K, capacity 41376K, committed 41708K, reserved 1087488K
  class space    used 4307K, capacity 4488K, committed 4604K, reserved 1048576K
2015-12-06T20:14:01.894+0530: 1208.188: [GC (Allocation Failure) 1208.188: [ParNew
Desired survivor size 20112992 bytes, new threshold 8 (max 8)
- age   1:    6785696 bytes,    6785696 total
- age   2:     377720 bytes,    7163416 total
- age   3:      32224 bytes,    7195640 total
- age   4:     221568 bytes,    7417208 total
- age   5:      80720 bytes,    7497928 total
- age   6:     217512 bytes,    7715440 total
- age   7:     148224 bytes,    7863664 total
- age   8:      82128 bytes,    7945792 total
: 99569K->11486K(109248K), 0.0089540 secs] 125922K->37921K(502464K), 0.2556972 secs] [Times: user=0.02 sys=0.00, real=0.25 secs] 
Heap after GC invocations=68 (full 2):
 par new generation   total 109248K, used 11486K [0x00000000e0000000, 0x00000000e8000000, 0x00000000e8000000)
  eden space 87424K,   0% used [0x00000000e0000000, 0x00000000e0000000, 0x00000000e5560000)
  from space 21824K,  52% used [0x00000000e5560000, 0x00000000e6097a68, 0x00000000e6ab0000)
  to   space 21824K,   0% used [0x00000000e6ab0000, 0x00000000e6ab0000, 0x00000000e8000000)
 concurrent mark-sweep generation total 393216K, used 26435K [0x00000000e8000000, 0x0000000100000000, 0x0000000100000000)
 Metaspace       used 40845K, capacity 41376K, committed 41708K, reserved 1087488K
  class space    used 4307K, capacity 4488K, committed 4604K, reserved 1048576K
}
2015-12-06T20:14:02.150+0530: 1208.444: Total time for which application threads were stopped: 0.2563559 seconds, Stopping threads took: 0.0000695 seconds
2015-12-06T20:14:04.438+0530: 1210.732: Total time for which application threads were stopped: 0.0001952 seconds, Stopping threads took: 0.0000298 seconds
2015-12-06T20:14:09.439+0530: 1215.733: Total time for which application threads were stopped: 0.0002835 seconds, Stopping threads took: 0.0000545 seconds
2015-12-06T20:14:12.678+0530: 1218.971: Total time for which application threads were stopped: 0.0004575 seconds, Stopping threads took: 0.0000339 seconds
2015-12-06T20:14:13.305+0530: 1219.599: Total time for which application threads were stopped: 0.0001853 seconds, Stopping threads took: 0.0000257 seconds
2015-12-06T20:14:13.305+0530: 1219.599: Total time for which application threads were stopped: 0.0001245 seconds, Stopping threads took: 0.0000144 seconds
2015-12-06T20:14:13.379+0530: 1219.672: Total time for which application threads were stopped: 0.0003497 seconds, Stopping threads took: 0.0000610 seconds
2015-12-06T20:14:13.379+0530: 1219.673: Total time for which application threads were stopped: 0.0001049 seconds, Stopping threads took: 0.0000145 seconds
2015-12-06T20:14:27.773+0530: 1234.067: Total time for which application threads were stopped: 0.0003786 seconds, Stopping threads took: 0.0000511 seconds
2015-12-06T20:14:27.773+0530: 1234.067: Total time for which application threads were stopped: 0.0002577 seconds, Stopping threads took: 0.0000356 seconds
2015-12-06T20:14:29.404+0530: 1235.698: Total time for which application threads were stopped: 0.0002862 seconds, Stopping threads took: 0.0000619 seconds
2015-12-06T20:14:29.404+0530: 1235.698: Total time for which application threads were stopped: 0.0001491 seconds, Stopping threads took: 0.0000293 seconds
2015-12-06T20:14:29.404+0530: 1235.698: Total time for which application threads were stopped: 0.0001388 seconds, Stopping threads took: 0.0000258 seconds
2015-12-06T20:14:29.405+0530: 1235.699: Total time for which application threads were stopped: 0.0005393 seconds, Stopping threads took: 0.0000376 seconds
2015-12-06T20:14:34.783+0530: 1241.077: Total time for which application threads were stopped: 0.0007019 seconds, Stopping threads took: 0.0002288 seconds
2015-12-06T20:14:34.783+0530: 1241.077: Total time for which application threads were stopped: 0.0004253 seconds, Stopping threads took: 0.0001156 seconds
2015-12-06T20:14:34.784+0530: 1241.078: Total time for which application threads were stopped: 0.0003982 seconds, Stopping threads took: 0.0000991 seconds
2015-12-06T20:14:34.892+0530: 1241.186: Total time for which application threads were stopped: 0.0001788 seconds, Stopping threads took: 0.0000223 seconds
2015-12-06T20:14:38.745+0530: 1245.039: Total time for which application threads were stopped: 0.0003033 seconds, Stopping threads took: 0.0000769 seconds
2015-12-06T20:14:38.745+0530: 1245.039: Total time for which application threads were stopped: 0.0001612 seconds, Stopping threads took: 0.0000462 seconds
2015-12-06T20:14:43.238+0530: 1249.532: Total time for which application threads were stopped: 0.0002584 seconds, Stopping threads took: 0.0000733 seconds
2015-12-06T20:14:43.238+0530: 1249.532: Total time for which application threads were stopped: 0.0001484 seconds, Stopping threads took: 0.0000457 seconds
2015-12-06T20:14:43.344+0530: 1249.638: Total time for which application threads were stopped: 0.0001790 seconds, Stopping threads took: 0.0000330 seconds
2015-12-06T20:14:43.606+0530: 1249.900: Total time for which application threads were stopped: 0.0008270 seconds, Stopping threads took: 0.0000604 seconds
2015-12-06T20:14:44.607+0530: 1250.901: Total time for which application threads were stopped: 0.0002638 seconds, Stopping threads took: 0.0000428 seconds
2015-12-06T20:14:44.780+0530: 1251.074: Total time for which application threads were stopped: 0.0002104 seconds, Stopping threads took: 0.0000503 seconds
2015-12-06T20:14:44.781+0530: 1251.075: Total time for which application threads were stopped: 0.0001232 seconds, Stopping threads took: 0.0000308 seconds
2015-12-06T20:14:45.566+0530: 1251.860: Total time for which application threads were stopped: 0.0003846 seconds, Stopping threads took: 0.0000736 seconds
2015-12-06T20:14:45.566+0530: 1251.860: Total time for which application threads were stopped: 0.0002375 seconds, Stopping threads took: 0.0000398 seconds
2015-12-06T20:14:45.566+0530: 1251.860: Total time for which application threads were stopped: 0.0002152 seconds, Stopping threads took: 0.0000349 seconds
2015-12-06T20:14:45.567+0530: 1251.861: Total time for which application threads were stopped: 0.0002467 seconds, Stopping threads took: 0.0000412 seconds
2015-12-06T20:14:46.231+0530: 1252.525: Total time for which application threads were stopped: 0.0060228 seconds, Stopping threads took: 0.0058117 seconds
2015-12-06T20:14:46.232+0530: 1252.525: Total time for which application threads were stopped: 0.0001699 seconds, Stopping threads took: 0.0000602 seconds
{Heap before GC invocations=68 (full 2):
 par new generation   total 109248K, used 98910K [0x00000000e0000000, 0x00000000e8000000, 0x00000000e8000000)
  eden space 87424K, 100% used [0x00000000e0000000, 0x00000000e5560000, 0x00000000e5560000)
  from space 21824K,  52% used [0x00000000e5560000, 0x00000000e6097a68, 0x00000000e6ab0000)
  to   space 21824K,   0% used [0x00000000e6ab0000, 0x00000000e6ab0000, 0x00000000e8000000)
 concurrent mark-sweep generation total 393216K, used 26435K [0x00000000e8000000, 0x0000000100000000, 0x0000000100000000)
 Metaspace       used 40859K, capacity 41440K, committed 41708K, reserved 1087488K
  class space    used 4307K, capacity 4488K, committed 4604K, reserved 1048576K
2015-12-06T20:14:46.262+0530: 1252.556: [GC (Allocation Failure) 1253.152: [ParNew
Desired survivor size 20112992 bytes, new threshold 8 (max 8)
- age   1:    4349080 bytes,    4349080 total
- age   2:    5723312 bytes,   10072392 total
- age   3:     318064 bytes,   10390456 total
- age   4:      13104 bytes,   10403560 total
- age   5:     215000 bytes,   10618560 total
- age   6:      77576 bytes,   10696136 total
- age   7:     216704 bytes,   10912840 total
- age   8:      80584 bytes,   10993424 total
: 98910K->12558K(109248K), 0.0249846 secs] 125345K->39007K(502464K), 0.6211953 secs] [Times: user=0.05 sys=0.00, real=0.62 secs] 
Heap after GC invocations=69 (full 2):
 par new generation   total 109248K, used 12558K [0x00000000e0000000, 0x00000000e8000000, 0x00000000e8000000)
  eden space 87424K,   0% used [0x00000000e0000000, 0x00000000e0000000, 0x00000000e5560000)
  from space 21824K,  57% used [0x00000000e6ab0000, 0x00000000e76f3980, 0x00000000e8000000)
  to   space 21824K,   0% used [0x00000000e5560000, 0x00000000e5560000, 0x00000000e6ab0000)
 concurrent mark-sweep generation total 393216K, used 26449K [0x00000000e8000000, 0x0000000100000000, 0x0000000100000000)
 Metaspace       used 40859K, capacity 41440K, committed 41708K, reserved 1087488K
  class space    used 4307K, capacity 4488K, committed 4604K, reserved 1048576K
}
2015-12-06T20:14:46.883+0530: 1253.177: Total time for which application threads were stopped: 0.6216420 seconds, Stopping threads took: 0.0000437 seconds
2015-12-06T20:14:47.241+0530: 1253.535: Total time for which application threads were stopped: 0.0002687 seconds, Stopping threads took: 0.0000418 seconds
2015-12-06T20:14:47.248+0530: 1253.542: Total time for which application threads were stopped: 0.0004317 seconds, Stopping threads took: 0.0000283 seconds
2015-12-06T20:14:47.248+0530: 1253.542: Total time for which application threads were stopped: 0.0001410 seconds, Stopping threads took: 0.0000142 seconds
2015-12-06T20:14:47.248+0530: 1253.542: Total time for which application threads were stopped: 0.0001261 seconds, Stopping threads took: 0.0000139 seconds
2015-12-06T20:14:47.249+0530: 1253.543: Total time for which application threads were stopped: 0.0001830 seconds, Stopping threads took: 0.0000164 seconds
2015-12-06T20:14:48.003+0530: 1254.297: Total time for which application threads were stopped: 0.0008488 seconds, Stopping threads took: 0.0006252 seconds
2015-12-06T20:14:48.003+0530: 1254.297: Total time for which application threads were stopped: 0.0001305 seconds, Stopping threads took: 0.0000524 seconds
2015-12-06T20:14:48.918+0530: 1255.212: Total time for which application threads were stopped: 0.0002047 seconds, Stopping threads took: 0.0000313 seconds
2015-12-06T20:14:52.071+0530: 1258.365: Total time for which application threads were stopped: 0.0004268 seconds, Stopping threads took: 0.0000789 seconds
2015-12-06T20:14:53.071+0530: 1259.365: Total time for which application threads were stopped: 0.0002116 seconds, Stopping threads took: 0.0000312 seconds
2015-12-06T20:15:03.073+0530: 1269.367: Total time for which application threads were stopped: 0.0004042 seconds, Stopping threads took: 0.0000625 seconds
2015-12-06T20:15:06.074+0530: 1272.367: Total time for which application threads were stopped: 0.0002607 seconds, Stopping threads took: 0.0000390 seconds
2015-12-06T20:15:14.075+0530: 1280.369: Total time for which application threads were stopped: 0.0003215 seconds, Stopping threads took: 0.0000550 seconds
2015-12-06T20:15:17.740+0530: 1284.034: Total time for which application threads were stopped: 0.0004042 seconds, Stopping threads took: 0.0000564 seconds
2015-12-06T20:15:17.740+0530: 1284.034: Total time for which application threads were stopped: 0.0003000 seconds, Stopping threads took: 0.0000369 seconds
2015-12-06T20:15:17.741+0530: 1284.035: Total time for which application threads were stopped: 0.0003037 seconds, Stopping threads took: 0.0000348 seconds
2015-12-06T20:15:17.741+0530: 1284.035: Total time for which application threads were stopped: 0.0002933 seconds, Stopping threads took: 0.0000341 seconds
2015-12-06T20:15:17.742+0530: 1284.035: Total time for which application threads were stopped: 0.0002966 seconds, Stopping threads took: 0.0000357 seconds
2015-12-06T20:15:17.742+0530: 1284.036: Total time for which application threads were stopped: 0.0003267 seconds, Stopping threads took: 0.0000407 seconds
2015-12-06T20:15:17.743+0530: 1284.036: Total time for which application threads were stopped: 0.0002384 seconds, Stopping threads took: 0.0000388 seconds
2015-12-06T20:15:27.774+0530: 1294.068: Total time for which application threads were stopped: 0.0002280 seconds, Stopping threads took: 0.0000335 seconds
2015-12-06T20:15:30.329+0530: 1296.623: Total time for which application threads were stopped: 0.0003434 seconds, Stopping threads took: 0.0000294 seconds
2015-12-06T20:15:30.330+0530: 1296.623: Total time for which application threads were stopped: 0.0001981 seconds, Stopping threads took: 0.0000205 seconds
{Heap before GC invocations=69 (full 2):
 par new generation   total 109248K, used 99970K [0x00000000e0000000, 0x00000000e8000000, 0x00000000e8000000)
  eden space 87424K,  99% used [0x00000000e0000000, 0x00000000e555d168, 0x00000000e5560000)
  from space 21824K,  57% used [0x00000000e6ab0000, 0x00000000e76f3980, 0x00000000e8000000)
  to   space 21824K,   0% used [0x00000000e5560000, 0x00000000e5560000, 0x00000000e6ab0000)
 concurrent mark-sweep generation total 393216K, used 26449K [0x00000000e8000000, 0x0000000100000000, 0x0000000100000000)
 Metaspace       used 40868K, capacity 41440K, committed 41708K, reserved 1087488K
  class space    used 4307K, capacity 4488K, committed 4604K, reserved 1048576K
2015-12-06T20:15:38.630+0530: 1304.924: [GC (Allocation Failure) 1305.236: [ParNew
Desired survivor size 20112992 bytes, new threshold 8 (max 8)
- age   1:    4521664 bytes,    4521664 total
- age   2:    2756032 bytes,    7277696 total
- age   3:     239280 bytes,    7516976 total
- age   4:     226688 bytes,    7743664 total
- age   5:      13104 bytes,    7756768 total
- age   6:     215000 bytes,    7971768 total
- age   7:      77576 bytes,    8049344 total
- age   8:     216704 bytes,    8266048 total
: 99970K->13611K(109248K), 0.0114312 secs] 126420K->40138K(502464K), 0.3235028 secs] [Times: user=0.02 sys=0.00, real=0.33 secs] 
Heap after GC invocations=70 (full 2):
 par new generation   total 109248K, used 13611K [0x00000000e0000000, 0x00000000e8000000, 0x00000000e8000000)
  eden space 87424K,   0% used [0x00000000e0000000, 0x00000000e0000000, 0x00000000e5560000)
  from space 21824K,  62% used [0x00000000e5560000, 0x00000000e62aae40, 0x00000000e6ab0000)
  to   space 21824K,   0% used [0x00000000e6ab0000, 0x00000000e6ab0000, 0x00000000e8000000)
 concurrent mark-sweep generation total 393216K, used 26526K [0x00000000e8000000, 0x0000000100000000, 0x0000000100000000)
 Metaspace       used 40868K, capacity 41440K, committed 41708K, reserved 1087488K
  class space    used 4307K, capacity 4488K, committed 4604K, reserved 1048576K
}
2015-12-06T20:15:38.953+0530: 1305.247: Total time for which application threads were stopped: 0.3239059 seconds, Stopping threads took: 0.0000291 seconds
2015-12-06T20:15:38.954+0530: 1305.248: Total time for which application threads were stopped: 0.0004593 seconds, Stopping threads took: 0.0000285 seconds
2015-12-06T20:15:43.955+0530: 1310.249: Total time for which application threads were stopped: 0.0002077 seconds, Stopping threads took: 0.0000372 seconds
2015-12-06T20:15:44.187+0530: 1310.481: Total time for which application threads were stopped: 0.0002933 seconds, Stopping threads took: 0.0000849 seconds
2015-12-06T20:15:44.189+0530: 1310.483: Total time for which application threads were stopped: 0.0002573 seconds, Stopping threads took: 0.0000446 seconds
2015-12-06T20:15:44.189+0530: 1310.483: Total time for which application threads were stopped: 0.0001337 seconds, Stopping threads took: 0.0000329 seconds
2015-12-06T20:15:45.189+0530: 1311.483: Total time for which application threads were stopped: 0.0003552 seconds, Stopping threads took: 0.0000478 seconds
2015-12-06T20:15:46.190+0530: 1312.484: Total time for which application threads were stopped: 0.0002294 seconds, Stopping threads took: 0.0000328 seconds
2015-12-06T20:15:47.190+0530: 1313.484: Total time for which application threads were stopped: 0.0003239 seconds, Stopping threads took: 0.0000571 seconds
2015-12-06T20:15:48.473+0530: 1314.767: Total time for which application threads were stopped: 0.0003320 seconds, Stopping threads took: 0.0000595 seconds
2015-12-06T20:15:48.473+0530: 1314.767: Total time for which application threads were stopped: 0.0003270 seconds, Stopping threads took: 0.0000455 seconds
2015-12-06T20:15:48.473+0530: 1314.767: Total time for which application threads were stopped: 0.0001755 seconds, Stopping threads took: 0.0000240 seconds
2015-12-06T20:15:48.474+0530: 1314.768: Total time for which application threads were stopped: 0.0001743 seconds, Stopping threads took: 0.0000263 seconds
2015-12-06T20:15:49.607+0530: 1315.901: Total time for which application threads were stopped: 0.0003873 seconds, Stopping threads took: 0.0000650 seconds
2015-12-06T20:15:49.607+0530: 1315.901: Total time for which application threads were stopped: 0.0002193 seconds, Stopping threads took: 0.0000383 seconds
2015-12-06T20:15:52.608+0530: 1318.902: Total time for which application threads were stopped: 0.0003376 seconds, Stopping threads took: 0.0000526 seconds
2015-12-06T20:15:54.309+0530: 1320.603: Total time for which application threads were stopped: 0.0002579 seconds, Stopping threads took: 0.0000304 seconds
2015-12-06T20:15:54.547+0530: 1320.841: Total time for which application threads were stopped: 0.0005047 seconds, Stopping threads took: 0.0002581 seconds
2015-12-06T20:15:54.548+0530: 1320.842: Total time for which application threads were stopped: 0.0002866 seconds, Stopping threads took: 0.0001061 seconds
2015-12-06T20:15:55.219+0530: 1321.513: Total time for which application threads were stopped: 0.0004779 seconds, Stopping threads took: 0.0000707 seconds
2015-12-06T20:15:56.030+0530: 1322.324: Total time for which application threads were stopped: 0.0002278 seconds, Stopping threads took: 0.0000336 seconds
2015-12-06T20:15:59.659+0530: 1325.953: Total time for which application threads were stopped: 0.0002078 seconds, Stopping threads took: 0.0000347 seconds
2015-12-06T20:15:59.742+0530: 1326.036: Total time for which application threads were stopped: 0.0004624 seconds, Stopping threads took: 0.0001291 seconds
2015-12-06T20:16:00.163+0530: 1326.457: Total time for which application threads were stopped: 0.0004042 seconds, Stopping threads took: 0.0000571 seconds
2015-12-06T20:16:00.163+0530: 1326.457: Total time for which application threads were stopped: 0.0002596 seconds, Stopping threads took: 0.0000317 seconds
2015-12-06T20:16:00.163+0530: 1326.457: Total time for which application threads were stopped: 0.0002441 seconds, Stopping threads took: 0.0000273 seconds
{Heap before GC invocations=70 (full 2):
 par new generation   total 109248K, used 101035K [0x00000000e0000000, 0x00000000e8000000, 0x00000000e8000000)
  eden space 87424K, 100% used [0x00000000e0000000, 0x00000000e5560000, 0x00000000e5560000)
  from space 21824K,  62% used [0x00000000e5560000, 0x00000000e62aae40, 0x00000000e6ab0000)
  to   space 21824K,   0% used [0x00000000e6ab0000, 0x00000000e6ab0000, 0x00000000e8000000)
 concurrent mark-sweep generation total 393216K, used 26526K [0x00000000e8000000, 0x0000000100000000, 0x0000000100000000)
 Metaspace       used 40868K, capacity 41440K, committed 41708K, reserved 1087488K
  class space    used 4307K, capacity 4488K, committed 4604K, reserved 1048576K
2015-12-06T20:16:03.374+0530: 1329.667: [GC (Allocation Failure) 1329.916: [ParNew
Desired survivor size 20112992 bytes, new threshold 8 (max 8)
- age   1:    6898200 bytes,    6898200 total
- age   2:     336992 bytes,    7235192 total
- age   3:    2566544 bytes,    9801736 total
- age   4:     213248 bytes,   10014984 total
- age   5:     223240 bytes,   10238224 total
- age   6:      13104 bytes,   10251328 total
- age   7:     214200 bytes,   10465528 total
- age   8:      77552 bytes,   10543080 total
: 101035K->11788K(109248K), 0.0118968 secs] 127562K->38394K(502464K), 0.3353055 secs] [Times: user=0.03 sys=0.00, real=0.33 secs] 
Heap after GC invocations=71 (full 2):
 par new generation   total 109248K, used 11788K [0x00000000e0000000, 0x00000000e8000000, 0x00000000e8000000)
  eden space 87424K,   0% used [0x00000000e0000000, 0x00000000e0000000, 0x00000000e5560000)
  from space 21824K,  54% used [0x00000000e6ab0000, 0x00000000e7633138, 0x00000000e8000000)
  to   space 21824K,   0% used [0x00000000e5560000, 0x00000000e5560000, 0x00000000e6ab0000)
 concurrent mark-sweep generation total 393216K, used 26606K [0x00000000e8000000, 0x0000000100000000, 0x0000000100000000)
 Metaspace       used 40868K, capacity 41440K, committed 41708K, reserved 1087488K
  class space    used 4307K, capacity 4488K, committed 4604K, reserved 1048576K
}
2015-12-06T20:16:03.709+0530: 1330.003: Total time for which application threads were stopped: 0.3399403 seconds, Stopping threads took: 0.0039915 seconds
2015-12-06T20:16:03.711+0530: 1330.005: Total time for which application threads were stopped: 0.0009553 seconds, Stopping threads took: 0.0001265 seconds
2015-12-06T20:16:03.983+0530: 1330.277: Total time for which application threads were stopped: 0.0004463 seconds, Stopping threads took: 0.0000804 seconds
2015-12-06T20:16:03.983+0530: 1330.277: Total time for which application threads were stopped: 0.0002764 seconds, Stopping threads took: 0.0000439 seconds
2015-12-06T20:16:03.983+0530: 1330.277: Total time for which application threads were stopped: 0.0002789 seconds, Stopping threads took: 0.0000955 seconds
2015-12-06T20:16:03.984+0530: 1330.278: Total time for which application threads were stopped: 0.0002327 seconds, Stopping threads took: 0.0000433 seconds
2015-12-06T20:16:03.984+0530: 1330.278: Total time for which application threads were stopped: 0.0002077 seconds, Stopping threads took: 0.0000341 seconds
2015-12-06T20:16:03.984+0530: 1330.278: Total time for which application threads were stopped: 0.0002041 seconds, Stopping threads took: 0.0000325 seconds
2015-12-06T20:16:10.135+0530: 1336.429: Total time for which application threads were stopped: 0.0003479 seconds, Stopping threads took: 0.0000478 seconds
2015-12-06T20:16:16.909+0530: 1343.203: Total time for which application threads were stopped: 0.0003889 seconds, Stopping threads took: 0.0000587 seconds
2015-12-06T20:16:16.909+0530: 1343.203: Total time for which application threads were stopped: 0.0002747 seconds, Stopping threads took: 0.0000267 seconds
2015-12-06T20:16:17.910+0530: 1344.204: Total time for which application threads were stopped: 0.0003705 seconds, Stopping threads took: 0.0000552 seconds
2015-12-06T20:16:17.991+0530: 1344.285: Total time for which application threads were stopped: 0.0004018 seconds, Stopping threads took: 0.0000431 seconds
2015-12-06T20:16:20.595+0530: 1346.889: Total time for which application threads were stopped: 0.0003521 seconds, Stopping threads took: 0.0000543 seconds
2015-12-06T20:16:23.461+0530: 1349.755: Total time for which application threads were stopped: 0.0002451 seconds, Stopping threads took: 0.0000374 seconds
2015-12-06T20:16:23.462+0530: 1349.755: Total time for which application threads were stopped: 0.0001026 seconds, Stopping threads took: 0.0000152 seconds
2015-12-06T20:16:23.462+0530: 1349.756: Total time for which application threads were stopped: 0.0001243 seconds, Stopping threads took: 0.0000140 seconds
2015-12-06T20:16:23.462+0530: 1349.756: Total time for which application threads were stopped: 0.0001456 seconds, Stopping threads took: 0.0000236 seconds
2015-12-06T20:16:23.462+0530: 1349.756: Total time for which application threads were stopped: 0.0001267 seconds, Stopping threads took: 0.0000285 seconds
2015-12-06T20:16:24.463+0530: 1350.757: Total time for which application threads were stopped: 0.0002293 seconds, Stopping threads took: 0.0000377 seconds
2015-12-06T20:16:27.571+0530: 1353.864: Total time for which application threads were stopped: 0.0002175 seconds, Stopping threads took: 0.0000358 seconds
2015-12-06T20:16:27.571+0530: 1353.865: Total time for which application threads were stopped: 0.0001252 seconds, Stopping threads took: 0.0000182 seconds
2015-12-06T20:16:30.856+0530: 1357.150: Total time for which application threads were stopped: 0.0004169 seconds, Stopping threads took: 0.0000553 seconds
2015-12-06T20:16:35.857+0530: 1362.151: Total time for which application threads were stopped: 0.0004379 seconds, Stopping threads took: 0.0001058 seconds
2015-12-06T20:16:36.858+0530: 1363.152: Total time for which application threads were stopped: 0.0003692 seconds, Stopping threads took: 0.0000569 seconds
2015-12-06T20:16:44.526+0530: 1370.820: Total time for which application threads were stopped: 0.0004088 seconds, Stopping threads took: 0.0000587 seconds
2015-12-06T20:16:44.526+0530: 1370.820: Total time for which application threads were stopped: 0.0002645 seconds, Stopping threads took: 0.0000336 seconds
2015-12-06T20:16:44.526+0530: 1370.820: Total time for which application threads were stopped: 0.0002365 seconds, Stopping threads took: 0.0000260 seconds
2015-12-06T20:16:46.527+0530: 1372.821: Total time for which application threads were stopped: 0.0003100 seconds, Stopping threads took: 0.0000547 seconds
2015-12-06T20:16:46.931+0530: 1373.225: Total time for which application threads were stopped: 0.0002563 seconds, Stopping threads took: 0.0000418 seconds
2015-12-06T20:16:47.931+0530: 1374.225: Total time for which application threads were stopped: 0.0003487 seconds, Stopping threads took: 0.0000575 seconds
2015-12-06T20:16:48.264+0530: 1374.558: Total time for which application threads were stopped: 0.0002011 seconds, Stopping threads took: 0.0000326 seconds
2015-12-06T20:16:48.264+0530: 1374.558: Total time for which application threads were stopped: 0.0002846 seconds, Stopping threads took: 0.0000110 seconds
2015-12-06T20:16:50.361+0530: 1376.654: Total time for which application threads were stopped: 0.0006005 seconds, Stopping threads took: 0.0001605 seconds
2015-12-06T20:16:51.764+0530: 1378.057: Total time for which application threads were stopped: 0.0001839 seconds, Stopping threads took: 0.0000299 seconds
2015-12-06T20:16:53.764+0530: 1380.058: Total time for which application threads were stopped: 0.0003888 seconds, Stopping threads took: 0.0000573 seconds
2015-12-06T20:16:54.765+0530: 1381.058: Total time for which application threads were stopped: 0.0002310 seconds, Stopping threads took: 0.0000335 seconds
2015-12-06T20:16:54.897+0530: 1381.191: Total time for which application threads were stopped: 0.0001855 seconds, Stopping threads took: 0.0000267 seconds
2015-12-06T20:16:54.898+0530: 1381.191: Total time for which application threads were stopped: 0.0001068 seconds, Stopping threads took: 0.0000116 seconds
2015-12-06T20:16:54.898+0530: 1381.192: Total time for which application threads were stopped: 0.0001526 seconds, Stopping threads took: 0.0000206 seconds
2015-12-06T20:16:55.341+0530: 1381.635: Total time for which application threads were stopped: 0.0002955 seconds, Stopping threads took: 0.0001063 seconds
2015-12-06T20:16:55.372+0530: 1381.666: Total time for which application threads were stopped: 0.0003262 seconds, Stopping threads took: 0.0001112 seconds
2015-12-06T20:16:55.373+0530: 1381.667: Total time for which application threads were stopped: 0.0002094 seconds, Stopping threads took: 0.0000512 seconds
2015-12-06T20:16:56.373+0530: 1382.667: Total time for which application threads were stopped: 0.0002413 seconds, Stopping threads took: 0.0000345 seconds
{Heap before GC invocations=71 (full 2):
 par new generation   total 109248K, used 99212K [0x00000000e0000000, 0x00000000e8000000, 0x00000000e8000000)
  eden space 87424K, 100% used [0x00000000e0000000, 0x00000000e5560000, 0x00000000e5560000)
  from space 21824K,  54% used [0x00000000e6ab0000, 0x00000000e7633138, 0x00000000e8000000)
  to   space 21824K,   0% used [0x00000000e5560000, 0x00000000e5560000, 0x00000000e6ab0000)
 concurrent mark-sweep generation total 393216K, used 26606K [0x00000000e8000000, 0x0000000100000000, 0x0000000100000000)
 Metaspace       used 40883K, capacity 41440K, committed 41708K, reserved 1087488K
  class space    used 4307K, capacity 4488K, committed 4604K, reserved 1048576K
2015-12-06T20:16:56.488+0530: 1382.782: [GC (Allocation Failure) 1382.782: [ParNew
Desired survivor size 20112992 bytes, new threshold 8 (max 8)
- age   1:    2491592 bytes,    2491592 total
- age   2:    5819480 bytes,    8311072 total
- age   3:     167128 bytes,    8478200 total
- age   4:     174752 bytes,    8652952 total
- age   5:     210920 bytes,    8863872 total
- age   6:     221680 bytes,    9085552 total
- age   7:      13008 bytes,    9098560 total
- age   8:     146512 bytes,    9245072 total
: 99212K->13190K(109248K), 0.0109232 secs] 125818K->39806K(502464K), 0.2510788 secs] [Times: user=0.04 sys=0.00, real=0.25 secs] 
Heap after GC invocations=72 (full 2):
 par new generation   total 109248K, used 13190K [0x00000000e0000000, 0x00000000e8000000, 0x00000000e8000000)
  eden space 87424K,   0% used [0x00000000e0000000, 0x00000000e0000000, 0x00000000e5560000)
  from space 21824K,  60% used [0x00000000e5560000, 0x00000000e62419f0, 0x00000000e6ab0000)
  to   space 21824K,   0% used [0x00000000e6ab0000, 0x00000000e6ab0000, 0x00000000e8000000)
 concurrent mark-sweep generation total 393216K, used 26615K [0x00000000e8000000, 0x0000000100000000, 0x0000000100000000)
 Metaspace       used 40883K, capacity 41440K, committed 41708K, reserved 1087488K
  class space    used 4307K, capacity 4488K, committed 4604K, reserved 1048576K
}
2015-12-06T20:16:56.740+0530: 1383.034: Total time for which application threads were stopped: 0.3362211 seconds, Stopping threads took: 0.0000268 seconds
2015-12-06T20:16:57.740+0530: 1384.034: Total time for which application threads were stopped: 0.0001996 seconds, Stopping threads took: 0.0000335 seconds
2015-12-06T20:16:58.082+0530: 1384.376: Total time for which application threads were stopped: 0.0004354 seconds, Stopping threads took: 0.0000608 seconds
2015-12-06T20:16:58.083+0530: 1384.376: Total time for which application threads were stopped: 0.0002589 seconds, Stopping threads took: 0.0000391 seconds
2015-12-06T20:16:58.736+0530: 1385.030: Total time for which application threads were stopped: 0.0003933 seconds, Stopping threads took: 0.0000799 seconds
2015-12-06T20:16:59.379+0530: 1385.673: Total time for which application threads were stopped: 0.0006350 seconds, Stopping threads took: 0.0000987 seconds
2015-12-06T20:17:00.139+0530: 1386.433: Total time for which application threads were stopped: 0.0002596 seconds, Stopping threads took: 0.0000606 seconds
2015-12-06T20:17:00.139+0530: 1386.433: Total time for which application threads were stopped: 0.0001488 seconds, Stopping threads took: 0.0000340 seconds
2015-12-06T20:17:01.026+0530: 1387.320: Total time for which application threads were stopped: 0.0003032 seconds, Stopping threads took: 0.0000433 seconds
2015-12-06T20:17:01.028+0530: 1387.322: Total time for which application threads were stopped: 0.0002231 seconds, Stopping threads took: 0.0000309 seconds
2015-12-06T20:17:01.075+0530: 1387.369: Total time for which application threads were stopped: 0.0003838 seconds, Stopping threads took: 0.0000677 seconds
2015-12-06T20:17:03.075+0530: 1389.369: Total time for which application threads were stopped: 0.0002133 seconds, Stopping threads took: 0.0000293 seconds
2015-12-06T20:17:03.795+0530: 1390.089: Total time for which application threads were stopped: 0.0002325 seconds, Stopping threads took: 0.0000328 seconds
2015-12-06T20:17:04.796+0530: 1391.090: Total time for which application threads were stopped: 0.0003860 seconds, Stopping threads took: 0.0000583 seconds
2015-12-06T20:17:07.158+0530: 1393.452: Total time for which application threads were stopped: 0.0003340 seconds, Stopping threads took: 0.0000399 seconds
2015-12-06T20:17:08.768+0530: 1395.062: Total time for which application threads were stopped: 0.0062262 seconds, Stopping threads took: 0.0060607 seconds
2015-12-06T20:17:09.117+0530: 1395.411: Total time for which application threads were stopped: 0.0002628 seconds, Stopping threads took: 0.0000355 seconds
2015-12-06T20:17:09.118+0530: 1395.411: Total time for which application threads were stopped: 0.0000972 seconds, Stopping threads took: 0.0000161 seconds
2015-12-06T20:17:19.091+0530: 1405.385: Total time for which application threads were stopped: 0.0001986 seconds, Stopping threads took: 0.0000381 seconds
2015-12-06T20:17:19.091+0530: 1405.385: Total time for which application threads were stopped: 0.0000865 seconds, Stopping threads took: 0.0000102 seconds
{Heap before GC invocations=72 (full 2):
 par new generation   total 109248K, used 100614K [0x00000000e0000000, 0x00000000e8000000, 0x00000000e8000000)
  eden space 87424K, 100% used [0x00000000e0000000, 0x00000000e5560000, 0x00000000e5560000)
  from space 21824K,  60% used [0x00000000e5560000, 0x00000000e62419f0, 0x00000000e6ab0000)
  to   space 21824K,   0% used [0x00000000e6ab0000, 0x00000000e6ab0000, 0x00000000e8000000)
 concurrent mark-sweep generation total 393216K, used 26615K [0x00000000e8000000, 0x0000000100000000, 0x0000000100000000)
 Metaspace       used 40894K, capacity 41440K, committed 41708K, reserved 1087488K
  class space    used 4307K, capacity 4488K, committed 4604K, reserved 1048576K
2015-12-06T20:17:19.523+0530: 1405.817: [GC (Allocation Failure) 1405.818: [ParNew
Desired survivor size 20112992 bytes, new threshold 8 (max 8)
- age   1:    6804032 bytes,    6804032 total
- age   2:     813208 bytes,    7617240 total
- age   3:      96528 bytes,    7713768 total
- age   4:     147984 bytes,    7861752 total
- age   5:     168144 bytes,    8029896 total
- age   6:     210920 bytes,    8240816 total
- age   7:     221680 bytes,    8462496 total
- age   8:      12224 bytes,    8474720 total
: 100614K->11168K(109248K), 0.0183253 secs] 127230K->37927K(502464K), 0.0186838 secs] [Times: user=0.02 sys=0.00, real=0.02 secs] 
Heap after GC invocations=73 (full 2):
 par new generation   total 109248K, used 11168K [0x00000000e0000000, 0x00000000e8000000, 0x00000000e8000000)
  eden space 87424K,   0% used [0x00000000e0000000, 0x00000000e0000000, 0x00000000e5560000)
  from space 21824K,  51% used [0x00000000e6ab0000, 0x00000000e7598080, 0x00000000e8000000)
  to   space 21824K,   0% used [0x00000000e5560000, 0x00000000e5560000, 0x00000000e6ab0000)
 concurrent mark-sweep generation total 393216K, used 26759K [0x00000000e8000000, 0x0000000100000000, 0x0000000100000000)
 Metaspace       used 40894K, capacity 41440K, committed 41708K, reserved 1087488K
  class space    used 4307K, capacity 4488K, committed 4604K, reserved 1048576K
}
2015-12-06T20:17:19.543+0530: 1405.836: Total time for which application threads were stopped: 0.2869827 seconds, Stopping threads took: 0.0000606 seconds
2015-12-06T20:17:22.551+0530: 1408.845: Total time for which application threads were stopped: 0.0004294 seconds, Stopping threads took: 0.0000562 seconds
2015-12-06T20:17:27.098+0530: 1413.392: Total time for which application threads were stopped: 0.0005045 seconds, Stopping threads took: 0.0001156 seconds
2015-12-06T20:17:29.798+0530: 1416.092: Total time for which application threads were stopped: 0.0002515 seconds, Stopping threads took: 0.0000392 seconds
2015-12-06T20:17:32.910+0530: 1419.204: Total time for which application threads were stopped: 0.0003527 seconds, Stopping threads took: 0.0000548 seconds
2015-12-06T20:17:32.911+0530: 1419.205: Total time for which application threads were stopped: 0.0006272 seconds, Stopping threads took: 0.0000355 seconds
2015-12-06T20:17:32.945+0530: 1419.239: Total time for which application threads were stopped: 0.0002525 seconds, Stopping threads took: 0.0000504 seconds
2015-12-06T20:17:33.600+0530: 1419.894: Total time for which application threads were stopped: 0.0002320 seconds, Stopping threads took: 0.0000283 seconds
2015-12-06T20:17:33.600+0530: 1419.894: Total time for which application threads were stopped: 0.0001146 seconds, Stopping threads took: 0.0000112 seconds
2015-12-06T20:17:33.600+0530: 1419.894: Total time for which application threads were stopped: 0.0001081 seconds, Stopping threads took: 0.0000101 seconds
2015-12-06T20:17:33.600+0530: 1419.894: Total time for which application threads were stopped: 0.0001073 seconds, Stopping threads took: 0.0000098 seconds
2015-12-06T20:17:33.600+0530: 1419.894: Total time for which application threads were stopped: 0.0001063 seconds, Stopping threads took: 0.0000098 seconds
2015-12-06T20:17:34.583+0530: 1420.877: Total time for which application threads were stopped: 0.0004827 seconds, Stopping threads took: 0.0001378 seconds
2015-12-06T20:17:42.847+0530: 1429.141: Total time for which application threads were stopped: 0.0003709 seconds, Stopping threads took: 0.0000493 seconds
2015-12-06T20:17:44.848+0530: 1431.142: Total time for which application threads were stopped: 0.0004271 seconds, Stopping threads took: 0.0000622 seconds
2015-12-06T20:17:46.758+0530: 1433.052: Total time for which application threads were stopped: 0.0036037 seconds, Stopping threads took: 0.0031089 seconds
2015-12-06T20:17:46.759+0530: 1433.053: Total time for which application threads were stopped: 0.0004875 seconds, Stopping threads took: 0.0000717 seconds
2015-12-06T20:17:46.759+0530: 1433.053: Total time for which application threads were stopped: 0.0001907 seconds, Stopping threads took: 0.0000595 seconds
2015-12-06T20:17:47.759+0530: 1434.053: Total time for which application threads were stopped: 0.0002120 seconds, Stopping threads took: 0.0000348 seconds
2015-12-06T20:17:49.760+0530: 1436.054: Total time for which application threads were stopped: 0.0002188 seconds, Stopping threads took: 0.0000329 seconds
2015-12-06T20:17:52.242+0530: 1438.535: Total time for which application threads were stopped: 0.0008777 seconds, Stopping threads took: 0.0000480 seconds
2015-12-06T20:17:52.242+0530: 1438.536: Total time for which application threads were stopped: 0.0006703 seconds, Stopping threads took: 0.0000296 seconds
2015-12-06T20:17:52.346+0530: 1438.640: Total time for which application threads were stopped: 0.0005370 seconds, Stopping threads took: 0.0000724 seconds
2015-12-06T20:17:52.778+0530: 1439.072: Total time for which application threads were stopped: 0.0006420 seconds, Stopping threads took: 0.0002328 seconds
2015-12-06T20:17:53.798+0530: 1440.092: Total time for which application threads were stopped: 0.0002476 seconds, Stopping threads took: 0.0000372 seconds
{Heap before GC invocations=73 (full 2):
 par new generation   total 109248K, used 98592K [0x00000000e0000000, 0x00000000e8000000, 0x00000000e8000000)
  eden space 87424K, 100% used [0x00000000e0000000, 0x00000000e5560000, 0x00000000e5560000)
  from space 21824K,  51% used [0x00000000e6ab0000, 0x00000000e7598080, 0x00000000e8000000)
  to   space 21824K,   0% used [0x00000000e5560000, 0x00000000e5560000, 0x00000000e6ab0000)
 concurrent mark-sweep generation total 393216K, used 26759K [0x00000000e8000000, 0x0000000100000000, 0x0000000100000000)
 Metaspace       used 40900K, capacity 41440K, committed 41708K, reserved 1087488K
  class space    used 4307K, capacity 4488K, committed 4604K, reserved 1048576K
2015-12-06T20:17:53.826+0530: 1440.120: [GC (Allocation Failure) 1440.870: [ParNew
Desired survivor size 20112992 bytes, new threshold 8 (max 8)
- age   1:    4978648 bytes,    4978648 total
- age   2:    2766120 bytes,    7744768 total
- age   3:     792296 bytes,    8537064 total
- age   4:      94736 bytes,    8631800 total
- age   5:     147200 bytes,    8779000 total
- age   6:     166576 bytes,    8945576 total
- age   7:     210896 bytes,    9156472 total
- age   8:     219320 bytes,    9375792 total
: 98592K->11248K(109248K), 0.0143480 secs] 125351K->38020K(502464K), 0.7648338 secs] [Times: user=0.03 sys=0.00, real=0.76 secs] 
Heap after GC invocations=74 (full 2):
 par new generation   total 109248K, used 11248K [0x00000000e0000000, 0x00000000e8000000, 0x00000000e8000000)
  eden space 87424K,   0% used [0x00000000e0000000, 0x00000000e0000000, 0x00000000e5560000)
  from space 21824K,  51% used [0x00000000e5560000, 0x00000000e605c3a0, 0x00000000e6ab0000)
  to   space 21824K,   0% used [0x00000000e6ab0000, 0x00000000e6ab0000, 0x00000000e8000000)
 concurrent mark-sweep generation total 393216K, used 26771K [0x00000000e8000000, 0x0000000100000000, 0x0000000100000000)
 Metaspace       used 40900K, capacity 41440K, committed 41708K, reserved 1087488K
  class space    used 4307K, capacity 4488K, committed 4604K, reserved 1048576K
}
2015-12-06T20:17:54.591+0530: 1440.885: Total time for which application threads were stopped: 0.7651995 seconds, Stopping threads took: 0.0000276 seconds
2015-12-06T20:17:54.602+0530: 1440.896: Total time for which application threads were stopped: 0.0001728 seconds, Stopping threads took: 0.0000267 seconds
2015-12-06T20:17:55.013+0530: 1441.307: Total time for which application threads were stopped: 0.0004064 seconds, Stopping threads took: 0.0000533 seconds
2015-12-06T20:17:55.033+0530: 1441.326: Total time for which application threads were stopped: 0.0002036 seconds, Stopping threads took: 0.0000268 seconds
2015-12-06T20:17:55.033+0530: 1441.327: Total time for which application threads were stopped: 0.0000908 seconds, Stopping threads took: 0.0000111 seconds
2015-12-06T20:17:55.079+0530: 1441.373: Total time for which application threads were stopped: 0.0003005 seconds, Stopping threads took: 0.0000798 seconds
2015-12-06T20:17:58.728+0530: 1445.022: Total time for which application threads were stopped: 0.0007729 seconds, Stopping threads took: 0.0003189 seconds
2015-12-06T20:17:59.293+0530: 1445.587: Total time for which application threads were stopped: 0.0007205 seconds, Stopping threads took: 0.0005576 seconds
2015-12-06T20:17:59.293+0530: 1445.587: Total time for which application threads were stopped: 0.0001242 seconds, Stopping threads took: 0.0000383 seconds
2015-12-06T20:17:59.294+0530: 1445.588: Total time for which application threads were stopped: 0.0001648 seconds, Stopping threads took: 0.0000513 seconds
2015-12-06T20:18:11.193+0530: 1457.487: Total time for which application threads were stopped: 0.0005592 seconds, Stopping threads took: 0.0001337 seconds
2015-12-06T20:18:11.193+0530: 1457.487: Total time for which application threads were stopped: 0.0005184 seconds, Stopping threads took: 0.0001936 seconds
2015-12-06T20:18:13.478+0530: 1459.772: Total time for which application threads were stopped: 0.0002640 seconds, Stopping threads took: 0.0000332 seconds
2015-12-06T20:18:13.479+0530: 1459.772: Total time for which application threads were stopped: 0.0001327 seconds, Stopping threads took: 0.0000194 seconds
2015-12-06T20:18:13.479+0530: 1459.773: Total time for which application threads were stopped: 0.0001767 seconds, Stopping threads took: 0.0000370 seconds
2015-12-06T20:18:13.479+0530: 1459.773: Total time for which application threads were stopped: 0.0001757 seconds, Stopping threads took: 0.0000463 seconds
2015-12-06T20:18:13.484+0530: 1459.777: Total time for which application threads were stopped: 0.0002751 seconds, Stopping threads took: 0.0000710 seconds
2015-12-06T20:18:13.498+0530: 1459.792: Total time for which application threads were stopped: 0.0002573 seconds, Stopping threads took: 0.0000465 seconds
2015-12-06T20:18:13.498+0530: 1459.792: Total time for which application threads were stopped: 0.0001442 seconds, Stopping threads took: 0.0000328 seconds
2015-12-06T20:18:13.498+0530: 1459.792: Total time for which application threads were stopped: 0.0001314 seconds, Stopping threads took: 0.0000305 seconds
2015-12-06T20:18:13.499+0530: 1459.792: Total time for which application threads were stopped: 0.0001277 seconds, Stopping threads took: 0.0000292 seconds
2015-12-06T20:18:14.438+0530: 1460.731: Total time for which application threads were stopped: 0.0002267 seconds, Stopping threads took: 0.0000559 seconds
2015-12-06T20:18:14.454+0530: 1460.748: Total time for which application threads were stopped: 0.0002704 seconds, Stopping threads took: 0.0000344 seconds
2015-12-06T20:18:15.544+0530: 1461.838: Total time for which application threads were stopped: 0.0003973 seconds, Stopping threads took: 0.0000600 seconds
2015-12-06T20:18:17.434+0530: 1463.728: Total time for which application threads were stopped: 0.0005025 seconds, Stopping threads took: 0.0000729 seconds
2015-12-06T20:18:20.993+0530: 1467.287: Total time for which application threads were stopped: 0.0003908 seconds, Stopping threads took: 0.0001052 seconds
2015-12-06T20:18:22.994+0530: 1469.288: Total time for which application threads were stopped: 0.0003715 seconds, Stopping threads took: 0.0000554 seconds
2015-12-06T20:18:23.964+0530: 1470.258: Total time for which application threads were stopped: 0.0005683 seconds, Stopping threads took: 0.0000614 seconds
{Heap before GC invocations=74 (full 2):
 par new generation   total 109248K, used 98661K [0x00000000e0000000, 0x00000000e8000000, 0x00000000e8000000)
  eden space 87424K,  99% used [0x00000000e0000000, 0x00000000e555d070, 0x00000000e5560000)
  from space 21824K,  51% used [0x00000000e5560000, 0x00000000e605c3a0, 0x00000000e6ab0000)
  to   space 21824K,   0% used [0x00000000e6ab0000, 0x00000000e6ab0000, 0x00000000e8000000)
 concurrent mark-sweep generation total 393216K, used 26771K [0x00000000e8000000, 0x0000000100000000, 0x0000000100000000)
 Metaspace       used 40912K, capacity 41440K, committed 41708K, reserved 1087488K
  class space    used 4307K, capacity 4488K, committed 4604K, reserved 1048576K
2015-12-06T20:18:26.428+0530: 1472.722: [GC (Allocation Failure) 1472.834: [ParNew
Desired survivor size 20112992 bytes, new threshold 8 (max 8)
- age   1:    4360360 bytes,    4360360 total
- age   2:    3666280 bytes,    8026640 total
- age   3:     173608 bytes,    8200248 total
- age   4:     232568 bytes,    8432816 total
- age   5:      78120 bytes,    8510936 total
- age   6:     147200 bytes,    8658136 total
- age   7:     164168 bytes,    8822304 total
- age   8:     143240 bytes,    8965544 total
: 98661K->13985K(109248K), 0.0152386 secs] 125432K->40839K(502464K), 0.4791844 secs] [Times: user=0.04 sys=0.00, real=0.48 secs] 
Heap after GC invocations=75 (full 2):
 par new generation   total 109248K, used 13985K [0x00000000e0000000, 0x00000000e8000000, 0x00000000e8000000)
  eden space 87424K,   0% used [0x00000000e0000000, 0x00000000e0000000, 0x00000000e5560000)
  from space 21824K,  64% used [0x00000000e6ab0000, 0x00000000e7858790, 0x00000000e8000000)
  to   space 21824K,   0% used [0x00000000e5560000, 0x00000000e5560000, 0x00000000e6ab0000)
 concurrent mark-sweep generation total 393216K, used 26853K [0x00000000e8000000, 0x0000000100000000, 0x0000000100000000)
 Metaspace       used 40912K, capacity 41440K, committed 41708K, reserved 1087488K
  class space    used 4307K, capacity 4488K, committed 4604K, reserved 1048576K
}
2015-12-06T20:18:26.908+0530: 1473.202: Total time for which application threads were stopped: 0.4799517 seconds, Stopping threads took: 0.0000491 seconds
2015-12-06T20:18:29.909+0530: 1476.203: Total time for which application threads were stopped: 0.0003773 seconds, Stopping threads took: 0.0000586 seconds
2015-12-06T20:18:30.583+0530: 1476.877: Total time for which application threads were stopped: 0.0002963 seconds, Stopping threads took: 0.0000426 seconds
2015-12-06T20:18:30.583+0530: 1476.877: Total time for which application threads were stopped: 0.0001817 seconds, Stopping threads took: 0.0000247 seconds
2015-12-06T20:18:33.339+0530: 1479.633: Total time for which application threads were stopped: 0.0003871 seconds, Stopping threads took: 0.0000475 seconds
2015-12-06T20:18:33.340+0530: 1479.634: Total time for which application threads were stopped: 0.0002067 seconds, Stopping threads took: 0.0000224 seconds
2015-12-06T20:18:38.712+0530: 1485.006: Total time for which application threads were stopped: 0.0002415 seconds, Stopping threads took: 0.0000473 seconds
2015-12-06T20:18:38.712+0530: 1485.006: Total time for which application threads were stopped: 0.0002732 seconds, Stopping threads took: 0.0000712 seconds
2015-12-06T20:18:38.712+0530: 1485.006: Total time for which application threads were stopped: 0.0001847 seconds, Stopping threads took: 0.0000525 seconds
2015-12-06T20:18:39.713+0530: 1486.007: Total time for which application threads were stopped: 0.0003425 seconds, Stopping threads took: 0.0000503 seconds
2015-12-06T20:18:40.713+0530: 1487.007: Total time for which application threads were stopped: 0.0004606 seconds, Stopping threads took: 0.0000571 seconds
2015-12-06T20:18:41.714+0530: 1488.008: Total time for which application threads were stopped: 0.0003306 seconds, Stopping threads took: 0.0000556 seconds
2015-12-06T20:18:44.583+0530: 1490.877: Total time for which application threads were stopped: 0.0064847 seconds, Stopping threads took: 0.0061072 seconds
2015-12-06T20:18:46.584+0530: 1492.878: Total time for which application threads were stopped: 0.0002083 seconds, Stopping threads took: 0.0000323 seconds
2015-12-06T20:18:52.585+0530: 1498.879: Total time for which application threads were stopped: 0.0003313 seconds, Stopping threads took: 0.0000555 seconds
2015-12-06T20:18:57.586+0530: 1503.880: Total time for which application threads were stopped: 0.0003396 seconds, Stopping threads took: 0.0000627 seconds
2015-12-06T20:18:58.586+0530: 1504.880: Total time for which application threads were stopped: 0.0003330 seconds, Stopping threads took: 0.0000632 seconds
2015-12-06T20:19:02.587+0530: 1508.881: Total time for which application threads were stopped: 0.0002020 seconds, Stopping threads took: 0.0000286 seconds
{Heap before GC invocations=75 (full 2):
 par new generation   total 109248K, used 101409K [0x00000000e0000000, 0x00000000e8000000, 0x00000000e8000000)
  eden space 87424K,  99% used [0x00000000e0000000, 0x00000000e555fd68, 0x00000000e5560000)
  from space 21824K,  64% used [0x00000000e6ab0000, 0x00000000e7858790, 0x00000000e8000000)
  to   space 21824K,   0% used [0x00000000e5560000, 0x00000000e5560000, 0x00000000e6ab0000)
 concurrent mark-sweep generation total 393216K, used 26853K [0x00000000e8000000, 0x0000000100000000, 0x0000000100000000)
 Metaspace       used 40921K, capacity 41504K, committed 41964K, reserved 1087488K
  class space    used 4307K, capacity 4488K, committed 4604K, reserved 1048576K
2015-12-06T20:19:02.867+0530: 1509.161: [GC (Allocation Failure) 1509.161: [ParNew
Desired survivor size 20112992 bytes, new threshold 8 (max 8)
- age   1:    4951072 bytes,    4951072 total
- age   2:    3128480 bytes,    8079552 total
- age   3:     179208 bytes,    8258760 total
- age   4:     165896 bytes,    8424656 total
- age   5:     228104 bytes,    8652760 total
- age   6:      78120 bytes,    8730880 total
- age   7:     147200 bytes,    8878080 total
- age   8:     162600 bytes,    9040680 total
: 101409K->10467K(109248K), 0.0090997 secs] 128262K->37460K(502464K), 0.2520888 secs] [Times: user=0.03 sys=0.00, real=0.25 secs] 
Heap after GC invocations=76 (full 2):
 par new generation   total 109248K, used 10467K [0x00000000e0000000, 0x00000000e8000000, 0x00000000e8000000)
  eden space 87424K,   0% used [0x00000000e0000000, 0x00000000e0000000, 0x00000000e5560000)
  from space 21824K,  47% used [0x00000000e5560000, 0x00000000e5f98c20, 0x00000000e6ab0000)
  to   space 21824K,   0% used [0x00000000e6ab0000, 0x00000000e6ab0000, 0x00000000e8000000)
 concurrent mark-sweep generation total 393216K, used 26993K [0x00000000e8000000, 0x0000000100000000, 0x0000000100000000)
 Metaspace       used 40921K, capacity 41504K, committed 41964K, reserved 1087488K
  class space    used 4307K, capacity 4488K, committed 4604K, reserved 1048576K
}
2015-12-06T20:19:03.120+0530: 1509.414: Total time for which application threads were stopped: 0.4012749 seconds, Stopping threads took: 0.0000272 seconds
2015-12-06T20:19:04.120+0530: 1510.414: Total time for which application threads were stopped: 0.0002099 seconds, Stopping threads took: 0.0000317 seconds
2015-12-06T20:19:07.121+0530: 1513.415: Total time for which application threads were stopped: 0.0002453 seconds, Stopping threads took: 0.0000390 seconds
2015-12-06T20:19:16.453+0530: 1522.746: Total time for which application threads were stopped: 0.0004063 seconds, Stopping threads took: 0.0000980 seconds
2015-12-06T20:19:16.453+0530: 1522.747: Total time for which application threads were stopped: 0.0002804 seconds, Stopping threads took: 0.0000404 seconds
2015-12-06T20:19:16.454+0530: 1522.747: Total time for which application threads were stopped: 0.0005933 seconds, Stopping threads took: 0.0000384 seconds
2015-12-06T20:19:16.795+0530: 1523.089: Total time for which application threads were stopped: 0.0003685 seconds, Stopping threads took: 0.0000535 seconds
2015-12-06T20:19:16.796+0530: 1523.090: Total time for which application threads were stopped: 0.0001433 seconds, Stopping threads took: 0.0000174 seconds
2015-12-06T20:19:16.796+0530: 1523.090: Total time for which application threads were stopped: 0.0001245 seconds, Stopping threads took: 0.0000114 seconds
2015-12-06T20:19:16.796+0530: 1523.090: Total time for which application threads were stopped: 0.0001117 seconds, Stopping threads took: 0.0000093 seconds
2015-12-06T20:19:16.840+0530: 1523.134: Total time for which application threads were stopped: 0.0061913 seconds, Stopping threads took: 0.0060325 seconds
2015-12-06T20:19:17.487+0530: 1523.781: Total time for which application threads were stopped: 0.0002244 seconds, Stopping threads took: 0.0000282 seconds
2015-12-06T20:19:17.487+0530: 1523.781: Total time for which application threads were stopped: 0.0001347 seconds, Stopping threads took: 0.0000173 seconds
2015-12-06T20:19:17.487+0530: 1523.781: Total time for which application threads were stopped: 0.0001214 seconds, Stopping threads took: 0.0000142 seconds
2015-12-06T20:19:17.488+0530: 1523.781: Total time for which application threads were stopped: 0.0001122 seconds, Stopping threads took: 0.0000144 seconds
2015-12-06T20:19:17.488+0530: 1523.782: Total time for which application threads were stopped: 0.0001409 seconds, Stopping threads took: 0.0000276 seconds
2015-12-06T20:19:18.235+0530: 1524.529: Total time for which application threads were stopped: 0.0004514 seconds, Stopping threads took: 0.0002027 seconds
2015-12-06T20:19:18.275+0530: 1524.569: Total time for which application threads were stopped: 0.0002658 seconds, Stopping threads took: 0.0000393 seconds
2015-12-06T20:19:18.275+0530: 1524.569: Total time for which application threads were stopped: 0.0001403 seconds, Stopping threads took: 0.0000157 seconds
2015-12-06T20:19:22.046+0530: 1528.340: Total time for which application threads were stopped: 0.0002001 seconds, Stopping threads took: 0.0000293 seconds
2015-12-06T20:19:22.046+0530: 1528.340: Total time for which application threads were stopped: 0.0000791 seconds, Stopping threads took: 0.0000111 seconds
2015-12-06T20:19:22.047+0530: 1528.340: Total time for which application threads were stopped: 0.0000744 seconds, Stopping threads took: 0.0000102 seconds
2015-12-06T20:19:23.425+0530: 1529.719: Total time for which application threads were stopped: 0.0004736 seconds, Stopping threads took: 0.0000918 seconds
{Heap before GC invocations=76 (full 2):
 par new generation   total 109248K, used 97891K [0x00000000e0000000, 0x00000000e8000000, 0x00000000e8000000)
  eden space 87424K, 100% used [0x00000000e0000000, 0x00000000e5560000, 0x00000000e5560000)
  from space 21824K,  47% used [0x00000000e5560000, 0x00000000e5f98c20, 0x00000000e6ab0000)
  to   space 21824K,   0% used [0x00000000e6ab0000, 0x00000000e6ab0000, 0x00000000e8000000)
 concurrent mark-sweep generation total 393216K, used 26993K [0x00000000e8000000, 0x0000000100000000, 0x0000000100000000)
 Metaspace       used 40922K, capacity 41504K, committed 41964K, reserved 1087488K
  class space    used 4308K, capacity 4488K, committed 4604K, reserved 1048576K
2015-12-06T20:19:26.991+0530: 1533.285: [GC (Allocation Failure) 1533.285: [ParNew
Desired survivor size 20112992 bytes, new threshold 8 (max 8)
- age   1:    4533216 bytes,    4533216 total
- age   2:    3801632 bytes,    8334848 total
- age   3:     252288 bytes,    8587136 total
- age   4:     161552 bytes,    8748688 total
- age   5:     146128 bytes,    8894816 total
- age   6:     221808 bytes,    9116624 total
- age   7:      78120 bytes,    9194744 total
- age   8:     147176 bytes,    9341920 total
: 97891K->13363K(109248K), 0.0229464 secs] 124884K->40516K(502464K), 0.3507338 secs] [Times: user=0.04 sys=0.00, real=0.36 secs] 
Heap after GC invocations=77 (full 2):
 par new generation   total 109248K, used 13363K [0x00000000e0000000, 0x00000000e8000000, 0x00000000e8000000)
  eden space 87424K,   0% used [0x00000000e0000000, 0x00000000e0000000, 0x00000000e5560000)
  from space 21824K,  61% used [0x00000000e6ab0000, 0x00000000e77bce68, 0x00000000e8000000)
  to   space 21824K,   0% used [0x00000000e5560000, 0x00000000e5560000, 0x00000000e6ab0000)
 concurrent mark-sweep generation total 393216K, used 27152K [0x00000000e8000000, 0x0000000100000000, 0x0000000100000000)
 Metaspace       used 40922K, capacity 41504K, committed 41964K, reserved 1087488K
  class space    used 4308K, capacity 4488K, committed 4604K, reserved 1048576K
}
2015-12-06T20:19:27.342+0530: 1533.636: Total time for which application threads were stopped: 0.3515615 seconds, Stopping threads took: 0.0001611 seconds
2015-12-06T20:19:36.395+0530: 1542.689: Total time for which application threads were stopped: 0.0005217 seconds, Stopping threads took: 0.0000581 seconds
2015-12-06T20:19:36.396+0530: 1542.689: Total time for which application threads were stopped: 0.0003594 seconds, Stopping threads took: 0.0000327 seconds
2015-12-06T20:19:36.396+0530: 1542.690: Total time for which application threads were stopped: 0.0001843 seconds, Stopping threads took: 0.0000203 seconds
2015-12-06T20:19:36.396+0530: 1542.690: Total time for which application threads were stopped: 0.0001564 seconds, Stopping threads took: 0.0000206 seconds
2015-12-06T20:19:37.507+0530: 1543.801: Total time for which application threads were stopped: 0.0005321 seconds, Stopping threads took: 0.0001370 seconds
2015-12-06T20:19:37.512+0530: 1543.806: Total time for which application threads were stopped: 0.0004104 seconds, Stopping threads took: 0.0001225 seconds
2015-12-06T20:19:37.513+0530: 1543.807: Total time for which application threads were stopped: 0.0002618 seconds, Stopping threads took: 0.0000427 seconds
2015-12-06T20:19:37.513+0530: 1543.807: Total time for which application threads were stopped: 0.0001104 seconds, Stopping threads took: 0.0000168 seconds
2015-12-06T20:19:42.098+0530: 1548.392: Total time for which application threads were stopped: 0.0010330 seconds, Stopping threads took: 0.0001236 seconds
2015-12-06T20:19:43.099+0530: 1549.393: Total time for which application threads were stopped: 0.0002161 seconds, Stopping threads took: 0.0000342 seconds
2015-12-06T20:19:43.457+0530: 1549.750: Total time for which application threads were stopped: 0.0002722 seconds, Stopping threads took: 0.0000333 seconds
2015-12-06T20:19:50.113+0530: 1556.407: Total time for which application threads were stopped: 0.0007158 seconds, Stopping threads took: 0.0000868 seconds
2015-12-06T20:19:50.113+0530: 1556.407: Total time for which application threads were stopped: 0.0002317 seconds, Stopping threads took: 0.0000253 seconds
2015-12-06T20:19:56.899+0530: 1563.193: Total time for which application threads were stopped: 0.0006946 seconds, Stopping threads took: 0.0004702 seconds
2015-12-06T20:19:57.540+0530: 1563.834: Total time for which application threads were stopped: 0.0002008 seconds, Stopping threads took: 0.0000250 seconds
2015-12-06T20:19:57.541+0530: 1563.834: Total time for which application threads were stopped: 0.0000930 seconds, Stopping threads took: 0.0000119 seconds
2015-12-06T20:19:57.541+0530: 1563.835: Total time for which application threads were stopped: 0.0000849 seconds, Stopping threads took: 0.0000090 seconds
2015-12-06T20:19:57.541+0530: 1563.835: Total time for which application threads were stopped: 0.0000906 seconds, Stopping threads took: 0.0000116 seconds
2015-12-06T20:19:58.092+0530: 1564.386: Total time for which application threads were stopped: 0.0002622 seconds, Stopping threads took: 0.0000399 seconds
2015-12-06T20:20:00.910+0530: 1567.204: Total time for which application threads were stopped: 0.0002133 seconds, Stopping threads took: 0.0000328 seconds
2015-12-06T20:20:02.910+0530: 1569.204: Total time for which application threads were stopped: 0.0002063 seconds, Stopping threads took: 0.0000337 seconds
{Heap before GC invocations=77 (full 2):
 par new generation   total 109248K, used 100787K [0x00000000e0000000, 0x00000000e8000000, 0x00000000e8000000)
  eden space 87424K, 100% used [0x00000000e0000000, 0x00000000e5560000, 0x00000000e5560000)
  from space 21824K,  61% used [0x00000000e6ab0000, 0x00000000e77bce68, 0x00000000e8000000)
  to   space 21824K,   0% used [0x00000000e5560000, 0x00000000e5560000, 0x00000000e6ab0000)
 concurrent mark-sweep generation total 393216K, used 27152K [0x00000000e8000000, 0x0000000100000000, 0x0000000100000000)
 Metaspace       used 40922K, capacity 41504K, committed 41964K, reserved 1087488K
  class space    used 4308K, capacity 4488K, committed 4604K, reserved 1048576K
2015-12-06T20:20:03.074+0530: 1569.368: [GC (Allocation Failure) 1569.368: [ParNew
Desired survivor size 20112992 bytes, new threshold 8 (max 8)
- age   1:    5169448 bytes,    5169448 total
- age   2:    3007344 bytes,    8176792 total
- age   3:      37344 bytes,    8214136 total
- age   4:     230072 bytes,    8444208 total
- age   5:     150720 bytes,    8594928 total
- age   6:     144568 bytes,    8739496 total
- age   7:     221808 bytes,    8961304 total
- age   8:      78096 bytes,    9039400 total
: 100787K->11992K(109248K), 0.3896060 secs] 127940K->39289K(502464K), 0.4775175 secs] [Times: user=0.03 sys=0.00, real=0.47 secs] 
Heap after GC invocations=78 (full 2):
 par new generation   total 109248K, used 11992K [0x00000000e0000000, 0x00000000e8000000, 0x00000000e8000000)
  eden space 87424K,   0% used [0x00000000e0000000, 0x00000000e0000000, 0x00000000e5560000)
  from space 21824K,  54% used [0x00000000e5560000, 0x00000000e61163b0, 0x00000000e6ab0000)
  to   space 21824K,   0% used [0x00000000e6ab0000, 0x00000000e6ab0000, 0x00000000e8000000)
 concurrent mark-sweep generation total 393216K, used 27296K [0x00000000e8000000, 0x0000000100000000, 0x0000000100000000)
 Metaspace       used 40922K, capacity 41504K, committed 41964K, reserved 1087488K
  class space    used 4308K, capacity 4488K, committed 4604K, reserved 1048576K
}
2015-12-06T20:20:03.552+0530: 1569.846: Total time for which application threads were stopped: 0.4780651 seconds, Stopping threads took: 0.0000288 seconds
2015-12-06T20:20:05.552+0530: 1571.846: Total time for which application threads were stopped: 0.0002120 seconds, Stopping threads took: 0.0000409 seconds
2015-12-06T20:20:07.553+0530: 1573.847: Total time for which application threads were stopped: 0.0002122 seconds, Stopping threads took: 0.0000326 seconds
2015-12-06T20:20:09.432+0530: 1575.726: Total time for which application threads were stopped: 0.0002189 seconds, Stopping threads took: 0.0000564 seconds
2015-12-06T20:20:09.432+0530: 1575.726: Total time for which application threads were stopped: 0.0001206 seconds, Stopping threads took: 0.0000165 seconds
2015-12-06T20:20:09.433+0530: 1575.726: Total time for which application threads were stopped: 0.0000809 seconds, Stopping threads took: 0.0000095 seconds
2015-12-06T20:20:09.433+0530: 1575.726: Total time for which application threads were stopped: 0.0000776 seconds, Stopping threads took: 0.0000086 seconds
2015-12-06T20:20:09.433+0530: 1575.727: Total time for which application threads were stopped: 0.0000768 seconds, Stopping threads took: 0.0000083 seconds
2015-12-06T20:20:15.096+0530: 1581.389: Total time for which application threads were stopped: 0.0022958 seconds, Stopping threads took: 0.0018057 seconds
2015-12-06T20:20:15.717+0530: 1582.011: Total time for which application threads were stopped: 0.0002434 seconds, Stopping threads took: 0.0000352 seconds
2015-12-06T20:20:15.717+0530: 1582.011: Total time for which application threads were stopped: 0.0001598 seconds, Stopping threads took: 0.0000332 seconds
2015-12-06T20:20:17.903+0530: 1584.196: Total time for which application threads were stopped: 0.0003730 seconds, Stopping threads took: 0.0000489 seconds
2015-12-06T20:20:18.903+0530: 1585.197: Total time for which application threads were stopped: 0.0003247 seconds, Stopping threads took: 0.0000539 seconds
2015-12-06T20:20:21.904+0530: 1588.198: Total time for which application threads were stopped: 0.0004269 seconds, Stopping threads took: 0.0000568 seconds
2015-12-06T20:20:26.343+0530: 1592.637: Total time for which application threads were stopped: 0.0014085 seconds, Stopping threads took: 0.0011471 seconds
2015-12-06T20:20:26.951+0530: 1593.245: Total time for which application threads were stopped: 0.0006532 seconds, Stopping threads took: 0.0001353 seconds
2015-12-06T20:20:26.954+0530: 1593.248: Total time for which application threads were stopped: 0.0005982 seconds, Stopping threads took: 0.0001510 seconds
2015-12-06T20:20:26.968+0530: 1593.262: Total time for which application threads were stopped: 0.0002063 seconds, Stopping threads took: 0.0000213 seconds
2015-12-06T20:20:26.968+0530: 1593.262: Total time for which application threads were stopped: 0.0001012 seconds, Stopping threads took: 0.0000109 seconds
2015-12-06T20:20:30.478+0530: 1596.772: Total time for which application threads were stopped: 0.0001864 seconds, Stopping threads took: 0.0000316 seconds
{Heap before GC invocations=78 (full 2):
 par new generation   total 109248K, used 99416K [0x00000000e0000000, 0x00000000e8000000, 0x00000000e8000000)
  eden space 87424K, 100% used [0x00000000e0000000, 0x00000000e5560000, 0x00000000e5560000)
  from space 21824K,  54% used [0x00000000e5560000, 0x00000000e61163b0, 0x00000000e6ab0000)
  to   space 21824K,   0% used [0x00000000e6ab0000, 0x00000000e6ab0000, 0x00000000e8000000)
 concurrent mark-sweep generation total 393216K, used 27296K [0x00000000e8000000, 0x0000000100000000, 0x0000000100000000)
 Metaspace       used 40930K, capacity 41504K, committed 41964K, reserved 1087488K
  class space    used 4308K, capacity 4488K, committed 4604K, reserved 1048576K
2015-12-06T20:20:42.343+0530: 1608.637: [GC (Allocation Failure) 1608.638: [ParNew
Desired survivor size 20112992 bytes, new threshold 8 (max 8)
- age   1:    4310360 bytes,    4310360 total
- age   2:    4050568 bytes,    8360928 total
- age   3:     163504 bytes,    8524432 total
- age   4:      24312 bytes,    8548744 total
- age   5:     215360 bytes,    8764104 total
- age   6:     150720 bytes,    8914824 total
- age   7:     144568 bytes,    9059392 total
- age   8:     221784 bytes,    9281176 total
: 99416K->11607K(109248K), 0.0308764 secs] 126713K->38979K(502464K), 0.3724582 secs] [Times: user=0.08 sys=0.00, real=0.37 secs] 
Heap after GC invocations=79 (full 2):
 par new generation   total 109248K, used 11607K [0x00000000e0000000, 0x00000000e8000000, 0x00000000e8000000)
  eden space 87424K,   0% used [0x00000000e0000000, 0x00000000e0000000, 0x00000000e5560000)
  from space 21824K,  53% used [0x00000000e6ab0000, 0x00000000e7605cc0, 0x00000000e8000000)
  to   space 21824K,   0% used [0x00000000e5560000, 0x00000000e5560000, 0x00000000e6ab0000)
 concurrent mark-sweep generation total 393216K, used 27372K [0x00000000e8000000, 0x0000000100000000, 0x0000000100000000)
 Metaspace       used 40930K, capacity 41504K, committed 41964K, reserved 1087488K
  class space    used 4308K, capacity 4488K, committed 4604K, reserved 1048576K
}
2015-12-06T20:20:42.716+0530: 1609.010: Total time for which application threads were stopped: 0.3737170 seconds, Stopping threads took: 0.0000760 seconds
2015-12-06T20:20:46.170+0530: 1612.464: Total time for which application threads were stopped: 0.0004601 seconds, Stopping threads took: 0.0000560 seconds
2015-12-06T20:20:52.413+0530: 1618.707: Total time for which application threads were stopped: 0.0002509 seconds, Stopping threads took: 0.0000384 seconds
2015-12-06T20:20:52.413+0530: 1618.707: Total time for which application threads were stopped: 0.0002417 seconds, Stopping threads took: 0.0000707 seconds
2015-12-06T20:20:52.542+0530: 1618.835: Total time for which application threads were stopped: 0.0005405 seconds, Stopping threads took: 0.0001906 seconds
2015-12-06T20:20:52.834+0530: 1619.128: Total time for which application threads were stopped: 0.0003438 seconds, Stopping threads took: 0.0000578 seconds
2015-12-06T20:20:52.835+0530: 1619.129: Total time for which application threads were stopped: 0.0002029 seconds, Stopping threads took: 0.0000280 seconds
2015-12-06T20:20:54.129+0530: 1620.423: Total time for which application threads were stopped: 0.0003426 seconds, Stopping threads took: 0.0000709 seconds
2015-12-06T20:20:54.684+0530: 1620.978: Total time for which application threads were stopped: 0.0002542 seconds, Stopping threads took: 0.0000889 seconds
2015-12-06T20:20:54.684+0530: 1620.978: Total time for which application threads were stopped: 0.0001447 seconds, Stopping threads took: 0.0000227 seconds
2015-12-06T20:20:54.698+0530: 1620.992: Total time for which application threads were stopped: 0.0002491 seconds, Stopping threads took: 0.0000526 seconds
2015-12-06T20:20:54.699+0530: 1620.993: Total time for which application threads were stopped: 0.0004995 seconds, Stopping threads took: 0.0000326 seconds
2015-12-06T20:20:54.722+0530: 1621.016: Total time for which application threads were stopped: 0.0003148 seconds, Stopping threads took: 0.0000913 seconds
2015-12-06T20:20:54.726+0530: 1621.020: Total time for which application threads were stopped: 0.0005055 seconds, Stopping threads took: 0.0003231 seconds
2015-12-06T20:20:54.735+0530: 1621.029: Total time for which application threads were stopped: 0.0003110 seconds, Stopping threads took: 0.0000793 seconds
2015-12-06T20:20:55.727+0530: 1622.021: Total time for which application threads were stopped: 0.0004646 seconds, Stopping threads took: 0.0000693 seconds
2015-12-06T20:20:55.728+0530: 1622.022: Total time for which application threads were stopped: 0.0003186 seconds, Stopping threads took: 0.0000432 seconds
2015-12-06T20:20:55.728+0530: 1622.022: Total time for which application threads were stopped: 0.0003131 seconds, Stopping threads took: 0.0000413 seconds
2015-12-06T20:20:55.728+0530: 1622.022: Total time for which application threads were stopped: 0.0003466 seconds, Stopping threads took: 0.0000734 seconds
2015-12-06T20:20:55.729+0530: 1622.023: Total time for which application threads were stopped: 0.0004250 seconds, Stopping threads took: 0.0001346 seconds
2015-12-06T20:20:55.749+0530: 1622.043: Total time for which application threads were stopped: 0.0002832 seconds, Stopping threads took: 0.0000982 seconds
2015-12-06T20:20:55.750+0530: 1622.044: Total time for which application threads were stopped: 0.0001360 seconds, Stopping threads took: 0.0000418 seconds
2015-12-06T20:20:55.759+0530: 1622.053: Total time for which application threads were stopped: 0.0002162 seconds, Stopping threads took: 0.0000607 seconds
2015-12-06T20:20:56.759+0530: 1623.053: Total time for which application threads were stopped: 0.0003692 seconds, Stopping threads took: 0.0000561 seconds
2015-12-06T20:20:58.760+0530: 1625.054: Total time for which application threads were stopped: 0.0001630 seconds, Stopping threads took: 0.0000288 seconds
2015-12-06T20:21:04.653+0530: 1630.947: Total time for which application threads were stopped: 0.0003263 seconds, Stopping threads took: 0.0000530 seconds
2015-12-06T20:21:05.644+0530: 1631.938: Total time for which application threads were stopped: 0.0003634 seconds, Stopping threads took: 0.0000562 seconds
2015-12-06T20:21:06.779+0530: 1633.073: Total time for which application threads were stopped: 0.0001643 seconds, Stopping threads took: 0.0000303 seconds
{Heap before GC invocations=79 (full 2):
 par new generation   total 109248K, used 99030K [0x00000000e0000000, 0x00000000e8000000, 0x00000000e8000000)
  eden space 87424K,  99% used [0x00000000e0000000, 0x00000000e555fc08, 0x00000000e5560000)
  from space 21824K,  53% used [0x00000000e6ab0000, 0x00000000e7605cc0, 0x00000000e8000000)
  to   space 21824K,   0% used [0x00000000e5560000, 0x00000000e5560000, 0x00000000e6ab0000)
 concurrent mark-sweep generation total 393216K, used 27372K [0x00000000e8000000, 0x0000000100000000, 0x0000000100000000)
 Metaspace       used 40930K, capacity 41504K, committed 41964K, reserved 1087488K
  class space    used 4308K, capacity 4488K, committed 4604K, reserved 1048576K
2015-12-06T20:21:07.187+0530: 1633.481: [GC (Allocation Failure) 1633.547: [ParNew
Desired survivor size 20112992 bytes, new threshold 8 (max 8)
- age   1:    7677184 bytes,    7677184 total
- age   2:     343952 bytes,    8021136 total
- age   3:     170016 bytes,    8191152 total
- age   4:     147472 bytes,    8338624 total
- age   5:       9264 bytes,    8347888 total
- age   6:     215360 bytes,    8563248 total
- age   7:     150720 bytes,    8713968 total
- age   8:     144544 bytes,    8858512 total
: 99030K->11937K(109248K), 0.0121908 secs] 126402K->39461K(502464K), 0.2382529 secs] [Times: user=0.03 sys=0.00, real=0.24 secs] 
Heap after GC invocations=80 (full 2):
 par new generation   total 109248K, used 11937K [0x00000000e0000000, 0x00000000e8000000, 0x00000000e8000000)
  eden space 87424K,   0% used [0x00000000e0000000, 0x00000000e0000000, 0x00000000e5560000)
  from space 21824K,  54% used [0x00000000e5560000, 0x00000000e61086d0, 0x00000000e6ab0000)
  to   space 21824K,   0% used [0x00000000e6ab0000, 0x00000000e6ab0000, 0x00000000e8000000)
 concurrent mark-sweep generation total 393216K, used 27523K [0x00000000e8000000, 0x0000000100000000, 0x0000000100000000)
 Metaspace       used 40930K, capacity 41504K, committed 41964K, reserved 1087488K
  class space    used 4308K, capacity 4488K, committed 4604K, reserved 1048576K
}
2015-12-06T20:21:07.426+0530: 1633.720: Total time for which application threads were stopped: 0.2391206 seconds, Stopping threads took: 0.0000335 seconds
2015-12-06T20:21:08.385+0530: 1634.679: Total time for which application threads were stopped: 0.0002361 seconds, Stopping threads took: 0.0000320 seconds
2015-12-06T20:21:08.385+0530: 1634.679: Total time for which application threads were stopped: 0.0001401 seconds, Stopping threads took: 0.0000202 seconds
2015-12-06T20:21:10.386+0530: 1636.680: Total time for which application threads were stopped: 0.0003964 seconds, Stopping threads took: 0.0000559 seconds
2015-12-06T20:21:13.068+0530: 1639.362: Total time for which application threads were stopped: 0.0005594 seconds, Stopping threads took: 0.0001242 seconds
2015-12-06T20:21:13.069+0530: 1639.363: Total time for which application threads were stopped: 0.0003370 seconds, Stopping threads took: 0.0000522 seconds
2015-12-06T20:21:21.859+0530: 1648.153: Total time for which application threads were stopped: 0.0002398 seconds, Stopping threads took: 0.0000368 seconds
2015-12-06T20:21:21.859+0530: 1648.153: Total time for which application threads were stopped: 0.0001086 seconds, Stopping threads took: 0.0000169 seconds
2015-12-06T20:21:21.859+0530: 1648.153: Total time for which application threads were stopped: 0.0000898 seconds, Stopping threads took: 0.0000127 seconds
2015-12-06T20:21:21.859+0530: 1648.153: Total time for which application threads were stopped: 0.0000898 seconds, Stopping threads took: 0.0000117 seconds
2015-12-06T20:21:21.859+0530: 1648.153: Total time for which application threads were stopped: 0.0000920 seconds, Stopping threads took: 0.0000124 seconds
2015-12-06T20:21:22.721+0530: 1649.015: Total time for which application threads were stopped: 0.0003822 seconds, Stopping threads took: 0.0000743 seconds
2015-12-06T20:21:28.288+0530: 1654.582: Total time for which application threads were stopped: 0.0006165 seconds, Stopping threads took: 0.0001618 seconds
2015-12-06T20:21:28.290+0530: 1654.584: Total time for which application threads were stopped: 0.0020736 seconds, Stopping threads took: 0.0017029 seconds
2015-12-06T20:21:30.291+0530: 1656.585: Total time for which application threads were stopped: 0.0002030 seconds, Stopping threads took: 0.0000325 seconds
2015-12-06T20:21:30.308+0530: 1656.601: Total time for which application threads were stopped: 0.0006088 seconds, Stopping threads took: 0.0001365 seconds
2015-12-06T20:21:30.308+0530: 1656.602: Total time for which application threads were stopped: 0.0001208 seconds, Stopping threads took: 0.0000145 seconds
2015-12-06T20:21:30.308+0530: 1656.602: Total time for which application threads were stopped: 0.0000702 seconds, Stopping threads took: 0.0000092 seconds
2015-12-06T20:21:33.110+0530: 1659.404: Total time for which application threads were stopped: 0.0004391 seconds, Stopping threads took: 0.0000465 seconds
2015-12-06T20:21:33.110+0530: 1659.404: Total time for which application threads were stopped: 0.0002828 seconds, Stopping threads took: 0.0000267 seconds
2015-12-06T20:21:40.768+0530: 1667.062: Total time for which application threads were stopped: 0.0003673 seconds, Stopping threads took: 0.0000570 seconds
2015-12-06T20:21:45.703+0530: 1671.997: Total time for which application threads were stopped: 0.0002148 seconds, Stopping threads took: 0.0000305 seconds
2015-12-06T20:21:45.713+0530: 1672.007: Total time for which application threads were stopped: 0.0002342 seconds, Stopping threads took: 0.0000464 seconds
2015-12-06T20:21:45.713+0530: 1672.007: Total time for which application threads were stopped: 0.0001250 seconds, Stopping threads took: 0.0000290 seconds
2015-12-06T20:21:45.714+0530: 1672.008: Total time for which application threads were stopped: 0.0001841 seconds, Stopping threads took: 0.0000378 seconds
{Heap before GC invocations=80 (full 2):
 par new generation   total 109248K, used 99361K [0x00000000e0000000, 0x00000000e8000000, 0x00000000e8000000)
  eden space 87424K, 100% used [0x00000000e0000000, 0x00000000e5560000, 0x00000000e5560000)
  from space 21824K,  54% used [0x00000000e5560000, 0x00000000e61086d0, 0x00000000e6ab0000)
  to   space 21824K,   0% used [0x00000000e6ab0000, 0x00000000e6ab0000, 0x00000000e8000000)
 concurrent mark-sweep generation total 393216K, used 27523K [0x00000000e8000000, 0x0000000100000000, 0x0000000100000000)
 Metaspace       used 40932K, capacity 41504K, committed 41964K, reserved 1087488K
  class space    used 4308K, capacity 4488K, committed 4604K, reserved 1048576K
2015-12-06T20:21:51.701+0530: 1677.995: [GC (Allocation Failure) 1678.090: [ParNew
Desired survivor size 20112992 bytes, new threshold 8 (max 8)
- age   1:    1748696 bytes,    1748696 total
- age   2:    6980776 bytes,    8729472 total
- age   3:     173512 bytes,    8902984 total
- age   4:     162544 bytes,    9065528 total
- age   5:     145904 bytes,    9211432 total
- age   6:       8480 bytes,    9219912 total
- age   7:     215328 bytes,    9435240 total
- age   8:     149912 bytes,    9585152 total
: 99361K->10467K(109248K), 0.0200177 secs] 126885K->38132K(502464K), 0.1148462 secs] [Times: user=0.04 sys=0.00, real=0.12 secs] 
Heap after GC invocations=81 (full 2):
 par new generation   total 109248K, used 10467K [0x00000000e0000000, 0x00000000e8000000, 0x00000000e8000000)
  eden space 87424K,   0% used [0x00000000e0000000, 0x00000000e0000000, 0x00000000e5560000)
  from space 21824K,  47% used [0x00000000e6ab0000, 0x00000000e74e8dc0, 0x00000000e8000000)
  to   space 21824K,   0% used [0x00000000e5560000, 0x00000000e5560000, 0x00000000e6ab0000)
 concurrent mark-sweep generation total 393216K, used 27665K [0x00000000e8000000, 0x0000000100000000, 0x0000000100000000)
 Metaspace       used 40932K, capacity 41504K, committed 41964K, reserved 1087488K
  class space    used 4308K, capacity 4488K, committed 4604K, reserved 1048576K
}
2015-12-06T20:21:51.816+0530: 1678.110: Total time for which application threads were stopped: 0.1153923 seconds, Stopping threads took: 0.0000588 seconds
2015-12-06T20:21:51.819+0530: 1678.113: Total time for which application threads were stopped: 0.0002802 seconds, Stopping threads took: 0.0000801 seconds
2015-12-06T20:21:53.559+0530: 1679.853: Total time for which application threads were stopped: 0.0003772 seconds, Stopping threads took: 0.0000547 seconds
2015-12-06T20:21:58.269+0530: 1684.563: Total time for which application threads were stopped: 0.0005687 seconds, Stopping threads took: 0.0001591 seconds
2015-12-06T20:21:58.270+0530: 1684.564: Total time for which application threads were stopped: 0.0003384 seconds, Stopping threads took: 0.0000347 seconds
2015-12-06T20:21:58.270+0530: 1684.564: Total time for which application threads were stopped: 0.0002827 seconds, Stopping threads took: 0.0000315 seconds
2015-12-06T20:21:58.921+0530: 1685.214: Total time for which application threads were stopped: 0.0002065 seconds, Stopping threads took: 0.0000446 seconds
2015-12-06T20:21:59.767+0530: 1686.060: Total time for which application threads were stopped: 0.0004212 seconds, Stopping threads took: 0.0000604 seconds
2015-12-06T20:21:59.767+0530: 1686.061: Total time for which application threads were stopped: 0.0002959 seconds, Stopping threads took: 0.0000333 seconds
2015-12-06T20:22:00.040+0530: 1686.334: Total time for which application threads were stopped: 0.0004218 seconds, Stopping threads took: 0.0000519 seconds
2015-12-06T20:22:00.051+0530: 1686.345: Total time for which application threads were stopped: 0.0002046 seconds, Stopping threads took: 0.0000467 seconds
2015-12-06T20:22:00.053+0530: 1686.347: Total time for which application threads were stopped: 0.0002623 seconds, Stopping threads took: 0.0000637 seconds
2015-12-06T20:22:00.054+0530: 1686.348: Total time for which application threads were stopped: 0.0002685 seconds, Stopping threads took: 0.0001251 seconds
2015-12-06T20:22:00.595+0530: 1686.889: Total time for which application threads were stopped: 0.0004712 seconds, Stopping threads took: 0.0000719 seconds
2015-12-06T20:22:00.606+0530: 1686.900: Total time for which application threads were stopped: 0.0003155 seconds, Stopping threads took: 0.0000901 seconds
2015-12-06T20:22:00.607+0530: 1686.900: Total time for which application threads were stopped: 0.0001500 seconds, Stopping threads took: 0.0000398 seconds
2015-12-06T20:22:01.113+0530: 1687.407: Total time for which application threads were stopped: 0.0002053 seconds, Stopping threads took: 0.0000306 seconds
2015-12-06T20:22:03.439+0530: 1689.733: Total time for which application threads were stopped: 0.0003965 seconds, Stopping threads took: 0.0000919 seconds
2015-12-06T20:22:08.024+0530: 1694.317: Total time for which application threads were stopped: 0.0002077 seconds, Stopping threads took: 0.0000303 seconds
2015-12-06T20:22:08.472+0530: 1694.765: Total time for which application threads were stopped: 0.0002305 seconds, Stopping threads took: 0.0000563 seconds
2015-12-06T20:22:08.530+0530: 1694.823: Total time for which application threads were stopped: 0.0002259 seconds, Stopping threads took: 0.0000480 seconds
2015-12-06T20:22:08.530+0530: 1694.824: Total time for which application threads were stopped: 0.0001389 seconds, Stopping threads took: 0.0000428 seconds
2015-12-06T20:22:09.530+0530: 1695.824: Total time for which application threads were stopped: 0.0002100 seconds, Stopping threads took: 0.0000332 seconds
2015-12-06T20:22:10.531+0530: 1696.825: Total time for which application threads were stopped: 0.0003075 seconds, Stopping threads took: 0.0000535 seconds
2015-12-06T20:22:17.405+0530: 1703.699: Total time for which application threads were stopped: 0.0011713 seconds, Stopping threads took: 0.0000679 seconds
2015-12-06T20:22:20.473+0530: 1706.767: Total time for which application threads were stopped: 0.0004687 seconds, Stopping threads took: 0.0000512 seconds
2015-12-06T20:22:20.473+0530: 1706.767: Total time for which application threads were stopped: 0.0004104 seconds, Stopping threads took: 0.0001011 seconds
{Heap before GC invocations=81 (full 2):
 par new generation   total 109248K, used 97891K [0x00000000e0000000, 0x00000000e8000000, 0x00000000e8000000)
  eden space 87424K, 100% used [0x00000000e0000000, 0x00000000e5560000, 0x00000000e5560000)
  from space 21824K,  47% used [0x00000000e6ab0000, 0x00000000e74e8dc0, 0x00000000e8000000)
  to   space 21824K,   0% used [0x00000000e5560000, 0x00000000e5560000, 0x00000000e6ab0000)
 concurrent mark-sweep generation total 393216K, used 27665K [0x00000000e8000000, 0x0000000100000000, 0x0000000100000000)
 Metaspace       used 40932K, capacity 41504K, committed 41964K, reserved 1087488K
  class space    used 4308K, capacity 4488K, committed 4604K, reserved 1048576K
2015-12-06T20:22:20.624+0530: 1706.918: [GC (Allocation Failure) 1707.085: [ParNew
Desired survivor size 20112992 bytes, new threshold 8 (max 8)
- age   1:    4733016 bytes,    4733016 total
- age   2:     388672 bytes,    5121688 total
- age   3:    4004920 bytes,    9126608 total
- age   4:     148640 bytes,    9275248 total
- age   5:     147920 bytes,    9423168 total
- age   6:     145120 bytes,    9568288 total
- age   7:       8480 bytes,    9576768 total
- age   8:     214496 bytes,    9791264 total
: 97891K->14575K(109248K), 0.0295184 secs] 125556K->42321K(502464K), 0.6188047 secs] [Times: user=0.06 sys=0.01, real=0.79 secs] 
Heap after GC invocations=82 (full 2):
 par new generation   total 109248K, used 14575K [0x00000000e0000000, 0x00000000e8000000, 0x00000000e8000000)
  eden space 87424K,   0% used [0x00000000e0000000, 0x00000000e0000000, 0x00000000e5560000)
  from space 21824K,  66% used [0x00000000e5560000, 0x00000000e639bde8, 0x00000000e6ab0000)
  to   space 21824K,   0% used [0x00000000e6ab0000, 0x00000000e6ab0000, 0x00000000e8000000)
 concurrent mark-sweep generation total 393216K, used 27745K [0x00000000e8000000, 0x0000000100000000, 0x0000000100000000)
 Metaspace       used 40932K, capacity 41504K, committed 41964K, reserved 1087488K
  class space    used 4308K, capacity 4488K, committed 4604K, reserved 1048576K
}
2015-12-06T20:22:21.421+0530: 1707.715: Total time for which application threads were stopped: 0.7966887 seconds, Stopping threads took: 0.0000529 seconds
2015-12-06T20:22:23.421+0530: 1709.715: Total time for which application threads were stopped: 0.0003640 seconds, Stopping threads took: 0.0000498 seconds
2015-12-06T20:22:24.312+0530: 1710.606: Total time for which application threads were stopped: 0.0003645 seconds, Stopping threads took: 0.0000597 seconds
2015-12-06T20:22:24.313+0530: 1710.607: Total time for which application threads were stopped: 0.0002243 seconds, Stopping threads took: 0.0000355 seconds
2015-12-06T20:22:25.060+0530: 1711.354: Total time for which application threads were stopped: 0.0004616 seconds, Stopping threads took: 0.0000624 seconds
2015-12-06T20:22:26.510+0530: 1712.804: Total time for which application threads were stopped: 0.0002117 seconds, Stopping threads took: 0.0000284 seconds
2015-12-06T20:22:26.511+0530: 1712.804: Total time for which application threads were stopped: 0.0000907 seconds, Stopping threads took: 0.0000193 seconds
2015-12-06T20:22:30.779+0530: 1717.073: Total time for which application threads were stopped: 0.0006670 seconds, Stopping threads took: 0.0001623 seconds
2015-12-06T20:22:31.782+0530: 1718.076: Total time for which application threads were stopped: 0.0003592 seconds, Stopping threads took: 0.0000744 seconds
2015-12-06T20:22:33.778+0530: 1720.072: Total time for which application threads were stopped: 0.0005171 seconds, Stopping threads took: 0.0001770 seconds
2015-12-06T20:22:33.778+0530: 1720.072: Total time for which application threads were stopped: 0.0004003 seconds, Stopping threads took: 0.0001044 seconds
2015-12-06T20:22:34.803+0530: 1721.097: Total time for which application threads were stopped: 0.0004980 seconds, Stopping threads took: 0.0000660 seconds
2015-12-06T20:22:34.992+0530: 1721.286: Total time for which application threads were stopped: 0.0002041 seconds, Stopping threads took: 0.0000354 seconds
2015-12-06T20:22:34.992+0530: 1721.286: Total time for which application threads were stopped: 0.0001412 seconds, Stopping threads took: 0.0000380 seconds
2015-12-06T20:22:35.015+0530: 1721.309: Total time for which application threads were stopped: 0.0002090 seconds, Stopping threads took: 0.0000335 seconds
2015-12-06T20:22:35.016+0530: 1721.310: Total time for which application threads were stopped: 0.0003539 seconds, Stopping threads took: 0.0000148 seconds
2015-12-06T20:22:35.016+0530: 1721.310: Total time for which application threads were stopped: 0.0001629 seconds, Stopping threads took: 0.0000321 seconds
2015-12-06T20:22:35.031+0530: 1721.325: Total time for which application threads were stopped: 0.0002416 seconds, Stopping threads took: 0.0000377 seconds
2015-12-06T20:22:35.036+0530: 1721.330: Total time for which application threads were stopped: 0.0006405 seconds, Stopping threads took: 0.0001030 seconds
2015-12-06T20:22:35.074+0530: 1721.368: Total time for which application threads were stopped: 0.0002532 seconds, Stopping threads took: 0.0000513 seconds
2015-12-06T20:22:35.083+0530: 1721.377: Total time for which application threads were stopped: 0.0002194 seconds, Stopping threads took: 0.0000614 seconds
2015-12-06T20:22:35.084+0530: 1721.378: Total time for which application threads were stopped: 0.0002117 seconds, Stopping threads took: 0.0000392 seconds
2015-12-06T20:22:40.516+0530: 1726.810: Total time for which application threads were stopped: 0.0001935 seconds, Stopping threads took: 0.0000302 seconds
{Heap before GC invocations=82 (full 2):
 par new generation   total 109248K, used 101999K [0x00000000e0000000, 0x00000000e8000000, 0x00000000e8000000)
  eden space 87424K, 100% used [0x00000000e0000000, 0x00000000e5560000, 0x00000000e5560000)
  from space 21824K,  66% used [0x00000000e5560000, 0x00000000e639bde8, 0x00000000e6ab0000)
  to   space 21824K,   0% used [0x00000000e6ab0000, 0x00000000e6ab0000, 0x00000000e8000000)
 concurrent mark-sweep generation total 393216K, used 27745K [0x00000000e8000000, 0x0000000100000000, 0x0000000100000000)
 Metaspace       used 40933K, capacity 41504K, committed 41964K, reserved 1087488K
  class space    used 4308K, capacity 4488K, committed 4604K, reserved 1048576K
2015-12-06T20:22:41.203+0530: 1727.497: [GC (Allocation Failure) 1727.562: [ParNew
Desired survivor size 20112992 bytes, new threshold 8 (max 8)
- age   1:    5247048 bytes,    5247048 total
- age   2:    3498720 bytes,    8745768 total
- age   3:     254016 bytes,    8999784 total
- age   4:     172744 bytes,    9172528 total
- age   5:     148640 bytes,    9321168 total
- age   6:     147920 bytes,    9469088 total
- age   7:     145048 bytes,    9614136 total
- age   8:       8480 bytes,    9622616 total
: 101999K->12299K(109248K), 0.0175510 secs] 129745K->40189K(502464K), 0.3646790 secs] [Times: user=0.04 sys=0.00, real=0.36 secs] 
Heap after GC invocations=83 (full 2):
 par new generation   total 109248K, used 12299K [0x00000000e0000000, 0x00000000e8000000, 0x00000000e8000000)
  eden space 87424K,   0% used [0x00000000e0000000, 0x00000000e0000000, 0x00000000e5560000)
  from space 21824K,  56% used [0x00000000e6ab0000, 0x00000000e76b2f38, 0x00000000e8000000)
  to   space 21824K,   0% used [0x00000000e5560000, 0x00000000e5560000, 0x00000000e6ab0000)
 concurrent mark-sweep generation total 393216K, used 27889K [0x00000000e8000000, 0x0000000100000000, 0x0000000100000000)
 Metaspace       used 40933K, capacity 41504K, committed 41964K, reserved 1087488K
  class space    used 4308K, capacity 4488K, committed 4604K, reserved 1048576K
}
2015-12-06T20:22:41.568+0530: 1727.862: Total time for which application threads were stopped: 0.3654562 seconds, Stopping threads took: 0.0000378 seconds
2015-12-06T20:22:43.436+0530: 1729.730: Total time for which application threads were stopped: 0.0001739 seconds, Stopping threads took: 0.0000303 seconds
2015-12-06T20:22:46.010+0530: 1732.304: Total time for which application threads were stopped: 0.0004690 seconds, Stopping threads took: 0.0000734 seconds
2015-12-06T20:22:46.010+0530: 1732.304: Total time for which application threads were stopped: 0.0003087 seconds, Stopping threads took: 0.0000350 seconds
2015-12-06T20:22:46.611+0530: 1732.905: Total time for which application threads were stopped: 0.0002773 seconds, Stopping threads took: 0.0000513 seconds
2015-12-06T20:22:47.222+0530: 1733.515: Total time for which application threads were stopped: 0.0006625 seconds, Stopping threads took: 0.0001311 seconds
2015-12-06T20:22:50.222+0530: 1736.516: Total time for which application threads were stopped: 0.0003587 seconds, Stopping threads took: 0.0000562 seconds
2015-12-06T20:22:53.102+0530: 1739.395: Total time for which application threads were stopped: 0.0005857 seconds, Stopping threads took: 0.0001565 seconds
2015-12-06T20:22:54.979+0530: 1741.273: Total time for which application threads were stopped: 0.0003655 seconds, Stopping threads took: 0.0000578 seconds
2015-12-06T20:22:54.980+0530: 1741.274: Total time for which application threads were stopped: 0.0002282 seconds, Stopping threads took: 0.0000300 seconds
2015-12-06T20:23:01.380+0530: 1747.674: Total time for which application threads were stopped: 0.0002089 seconds, Stopping threads took: 0.0000246 seconds
2015-12-06T20:23:02.263+0530: 1748.556: Total time for which application threads were stopped: 0.0002318 seconds, Stopping threads took: 0.0000450 seconds
2015-12-06T20:23:02.263+0530: 1748.557: Total time for which application threads were stopped: 0.0001873 seconds, Stopping threads took: 0.0000698 seconds
2015-12-06T20:23:02.265+0530: 1748.559: Total time for which application threads were stopped: 0.0002210 seconds, Stopping threads took: 0.0000325 seconds
2015-12-06T20:23:02.911+0530: 1749.205: Total time for which application threads were stopped: 0.0002357 seconds, Stopping threads took: 0.0000420 seconds
2015-12-06T20:23:02.915+0530: 1749.209: Total time for which application threads were stopped: 0.0002558 seconds, Stopping threads took: 0.0000289 seconds
2015-12-06T20:23:02.915+0530: 1749.209: Total time for which application threads were stopped: 0.0001300 seconds, Stopping threads took: 0.0000127 seconds
2015-12-06T20:23:02.927+0530: 1749.221: Total time for which application threads were stopped: 0.0002157 seconds, Stopping threads took: 0.0000340 seconds
2015-12-06T20:23:04.840+0530: 1751.134: Total time for which application threads were stopped: 0.0001942 seconds, Stopping threads took: 0.0000305 seconds
2015-12-06T20:23:04.841+0530: 1751.134: Total time for which application threads were stopped: 0.0001310 seconds, Stopping threads took: 0.0000188 seconds
{Heap before GC invocations=83 (full 2):
 par new generation   total 109248K, used 99723K [0x00000000e0000000, 0x00000000e8000000, 0x00000000e8000000)
  eden space 87424K, 100% used [0x00000000e0000000, 0x00000000e5560000, 0x00000000e5560000)
  from space 21824K,  56% used [0x00000000e6ab0000, 0x00000000e76b2f38, 0x00000000e8000000)
  to   space 21824K,   0% used [0x00000000e5560000, 0x00000000e5560000, 0x00000000e6ab0000)
 concurrent mark-sweep generation total 393216K, used 27889K [0x00000000e8000000, 0x0000000100000000, 0x0000000100000000)
 Metaspace       used 40953K, capacity 41504K, committed 41964K, reserved 1087488K
  class space    used 4308K, capacity 4488K, committed 4604K, reserved 1048576K
2015-12-06T20:23:07.057+0530: 1753.351: [GC (Allocation Failure) 1753.351: [ParNew
Desired survivor size 20112992 bytes, new threshold 8 (max 8)
- age   1:    6968392 bytes,    6968392 total
- age   2:    4382272 bytes,   11350664 total
- age   3:     239040 bytes,   11589704 total
- age   4:     224568 bytes,   11814272 total
- age   5:     158568 bytes,   11972840 total
- age   6:     148640 bytes,   12121480 total
- age   7:     147920 bytes,   12269400 total
- age   8:     145024 bytes,   12414424 total
: 99723K->13926K(109248K), 0.0149042 secs] 127613K->41823K(502464K), 0.0154962 secs] [Times: user=0.03 sys=0.00, real=0.01 secs] 
Heap after GC invocations=84 (full 2):
 par new generation   total 109248K, used 13926K [0x00000000e0000000, 0x00000000e8000000, 0x00000000e8000000)
  eden space 87424K,   0% used [0x00000000e0000000, 0x00000000e0000000, 0x00000000e5560000)
  from space 21824K,  63% used [0x00000000e5560000, 0x00000000e62f98c0, 0x00000000e6ab0000)
  to   space 21824K,   0% used [0x00000000e6ab0000, 0x00000000e6ab0000, 0x00000000e8000000)
 concurrent mark-sweep generation total 393216K, used 27897K [0x00000000e8000000, 0x0000000100000000, 0x0000000100000000)
 Metaspace       used 40953K, capacity 41504K, committed 41964K, reserved 1087488K
  class space    used 4308K, capacity 4488K, committed 4604K, reserved 1048576K
}
2015-12-06T20:23:07.073+0530: 1753.366: Total time for which application threads were stopped: 0.0950453 seconds, Stopping threads took: 0.0000285 seconds
2015-12-06T20:23:08.073+0530: 1754.367: Total time for which application threads were stopped: 0.0003331 seconds, Stopping threads took: 0.0000546 seconds
2015-12-06T20:23:08.623+0530: 1754.917: Total time for which application threads were stopped: 0.0004640 seconds, Stopping threads took: 0.0000342 seconds
2015-12-06T20:23:09.111+0530: 1755.405: Total time for which application threads were stopped: 0.0002399 seconds, Stopping threads took: 0.0000417 seconds
2015-12-06T20:23:09.699+0530: 1755.992: Total time for which application threads were stopped: 0.0003190 seconds, Stopping threads took: 0.0000806 seconds
2015-12-06T20:23:14.583+0530: 1760.877: Total time for which application threads were stopped: 0.0005399 seconds, Stopping threads took: 0.0000723 seconds
2015-12-06T20:23:15.583+0530: 1761.877: Total time for which application threads were stopped: 0.0003754 seconds, Stopping threads took: 0.0000559 seconds
2015-12-06T20:23:20.106+0530: 1766.400: Total time for which application threads were stopped: 0.0008091 seconds, Stopping threads took: 0.0000492 seconds
2015-12-06T20:23:20.106+0530: 1766.400: Total time for which application threads were stopped: 0.0002399 seconds, Stopping threads took: 0.0000341 seconds
2015-12-06T20:23:23.661+0530: 1769.955: Total time for which application threads were stopped: 0.0004783 seconds, Stopping threads took: 0.0000681 seconds
2015-12-06T20:23:23.662+0530: 1769.956: Total time for which application threads were stopped: 0.0004037 seconds, Stopping threads took: 0.0001463 seconds
2015-12-06T20:23:26.968+0530: 1773.262: Total time for which application threads were stopped: 0.0004274 seconds, Stopping threads took: 0.0001387 seconds
2015-12-06T20:23:27.136+0530: 1773.430: Total time for which application threads were stopped: 0.0003759 seconds, Stopping threads took: 0.0001004 seconds
2015-12-06T20:23:28.137+0530: 1774.431: Total time for which application threads were stopped: 0.0003538 seconds, Stopping threads took: 0.0000557 seconds
2015-12-06T20:23:29.321+0530: 1775.614: Total time for which application threads were stopped: 0.0003794 seconds, Stopping threads took: 0.0000459 seconds
2015-12-06T20:23:32.862+0530: 1779.156: Total time for which application threads were stopped: 0.0004629 seconds, Stopping threads took: 0.0000694 seconds
2015-12-06T20:23:35.116+0530: 1781.410: Total time for which application threads were stopped: 0.0005056 seconds, Stopping threads took: 0.0000719 seconds
2015-12-06T20:23:35.550+0530: 1781.844: Total time for which application threads were stopped: 0.0002090 seconds, Stopping threads took: 0.0000505 seconds
2015-12-06T20:23:35.551+0530: 1781.845: Total time for which application threads were stopped: 0.0007124 seconds, Stopping threads took: 0.0006178 seconds
2015-12-06T20:23:35.552+0530: 1781.846: Total time for which application threads were stopped: 0.0001397 seconds, Stopping threads took: 0.0000178 seconds
2015-12-06T20:23:35.552+0530: 1781.846: Total time for which application threads were stopped: 0.0003204 seconds, Stopping threads took: 0.0000128 seconds
2015-12-06T20:23:35.557+0530: 1781.851: Total time for which application threads were stopped: 0.0002047 seconds, Stopping threads took: 0.0000462 seconds
2015-12-06T20:23:36.224+0530: 1782.517: Total time for which application threads were stopped: 0.0005774 seconds, Stopping threads took: 0.0001927 seconds
2015-12-06T20:23:36.224+0530: 1782.518: Total time for which application threads were stopped: 0.0002680 seconds, Stopping threads took: 0.0000403 seconds
2015-12-06T20:23:36.270+0530: 1782.564: Total time for which application threads were stopped: 0.0002165 seconds, Stopping threads took: 0.0000337 seconds
2015-12-06T20:23:38.256+0530: 1784.550: Total time for which application threads were stopped: 0.0003729 seconds, Stopping threads took: 0.0000474 seconds
2015-12-06T20:23:41.257+0530: 1787.551: Total time for which application threads were stopped: 0.0003272 seconds, Stopping threads took: 0.0000555 seconds
{Heap before GC invocations=84 (full 2):
 par new generation   total 109248K, used 101347K [0x00000000e0000000, 0x00000000e8000000, 0x00000000e8000000)
  eden space 87424K,  99% used [0x00000000e0000000, 0x00000000e555f4e0, 0x00000000e5560000)
  from space 21824K,  63% used [0x00000000e5560000, 0x00000000e62f98c0, 0x00000000e6ab0000)
  to   space 21824K,   0% used [0x00000000e6ab0000, 0x00000000e6ab0000, 0x00000000e8000000)
 concurrent mark-sweep generation total 393216K, used 27897K [0x00000000e8000000, 0x0000000100000000, 0x0000000100000000)
 Metaspace       used 40953K, capacity 41504K, committed 41964K, reserved 1087488K
  class space    used 4308K, capacity 4488K, committed 4604K, reserved 1048576K
2015-12-06T20:23:43.045+0530: 1789.339: [GC (Allocation Failure) 1789.340: [ParNew
Desired survivor size 20112992 bytes, new threshold 8 (max 8)
- age   1:    3441472 bytes,    3441472 total
- age   2:    5730392 bytes,    9171864 total
- age   3:     177920 bytes,    9349784 total
- age   4:     228024 bytes,    9577808 total
- age   5:     221432 bytes,    9799240 total
- age   6:     157784 bytes,    9957024 total
- age   7:     148616 bytes,   10105640 total
- age   8:     147872 bytes,   10253512 total
: 101347K->17942K(109248K), 0.0242268 secs] 129244K->45916K(502464K), 0.0245573 secs] [Times: user=0.02 sys=0.00, real=0.02 secs] 
Heap after GC invocations=85 (full 2):
 par new generation   total 109248K, used 17942K [0x00000000e0000000, 0x00000000e8000000, 0x00000000e8000000)
  eden space 87424K,   0% used [0x00000000e0000000, 0x00000000e0000000, 0x00000000e5560000)
  from space 21824K,  82% used [0x00000000e6ab0000, 0x00000000e7c35be0, 0x00000000e8000000)
  to   space 21824K,   0% used [0x00000000e5560000, 0x00000000e5560000, 0x00000000e6ab0000)
 concurrent mark-sweep generation total 393216K, used 27973K [0x00000000e8000000, 0x0000000100000000, 0x0000000100000000)
 Metaspace       used 40953K, capacity 41504K, committed 41964K, reserved 1087488K
  class space    used 4308K, capacity 4488K, committed 4604K, reserved 1048576K
}
2015-12-06T20:23:43.070+0530: 1789.364: Total time for which application threads were stopped: 0.0250979 seconds, Stopping threads took: 0.0000826 seconds
2015-12-06T20:23:45.071+0530: 1791.365: Total time for which application threads were stopped: 0.0003278 seconds, Stopping threads took: 0.0000563 seconds
2015-12-06T20:23:45.283+0530: 1791.577: Total time for which application threads were stopped: 0.0004567 seconds, Stopping threads took: 0.0002511 seconds
2015-12-06T20:23:45.339+0530: 1791.633: Total time for which application threads were stopped: 0.0002675 seconds, Stopping threads took: 0.0000829 seconds
2015-12-06T20:23:45.340+0530: 1791.634: Total time for which application threads were stopped: 0.0002797 seconds, Stopping threads took: 0.0001529 seconds
2015-12-06T20:23:45.344+0530: 1791.638: Total time for which application threads were stopped: 0.0006535 seconds, Stopping threads took: 0.0002256 seconds
2015-12-06T20:23:45.344+0530: 1791.638: Total time for which application threads were stopped: 0.0001441 seconds, Stopping threads took: 0.0000368 seconds
2015-12-06T20:23:46.345+0530: 1792.638: Total time for which application threads were stopped: 0.0003623 seconds, Stopping threads took: 0.0000563 seconds
2015-12-06T20:23:47.345+0530: 1793.639: Total time for which application threads were stopped: 0.0003794 seconds, Stopping threads took: 0.0000561 seconds
2015-12-06T20:23:53.369+0530: 1799.663: Total time for which application threads were stopped: 0.0051684 seconds, Stopping threads took: 0.0049860 seconds
2015-12-06T20:23:53.370+0530: 1799.663: Total time for which application threads were stopped: 0.0001031 seconds, Stopping threads took: 0.0000207 seconds
2015-12-06T20:23:53.370+0530: 1799.664: Total time for which application threads were stopped: 0.0001157 seconds, Stopping threads took: 0.0000363 seconds
2015-12-06T20:23:53.370+0530: 1799.664: Total time for which application threads were stopped: 0.0000988 seconds, Stopping threads took: 0.0000245 seconds
2015-12-06T20:23:54.992+0530: 1801.286: Total time for which application threads were stopped: 0.0002641 seconds, Stopping threads took: 0.0000419 seconds
{Heap before GC invocations=85 (full 2):
 par new generation   total 109248K, used 105366K [0x00000000e0000000, 0x00000000e8000000, 0x00000000e8000000)
  eden space 87424K, 100% used [0x00000000e0000000, 0x00000000e5560000, 0x00000000e5560000)
  from space 21824K,  82% used [0x00000000e6ab0000, 0x00000000e7c35be0, 0x00000000e8000000)
  to   space 21824K,   0% used [0x00000000e5560000, 0x00000000e5560000, 0x00000000e6ab0000)
 concurrent mark-sweep generation total 393216K, used 27973K [0x00000000e8000000, 0x0000000100000000, 0x0000000100000000)
 Metaspace       used 40956K, capacity 41504K, committed 41964K, reserved 1087488K
  class space    used 4308K, capacity 4488K, committed 4604K, reserved 1048576K
2015-12-06T20:24:02.233+0530: 1808.527: [GC (Allocation Failure) 1808.527: [ParNew
Desired survivor size 20112992 bytes, new threshold 8 (max 8)
- age   1:    8813064 bytes,    8813064 total
- age   2:    2338864 bytes,   11151928 total
- age   3:    2382304 bytes,   13534232 total
- age   4:     161176 bytes,   13695408 total
- age   5:     215728 bytes,   13911136 total
- age   6:     220352 bytes,   14131488 total
- age   7:     157008 bytes,   14288496 total
- age   8:     148616 bytes,   14437112 total
: 105366K->16466K(109248K), 0.0126663 secs] 133340K->44584K(502464K), 0.6375781 secs] [Times: user=0.03 sys=0.00, real=0.63 secs] 
Heap after GC invocations=86 (full 2):
 par new generation   total 109248K, used 16466K [0x00000000e0000000, 0x00000000e8000000, 0x00000000e8000000)
  eden space 87424K,   0% used [0x00000000e0000000, 0x00000000e0000000, 0x00000000e5560000)
  from space 21824K,  75% used [0x00000000e5560000, 0x00000000e65749b8, 0x00000000e6ab0000)
  to   space 21824K,   0% used [0x00000000e6ab0000, 0x00000000e6ab0000, 0x00000000e8000000)
 concurrent mark-sweep generation total 393216K, used 28117K [0x00000000e8000000, 0x0000000100000000, 0x0000000100000000)
 Metaspace       used 40956K, capacity 41504K, committed 41964K, reserved 1087488K
  class space    used 4308K, capacity 4488K, committed 4604K, reserved 1048576K
}
2015-12-06T20:24:02.871+0530: 1809.165: Total time for which application threads were stopped: 0.6385725 seconds, Stopping threads took: 0.0000936 seconds
2015-12-06T20:24:02.879+0530: 1809.173: Total time for which application threads were stopped: 0.0010904 seconds, Stopping threads took: 0.0007371 seconds
2015-12-06T20:24:02.882+0530: 1809.175: Total time for which application threads were stopped: 0.0003635 seconds, Stopping threads took: 0.0001010 seconds
2015-12-06T20:24:02.885+0530: 1809.179: Total time for which application threads were stopped: 0.0035313 seconds, Stopping threads took: 0.0033958 seconds
2015-12-06T20:24:02.887+0530: 1809.180: Total time for which application threads were stopped: 0.0002533 seconds, Stopping threads took: 0.0000576 seconds
2015-12-06T20:24:02.888+0530: 1809.182: Total time for which application threads were stopped: 0.0011059 seconds, Stopping threads took: 0.0009803 seconds
2015-12-06T20:24:07.464+0530: 1813.758: Total time for which application threads were stopped: 0.0004483 seconds, Stopping threads took: 0.0000551 seconds
2015-12-06T20:24:07.576+0530: 1813.870: Total time for which application threads were stopped: 0.0004737 seconds, Stopping threads took: 0.0001153 seconds
2015-12-06T20:24:11.899+0530: 1818.193: Total time for which application threads were stopped: 0.0002464 seconds, Stopping threads took: 0.0000506 seconds
2015-12-06T20:24:11.906+0530: 1818.200: Total time for which application threads were stopped: 0.0001968 seconds, Stopping threads took: 0.0000266 seconds
2015-12-06T20:24:15.655+0530: 1821.949: Total time for which application threads were stopped: 0.0002196 seconds, Stopping threads took: 0.0000614 seconds
2015-12-06T20:24:15.895+0530: 1822.189: Total time for which application threads were stopped: 0.0002330 seconds, Stopping threads took: 0.0000359 seconds
2015-12-06T20:24:16.375+0530: 1822.669: Total time for which application threads were stopped: 0.0002852 seconds, Stopping threads took: 0.0000448 seconds
2015-12-06T20:24:19.554+0530: 1825.848: Total time for which application threads were stopped: 0.0005081 seconds, Stopping threads took: 0.0001334 seconds
2015-12-06T20:24:19.555+0530: 1825.849: Total time for which application threads were stopped: 0.0003709 seconds, Stopping threads took: 0.0000861 seconds
2015-12-06T20:24:21.109+0530: 1827.403: Total time for which application threads were stopped: 0.0003588 seconds, Stopping threads took: 0.0000659 seconds
2015-12-06T20:24:21.112+0530: 1827.406: Total time for which application threads were stopped: 0.0001901 seconds, Stopping threads took: 0.0000276 seconds
2015-12-06T20:24:22.011+0530: 1828.304: Total time for which application threads were stopped: 0.0002803 seconds, Stopping threads took: 0.0000797 seconds
2015-12-06T20:24:27.012+0530: 1833.305: Total time for which application threads were stopped: 0.0004035 seconds, Stopping threads took: 0.0000581 seconds
2015-12-06T20:24:34.013+0530: 1840.307: Total time for which application threads were stopped: 0.0002204 seconds, Stopping threads took: 0.0000347 seconds
2015-12-06T20:24:35.013+0530: 1841.307: Total time for which application threads were stopped: 0.0002499 seconds, Stopping threads took: 0.0000338 seconds
2015-12-06T20:24:37.454+0530: 1843.748: Total time for which application threads were stopped: 0.0003024 seconds, Stopping threads took: 0.0000483 seconds
2015-12-06T20:24:37.454+0530: 1843.748: Total time for which application threads were stopped: 0.0002359 seconds, Stopping threads took: 0.0000488 seconds
2015-12-06T20:24:37.455+0530: 1843.748: Total time for which application threads were stopped: 0.0001288 seconds, Stopping threads took: 0.0000151 seconds
2015-12-06T20:24:37.506+0530: 1843.800: Total time for which application threads were stopped: 0.0023137 seconds, Stopping threads took: 0.0020920 seconds
2015-12-06T20:24:37.506+0530: 1843.800: Total time for which application threads were stopped: 0.0001517 seconds, Stopping threads took: 0.0000283 seconds
2015-12-06T20:24:37.507+0530: 1843.801: Total time for which application threads were stopped: 0.0002249 seconds, Stopping threads took: 0.0000344 seconds
2015-12-06T20:24:37.511+0530: 1843.805: Total time for which application threads were stopped: 0.0002934 seconds, Stopping threads took: 0.0000624 seconds
2015-12-06T20:24:38.872+0530: 1845.166: Total time for which application threads were stopped: 0.0002858 seconds, Stopping threads took: 0.0000413 seconds
2015-12-06T20:24:38.872+0530: 1845.166: Total time for which application threads were stopped: 0.0001341 seconds, Stopping threads took: 0.0000156 seconds
2015-12-06T20:24:38.873+0530: 1845.166: Total time for which application threads were stopped: 0.0001198 seconds, Stopping threads took: 0.0000129 seconds
2015-12-06T20:24:46.303+0530: 1852.597: Total time for which application threads were stopped: 0.0004794 seconds, Stopping threads took: 0.0000550 seconds
2015-12-06T20:24:52.736+0530: 1859.030: Total time for which application threads were stopped: 0.0002248 seconds, Stopping threads took: 0.0000371 seconds
2015-12-06T20:24:52.736+0530: 1859.030: Total time for which application threads were stopped: 0.0001211 seconds, Stopping threads took: 0.0000160 seconds
2015-12-06T20:24:52.862+0530: 1859.155: Total time for which application threads were stopped: 0.0003544 seconds, Stopping threads took: 0.0000504 seconds
2015-12-06T20:24:52.862+0530: 1859.156: Total time for which application threads were stopped: 0.0002233 seconds, Stopping threads took: 0.0000386 seconds
2015-12-06T20:25:05.600+0530: 1871.893: Total time for which application threads were stopped: 0.0012835 seconds, Stopping threads took: 0.0000597 seconds
{Heap before GC invocations=86 (full 2):
 par new generation   total 109248K, used 103890K [0x00000000e0000000, 0x00000000e8000000, 0x00000000e8000000)
  eden space 87424K, 100% used [0x00000000e0000000, 0x00000000e5560000, 0x00000000e5560000)
  from space 21824K,  75% used [0x00000000e5560000, 0x00000000e65749b8, 0x00000000e6ab0000)
  to   space 21824K,   0% used [0x00000000e6ab0000, 0x00000000e6ab0000, 0x00000000e8000000)
 concurrent mark-sweep generation total 393216K, used 28117K [0x00000000e8000000, 0x0000000100000000, 0x0000000100000000)
 Metaspace       used 40957K, capacity 41504K, committed 41964K, reserved 1087488K
  class space    used 4308K, capacity 4488K, committed 4604K, reserved 1048576K
2015-12-06T20:25:07.504+0530: 1873.798: [GC (Allocation Failure) 1873.919: [ParNew
Desired survivor size 20112992 bytes, new threshold 8 (max 8)
- age   1:    1885160 bytes,    1885160 total
- age   2:    7683832 bytes,    9568992 total
- age   3:     244144 bytes,    9813136 total
- age   4:      94384 bytes,    9907520 total
- age   5:     145416 bytes,   10052936 total
- age   6:     212048 bytes,   10264984 total
- age   7:     218664 bytes,   10483648 total
- age   8:      89352 bytes,   10573000 total
: 103890K->17761K(109248K), 0.0160855 secs] 132008K->45890K(502464K), 0.3522324 secs] [Times: user=0.04 sys=0.00, real=0.35 secs] 
Heap after GC invocations=87 (full 2):
 par new generation   total 109248K, used 17761K [0x00000000e0000000, 0x00000000e8000000, 0x00000000e8000000)
  eden space 87424K,   0% used [0x00000000e0000000, 0x00000000e0000000, 0x00000000e5560000)
  from space 21824K,  81% used [0x00000000e6ab0000, 0x00000000e7c08450, 0x00000000e8000000)
  to   space 21824K,   0% used [0x00000000e5560000, 0x00000000e5560000, 0x00000000e6ab0000)
 concurrent mark-sweep generation total 393216K, used 28129K [0x00000000e8000000, 0x0000000100000000, 0x0000000100000000)
 Metaspace       used 40957K, capacity 41504K, committed 41964K, reserved 1087488K
  class space    used 4308K, capacity 4488K, committed 4604K, reserved 1048576K
}
2015-12-06T20:25:07.856+0530: 1874.150: Total time for which application threads were stopped: 0.3529381 seconds, Stopping threads took: 0.0000628 seconds
2015-12-06T20:25:09.938+0530: 1876.232: Total time for which application threads were stopped: 0.0003623 seconds, Stopping threads took: 0.0000630 seconds
2015-12-06T20:25:10.247+0530: 1876.541: Total time for which application threads were stopped: 0.0005137 seconds, Stopping threads took: 0.0000571 seconds
2015-12-06T20:25:11.046+0530: 1877.340: Total time for which application threads were stopped: 0.0002691 seconds, Stopping threads took: 0.0000722 seconds
2015-12-06T20:25:11.047+0530: 1877.341: Total time for which application threads were stopped: 0.0001571 seconds, Stopping threads took: 0.0000189 seconds
2015-12-06T20:25:11.050+0530: 1877.343: Total time for which application threads were stopped: 0.0002281 seconds, Stopping threads took: 0.0000672 seconds
2015-12-06T20:25:12.050+0530: 1878.344: Total time for which application threads were stopped: 0.0002393 seconds, Stopping threads took: 0.0000403 seconds
2015-12-06T20:25:13.051+0530: 1879.344: Total time for which application threads were stopped: 0.0003497 seconds, Stopping threads took: 0.0000521 seconds
2015-12-06T20:25:14.051+0530: 1880.345: Total time for which application threads were stopped: 0.0003933 seconds, Stopping threads took: 0.0000582 seconds
2015-12-06T20:25:18.043+0530: 1884.336: Total time for which application threads were stopped: 0.0003667 seconds, Stopping threads took: 0.0001217 seconds
2015-12-06T20:25:18.407+0530: 1884.701: Total time for which application threads were stopped: 0.0002340 seconds, Stopping threads took: 0.0000414 seconds
2015-12-06T20:25:18.412+0530: 1884.706: Total time for which application threads were stopped: 0.0005212 seconds, Stopping threads took: 0.0000596 seconds
2015-12-06T20:25:18.414+0530: 1884.708: Total time for which application threads were stopped: 0.0007346 seconds, Stopping threads took: 0.0000776 seconds
2015-12-06T20:25:18.414+0530: 1884.708: Total time for which application threads were stopped: 0.0001972 seconds, Stopping threads took: 0.0000517 seconds
2015-12-06T20:25:18.418+0530: 1884.712: Total time for which application threads were stopped: 0.0003681 seconds, Stopping threads took: 0.0002398 seconds
2015-12-06T20:25:18.419+0530: 1884.713: Total time for which application threads were stopped: 0.0001904 seconds, Stopping threads took: 0.0000234 seconds
2015-12-06T20:25:19.117+0530: 1885.411: Total time for which application threads were stopped: 0.0035741 seconds, Stopping threads took: 0.0033423 seconds
2015-12-06T20:25:19.118+0530: 1885.412: Total time for which application threads were stopped: 0.0002045 seconds, Stopping threads took: 0.0000288 seconds
2015-12-06T20:25:20.118+0530: 1886.412: Total time for which application threads were stopped: 0.0003198 seconds, Stopping threads took: 0.0001058 seconds
2015-12-06T20:25:20.124+0530: 1886.418: Total time for which application threads were stopped: 0.0002991 seconds, Stopping threads took: 0.0000777 seconds
2015-12-06T20:25:21.125+0530: 1887.419: Total time for which application threads were stopped: 0.0004307 seconds, Stopping threads took: 0.0000567 seconds
2015-12-06T20:25:22.125+0530: 1888.419: Total time for which application threads were stopped: 0.0004386 seconds, Stopping threads took: 0.0000571 seconds
2015-12-06T20:25:23.218+0530: 1889.512: Total time for which application threads were stopped: 0.0004376 seconds, Stopping threads took: 0.0000655 seconds
2015-12-06T20:25:23.520+0530: 1889.814: Total time for which application threads were stopped: 0.0001892 seconds, Stopping threads took: 0.0000283 seconds
2015-12-06T20:25:23.521+0530: 1889.814: Total time for which application threads were stopped: 0.0000798 seconds, Stopping threads took: 0.0000108 seconds
2015-12-06T20:25:25.521+0530: 1891.815: Total time for which application threads were stopped: 0.0003756 seconds, Stopping threads took: 0.0000583 seconds
2015-12-06T20:25:27.522+0530: 1893.816: Total time for which application threads were stopped: 0.0002980 seconds, Stopping threads took: 0.0000562 seconds
2015-12-06T20:25:32.466+0530: 1898.760: Total time for which application threads were stopped: 0.0002372 seconds, Stopping threads took: 0.0000361 seconds
2015-12-06T20:25:48.469+0530: 1914.762: Total time for which application threads were stopped: 0.0003645 seconds, Stopping threads took: 0.0000601 seconds
{Heap before GC invocations=87 (full 2):
 par new generation   total 109248K, used 105173K [0x00000000e0000000, 0x00000000e8000000, 0x00000000e8000000)
  eden space 87424K,  99% used [0x00000000e0000000, 0x00000000e555d360, 0x00000000e5560000)
  from space 21824K,  81% used [0x00000000e6ab0000, 0x00000000e7c08450, 0x00000000e8000000)
  to   space 21824K,   0% used [0x00000000e5560000, 0x00000000e5560000, 0x00000000e6ab0000)
 concurrent mark-sweep generation total 393216K, used 28129K [0x00000000e8000000, 0x0000000100000000, 0x0000000100000000)
 Metaspace       used 40958K, capacity 41504K, committed 41964K, reserved 1087488K
  class space    used 4308K, capacity 4488K, committed 4604K, reserved 1048576K
2015-12-06T20:25:50.961+0530: 1917.255: [GC (Allocation Failure) 1917.255: [ParNew
Desired survivor size 20112992 bytes, new threshold 8 (max 8)
- age   1:    4936152 bytes,    4936152 total
- age   2:     605968 bytes,    5542120 total
- age   3:    4291216 bytes,    9833336 total
- age   4:     216344 bytes,   10049680 total
- age   5:      77752 bytes,   10127432 total
- age   6:     144632 bytes,   10272064 total
- age   7:     212024 bytes,   10484088 total
- age   8:     217096 bytes,   10701184 total
: 105173K->13853K(109248K), 0.0154391 secs] 133303K->42004K(502464K), 0.0156557 secs] [Times: user=0.02 sys=0.00, real=0.02 secs] 
Heap after GC invocations=88 (full 2):
 par new generation   total 109248K, used 13853K [0x00000000e0000000, 0x00000000e8000000, 0x00000000e8000000)
  eden space 87424K,   0% used [0x00000000e0000000, 0x00000000e0000000, 0x00000000e5560000)
  from space 21824K,  63% used [0x00000000e5560000, 0x00000000e62e76b0, 0x00000000e6ab0000)
  to   space 21824K,   0% used [0x00000000e6ab0000, 0x00000000e6ab0000, 0x00000000e8000000)
 concurrent mark-sweep generation total 393216K, used 28150K [0x00000000e8000000, 0x0000000100000000, 0x0000000100000000)
 Metaspace       used 40958K, capacity 41504K, committed 41964K, reserved 1087488K
  class space    used 4308K, capacity 4488K, committed 4604K, reserved 1048576K
}
2015-12-06T20:25:50.977+0530: 1917.271: Total time for which application threads were stopped: 0.0160271 seconds, Stopping threads took: 0.0000331 seconds
2015-12-06T20:25:59.978+0530: 1926.272: Total time for which application threads were stopped: 0.0001930 seconds, Stopping threads took: 0.0000328 seconds
2015-12-06T20:26:00.979+0530: 1927.273: Total time for which application threads were stopped: 0.0003928 seconds, Stopping threads took: 0.0000559 seconds
2015-12-06T20:26:03.652+0530: 1929.946: Total time for which application threads were stopped: 0.0006123 seconds, Stopping threads took: 0.0001707 seconds
2015-12-06T20:26:03.653+0530: 1929.947: Total time for which application threads were stopped: 0.0004302 seconds, Stopping threads took: 0.0000978 seconds
2015-12-06T20:26:03.653+0530: 1929.947: Total time for which application threads were stopped: 0.0003938 seconds, Stopping threads took: 0.0000584 seconds
2015-12-06T20:26:05.194+0530: 1931.488: Total time for which application threads were stopped: 0.0005070 seconds, Stopping threads took: 0.0002556 seconds
2015-12-06T20:26:05.250+0530: 1931.544: Total time for which application threads were stopped: 0.0003231 seconds, Stopping threads took: 0.0001285 seconds
2015-12-06T20:26:05.261+0530: 1931.554: Total time for which application threads were stopped: 0.0084196 seconds, Stopping threads took: 0.0081660 seconds
2015-12-06T20:26:05.281+0530: 1931.575: Total time for which application threads were stopped: 0.0002129 seconds, Stopping threads took: 0.0000349 seconds
2015-12-06T20:26:06.112+0530: 1932.406: Total time for which application threads were stopped: 0.0002291 seconds, Stopping threads took: 0.0000530 seconds
2015-12-06T20:26:06.837+0530: 1933.130: Total time for which application threads were stopped: 0.0003502 seconds, Stopping threads took: 0.0000558 seconds
2015-12-06T20:26:06.837+0530: 1933.131: Total time for which application threads were stopped: 0.0001572 seconds, Stopping threads took: 0.0000373 seconds
2015-12-06T20:26:09.275+0530: 1935.569: Total time for which application threads were stopped: 0.0003796 seconds, Stopping threads took: 0.0000584 seconds
2015-12-06T20:26:14.739+0530: 1941.032: Total time for which application threads were stopped: 0.0002586 seconds, Stopping threads took: 0.0000352 seconds
2015-12-06T20:26:16.344+0530: 1942.638: Total time for which application threads were stopped: 0.0002512 seconds, Stopping threads took: 0.0000323 seconds
2015-12-06T20:26:17.085+0530: 1943.379: Total time for which application threads were stopped: 0.0004453 seconds, Stopping threads took: 0.0000588 seconds
2015-12-06T20:26:17.085+0530: 1943.379: Total time for which application threads were stopped: 0.0002977 seconds, Stopping threads took: 0.0000376 seconds
2015-12-06T20:26:18.097+0530: 1944.390: Total time for which application threads were stopped: 0.0005666 seconds, Stopping threads took: 0.0001791 seconds
2015-12-06T20:26:18.097+0530: 1944.391: Total time for which application threads were stopped: 0.0003343 seconds, Stopping threads took: 0.0000550 seconds
2015-12-06T20:26:18.649+0530: 1944.942: Total time for which application threads were stopped: 0.0004545 seconds, Stopping threads took: 0.0001062 seconds
2015-12-06T20:26:20.264+0530: 1946.558: Total time for which application threads were stopped: 0.0003760 seconds, Stopping threads took: 0.0001582 seconds
2015-12-06T20:26:20.266+0530: 1946.559: Total time for which application threads were stopped: 0.0001898 seconds, Stopping threads took: 0.0000276 seconds
2015-12-06T20:26:22.263+0530: 1948.556: Total time for which application threads were stopped: 0.0002317 seconds, Stopping threads took: 0.0000382 seconds
2015-12-06T20:26:22.263+0530: 1948.557: Total time for which application threads were stopped: 0.0001199 seconds, Stopping threads took: 0.0000168 seconds
2015-12-06T20:26:22.300+0530: 1948.593: Total time for which application threads were stopped: 0.0001956 seconds, Stopping threads took: 0.0000303 seconds
2015-12-06T20:26:23.293+0530: 1949.587: Total time for which application threads were stopped: 0.0005392 seconds, Stopping threads took: 0.0000743 seconds
2015-12-06T20:26:24.294+0530: 1950.588: Total time for which application threads were stopped: 0.0003189 seconds, Stopping threads took: 0.0000543 seconds
{Heap before GC invocations=88 (full 2):
 par new generation   total 109248K, used 101248K [0x00000000e0000000, 0x00000000e8000000, 0x00000000e8000000)
  eden space 87424K,  99% used [0x00000000e0000000, 0x00000000e5558c88, 0x00000000e5560000)
  from space 21824K,  63% used [0x00000000e5560000, 0x00000000e62e76b0, 0x00000000e6ab0000)
  to   space 21824K,   0% used [0x00000000e6ab0000, 0x00000000e6ab0000, 0x00000000e8000000)
 concurrent mark-sweep generation total 393216K, used 28150K [0x00000000e8000000, 0x0000000100000000, 0x0000000100000000)
 Metaspace       used 40964K, capacity 41504K, committed 41964K, reserved 1087488K
  class space    used 4308K, capacity 4488K, committed 4604K, reserved 1048576K
2015-12-06T20:26:25.181+0530: 1951.475: [GC (Allocation Failure) 1951.693: [ParNew
Desired survivor size 20112992 bytes, new threshold 8 (max 8)
- age   1:    3153088 bytes,    3153088 total
- age   2:    3800432 bytes,    6953520 total
- age   3:     250600 bytes,    7204120 total
- age   4:      79808 bytes,    7283928 total
- age   5:     216344 bytes,    7500272 total
- age   6:      77752 bytes,    7578024 total
- age   7:     144608 bytes,    7722632 total
- age   8:     211976 bytes,    7934608 total
: 101248K->10608K(109248K), 0.0129166 secs] 129399K->38773K(502464K), 0.4093391 secs] [Times: user=0.04 sys=0.00, real=0.41 secs] 
Heap after GC invocations=89 (full 2):
 par new generation   total 109248K, used 10608K [0x00000000e0000000, 0x00000000e8000000, 0x00000000e8000000)
  eden space 87424K,   0% used [0x00000000e0000000, 0x00000000e0000000, 0x00000000e5560000)
  from space 21824K,  48% used [0x00000000e6ab0000, 0x00000000e750c240, 0x00000000e8000000)
  to   space 21824K,   0% used [0x00000000e5560000, 0x00000000e5560000, 0x00000000e6ab0000)
 concurrent mark-sweep generation total 393216K, used 28164K [0x00000000e8000000, 0x0000000100000000, 0x0000000100000000)
 Metaspace       used 40964K, capacity 41504K, committed 41964K, reserved 1087488K
  class space    used 4308K, capacity 4488K, committed 4604K, reserved 1048576K
}
2015-12-06T20:26:25.591+0530: 1951.885: Total time for which application threads were stopped: 0.4099296 seconds, Stopping threads took: 0.0000335 seconds
2015-12-06T20:26:25.597+0530: 1951.891: Total time for which application threads were stopped: 0.0002185 seconds, Stopping threads took: 0.0000572 seconds
2015-12-06T20:26:26.597+0530: 1952.891: Total time for which application threads were stopped: 0.0004466 seconds, Stopping threads took: 0.0000566 seconds
2015-12-06T20:26:29.598+0530: 1955.892: Total time for which application threads were stopped: 0.0002330 seconds, Stopping threads took: 0.0000333 seconds
2015-12-06T20:26:29.896+0530: 1956.189: Total time for which application threads were stopped: 0.0006593 seconds, Stopping threads took: 0.0001816 seconds
2015-12-06T20:26:29.896+0530: 1956.190: Total time for which application threads were stopped: 0.0004353 seconds, Stopping threads took: 0.0000519 seconds
2015-12-06T20:26:40.041+0530: 1966.335: Total time for which application threads were stopped: 0.0002415 seconds, Stopping threads took: 0.0000273 seconds
2015-12-06T20:26:40.041+0530: 1966.335: Total time for which application threads were stopped: 0.0001219 seconds, Stopping threads took: 0.0000140 seconds
2015-12-06T20:27:03.435+0530: 1989.728: Total time for which application threads were stopped: 0.0002423 seconds, Stopping threads took: 0.0000434 seconds
2015-12-06T20:27:03.435+0530: 1989.729: Total time for which application threads were stopped: 0.0001269 seconds, Stopping threads took: 0.0000208 seconds
2015-12-06T20:27:03.436+0530: 1989.729: Total time for which application threads were stopped: 0.0001606 seconds, Stopping threads took: 0.0000462 seconds
2015-12-06T20:27:08.283+0530: 1994.576: Total time for which application threads were stopped: 0.0002621 seconds, Stopping threads took: 0.0000613 seconds
2015-12-06T20:27:08.283+0530: 1994.577: Total time for which application threads were stopped: 0.0001591 seconds, Stopping threads took: 0.0000464 seconds
2015-12-06T20:27:08.283+0530: 1994.577: Total time for which application threads were stopped: 0.0004451 seconds, Stopping threads took: 0.0000357 seconds
2015-12-06T20:27:08.904+0530: 1995.198: Total time for which application threads were stopped: 0.0004365 seconds, Stopping threads took: 0.0002201 seconds
2015-12-06T20:27:08.910+0530: 1995.204: Total time for which application threads were stopped: 0.0002421 seconds, Stopping threads took: 0.0000325 seconds
2015-12-06T20:27:08.918+0530: 1995.212: Total time for which application threads were stopped: 0.0003049 seconds, Stopping threads took: 0.0000316 seconds
2015-12-06T20:27:10.097+0530: 1996.391: Total time for which application threads were stopped: 0.1794256 seconds, Stopping threads took: 0.1792430 seconds
2015-12-06T20:27:12.239+0530: 1998.533: Total time for which application threads were stopped: 0.1413742 seconds, Stopping threads took: 0.1409940 seconds
2015-12-06T20:27:14.239+0530: 2000.533: Total time for which application threads were stopped: 0.0002326 seconds, Stopping threads took: 0.0000349 seconds
2015-12-06T20:27:14.872+0530: 2001.166: Total time for which application threads were stopped: 0.0006148 seconds, Stopping threads took: 0.0000630 seconds
2015-12-06T20:27:14.873+0530: 2001.167: Total time for which application threads were stopped: 0.0005250 seconds, Stopping threads took: 0.0000788 seconds
2015-12-06T20:27:15.048+0530: 2001.341: Total time for which application threads were stopped: 0.0003697 seconds, Stopping threads took: 0.0000783 seconds
2015-12-06T20:27:15.049+0530: 2001.343: Total time for which application threads were stopped: 0.0010247 seconds, Stopping threads took: 0.0009075 seconds
2015-12-06T20:27:15.049+0530: 2001.343: Total time for which application threads were stopped: 0.0001269 seconds, Stopping threads took: 0.0000356 seconds
2015-12-06T20:27:15.049+0530: 2001.343: Total time for which application threads were stopped: 0.0001118 seconds, Stopping threads took: 0.0000122 seconds
2015-12-06T20:27:16.049+0530: 2002.343: Total time for which application threads were stopped: 0.0002297 seconds, Stopping threads took: 0.0000331 seconds
2015-12-06T20:27:17.410+0530: 2003.703: Total time for which application threads were stopped: 0.0006986 seconds, Stopping threads took: 0.0001667 seconds
2015-12-06T20:27:18.215+0530: 2004.509: Total time for which application threads were stopped: 0.0002964 seconds, Stopping threads took: 0.0000822 seconds
{Heap before GC invocations=89 (full 2):
 par new generation   total 109248K, used 98032K [0x00000000e0000000, 0x00000000e8000000, 0x00000000e8000000)
  eden space 87424K, 100% used [0x00000000e0000000, 0x00000000e5560000, 0x00000000e5560000)
  from space 21824K,  48% used [0x00000000e6ab0000, 0x00000000e750c240, 0x00000000e8000000)
  to   space 21824K,   0% used [0x00000000e5560000, 0x00000000e5560000, 0x00000000e6ab0000)
 concurrent mark-sweep generation total 393216K, used 28164K [0x00000000e8000000, 0x0000000100000000, 0x0000000100000000)
 Metaspace       used 40964K, capacity 41504K, committed 41964K, reserved 1087488K
  class space    used 4308K, capacity 4488K, committed 4604K, reserved 1048576K
2015-12-06T20:27:19.189+0530: 2005.483: [GC (Allocation Failure) 2005.483: [ParNew
Desired survivor size 20112992 bytes, new threshold 8 (max 8)
- age   1:    4130632 bytes,    4130632 total
- age   2:    1681760 bytes,    5812392 total
- age   3:     311800 bytes,    6124192 total
- age   4:     225592 bytes,    6349784 total
- age   5:      74848 bytes,    6424632 total
- age   6:     215560 bytes,    6640192 total
- age   7:      77704 bytes,    6717896 total
- age   8:     144584 bytes,    6862480 total
: 98032K->9521K(109248K), 0.0096118 secs] 126197K->37695K(502464K), 0.5786568 secs] [Times: user=0.02 sys=0.00, real=0.58 secs] 
Heap after GC invocations=90 (full 2):
 par new generation   total 109248K, used 9521K [0x00000000e0000000, 0x00000000e8000000, 0x00000000e8000000)
  eden space 87424K,   0% used [0x00000000e0000000, 0x00000000e0000000, 0x00000000e5560000)
  from space 21824K,  43% used [0x00000000e5560000, 0x00000000e5eac650, 0x00000000e6ab0000)
  to   space 21824K,   0% used [0x00000000e6ab0000, 0x00000000e6ab0000, 0x00000000e8000000)
 concurrent mark-sweep generation total 393216K, used 28173K [0x00000000e8000000, 0x0000000100000000, 0x0000000100000000)
 Metaspace       used 40964K, capacity 41504K, committed 41964K, reserved 1087488K
  class space    used 4308K, capacity 4488K, committed 4604K, reserved 1048576K
}
2015-12-06T20:27:19.769+0530: 2006.062: Total time for which application threads were stopped: 0.5796679 seconds, Stopping threads took: 0.0000392 seconds
2015-12-06T20:27:19.778+0530: 2006.072: Total time for which application threads were stopped: 0.0003579 seconds, Stopping threads took: 0.0000474 seconds
2015-12-06T20:27:24.983+0530: 2011.277: Total time for which application threads were stopped: 0.0002923 seconds, Stopping threads took: 0.0000347 seconds
2015-12-06T20:27:24.984+0530: 2011.278: Total time for which application threads were stopped: 0.0006502 seconds, Stopping threads took: 0.0000159 seconds
2015-12-06T20:27:27.985+0530: 2014.279: Total time for which application threads were stopped: 0.0002984 seconds, Stopping threads took: 0.0000546 seconds
2015-12-06T20:27:28.762+0530: 2015.055: Total time for which application threads were stopped: 0.0030814 seconds, Stopping threads took: 0.0028147 seconds
2015-12-06T20:27:28.762+0530: 2015.056: Total time for which application threads were stopped: 0.0002572 seconds, Stopping threads took: 0.0000792 seconds
2015-12-06T20:27:28.762+0530: 2015.056: Total time for which application threads were stopped: 0.0002181 seconds, Stopping threads took: 0.0000586 seconds
2015-12-06T20:27:33.570+0530: 2019.864: Total time for which application threads were stopped: 0.0012905 seconds, Stopping threads took: 0.0001883 seconds
2015-12-06T20:27:35.570+0530: 2021.864: Total time for which application threads were stopped: 0.0003503 seconds, Stopping threads took: 0.0000578 seconds
2015-12-06T20:27:42.357+0530: 2028.651: Total time for which application threads were stopped: 0.0001964 seconds, Stopping threads took: 0.0000299 seconds
2015-12-06T20:27:42.357+0530: 2028.651: Total time for which application threads were stopped: 0.0000857 seconds, Stopping threads took: 0.0000125 seconds
2015-12-06T20:27:48.431+0530: 2034.725: Total time for which application threads were stopped: 0.0003895 seconds, Stopping threads took: 0.0000529 seconds
2015-12-06T20:27:48.431+0530: 2034.725: Total time for which application threads were stopped: 0.0002751 seconds, Stopping threads took: 0.0000442 seconds
2015-12-06T20:27:54.432+0530: 2040.726: Total time for which application threads were stopped: 0.0003694 seconds, Stopping threads took: 0.0000573 seconds
2015-12-06T20:27:55.433+0530: 2041.727: Total time for which application threads were stopped: 0.0002810 seconds, Stopping threads took: 0.0000413 seconds
2015-12-06T20:27:58.433+0530: 2044.727: Total time for which application threads were stopped: 0.0003875 seconds, Stopping threads took: 0.0000695 seconds
2015-12-06T20:28:04.435+0530: 2050.728: Total time for which application threads were stopped: 0.0002111 seconds, Stopping threads took: 0.0000374 seconds
{Heap before GC invocations=90 (full 2):
 par new generation   total 109248K, used 96945K [0x00000000e0000000, 0x00000000e8000000, 0x00000000e8000000)
  eden space 87424K, 100% used [0x00000000e0000000, 0x00000000e5560000, 0x00000000e5560000)
  from space 21824K,  43% used [0x00000000e5560000, 0x00000000e5eac650, 0x00000000e6ab0000)
  to   space 21824K,   0% used [0x00000000e6ab0000, 0x00000000e6ab0000, 0x00000000e8000000)
 concurrent mark-sweep generation total 393216K, used 28173K [0x00000000e8000000, 0x0000000100000000, 0x0000000100000000)
 Metaspace       used 40965K, capacity 41504K, committed 41964K, reserved 1087488K
  class space    used 4308K, capacity 4488K, committed 4604K, reserved 1048576K
2015-12-06T20:28:10.103+0530: 2056.397: [GC (Allocation Failure) 2056.397: [ParNew
Desired survivor size 20112992 bytes, new threshold 8 (max 8)
- age   1:    4752752 bytes,    4752752 total
- age   2:     404200 bytes,    5156952 total
- age   3:     459152 bytes,    5616104 total
- age   4:     305952 bytes,    5922056 total
- age   5:     224816 bytes,    6146872 total
- age   6:      74848 bytes,    6221720 total
- age   7:     215560 bytes,    6437280 total
- age   8:      77704 bytes,    6514984 total
: 96945K->8927K(109248K), 0.0158821 secs] 125119K->37242K(502464K), 0.0161112 secs] [Times: user=0.03 sys=0.00, real=0.01 secs] 
Heap after GC invocations=91 (full 2):
 par new generation   total 109248K, used 8927K [0x00000000e0000000, 0x00000000e8000000, 0x00000000e8000000)
  eden space 87424K,   0% used [0x00000000e0000000, 0x00000000e0000000, 0x00000000e5560000)
  from space 21824K,  40% used [0x00000000e6ab0000, 0x00000000e7367ea0, 0x00000000e8000000)
  to   space 21824K,   0% used [0x00000000e5560000, 0x00000000e5560000, 0x00000000e6ab0000)
 concurrent mark-sweep generation total 393216K, used 28314K [0x00000000e8000000, 0x0000000100000000, 0x0000000100000000)
 Metaspace       used 40965K, capacity 41504K, committed 41964K, reserved 1087488K
  class space    used 4308K, capacity 4488K, committed 4604K, reserved 1048576K
}
2015-12-06T20:28:10.119+0530: 2056.413: Total time for which application threads were stopped: 0.0166965 seconds, Stopping threads took: 0.0000389 seconds
2015-12-06T20:28:13.596+0530: 2059.890: Total time for which application threads were stopped: 0.0028881 seconds, Stopping threads took: 0.0024680 seconds
2015-12-06T20:28:13.596+0530: 2059.890: Total time for which application threads were stopped: 0.0004026 seconds, Stopping threads took: 0.0000991 seconds
2015-12-06T20:28:13.597+0530: 2059.891: Total time for which application threads were stopped: 0.0003271 seconds, Stopping threads took: 0.0000426 seconds
2015-12-06T20:28:14.849+0530: 2061.143: Total time for which application threads were stopped: 0.0002045 seconds, Stopping threads took: 0.0000301 seconds
2015-12-06T20:28:14.849+0530: 2061.143: Total time for which application threads were stopped: 0.0001546 seconds, Stopping threads took: 0.0000184 seconds
2015-12-06T20:28:16.058+0530: 2062.352: Total time for which application threads were stopped: 0.0004986 seconds, Stopping threads took: 0.0001642 seconds
2015-12-06T20:28:16.252+0530: 2062.546: Total time for which application threads were stopped: 0.0003927 seconds, Stopping threads took: 0.0000606 seconds
2015-12-06T20:28:17.388+0530: 2063.682: Total time for which application threads were stopped: 0.0022698 seconds, Stopping threads took: 0.0019155 seconds
2015-12-06T20:28:17.389+0530: 2063.683: Total time for which application threads were stopped: 0.0003300 seconds, Stopping threads took: 0.0000802 seconds
2015-12-06T20:28:17.389+0530: 2063.683: Total time for which application threads were stopped: 0.0002597 seconds, Stopping threads took: 0.0000306 seconds
2015-12-06T20:28:17.389+0530: 2063.683: Total time for which application threads were stopped: 0.0002035 seconds, Stopping threads took: 0.0000299 seconds
2015-12-06T20:28:21.991+0530: 2068.285: Total time for which application threads were stopped: 0.0003118 seconds, Stopping threads took: 0.0000376 seconds
2015-12-06T20:28:25.533+0530: 2071.827: Total time for which application threads were stopped: 0.0005377 seconds, Stopping threads took: 0.0001094 seconds
2015-12-06T20:28:28.201+0530: 2074.494: Total time for which application threads were stopped: 0.0002189 seconds, Stopping threads took: 0.0000335 seconds
2015-12-06T20:28:37.603+0530: 2083.897: Total time for which application threads were stopped: 0.0002477 seconds, Stopping threads took: 0.0000469 seconds
2015-12-06T20:28:37.603+0530: 2083.897: Total time for which application threads were stopped: 0.0001034 seconds, Stopping threads took: 0.0000113 seconds
2015-12-06T20:28:41.129+0530: 2087.422: Total time for which application threads were stopped: 0.0008121 seconds, Stopping threads took: 0.0000642 seconds
2015-12-06T20:28:41.129+0530: 2087.423: Total time for which application threads were stopped: 0.0002374 seconds, Stopping threads took: 0.0000430 seconds
2015-12-06T20:28:52.236+0530: 2098.530: Total time for which application threads were stopped: 0.0002401 seconds, Stopping threads took: 0.0000452 seconds
2015-12-06T20:29:09.239+0530: 2115.532: Total time for which application threads were stopped: 0.0002192 seconds, Stopping threads took: 0.0000434 seconds
2015-12-06T20:29:14.914+0530: 2121.208: Total time for which application threads were stopped: 0.0003221 seconds, Stopping threads took: 0.0000359 seconds
2015-12-06T20:29:15.272+0530: 2121.566: Total time for which application threads were stopped: 0.0005163 seconds, Stopping threads took: 0.0001615 seconds
2015-12-06T20:29:15.274+0530: 2121.568: Total time for which application threads were stopped: 0.0005159 seconds, Stopping threads took: 0.0001427 seconds
2015-12-06T20:29:17.109+0530: 2123.402: Total time for which application threads were stopped: 0.0003450 seconds, Stopping threads took: 0.0001073 seconds
2015-12-06T20:29:17.109+0530: 2123.403: Total time for which application threads were stopped: 0.0001929 seconds, Stopping threads took: 0.0000409 seconds
2015-12-06T20:29:17.109+0530: 2123.403: Total time for which application threads were stopped: 0.0003488 seconds, Stopping threads took: 0.0000968 seconds
2015-12-06T20:29:17.109+0530: 2123.403: Total time for which application threads were stopped: 0.0001520 seconds, Stopping threads took: 0.0000168 seconds
{Heap before GC invocations=91 (full 2):
 par new generation   total 109248K, used 96346K [0x00000000e0000000, 0x00000000e8000000, 0x00000000e8000000)
  eden space 87424K,  99% used [0x00000000e0000000, 0x00000000e555ed00, 0x00000000e5560000)
  from space 21824K,  40% used [0x00000000e6ab0000, 0x00000000e7367ea0, 0x00000000e8000000)
  to   space 21824K,   0% used [0x00000000e5560000, 0x00000000e5560000, 0x00000000e6ab0000)
 concurrent mark-sweep generation total 393216K, used 28314K [0x00000000e8000000, 0x0000000100000000, 0x0000000100000000)
 Metaspace       used 40965K, capacity 41504K, committed 41964K, reserved 1087488K
  class space    used 4308K, capacity 4488K, committed 4604K, reserved 1048576K
2015-12-06T20:29:17.593+0530: 2123.887: [GC (Allocation Failure) 2123.887: [ParNew
Desired survivor size 20112992 bytes, new threshold 8 (max 8)
- age   1:    2969192 bytes,    2969192 total
- age   2:    3801640 bytes,    6770832 total
- age   3:     218712 bytes,    6989544 total
- age   4:     229808 bytes,    7219352 total
- age   5:     161192 bytes,    7380544 total
- age   6:     223704 bytes,    7604248 total
- age   7:      73256 bytes,    7677504 total
- age   8:     213944 bytes,    7891448 total
: 96346K->9016K(109248K), 0.0284030 secs] 124661K->37340K(502464K), 0.9364128 secs] [Times: user=0.04 sys=0.00, real=0.94 secs] 
Heap after GC invocations=92 (full 2):
 par new generation   total 109248K, used 9016K [0x00000000e0000000, 0x00000000e8000000, 0x00000000e8000000)
  eden space 87424K,   0% used [0x00000000e0000000, 0x00000000e0000000, 0x00000000e5560000)
  from space 21824K,  41% used [0x00000000e5560000, 0x00000000e5e2e0e0, 0x00000000e6ab0000)
  to   space 21824K,   0% used [0x00000000e6ab0000, 0x00000000e6ab0000, 0x00000000e8000000)
 concurrent mark-sweep generation total 393216K, used 28323K [0x00000000e8000000, 0x0000000100000000, 0x0000000100000000)
 Metaspace       used 40965K, capacity 41504K, committed 41964K, reserved 1087488K
  class space    used 4308K, capacity 4488K, committed 4604K, reserved 1048576K
}
2015-12-06T20:29:18.530+0530: 2124.824: Total time for which application threads were stopped: 0.9370031 seconds, Stopping threads took: 0.0000698 seconds
2015-12-06T20:29:25.482+0530: 2131.776: Total time for which application threads were stopped: 0.0004167 seconds, Stopping threads took: 0.0000819 seconds
2015-12-06T20:29:25.483+0530: 2131.776: Total time for which application threads were stopped: 0.0002341 seconds, Stopping threads took: 0.0000429 seconds
2015-12-06T20:29:25.483+0530: 2131.777: Total time for which application threads were stopped: 0.0001306 seconds, Stopping threads took: 0.0000421 seconds
2015-12-06T20:29:26.818+0530: 2133.112: Total time for which application threads were stopped: 0.0005764 seconds, Stopping threads took: 0.0001353 seconds
2015-12-06T20:29:26.822+0530: 2133.115: Total time for which application threads were stopped: 0.0033970 seconds, Stopping threads took: 0.0031149 seconds
2015-12-06T20:29:26.822+0530: 2133.116: Total time for which application threads were stopped: 0.0003534 seconds, Stopping threads took: 0.0001284 seconds
2015-12-06T20:29:29.530+0530: 2135.824: Total time for which application threads were stopped: 0.0043990 seconds, Stopping threads took: 0.0036550 seconds
2015-12-06T20:29:39.797+0530: 2146.091: Total time for which application threads were stopped: 0.0006307 seconds, Stopping threads took: 0.0001107 seconds
2015-12-06T20:29:39.798+0530: 2146.092: Total time for which application threads were stopped: 0.0003285 seconds, Stopping threads took: 0.0000583 seconds
2015-12-06T20:29:45.898+0530: 2152.192: Total time for which application threads were stopped: 0.0002403 seconds, Stopping threads took: 0.0000315 seconds
2015-12-06T20:29:46.368+0530: 2152.662: Total time for which application threads were stopped: 0.0002658 seconds, Stopping threads took: 0.0000386 seconds
2015-12-06T20:29:46.369+0530: 2152.662: Total time for which application threads were stopped: 0.0001794 seconds, Stopping threads took: 0.0000200 seconds
2015-12-06T20:29:50.049+0530: 2156.343: Total time for which application threads were stopped: 0.0004696 seconds, Stopping threads took: 0.0002938 seconds
2015-12-06T20:29:52.796+0530: 2159.090: Total time for which application threads were stopped: 0.0005991 seconds, Stopping threads took: 0.0000624 seconds
2015-12-06T20:30:03.798+0530: 2170.092: Total time for which application threads were stopped: 0.0001963 seconds, Stopping threads took: 0.0000333 seconds
2015-12-06T20:30:05.793+0530: 2172.087: Total time for which application threads were stopped: 0.0002798 seconds, Stopping threads took: 0.0000684 seconds
{Heap before GC invocations=92 (full 2):
 par new generation   total 109248K, used 96419K [0x00000000e0000000, 0x00000000e8000000, 0x00000000e8000000)
  eden space 87424K,  99% used [0x00000000e0000000, 0x00000000e555ae70, 0x00000000e5560000)
  from space 21824K,  41% used [0x00000000e5560000, 0x00000000e5e2e0e0, 0x00000000e6ab0000)
  to   space 21824K,   0% used [0x00000000e6ab0000, 0x00000000e6ab0000, 0x00000000e8000000)
 concurrent mark-sweep generation total 393216K, used 28323K [0x00000000e8000000, 0x0000000100000000, 0x0000000100000000)
 Metaspace       used 40965K, capacity 41504K, committed 41964K, reserved 1087488K
  class space    used 4308K, capacity 4488K, committed 4604K, reserved 1048576K
2015-12-06T20:30:05.840+0530: 2172.134: [GC (Allocation Failure) 2172.134: [ParNew
Desired survivor size 20112992 bytes, new threshold 8 (max 8)
- age   1:    4026240 bytes,    4026240 total
- age   2:    1515544 bytes,    5541784 total
- age   3:     136232 bytes,    5678016 total
- age   4:     217312 bytes,    5895328 total
- age   5:     229808 bytes,    6125136 total
- age   6:     161192 bytes,    6286328 total
- age   7:     419504 bytes,    6705832 total
- age   8:       5592 bytes,    6711424 total
: 96419K->9899K(109248K), 0.0249367 secs] 124743K->38300K(502464K), 0.0252210 secs] [Times: user=0.05 sys=0.00, real=0.03 secs] 
Heap after GC invocations=93 (full 2):
 par new generation   total 109248K, used 9899K [0x00000000e0000000, 0x00000000e8000000, 0x00000000e8000000)
  eden space 87424K,   0% used [0x00000000e0000000, 0x00000000e0000000, 0x00000000e5560000)
  from space 21824K,  45% used [0x00000000e6ab0000, 0x00000000e745ad30, 0x00000000e8000000)
  to   space 21824K,   0% used [0x00000000e5560000, 0x00000000e5560000, 0x00000000e6ab0000)
 concurrent mark-sweep generation total 393216K, used 28401K [0x00000000e8000000, 0x0000000100000000, 0x0000000100000000)
 Metaspace       used 40965K, capacity 41504K, committed 41964K, reserved 1087488K
  class space    used 4308K, capacity 4488K, committed 4604K, reserved 1048576K
}
2015-12-06T20:30:05.866+0530: 2172.159: Total time for which application threads were stopped: 0.0257290 seconds, Stopping threads took: 0.0000518 seconds
2015-12-06T20:30:06.866+0530: 2173.160: Total time for which application threads were stopped: 0.0003841 seconds, Stopping threads took: 0.0000571 seconds
2015-12-06T20:30:08.253+0530: 2174.547: Total time for which application threads were stopped: 0.0002135 seconds, Stopping threads took: 0.0000299 seconds
2015-12-06T20:30:08.560+0530: 2174.854: Total time for which application threads were stopped: 0.0003360 seconds, Stopping threads took: 0.0000430 seconds
2015-12-06T20:30:08.561+0530: 2174.854: Total time for which application threads were stopped: 0.0002229 seconds, Stopping threads took: 0.0000331 seconds
2015-12-06T20:30:08.561+0530: 2174.855: Total time for which application threads were stopped: 0.0002509 seconds, Stopping threads took: 0.0000411 seconds
2015-12-06T20:30:08.561+0530: 2174.855: Total time for which application threads were stopped: 0.0002939 seconds, Stopping threads took: 0.0000343 seconds
2015-12-06T20:30:08.562+0530: 2174.855: Total time for which application threads were stopped: 0.0002523 seconds, Stopping threads took: 0.0000379 seconds
2015-12-06T20:30:08.562+0530: 2174.856: Total time for which application threads were stopped: 0.0002412 seconds, Stopping threads took: 0.0000286 seconds
2015-12-06T20:30:13.537+0530: 2179.831: Total time for which application threads were stopped: 0.0003420 seconds, Stopping threads took: 0.0000627 seconds
2015-12-06T20:30:13.537+0530: 2179.831: Total time for which application threads were stopped: 0.0003948 seconds, Stopping threads took: 0.0000482 seconds
2015-12-06T20:30:13.538+0530: 2179.831: Total time for which application threads were stopped: 0.0003215 seconds, Stopping threads took: 0.0000431 seconds
2015-12-06T20:30:18.390+0530: 2184.684: Total time for which application threads were stopped: 0.0003139 seconds, Stopping threads took: 0.0000408 seconds
2015-12-06T20:30:18.390+0530: 2184.684: Total time for which application threads were stopped: 0.0002079 seconds, Stopping threads took: 0.0000284 seconds
2015-12-06T20:30:21.740+0530: 2188.034: Total time for which application threads were stopped: 0.0006111 seconds, Stopping threads took: 0.0001089 seconds
2015-12-06T20:30:29.741+0530: 2196.035: Total time for which application threads were stopped: 0.0004142 seconds, Stopping threads took: 0.0000791 seconds
2015-12-06T20:30:29.791+0530: 2196.085: Total time for which application threads were stopped: 0.0004754 seconds, Stopping threads took: 0.0000719 seconds
2015-12-06T20:30:34.157+0530: 2200.451: Total time for which application threads were stopped: 0.0002169 seconds, Stopping threads took: 0.0000279 seconds
2015-12-06T20:30:34.157+0530: 2200.451: Total time for which application threads were stopped: 0.0002046 seconds, Stopping threads took: 0.0000307 seconds
2015-12-06T20:30:34.965+0530: 2201.259: Total time for which application threads were stopped: 0.0003243 seconds, Stopping threads took: 0.0000378 seconds
2015-12-06T20:30:40.078+0530: 2206.372: Total time for which application threads were stopped: 0.0002313 seconds, Stopping threads took: 0.0000339 seconds
2015-12-06T20:30:40.085+0530: 2206.379: Total time for which application threads were stopped: 0.0002738 seconds, Stopping threads took: 0.0000350 seconds
2015-12-06T20:30:40.086+0530: 2206.380: Total time for which application threads were stopped: 0.0002643 seconds, Stopping threads took: 0.0000215 seconds
2015-12-06T20:30:40.086+0530: 2206.380: Total time for which application threads were stopped: 0.0002336 seconds, Stopping threads took: 0.0000191 seconds
2015-12-06T20:30:40.087+0530: 2206.381: Total time for which application threads were stopped: 0.0004620 seconds, Stopping threads took: 0.0000811 seconds
2015-12-06T20:30:40.087+0530: 2206.381: Total time for which application threads were stopped: 0.0003890 seconds, Stopping threads took: 0.0000444 seconds
2015-12-06T20:30:40.097+0530: 2206.391: Total time for which application threads were stopped: 0.0005479 seconds, Stopping threads took: 0.0000522 seconds
2015-12-06T20:30:40.099+0530: 2206.393: Total time for which application threads were stopped: 0.0004889 seconds, Stopping threads took: 0.0000678 seconds
2015-12-06T20:30:40.101+0530: 2206.395: Total time for which application threads were stopped: 0.0009067 seconds, Stopping threads took: 0.0007235 seconds
2015-12-06T20:30:40.894+0530: 2207.188: Total time for which application threads were stopped: 0.0057069 seconds, Stopping threads took: 0.0054952 seconds
2015-12-06T20:30:40.895+0530: 2207.188: Total time for which application threads were stopped: 0.0002244 seconds, Stopping threads took: 0.0000760 seconds
2015-12-06T20:30:41.885+0530: 2208.179: Total time for which application threads were stopped: 0.0039146 seconds, Stopping threads took: 0.0036565 seconds
2015-12-06T20:30:41.886+0530: 2208.180: Total time for which application threads were stopped: 0.0006701 seconds, Stopping threads took: 0.0000199 seconds
2015-12-06T20:30:52.244+0530: 2218.538: Total time for which application threads were stopped: 0.0003101 seconds, Stopping threads took: 0.0000438 seconds
{Heap before GC invocations=93 (full 2):
 par new generation   total 109248K, used 97323K [0x00000000e0000000, 0x00000000e8000000, 0x00000000e8000000)
  eden space 87424K, 100% used [0x00000000e0000000, 0x00000000e5560000, 0x00000000e5560000)
  from space 21824K,  45% used [0x00000000e6ab0000, 0x00000000e745ad30, 0x00000000e8000000)
  to   space 21824K,   0% used [0x00000000e5560000, 0x00000000e5560000, 0x00000000e6ab0000)
 concurrent mark-sweep generation total 393216K, used 28401K [0x00000000e8000000, 0x0000000100000000, 0x0000000100000000)
 Metaspace       used 40970K, capacity 41504K, committed 41964K, reserved 1087488K
  class space    used 4308K, capacity 4488K, committed 4604K, reserved 1048576K
2015-12-06T20:30:55.129+0530: 2221.423: [GC (Allocation Failure) 2221.423: [ParNew
Desired survivor size 20112992 bytes, new threshold 8 (max 8)
- age   1:    5293576 bytes,    5293576 total
- age   2:     324672 bytes,    5618248 total
- age   3:     259712 bytes,    5877960 total
- age   4:      20000 bytes,    5897960 total
- age   5:     156296 bytes,    6054256 total
- age   6:     214816 bytes,    6269072 total
- age   7:     151976 bytes,    6421048 total
- age   8:     154376 bytes,    6575424 total
: 97323K->8100K(109248K), 0.0150222 secs] 125724K->36507K(502464K), 0.1651382 secs] [Times: user=0.03 sys=0.00, real=0.17 secs] 
Heap after GC invocations=94 (full 2):
 par new generation   total 109248K, used 8100K [0x00000000e0000000, 0x00000000e8000000, 0x00000000e8000000)
  eden space 87424K,   0% used [0x00000000e0000000, 0x00000000e0000000, 0x00000000e5560000)
  from space 21824K,  37% used [0x00000000e5560000, 0x00000000e5d493c0, 0x00000000e6ab0000)
  to   space 21824K,   0% used [0x00000000e6ab0000, 0x00000000e6ab0000, 0x00000000e8000000)
 concurrent mark-sweep generation total 393216K, used 28406K [0x00000000e8000000, 0x0000000100000000, 0x0000000100000000)
 Metaspace       used 40970K, capacity 41504K, committed 41964K, reserved 1087488K
  class space    used 4308K, capacity 4488K, committed 4604K, reserved 1048576K
}
2015-12-06T20:30:55.295+0530: 2221.588: Total time for which application threads were stopped: 0.1663003 seconds, Stopping threads took: 0.0000879 seconds
2015-12-06T20:31:06.669+0530: 2232.963: Total time for which application threads were stopped: 0.0002180 seconds, Stopping threads took: 0.0000396 seconds
2015-12-06T20:31:13.112+0530: 2239.406: Total time for which application threads were stopped: 0.0009423 seconds, Stopping threads took: 0.0002349 seconds
2015-12-06T20:31:13.114+0530: 2239.407: Total time for which application threads were stopped: 0.0004100 seconds, Stopping threads took: 0.0000535 seconds
2015-12-06T20:31:13.114+0530: 2239.408: Total time for which application threads were stopped: 0.0003347 seconds, Stopping threads took: 0.0000398 seconds
2015-12-06T20:31:13.114+0530: 2239.408: Total time for which application threads were stopped: 0.0004027 seconds, Stopping threads took: 0.0001117 seconds
2015-12-06T20:31:13.115+0530: 2239.409: Total time for which application threads were stopped: 0.0004018 seconds, Stopping threads took: 0.0001202 seconds
2015-12-06T20:31:18.990+0530: 2245.283: Total time for which application threads were stopped: 0.0002633 seconds, Stopping threads took: 0.0000399 seconds
2015-12-06T20:31:21.935+0530: 2248.229: Total time for which application threads were stopped: 0.0001939 seconds, Stopping threads took: 0.0000348 seconds
2015-12-06T20:31:22.307+0530: 2248.600: Total time for which application threads were stopped: 0.0006881 seconds, Stopping threads took: 0.0000434 seconds
2015-12-06T20:31:22.307+0530: 2248.601: Total time for which application threads were stopped: 0.0001619 seconds, Stopping threads took: 0.0000245 seconds
2015-12-06T20:31:26.997+0530: 2253.291: Total time for which application threads were stopped: 0.0007665 seconds, Stopping threads took: 0.0000484 seconds
2015-12-06T20:31:27.073+0530: 2253.367: Total time for which application threads were stopped: 0.0003757 seconds, Stopping threads took: 0.0000389 seconds
2015-12-06T20:31:29.074+0530: 2255.368: Total time for which application threads were stopped: 0.0002066 seconds, Stopping threads took: 0.0000352 seconds
2015-12-06T20:31:32.068+0530: 2258.362: Total time for which application threads were stopped: 0.0010631 seconds, Stopping threads took: 0.0000585 seconds
2015-12-06T20:31:39.070+0530: 2265.364: Total time for which application threads were stopped: 0.0002669 seconds, Stopping threads took: 0.0000420 seconds
2015-12-06T20:31:40.739+0530: 2267.033: Total time for which application threads were stopped: 0.0003723 seconds, Stopping threads took: 0.0000622 seconds
2015-12-06T20:31:50.741+0530: 2277.035: Total time for which application threads were stopped: 0.0003949 seconds, Stopping threads took: 0.0000556 seconds
2015-12-06T20:31:52.032+0530: 2278.326: Total time for which application threads were stopped: 0.0004118 seconds, Stopping threads took: 0.0000563 seconds
2015-12-06T20:31:52.032+0530: 2278.326: Total time for which application threads were stopped: 0.0002756 seconds, Stopping threads took: 0.0000407 seconds
2015-12-06T20:31:52.502+0530: 2278.796: Total time for which application threads were stopped: 0.0023543 seconds, Stopping threads took: 0.0021448 seconds
2015-12-06T20:31:52.511+0530: 2278.805: Total time for which application threads were stopped: 0.0003173 seconds, Stopping threads took: 0.0000459 seconds
2015-12-06T20:31:52.512+0530: 2278.805: Total time for which application threads were stopped: 0.0001403 seconds, Stopping threads took: 0.0000153 seconds
2015-12-06T20:31:52.521+0530: 2278.815: Total time for which application threads were stopped: 0.0001984 seconds, Stopping threads took: 0.0000461 seconds
2015-12-06T20:31:52.522+0530: 2278.816: Total time for which application threads were stopped: 0.0002643 seconds, Stopping threads took: 0.0000582 seconds
2015-12-06T20:31:55.093+0530: 2281.387: Total time for which application threads were stopped: 0.0005735 seconds, Stopping threads took: 0.0000778 seconds
2015-12-06T20:31:55.094+0530: 2281.388: Total time for which application threads were stopped: 0.0003667 seconds, Stopping threads took: 0.0000404 seconds
2015-12-06T20:31:55.095+0530: 2281.389: Total time for which application threads were stopped: 0.0003823 seconds, Stopping threads took: 0.0001173 seconds
2015-12-06T20:31:56.126+0530: 2282.420: Total time for which application threads were stopped: 0.0003685 seconds, Stopping threads took: 0.0000578 seconds
{Heap before GC invocations=94 (full 2):
 par new generation   total 109248K, used 95524K [0x00000000e0000000, 0x00000000e8000000, 0x00000000e8000000)
  eden space 87424K, 100% used [0x00000000e0000000, 0x00000000e5560000, 0x00000000e5560000)
  from space 21824K,  37% used [0x00000000e5560000, 0x00000000e5d493c0, 0x00000000e6ab0000)
  to   space 21824K,   0% used [0x00000000e6ab0000, 0x00000000e6ab0000, 0x00000000e8000000)
 concurrent mark-sweep generation total 393216K, used 28406K [0x00000000e8000000, 0x0000000100000000, 0x0000000100000000)
 Metaspace       used 40973K, capacity 41504K, committed 41964K, reserved 1087488K
  class space    used 4308K, capacity 4488K, committed 4604K, reserved 1048576K
2015-12-06T20:31:57.148+0530: 2283.442: [GC (Allocation Failure) 2283.442: [ParNew
Desired survivor size 20112992 bytes, new threshold 8 (max 8)
- age   1:    1519176 bytes,    1519176 total
- age   2:    3977080 bytes,    5496256 total
- age   3:     170144 bytes,    5666400 total
- age   4:     164328 bytes,    5830728 total
- age   5:      10392 bytes,    5841120 total
- age   6:     149696 bytes,    5990816 total
- age   7:     214720 bytes,    6205536 total
- age   8:      83640 bytes,    6289176 total
: 95524K->8439K(109248K), 0.0098989 secs] 123931K->36864K(502464K), 0.0104370 secs] [Times: user=0.02 sys=0.00, real=0.01 secs] 
Heap after GC invocations=95 (full 2):
 par new generation   total 109248K, used 8439K [0x00000000e0000000, 0x00000000e8000000, 0x00000000e8000000)
  eden space 87424K,   0% used [0x00000000e0000000, 0x00000000e0000000, 0x00000000e5560000)
  from space 21824K,  38% used [0x00000000e6ab0000, 0x00000000e72edcc0, 0x00000000e8000000)
  to   space 21824K,   0% used [0x00000000e5560000, 0x00000000e5560000, 0x00000000e6ab0000)
 concurrent mark-sweep generation total 393216K, used 28424K [0x00000000e8000000, 0x0000000100000000, 0x0000000100000000)
 Metaspace       used 40973K, capacity 41504K, committed 41964K, reserved 1087488K
  class space    used 4308K, capacity 4488K, committed 4604K, reserved 1048576K
}
2015-12-06T20:31:57.159+0530: 2283.452: Total time for which application threads were stopped: 0.0109597 seconds, Stopping threads took: 0.0000548 seconds
2015-12-06T20:31:57.792+0530: 2284.086: Total time for which application threads were stopped: 0.0002190 seconds, Stopping threads took: 0.0000286 seconds
2015-12-06T20:31:57.792+0530: 2284.086: Total time for which application threads were stopped: 0.0001467 seconds, Stopping threads took: 0.0000247 seconds
2015-12-06T20:31:57.793+0530: 2284.087: Total time for which application threads were stopped: 0.0002092 seconds, Stopping threads took: 0.0000443 seconds
2015-12-06T20:31:57.800+0530: 2284.094: Total time for which application threads were stopped: 0.0003136 seconds, Stopping threads took: 0.0000686 seconds
2015-12-06T20:31:58.401+0530: 2284.694: Total time for which application threads were stopped: 0.0012859 seconds, Stopping threads took: 0.0010214 seconds
2015-12-06T20:31:58.401+0530: 2284.695: Total time for which application threads were stopped: 0.0002290 seconds, Stopping threads took: 0.0000426 seconds
2015-12-06T20:31:58.461+0530: 2284.755: Total time for which application threads were stopped: 0.0011590 seconds, Stopping threads took: 0.0008936 seconds
2015-12-06T20:31:58.462+0530: 2284.756: Total time for which application threads were stopped: 0.0002408 seconds, Stopping threads took: 0.0000435 seconds
2015-12-06T20:31:58.476+0530: 2284.770: Total time for which application threads were stopped: 0.0059392 seconds, Stopping threads took: 0.0057698 seconds
2015-12-06T20:31:59.476+0530: 2285.770: Total time for which application threads were stopped: 0.0002144 seconds, Stopping threads took: 0.0000324 seconds
2015-12-06T20:32:07.451+0530: 2293.745: Total time for which application threads were stopped: 0.0004691 seconds, Stopping threads took: 0.0000655 seconds
2015-12-06T20:32:13.452+0530: 2299.746: Total time for which application threads were stopped: 0.0005934 seconds, Stopping threads took: 0.0000742 seconds
2015-12-06T20:32:21.454+0530: 2307.748: Total time for which application threads were stopped: 0.0003889 seconds, Stopping threads took: 0.0000580 seconds
2015-12-06T20:32:27.036+0530: 2313.330: Total time for which application threads were stopped: 0.0003932 seconds, Stopping threads took: 0.0000569 seconds
2015-12-06T20:32:29.027+0530: 2315.321: Total time for which application threads were stopped: 0.0003002 seconds, Stopping threads took: 0.0000652 seconds
2015-12-06T20:32:30.026+0530: 2316.320: Total time for which application threads were stopped: 0.0003185 seconds, Stopping threads took: 0.0000552 seconds
2015-12-06T20:32:38.101+0530: 2324.395: Total time for which application threads were stopped: 0.0006790 seconds, Stopping threads took: 0.0001633 seconds
2015-12-06T20:32:41.733+0530: 2328.027: Total time for which application threads were stopped: 0.0033883 seconds, Stopping threads took: 0.0030502 seconds
2015-12-06T20:32:42.280+0530: 2328.574: Total time for which application threads were stopped: 0.0002051 seconds, Stopping threads took: 0.0000355 seconds
2015-12-06T20:32:42.280+0530: 2328.574: Total time for which application threads were stopped: 0.0001395 seconds, Stopping threads took: 0.0000358 seconds
2015-12-06T20:32:42.281+0530: 2328.574: Total time for which application threads were stopped: 0.0001160 seconds, Stopping threads took: 0.0000263 seconds
2015-12-06T20:32:42.281+0530: 2328.575: Total time for which application threads were stopped: 0.0001395 seconds, Stopping threads took: 0.0000402 seconds
2015-12-06T20:32:42.281+0530: 2328.575: Total time for which application threads were stopped: 0.0001148 seconds, Stopping threads took: 0.0000336 seconds
2015-12-06T20:32:42.287+0530: 2328.581: Total time for which application threads were stopped: 0.0002098 seconds, Stopping threads took: 0.0000272 seconds
2015-12-06T20:32:42.288+0530: 2328.581: Total time for which application threads were stopped: 0.0001014 seconds, Stopping threads took: 0.0000141 seconds
2015-12-06T20:32:42.289+0530: 2328.583: Total time for which application threads were stopped: 0.0001744 seconds, Stopping threads took: 0.0000259 seconds
2015-12-06T20:32:43.161+0530: 2329.455: Total time for which application threads were stopped: 0.0002406 seconds, Stopping threads took: 0.0000333 seconds
2015-12-06T20:32:44.077+0530: 2330.371: Total time for which application threads were stopped: 0.0005778 seconds, Stopping threads took: 0.0000395 seconds
2015-12-06T20:32:44.485+0530: 2330.779: Total time for which application threads were stopped: 0.0002703 seconds, Stopping threads took: 0.0000270 seconds
2015-12-06T20:32:44.499+0530: 2330.793: Total time for which application threads were stopped: 0.0003834 seconds, Stopping threads took: 0.0000339 seconds
2015-12-06T20:32:44.502+0530: 2330.796: Total time for which application threads were stopped: 0.0002834 seconds, Stopping threads took: 0.0000804 seconds
2015-12-06T20:32:44.518+0530: 2330.812: Total time for which application threads were stopped: 0.0002997 seconds, Stopping threads took: 0.0001004 seconds
2015-12-06T20:32:45.522+0530: 2331.816: Total time for which application threads were stopped: 0.0002154 seconds, Stopping threads took: 0.0000352 seconds
2015-12-06T20:32:48.522+0530: 2334.816: Total time for which application threads were stopped: 0.0002054 seconds, Stopping threads took: 0.0000360 seconds
2015-12-06T20:32:49.407+0530: 2335.701: Total time for which application threads were stopped: 0.0071240 seconds, Stopping threads took: 0.0065187 seconds
{Heap before GC invocations=95 (full 2):
 par new generation   total 109248K, used 95863K [0x00000000e0000000, 0x00000000e8000000, 0x00000000e8000000)
  eden space 87424K, 100% used [0x00000000e0000000, 0x00000000e5560000, 0x00000000e5560000)
  from space 21824K,  38% used [0x00000000e6ab0000, 0x00000000e72edcc0, 0x00000000e8000000)
  to   space 21824K,   0% used [0x00000000e5560000, 0x00000000e5560000, 0x00000000e6ab0000)
 concurrent mark-sweep generation total 393216K, used 28424K [0x00000000e8000000, 0x0000000100000000, 0x0000000100000000)
 Metaspace       used 40974K, capacity 41504K, committed 41964K, reserved 1087488K
  class space    used 4308K, capacity 4488K, committed 4604K, reserved 1048576K
2015-12-06T20:32:49.408+0530: 2335.702: [GC (Allocation Failure) 2335.979: [ParNew
Desired survivor size 20112992 bytes, new threshold 8 (max 8)
- age   1:    5844376 bytes,    5844376 total
- age   2:     403096 bytes,    6247472 total
- age   3:     181648 bytes,    6429120 total
- age   4:     147248 bytes,    6576368 total
- age   5:     155048 bytes,    6731416 total
- age   6:      10392 bytes,    6741808 total
- age   7:     149672 bytes,    6891480 total
- age   8:      79424 bytes,    6970904 total
: 95863K->8319K(109248K), 0.0207215 secs] 124288K->36759K(502464K), 0.5568034 secs] [Times: user=0.04 sys=0.00, real=0.56 secs] 
Heap after GC invocations=96 (full 2):
 par new generation   total 109248K, used 8319K [0x00000000e0000000, 0x00000000e8000000, 0x00000000e8000000)
  eden space 87424K,   0% used [0x00000000e0000000, 0x00000000e0000000, 0x00000000e5560000)
  from space 21824K,  38% used [0x00000000e5560000, 0x00000000e5d7ff30, 0x00000000e6ab0000)
  to   space 21824K,   0% used [0x00000000e6ab0000, 0x00000000e6ab0000, 0x00000000e8000000)
 concurrent mark-sweep generation total 393216K, used 28439K [0x00000000e8000000, 0x0000000100000000, 0x0000000100000000)
 Metaspace       used 40974K, capacity 41504K, committed 41964K, reserved 1087488K
  class space    used 4308K, capacity 4488K, committed 4604K, reserved 1048576K
}
2015-12-06T20:32:49.966+0530: 2336.259: Total time for which application threads were stopped: 0.5579182 seconds, Stopping threads took: 0.0000493 seconds
2015-12-06T20:33:00.970+0530: 2347.264: Total time for which application threads were stopped: 0.0002223 seconds, Stopping threads took: 0.0000302 seconds
2015-12-06T20:33:22.116+0530: 2368.410: Total time for which application threads were stopped: 0.0004188 seconds, Stopping threads took: 0.0000519 seconds
2015-12-06T20:33:24.603+0530: 2370.897: Total time for which application threads were stopped: 0.0002675 seconds, Stopping threads took: 0.0000685 seconds
2015-12-06T20:33:28.604+0530: 2374.897: Total time for which application threads were stopped: 0.0002314 seconds, Stopping threads took: 0.0000327 seconds
2015-12-06T20:33:30.568+0530: 2376.862: Total time for which application threads were stopped: 0.0003133 seconds, Stopping threads took: 0.0000438 seconds
2015-12-06T20:33:30.568+0530: 2376.862: Total time for which application threads were stopped: 0.0002049 seconds, Stopping threads took: 0.0000278 seconds
2015-12-06T20:33:31.283+0530: 2377.577: Total time for which application threads were stopped: 0.0008271 seconds, Stopping threads took: 0.0000800 seconds
2015-12-06T20:33:31.284+0530: 2377.578: Total time for which application threads were stopped: 0.0002044 seconds, Stopping threads took: 0.0000171 seconds
2015-12-06T20:33:37.285+0530: 2383.579: Total time for which application threads were stopped: 0.0003058 seconds, Stopping threads took: 0.0000475 seconds
2015-12-06T20:33:38.559+0530: 2384.853: Total time for which application threads were stopped: 0.0028292 seconds, Stopping threads took: 0.0023766 seconds
2015-12-06T20:33:38.646+0530: 2384.940: Total time for which application threads were stopped: 0.0003229 seconds, Stopping threads took: 0.0000866 seconds
2015-12-06T20:33:39.651+0530: 2385.944: Total time for which application threads were stopped: 0.0005410 seconds, Stopping threads took: 0.0000682 seconds
2015-12-06T20:33:39.652+0530: 2385.945: Total time for which application threads were stopped: 0.0008375 seconds, Stopping threads took: 0.0000357 seconds
2015-12-06T20:33:40.652+0530: 2386.946: Total time for which application threads were stopped: 0.0002016 seconds, Stopping threads took: 0.0000281 seconds
2015-12-06T20:33:41.652+0530: 2387.946: Total time for which application threads were stopped: 0.0002738 seconds, Stopping threads took: 0.0000381 seconds
2015-12-06T20:33:42.653+0530: 2388.947: Total time for which application threads were stopped: 0.0004030 seconds, Stopping threads took: 0.0000597 seconds
2015-12-06T20:33:42.778+0530: 2389.072: Total time for which application threads were stopped: 0.0004283 seconds, Stopping threads took: 0.0000495 seconds
2015-12-06T20:33:42.779+0530: 2389.073: Total time for which application threads were stopped: 0.0004419 seconds, Stopping threads took: 0.0000567 seconds
2015-12-06T20:33:43.482+0530: 2389.776: Total time for which application threads were stopped: 0.0064229 seconds, Stopping threads took: 0.0062433 seconds
2015-12-06T20:33:43.483+0530: 2389.776: Total time for which application threads were stopped: 0.0001455 seconds, Stopping threads took: 0.0000316 seconds
2015-12-06T20:33:43.483+0530: 2389.777: Total time for which application threads were stopped: 0.0001130 seconds, Stopping threads took: 0.0000288 seconds
2015-12-06T20:33:43.818+0530: 2390.112: Total time for which application threads were stopped: 0.0005210 seconds, Stopping threads took: 0.0001158 seconds
2015-12-06T20:33:43.821+0530: 2390.115: Total time for which application threads were stopped: 0.0007282 seconds, Stopping threads took: 0.0002618 seconds
{Heap before GC invocations=96 (full 2):
 par new generation   total 109248K, used 95740K [0x00000000e0000000, 0x00000000e8000000, 0x00000000e8000000)
  eden space 87424K,  99% used [0x00000000e0000000, 0x00000000e555f1c0, 0x00000000e5560000)
  from space 21824K,  38% used [0x00000000e5560000, 0x00000000e5d7ff30, 0x00000000e6ab0000)
  to   space 21824K,   0% used [0x00000000e6ab0000, 0x00000000e6ab0000, 0x00000000e8000000)
 concurrent mark-sweep generation total 393216K, used 28439K [0x00000000e8000000, 0x0000000100000000, 0x0000000100000000)
 Metaspace       used 40980K, capacity 41504K, committed 41964K, reserved 1087488K
  class space    used 4308K, capacity 4488K, committed 4604K, reserved 1048576K
2015-12-06T20:33:43.909+0530: 2390.203: [GC (Allocation Failure) 2390.203: [ParNew
Desired survivor size 20112992 bytes, new threshold 8 (max 8)
- age   1:    3471784 bytes,    3471784 total
- age   2:    4232616 bytes,    7704400 total
- age   3:     172416 bytes,    7876816 total
- age   4:     152024 bytes,    8028840 total
- age   5:     147248 bytes,    8176088 total
- age   6:     154248 bytes,    8330336 total
- age   7:      10392 bytes,    8340728 total
- age   8:     149672 bytes,    8490400 total
: 95740K->13351K(109248K), 0.0147465 secs] 124179K->41802K(502464K), 0.0149339 secs] [Times: user=0.03 sys=0.00, real=0.02 secs] 
Heap after GC invocations=97 (full 2):
 par new generation   total 109248K, used 13351K [0x00000000e0000000, 0x00000000e8000000, 0x00000000e8000000)
  eden space 87424K,   0% used [0x00000000e0000000, 0x00000000e0000000, 0x00000000e5560000)
  from space 21824K,  61% used [0x00000000e6ab0000, 0x00000000e77b9e90, 0x00000000e8000000)
  to   space 21824K,   0% used [0x00000000e5560000, 0x00000000e5560000, 0x00000000e6ab0000)
 concurrent mark-sweep generation total 393216K, used 28451K [0x00000000e8000000, 0x0000000100000000, 0x0000000100000000)
 Metaspace       used 40980K, capacity 41504K, committed 41964K, reserved 1087488K
  class space    used 4308K, capacity 4488K, committed 4604K, reserved 1048576K
}
2015-12-06T20:33:43.925+0530: 2390.218: Total time for which application threads were stopped: 0.0164791 seconds, Stopping threads took: 0.0011532 seconds
2015-12-06T20:33:43.932+0530: 2390.226: Total time for which application threads were stopped: 0.0003154 seconds, Stopping threads took: 0.0000783 seconds
2015-12-06T20:33:45.286+0530: 2391.580: Total time for which application threads were stopped: 0.0002501 seconds, Stopping threads took: 0.0000332 seconds
2015-12-06T20:33:47.123+0530: 2393.417: Total time for which application threads were stopped: 0.0004872 seconds, Stopping threads took: 0.0000865 seconds
2015-12-06T20:33:52.124+0530: 2398.418: Total time for which application threads were stopped: 0.0002134 seconds, Stopping threads took: 0.0000340 seconds
2015-12-06T20:33:59.156+0530: 2405.450: Total time for which application threads were stopped: 0.0002774 seconds, Stopping threads took: 0.0000327 seconds
2015-12-06T20:33:59.156+0530: 2405.450: Total time for which application threads were stopped: 0.0001604 seconds, Stopping threads took: 0.0000203 seconds
2015-12-06T20:34:03.157+0530: 2409.451: Total time for which application threads were stopped: 0.0003786 seconds, Stopping threads took: 0.0000557 seconds
2015-12-06T20:34:10.107+0530: 2416.401: Total time for which application threads were stopped: 0.0011778 seconds, Stopping threads took: 0.0006782 seconds
2015-12-06T20:34:10.108+0530: 2416.402: Total time for which application threads were stopped: 0.0003707 seconds, Stopping threads took: 0.0000791 seconds
2015-12-06T20:34:13.108+0530: 2419.402: Total time for which application threads were stopped: 0.0002601 seconds, Stopping threads took: 0.0000356 seconds
2015-12-06T20:34:19.109+0530: 2425.403: Total time for which application threads were stopped: 0.0002383 seconds, Stopping threads took: 0.0000298 seconds
2015-12-06T20:34:20.776+0530: 2427.070: Total time for which application threads were stopped: 0.0005230 seconds, Stopping threads took: 0.0000632 seconds
2015-12-06T20:34:20.776+0530: 2427.070: Total time for which application threads were stopped: 0.0002983 seconds, Stopping threads took: 0.0000355 seconds
2015-12-06T20:34:24.777+0530: 2431.071: Total time for which application threads were stopped: 0.0005662 seconds, Stopping threads took: 0.0000574 seconds
2015-12-06T20:34:26.847+0530: 2433.141: Total time for which application threads were stopped: 0.0002344 seconds, Stopping threads took: 0.0000326 seconds
2015-12-06T20:34:26.847+0530: 2433.141: Total time for which application threads were stopped: 0.0001399 seconds, Stopping threads took: 0.0000159 seconds
2015-12-06T20:34:26.847+0530: 2433.141: Total time for which application threads were stopped: 0.0001384 seconds, Stopping threads took: 0.0000198 seconds
2015-12-06T20:34:26.848+0530: 2433.141: Total time for which application threads were stopped: 0.0001407 seconds, Stopping threads took: 0.0000206 seconds
2015-12-06T20:34:26.848+0530: 2433.142: Total time for which application threads were stopped: 0.0001367 seconds, Stopping threads took: 0.0000218 seconds
2015-12-06T20:34:26.848+0530: 2433.142: Total time for which application threads were stopped: 0.0001366 seconds, Stopping threads took: 0.0000220 seconds
2015-12-06T20:34:29.849+0530: 2436.143: Total time for which application threads were stopped: 0.0002162 seconds, Stopping threads took: 0.0000369 seconds
2015-12-06T20:34:30.709+0530: 2437.003: Total time for which application threads were stopped: 0.0003522 seconds, Stopping threads took: 0.0000501 seconds
2015-12-06T20:34:31.113+0530: 2437.407: Total time for which application threads were stopped: 0.0005942 seconds, Stopping threads took: 0.0001336 seconds
2015-12-06T20:34:31.114+0530: 2437.408: Total time for which application threads were stopped: 0.0003536 seconds, Stopping threads took: 0.0001376 seconds
2015-12-06T20:34:31.580+0530: 2437.874: Total time for which application threads were stopped: 0.0002541 seconds, Stopping threads took: 0.0000423 seconds
2015-12-06T20:34:33.580+0530: 2439.874: Total time for which application threads were stopped: 0.0004337 seconds, Stopping threads took: 0.0000560 seconds
2015-12-06T20:34:34.575+0530: 2440.869: Total time for which application threads were stopped: 0.0003376 seconds, Stopping threads took: 0.0000476 seconds
2015-12-06T20:34:35.604+0530: 2441.898: Total time for which application threads were stopped: 0.0003465 seconds, Stopping threads took: 0.0000410 seconds
2015-12-06T20:34:37.121+0530: 2443.415: Total time for which application threads were stopped: 0.0008835 seconds, Stopping threads took: 0.0006816 seconds
2015-12-06T20:34:37.122+0530: 2443.416: Total time for which application threads were stopped: 0.0001723 seconds, Stopping threads took: 0.0000398 seconds
2015-12-06T20:34:38.122+0530: 2444.416: Total time for which application threads were stopped: 0.0001998 seconds, Stopping threads took: 0.0000281 seconds
{Heap before GC invocations=97 (full 2):
 par new generation   total 109248K, used 100771K [0x00000000e0000000, 0x00000000e8000000, 0x00000000e8000000)
  eden space 87424K,  99% used [0x00000000e0000000, 0x00000000e555edb0, 0x00000000e5560000)
  from space 21824K,  61% used [0x00000000e6ab0000, 0x00000000e77b9e90, 0x00000000e8000000)
  to   space 21824K,   0% used [0x00000000e5560000, 0x00000000e5560000, 0x00000000e6ab0000)
 concurrent mark-sweep generation total 393216K, used 28451K [0x00000000e8000000, 0x0000000100000000, 0x0000000100000000)
 Metaspace       used 40982K, capacity 41504K, committed 41964K, reserved 1087488K
  class space    used 4308K, capacity 4488K, committed 4604K, reserved 1048576K
2015-12-06T20:34:38.744+0530: 2445.038: [GC (Allocation Failure) 2445.164: [ParNew
Desired survivor size 20112992 bytes, new threshold 8 (max 8)
- age   1:    6563432 bytes,    6563432 total
- age   2:    2300168 bytes,    8863600 total
- age   3:     280960 bytes,    9144560 total
- age   4:     168840 bytes,    9313400 total
- age   5:     152024 bytes,    9465424 total
- age   6:     147200 bytes,    9612624 total
- age   7:     154248 bytes,    9766872 total
- age   8:      10392 bytes,    9777264 total
: 100771K->11558K(109248K), 0.0186367 secs] 129222K->40023K(502464K), 0.4392497 secs] [Times: user=0.03 sys=0.00, real=0.44 secs] 
Heap after GC invocations=98 (full 2):
 par new generation   total 109248K, used 11558K [0x00000000e0000000, 0x00000000e8000000, 0x00000000e8000000)
  eden space 87424K,   0% used [0x00000000e0000000, 0x00000000e0000000, 0x00000000e5560000)
  from space 21824K,  52% used [0x00000000e5560000, 0x00000000e60a98e0, 0x00000000e6ab0000)
  to   space 21824K,   0% used [0x00000000e6ab0000, 0x00000000e6ab0000, 0x00000000e8000000)
 concurrent mark-sweep generation total 393216K, used 28465K [0x00000000e8000000, 0x0000000100000000, 0x0000000100000000)
 Metaspace       used 40982K, capacity 41504K, committed 41964K, reserved 1087488K
  class space    used 4308K, capacity 4488K, committed 4604K, reserved 1048576K
}
2015-12-06T20:34:39.184+0530: 2445.478: Total time for which application threads were stopped: 0.4403367 seconds, Stopping threads took: 0.0000367 seconds
2015-12-06T20:34:41.175+0530: 2447.469: Total time for which application threads were stopped: 0.0007041 seconds, Stopping threads took: 0.0003042 seconds
2015-12-06T20:34:41.730+0530: 2448.024: Total time for which application threads were stopped: 0.0002355 seconds, Stopping threads took: 0.0000333 seconds
2015-12-06T20:34:42.731+0530: 2449.025: Total time for which application threads were stopped: 0.0002196 seconds, Stopping threads took: 0.0000323 seconds
2015-12-06T20:34:42.858+0530: 2449.151: Total time for which application threads were stopped: 0.0002922 seconds, Stopping threads took: 0.0000578 seconds
2015-12-06T20:34:42.859+0530: 2449.153: Total time for which application threads were stopped: 0.0011878 seconds, Stopping threads took: 0.0001140 seconds
2015-12-06T20:34:46.853+0530: 2453.147: Total time for which application threads were stopped: 0.1165377 seconds, Stopping threads took: 0.1162854 seconds
2015-12-06T20:34:48.854+0530: 2455.148: Total time for which application threads were stopped: 0.0003797 seconds, Stopping threads took: 0.0000759 seconds
2015-12-06T20:34:48.941+0530: 2455.235: Total time for which application threads were stopped: 0.0005892 seconds, Stopping threads took: 0.0001192 seconds
2015-12-06T20:34:49.941+0530: 2456.235: Total time for which application threads were stopped: 0.0002297 seconds, Stopping threads took: 0.0000343 seconds
2015-12-06T20:34:50.143+0530: 2456.437: Total time for which application threads were stopped: 0.0002309 seconds, Stopping threads took: 0.0000412 seconds
2015-12-06T20:34:50.144+0530: 2456.437: Total time for which application threads were stopped: 0.0001570 seconds, Stopping threads took: 0.0000549 seconds
2015-12-06T20:35:09.167+0530: 2475.460: Total time for which application threads were stopped: 0.0002301 seconds, Stopping threads took: 0.0000319 seconds
2015-12-06T20:35:09.167+0530: 2475.461: Total time for which application threads were stopped: 0.0000907 seconds, Stopping threads took: 0.0000116 seconds
2015-12-06T20:35:20.168+0530: 2486.462: Total time for which application threads were stopped: 0.0003818 seconds, Stopping threads took: 0.0000564 seconds
{Heap before GC invocations=98 (full 2):
 par new generation   total 109248K, used 98982K [0x00000000e0000000, 0x00000000e8000000, 0x00000000e8000000)
  eden space 87424K, 100% used [0x00000000e0000000, 0x00000000e5560000, 0x00000000e5560000)
  from space 21824K,  52% used [0x00000000e5560000, 0x00000000e60a98e0, 0x00000000e6ab0000)
  to   space 21824K,   0% used [0x00000000e6ab0000, 0x00000000e6ab0000, 0x00000000e8000000)
 concurrent mark-sweep generation total 393216K, used 28465K [0x00000000e8000000, 0x0000000100000000, 0x0000000100000000)
 Metaspace       used 40982K, capacity 41504K, committed 41964K, reserved 1087488K
  class space    used 4308K, capacity 4488K, committed 4604K, reserved 1048576K
2015-12-06T20:35:28.180+0530: 2494.474: [GC (Allocation Failure) 2494.474: [ParNew
Desired survivor size 20112992 bytes, new threshold 8 (max 8)
- age   1:    2916752 bytes,    2916752 total
- age   2:    2970808 bytes,    5887560 total
- age   3:     316624 bytes,    6204184 total
- age   4:     263256 bytes,    6467440 total
- age   5:     153400 bytes,    6620840 total
- age   6:     148096 bytes,    6768936 total
- age   7:     146424 bytes,    6915360 total
- age   8:     153464 bytes,    7068824 total
: 98982K->12075K(109248K), 0.0158934 secs] 127447K->40550K(502464K), 0.5825578 secs] [Times: user=0.03 sys=0.00, real=0.59 secs] 
Heap after GC invocations=99 (full 2):
 par new generation   total 109248K, used 12075K [0x00000000e0000000, 0x00000000e8000000, 0x00000000e8000000)
  eden space 87424K,   0% used [0x00000000e0000000, 0x00000000e0000000, 0x00000000e5560000)
  from space 21824K,  55% used [0x00000000e6ab0000, 0x00000000e767ad20, 0x00000000e8000000)
  to   space 21824K,   0% used [0x00000000e5560000, 0x00000000e5560000, 0x00000000e6ab0000)
 concurrent mark-sweep generation total 393216K, used 28475K [0x00000000e8000000, 0x0000000100000000, 0x0000000100000000)
 Metaspace       used 40982K, capacity 41504K, committed 41964K, reserved 1087488K
  class space    used 4308K, capacity 4488K, committed 4604K, reserved 1048576K
}
2015-12-06T20:35:28.764+0530: 2495.058: Total time for which application threads were stopped: 0.5842613 seconds, Stopping threads took: 0.0000706 seconds
2015-12-06T20:35:47.405+0530: 2513.699: Total time for which application threads were stopped: 0.0004469 seconds, Stopping threads took: 0.0000504 seconds
2015-12-06T20:35:47.406+0530: 2513.699: Total time for which application threads were stopped: 0.0001854 seconds, Stopping threads took: 0.0000256 seconds
2015-12-06T20:35:47.406+0530: 2513.700: Total time for which application threads were stopped: 0.0001289 seconds, Stopping threads took: 0.0000143 seconds
2015-12-06T20:35:47.406+0530: 2513.700: Total time for which application threads were stopped: 0.0001360 seconds, Stopping threads took: 0.0000181 seconds
2015-12-06T20:35:47.406+0530: 2513.700: Total time for which application threads were stopped: 0.0001873 seconds, Stopping threads took: 0.0000250 seconds
2015-12-06T20:35:47.406+0530: 2513.700: Total time for which application threads were stopped: 0.0001366 seconds, Stopping threads took: 0.0000162 seconds
2015-12-06T20:35:47.407+0530: 2513.701: Total time for which application threads were stopped: 0.0005819 seconds, Stopping threads took: 0.0000146 seconds
2015-12-06T20:36:00.111+0530: 2526.405: Total time for which application threads were stopped: 0.0012057 seconds, Stopping threads took: 0.0000699 seconds
2015-12-06T20:36:00.112+0530: 2526.406: Total time for which application threads were stopped: 0.0005165 seconds, Stopping threads took: 0.0001357 seconds
2015-12-06T20:36:00.113+0530: 2526.407: Total time for which application threads were stopped: 0.0004006 seconds, Stopping threads took: 0.0000424 seconds
2015-12-06T20:36:02.182+0530: 2528.476: Total time for which application threads were stopped: 0.0002301 seconds, Stopping threads took: 0.0000542 seconds
2015-12-06T20:36:02.219+0530: 2528.512: Total time for which application threads were stopped: 0.0056301 seconds, Stopping threads took: 0.0015881 seconds
2015-12-06T20:36:02.220+0530: 2528.513: Total time for which application threads were stopped: 0.0002663 seconds, Stopping threads took: 0.0000489 seconds
2015-12-06T20:36:02.239+0530: 2528.532: Total time for which application threads were stopped: 0.0002136 seconds, Stopping threads took: 0.0000285 seconds
2015-12-06T20:36:02.257+0530: 2528.550: Total time for which application threads were stopped: 0.0002510 seconds, Stopping threads took: 0.0000344 seconds
2015-12-06T20:36:03.212+0530: 2529.506: Total time for which application threads were stopped: 0.0002643 seconds, Stopping threads took: 0.0000699 seconds
2015-12-06T20:36:03.214+0530: 2529.508: Total time for which application threads were stopped: 0.0015885 seconds, Stopping threads took: 0.0014334 seconds
2015-12-06T20:36:03.214+0530: 2529.508: Total time for which application threads were stopped: 0.0002595 seconds, Stopping threads took: 0.0000270 seconds
2015-12-06T20:36:03.215+0530: 2529.508: Total time for which application threads were stopped: 0.0001881 seconds, Stopping threads took: 0.0000268 seconds
2015-12-06T20:36:03.222+0530: 2529.515: Total time for which application threads were stopped: 0.0003236 seconds, Stopping threads took: 0.0000379 seconds
2015-12-06T20:36:03.244+0530: 2529.537: Total time for which application threads were stopped: 0.0003179 seconds, Stopping threads took: 0.0000568 seconds
2015-12-06T20:36:03.267+0530: 2529.561: Total time for which application threads were stopped: 0.0002099 seconds, Stopping threads took: 0.0000331 seconds
2015-12-06T20:36:03.268+0530: 2529.562: Total time for which application threads were stopped: 0.0001965 seconds, Stopping threads took: 0.0000307 seconds
2015-12-06T20:36:03.271+0530: 2529.565: Total time for which application threads were stopped: 0.0006775 seconds, Stopping threads took: 0.0004655 seconds
2015-12-06T20:36:03.273+0530: 2529.567: Total time for which application threads were stopped: 0.0002464 seconds, Stopping threads took: 0.0000546 seconds
2015-12-06T20:36:05.167+0530: 2531.461: Total time for which application threads were stopped: 0.0003772 seconds, Stopping threads took: 0.0000470 seconds
2015-12-06T20:36:12.631+0530: 2538.925: Total time for which application threads were stopped: 0.0002261 seconds, Stopping threads took: 0.0000280 seconds
{Heap before GC invocations=99 (full 2):
 par new generation   total 109248K, used 99499K [0x00000000e0000000, 0x00000000e8000000, 0x00000000e8000000)
  eden space 87424K, 100% used [0x00000000e0000000, 0x00000000e5560000, 0x00000000e5560000)
  from space 21824K,  55% used [0x00000000e6ab0000, 0x00000000e767ad20, 0x00000000e8000000)
  to   space 21824K,   0% used [0x00000000e5560000, 0x00000000e5560000, 0x00000000e6ab0000)
 concurrent mark-sweep generation total 393216K, used 28475K [0x00000000e8000000, 0x0000000100000000, 0x0000000100000000)
 Metaspace       used 40984K, capacity 41504K, committed 41964K, reserved 1087488K
  class space    used 4309K, capacity 4488K, committed 4604K, reserved 1048576K
2015-12-06T20:36:19.372+0530: 2545.666: [GC (Allocation Failure) 2545.667: [ParNew
Desired survivor size 20112992 bytes, new threshold 8 (max 8)
- age   1:    5124096 bytes,    5124096 total
- age   2:     342104 bytes,    5466200 total
- age   3:     124776 bytes,    5590976 total
- age   4:     116272 bytes,    5707248 total
- age   5:     228544 bytes,    5935792 total
- age   6:     152624 bytes,    6088416 total
- age   7:     148016 bytes,    6236432 total
- age   8:     146424 bytes,    6382856 total
: 99499K->8411K(109248K), 0.0190075 secs] 127974K->36904K(502464K), 0.4420857 secs] [Times: user=0.03 sys=0.00, real=0.45 secs] 
Heap after GC invocations=100 (full 2):
 par new generation   total 109248K, used 8411K [0x00000000e0000000, 0x00000000e8000000, 0x00000000e8000000)
  eden space 87424K,   0% used [0x00000000e0000000, 0x00000000e0000000, 0x00000000e5560000)
  from space 21824K,  38% used [0x00000000e5560000, 0x00000000e5d96cd0, 0x00000000e6ab0000)
  to   space 21824K,   0% used [0x00000000e6ab0000, 0x00000000e6ab0000, 0x00000000e8000000)
 concurrent mark-sweep generation total 393216K, used 28493K [0x00000000e8000000, 0x0000000100000000, 0x0000000100000000)
 Metaspace       used 40984K, capacity 41504K, committed 41964K, reserved 1087488K
  class space    used 4309K, capacity 4488K, committed 4604K, reserved 1048576K
}
2015-12-06T20:36:19.815+0530: 2546.109: Total time for which application threads were stopped: 0.4432414 seconds, Stopping threads took: 0.0000629 seconds
2015-12-06T20:36:19.862+0530: 2546.156: Total time for which application threads were stopped: 0.0001911 seconds, Stopping threads took: 0.0000270 seconds
2015-12-06T20:36:25.283+0530: 2551.577: Total time for which application threads were stopped: 0.0002595 seconds, Stopping threads took: 0.0000385 seconds
2015-12-06T20:36:25.284+0530: 2551.577: Total time for which application threads were stopped: 0.0001358 seconds, Stopping threads took: 0.0000159 seconds
2015-12-06T20:36:28.694+0530: 2554.987: Total time for which application threads were stopped: 0.0004159 seconds, Stopping threads took: 0.0000760 seconds
2015-12-06T20:36:28.694+0530: 2554.988: Total time for which application threads were stopped: 0.0004234 seconds, Stopping threads took: 0.0001107 seconds
2015-12-06T20:36:29.572+0530: 2555.866: Total time for which application threads were stopped: 0.0002474 seconds, Stopping threads took: 0.0000648 seconds
2015-12-06T20:36:30.783+0530: 2557.077: Total time for which application threads were stopped: 0.0005222 seconds, Stopping threads took: 0.0001262 seconds
2015-12-06T20:36:31.203+0530: 2557.497: Total time for which application threads were stopped: 0.0002661 seconds, Stopping threads took: 0.0000709 seconds
2015-12-06T20:36:31.203+0530: 2557.497: Total time for which application threads were stopped: 0.0001285 seconds, Stopping threads took: 0.0000299 seconds
2015-12-06T20:36:31.203+0530: 2557.497: Total time for which application threads were stopped: 0.0001196 seconds, Stopping threads took: 0.0000263 seconds
2015-12-06T20:36:34.312+0530: 2560.606: Total time for which application threads were stopped: 0.0006555 seconds, Stopping threads took: 0.0002226 seconds
2015-12-06T20:36:36.989+0530: 2563.283: Total time for which application threads were stopped: 0.0005124 seconds, Stopping threads took: 0.0001570 seconds
2015-12-06T20:36:41.108+0530: 2567.402: Total time for which application threads were stopped: 0.0063854 seconds, Stopping threads took: 0.0061206 seconds
2015-12-06T20:36:41.971+0530: 2568.265: Total time for which application threads were stopped: 0.0007699 seconds, Stopping threads took: 0.0002496 seconds
2015-12-06T20:36:41.998+0530: 2568.292: Total time for which application threads were stopped: 0.0003247 seconds, Stopping threads took: 0.0001509 seconds
2015-12-06T20:36:42.449+0530: 2568.742: Total time for which application threads were stopped: 0.0041899 seconds, Stopping threads took: 0.0039261 seconds
2015-12-06T20:36:42.789+0530: 2569.083: Total time for which application threads were stopped: 0.0002827 seconds, Stopping threads took: 0.0000640 seconds
2015-12-06T20:36:43.230+0530: 2569.524: Total time for which application threads were stopped: 0.0046034 seconds, Stopping threads took: 0.0041102 seconds
2015-12-06T20:36:43.281+0530: 2569.575: Total time for which application threads were stopped: 0.0031181 seconds, Stopping threads took: 0.0029323 seconds
2015-12-06T20:36:43.281+0530: 2569.575: Total time for which application threads were stopped: 0.0001284 seconds, Stopping threads took: 0.0000427 seconds
{Heap before GC invocations=100 (full 2):
 par new generation   total 109248K, used 95835K [0x00000000e0000000, 0x00000000e8000000, 0x00000000e8000000)
  eden space 87424K, 100% used [0x00000000e0000000, 0x00000000e5560000, 0x00000000e5560000)
  from space 21824K,  38% used [0x00000000e5560000, 0x00000000e5d96cd0, 0x00000000e6ab0000)
  to   space 21824K,   0% used [0x00000000e6ab0000, 0x00000000e6ab0000, 0x00000000e8000000)
 concurrent mark-sweep generation total 393216K, used 28493K [0x00000000e8000000, 0x0000000100000000, 0x0000000100000000)
 Metaspace       used 40984K, capacity 41504K, committed 41964K, reserved 1087488K
  class space    used 4309K, capacity 4488K, committed 4604K, reserved 1048576K
2015-12-06T20:36:44.394+0530: 2570.688: [GC (Allocation Failure) 2570.689: [ParNew
Desired survivor size 20112992 bytes, new threshold 8 (max 8)
- age   1:    5534560 bytes,    5534560 total
- age   2:    4435608 bytes,    9970168 total
- age   3:     309360 bytes,   10279528 total
- age   4:      89184 bytes,   10368712 total
- age   5:      94360 bytes,   10463072 total
- age   6:     223176 bytes,   10686248 total
- age   7:     151016 bytes,   10837264 total
- age   8:     148016 bytes,   10985280 total
: 95835K->12270K(109248K), 0.0273799 secs] 124328K->40773K(502464K), 0.3719564 secs] [Times: user=0.05 sys=0.00, real=0.37 secs] 
Heap after GC invocations=101 (full 2):
 par new generation   total 109248K, used 12270K [0x00000000e0000000, 0x00000000e8000000, 0x00000000e8000000)
  eden space 87424K,   0% used [0x00000000e0000000, 0x00000000e0000000, 0x00000000e5560000)
  from space 21824K,  56% used [0x00000000e6ab0000, 0x00000000e76ab8f0, 0x00000000e8000000)
  to   space 21824K,   0% used [0x00000000e5560000, 0x00000000e5560000, 0x00000000e6ab0000)
 concurrent mark-sweep generation total 393216K, used 28503K [0x00000000e8000000, 0x0000000100000000, 0x0000000100000000)
 Metaspace       used 40984K, capacity 41504K, committed 41964K, reserved 1087488K
  class space    used 4309K, capacity 4488K, committed 4604K, reserved 1048576K
}
2015-12-06T20:36:44.767+0530: 2571.061: Total time for which application threads were stopped: 1.4184362 seconds, Stopping threads took: 0.0000377 seconds
2015-12-06T20:36:45.767+0530: 2572.061: Total time for which application threads were stopped: 0.0001939 seconds, Stopping threads took: 0.0000370 seconds
2015-12-06T20:36:46.517+0530: 2572.810: Total time for which application threads were stopped: 0.0002344 seconds, Stopping threads took: 0.0000349 seconds
2015-12-06T20:36:48.257+0530: 2574.550: Total time for which application threads were stopped: 0.0004171 seconds, Stopping threads took: 0.0000616 seconds
2015-12-06T20:37:08.260+0530: 2594.554: Total time for which application threads were stopped: 0.0003403 seconds, Stopping threads took: 0.0000586 seconds
2015-12-06T20:37:11.261+0530: 2597.555: Total time for which application threads were stopped: 0.0005429 seconds, Stopping threads took: 0.0000643 seconds
2015-12-06T20:37:15.262+0530: 2601.555: Total time for which application threads were stopped: 0.0004193 seconds, Stopping threads took: 0.0000588 seconds
2015-12-06T20:37:38.395+0530: 2624.689: Total time for which application threads were stopped: 0.0004564 seconds, Stopping threads took: 0.0000863 seconds
2015-12-06T20:37:39.162+0530: 2625.456: Total time for which application threads were stopped: 0.0004165 seconds, Stopping threads took: 0.0000447 seconds
2015-12-06T20:37:39.163+0530: 2625.457: Total time for which application threads were stopped: 0.0004615 seconds, Stopping threads took: 0.0000436 seconds
2015-12-06T20:37:43.164+0530: 2629.458: Total time for which application threads were stopped: 0.0004123 seconds, Stopping threads took: 0.0000565 seconds
2015-12-06T20:37:44.323+0530: 2630.617: Total time for which application threads were stopped: 0.0002500 seconds, Stopping threads took: 0.0000578 seconds
2015-12-06T20:37:44.323+0530: 2630.617: Total time for which application threads were stopped: 0.0001432 seconds, Stopping threads took: 0.0000319 seconds
2015-12-06T20:37:44.323+0530: 2630.617: Total time for which application threads were stopped: 0.0001441 seconds, Stopping threads took: 0.0000266 seconds
2015-12-06T20:37:44.323+0530: 2630.617: Total time for which application threads were stopped: 0.0001180 seconds, Stopping threads took: 0.0000164 seconds
2015-12-06T20:37:44.324+0530: 2630.617: Total time for which application threads were stopped: 0.0001350 seconds, Stopping threads took: 0.0000264 seconds
2015-12-06T20:37:44.325+0530: 2630.619: Total time for which application threads were stopped: 0.0002598 seconds, Stopping threads took: 0.0000801 seconds
2015-12-06T20:37:44.329+0530: 2630.623: Total time for which application threads were stopped: 0.0002019 seconds, Stopping threads took: 0.0000318 seconds
2015-12-06T20:37:44.330+0530: 2630.624: Total time for which application threads were stopped: 0.0002029 seconds, Stopping threads took: 0.0000264 seconds
2015-12-06T20:37:44.330+0530: 2630.624: Total time for which application threads were stopped: 0.0002238 seconds, Stopping threads took: 0.0000440 seconds
2015-12-06T20:37:44.954+0530: 2631.248: Total time for which application threads were stopped: 0.0001918 seconds, Stopping threads took: 0.0000252 seconds
2015-12-06T20:37:46.411+0530: 2632.705: Total time for which application threads were stopped: 0.0011357 seconds, Stopping threads took: 0.0001553 seconds
2015-12-06T20:37:51.024+0530: 2637.318: Total time for which application threads were stopped: 0.0002670 seconds, Stopping threads took: 0.0000391 seconds
2015-12-06T20:37:51.027+0530: 2637.321: Total time for which application threads were stopped: 0.0002377 seconds, Stopping threads took: 0.0000287 seconds
2015-12-06T20:37:51.053+0530: 2637.347: Total time for which application threads were stopped: 0.0002727 seconds, Stopping threads took: 0.0000495 seconds
2015-12-06T20:37:51.053+0530: 2637.347: Total time for which application threads were stopped: 0.0001297 seconds, Stopping threads took: 0.0000411 seconds
2015-12-06T20:37:51.053+0530: 2637.347: Total time for which application threads were stopped: 0.0000975 seconds, Stopping threads took: 0.0000238 seconds
2015-12-06T20:37:51.649+0530: 2637.943: Total time for which application threads were stopped: 0.0002185 seconds, Stopping threads took: 0.0000334 seconds
2015-12-06T20:37:52.306+0530: 2638.600: Total time for which application threads were stopped: 0.0001808 seconds, Stopping threads took: 0.0000316 seconds
2015-12-06T20:37:54.307+0530: 2640.601: Total time for which application threads were stopped: 0.0004397 seconds, Stopping threads took: 0.0000573 seconds
2015-12-06T20:37:54.897+0530: 2641.191: Total time for which application threads were stopped: 0.0005695 seconds, Stopping threads took: 0.0001000 seconds
2015-12-06T20:37:54.897+0530: 2641.191: Total time for which application threads were stopped: 0.0004542 seconds, Stopping threads took: 0.0000502 seconds
{Heap before GC invocations=101 (full 2):
 par new generation   total 109248K, used 99694K [0x00000000e0000000, 0x00000000e8000000, 0x00000000e8000000)
  eden space 87424K, 100% used [0x00000000e0000000, 0x00000000e5560000, 0x00000000e5560000)
  from space 21824K,  56% used [0x00000000e6ab0000, 0x00000000e76ab8f0, 0x00000000e8000000)
  to   space 21824K,   0% used [0x00000000e5560000, 0x00000000e5560000, 0x00000000e6ab0000)
 concurrent mark-sweep generation total 393216K, used 28503K [0x00000000e8000000, 0x0000000100000000, 0x0000000100000000)
 Metaspace       used 40994K, capacity 41504K, committed 41964K, reserved 1087488K
  class space    used 4309K, capacity 4488K, committed 4604K, reserved 1048576K
2015-12-06T20:37:55.751+0530: 2642.045: [GC (Allocation Failure) 2642.243: [ParNew
Desired survivor size 20112992 bytes, new threshold 8 (max 8)
- age   1:    1991512 bytes,    1991512 total
- age   2:    4102848 bytes,    6094360 total
- age   3:     188688 bytes,    6283048 total
- age   4:     163008 bytes,    6446056 total
- age   5:      87240 bytes,    6533296 total
- age   6:      92800 bytes,    6626096 total
- age   7:     222352 bytes,    6848448 total
- age   8:     151016 bytes,    6999464 total
: 99694K->13295K(109248K), 0.0165468 secs] 128197K->41811K(502464K), 0.2148184 secs] [Times: user=0.05 sys=0.00, real=0.22 secs] 
Heap after GC invocations=102 (full 2):
 par new generation   total 109248K, used 13295K [0x00000000e0000000, 0x00000000e8000000, 0x00000000e8000000)
  eden space 87424K,   0% used [0x00000000e0000000, 0x00000000e0000000, 0x00000000e5560000)
  from space 21824K,  60% used [0x00000000e5560000, 0x00000000e625bf70, 0x00000000e6ab0000)
  to   space 21824K,   0% used [0x00000000e6ab0000, 0x00000000e6ab0000, 0x00000000e8000000)
 concurrent mark-sweep generation total 393216K, used 28515K [0x00000000e8000000, 0x0000000100000000, 0x0000000100000000)
 Metaspace       used 40994K, capacity 41504K, committed 41964K, reserved 1087488K
  class space    used 4309K, capacity 4488K, committed 4604K, reserved 1048576K
}
2015-12-06T20:37:55.966+0530: 2642.260: Total time for which application threads were stopped: 0.2154101 seconds, Stopping threads took: 0.0000552 seconds
2015-12-06T20:38:03.968+0530: 2650.262: Total time for which application threads were stopped: 0.0003904 seconds, Stopping threads took: 0.0000568 seconds
2015-12-06T20:38:05.345+0530: 2651.639: Total time for which application threads were stopped: 0.0063349 seconds, Stopping threads took: 0.0060871 seconds
2015-12-06T20:38:05.346+0530: 2651.640: Total time for which application threads were stopped: 0.0008821 seconds, Stopping threads took: 0.0006805 seconds
2015-12-06T20:38:05.347+0530: 2651.641: Total time for which application threads were stopped: 0.0001611 seconds, Stopping threads took: 0.0000197 seconds
2015-12-06T20:38:05.347+0530: 2651.641: Total time for which application threads were stopped: 0.0000981 seconds, Stopping threads took: 0.0000120 seconds
2015-12-06T20:38:07.347+0530: 2653.641: Total time for which application threads were stopped: 0.0002625 seconds, Stopping threads took: 0.0000543 seconds
2015-12-06T20:38:21.765+0530: 2668.059: Total time for which application threads were stopped: 0.0001980 seconds, Stopping threads took: 0.0000298 seconds
2015-12-06T20:38:21.765+0530: 2668.059: Total time for which application threads were stopped: 0.0000818 seconds, Stopping threads took: 0.0000152 seconds
2015-12-06T20:38:33.608+0530: 2679.902: Total time for which application threads were stopped: 0.0002612 seconds, Stopping threads took: 0.0000511 seconds
2015-12-06T20:38:33.608+0530: 2679.902: Total time for which application threads were stopped: 0.0001119 seconds, Stopping threads took: 0.0000154 seconds
2015-12-06T20:38:33.609+0530: 2679.903: Total time for which application threads were stopped: 0.0001696 seconds, Stopping threads took: 0.0000430 seconds
2015-12-06T20:38:34.203+0530: 2680.497: Total time for which application threads were stopped: 0.0002573 seconds, Stopping threads took: 0.0000372 seconds
2015-12-06T20:38:34.205+0530: 2680.499: Total time for which application threads were stopped: 0.0003205 seconds, Stopping threads took: 0.0001073 seconds
2015-12-06T20:38:34.208+0530: 2680.502: Total time for which application threads were stopped: 0.0003101 seconds, Stopping threads took: 0.0000673 seconds
2015-12-06T20:38:34.208+0530: 2680.502: Total time for which application threads were stopped: 0.0002765 seconds, Stopping threads took: 0.0000538 seconds
2015-12-06T20:38:34.209+0530: 2680.503: Total time for which application threads were stopped: 0.0001841 seconds, Stopping threads took: 0.0000491 seconds
2015-12-06T20:38:34.209+0530: 2680.503: Total time for which application threads were stopped: 0.0001978 seconds, Stopping threads took: 0.0000501 seconds
{Heap before GC invocations=102 (full 2):
 par new generation   total 109248K, used 100703K [0x00000000e0000000, 0x00000000e8000000, 0x00000000e8000000)
  eden space 87424K,  99% used [0x00000000e0000000, 0x00000000e555c048, 0x00000000e5560000)
  from space 21824K,  60% used [0x00000000e5560000, 0x00000000e625bf70, 0x00000000e6ab0000)
  to   space 21824K,   0% used [0x00000000e6ab0000, 0x00000000e6ab0000, 0x00000000e8000000)
 concurrent mark-sweep generation total 393216K, used 28515K [0x00000000e8000000, 0x0000000100000000, 0x0000000100000000)
 Metaspace       used 40995K, capacity 41504K, committed 41964K, reserved 1087488K
  class space    used 4309K, capacity 4488K, committed 4604K, reserved 1048576K
2015-12-06T20:38:34.217+0530: 2680.510: [GC (Allocation Failure) 2680.511: [ParNew
Desired survivor size 20112992 bytes, new threshold 8 (max 8)
- age   1:    5326048 bytes,    5326048 total
- age   2:     416088 bytes,    5742136 total
- age   3:     266232 bytes,    6008368 total
- age   4:     154216 bytes,    6162584 total
- age   5:     147624 bytes,    6310208 total
- age   6:      84608 bytes,    6394816 total
- age   7:      92776 bytes,    6487592 total
- age   8:     154664 bytes,    6642256 total
: 100703K->8743K(109248K), 0.0098749 secs] 129219K->37340K(502464K), 0.0101346 secs] [Times: user=0.02 sys=0.00, real=0.01 secs] 
Heap after GC invocations=103 (full 2):
 par new generation   total 109248K, used 8743K [0x00000000e0000000, 0x00000000e8000000, 0x00000000e8000000)
  eden space 87424K,   0% used [0x00000000e0000000, 0x00000000e0000000, 0x00000000e5560000)
  from space 21824K,  40% used [0x00000000e6ab0000, 0x00000000e7339ff0, 0x00000000e8000000)
  to   space 21824K,   0% used [0x00000000e5560000, 0x00000000e5560000, 0x00000000e6ab0000)
 concurrent mark-sweep generation total 393216K, used 28596K [0x00000000e8000000, 0x0000000100000000, 0x0000000100000000)
 Metaspace       used 40995K, capacity 41504K, committed 41964K, reserved 1087488K
  class space    used 4309K, capacity 4488K, committed 4604K, reserved 1048576K
}
2015-12-06T20:38:34.227+0530: 2680.521: Total time for which application threads were stopped: 0.0107900 seconds, Stopping threads took: 0.0000526 seconds
2015-12-06T20:38:35.284+0530: 2681.578: Total time for which application threads were stopped: 0.0004371 seconds, Stopping threads took: 0.0001267 seconds
2015-12-06T20:38:35.363+0530: 2681.657: Total time for which application threads were stopped: 0.0002389 seconds, Stopping threads took: 0.0000318 seconds
2015-12-06T20:38:35.403+0530: 2681.697: Total time for which application threads were stopped: 0.0002930 seconds, Stopping threads took: 0.0000690 seconds
2015-12-06T20:38:36.360+0530: 2682.654: Total time for which application threads were stopped: 0.0002261 seconds, Stopping threads took: 0.0000348 seconds
2015-12-06T20:39:05.333+0530: 2711.627: Total time for which application threads were stopped: 0.0004019 seconds, Stopping threads took: 0.0001369 seconds
2015-12-06T20:39:08.603+0530: 2714.897: Total time for which application threads were stopped: 0.0002013 seconds, Stopping threads took: 0.0000274 seconds
2015-12-06T20:39:10.086+0530: 2716.379: Total time for which application threads were stopped: 0.0002431 seconds, Stopping threads took: 0.0000296 seconds
2015-12-06T20:39:10.086+0530: 2716.380: Total time for which application threads were stopped: 0.0001298 seconds, Stopping threads took: 0.0000127 seconds
2015-12-06T20:39:14.087+0530: 2720.381: Total time for which application threads were stopped: 0.0003858 seconds, Stopping threads took: 0.0000556 seconds
2015-12-06T20:39:20.013+0530: 2726.306: Total time for which application threads were stopped: 0.0002302 seconds, Stopping threads took: 0.0000345 seconds
2015-12-06T20:39:20.013+0530: 2726.307: Total time for which application threads were stopped: 0.0000848 seconds, Stopping threads took: 0.0000121 seconds
2015-12-06T20:39:26.162+0530: 2732.456: Total time for which application threads were stopped: 0.0002794 seconds, Stopping threads took: 0.0000636 seconds
2015-12-06T20:39:26.162+0530: 2732.456: Total time for which application threads were stopped: 0.0001499 seconds, Stopping threads took: 0.0000352 seconds
2015-12-06T20:39:26.842+0530: 2733.136: Total time for which application threads were stopped: 0.0003691 seconds, Stopping threads took: 0.0001552 seconds
2015-12-06T20:39:26.855+0530: 2733.149: Total time for which application threads were stopped: 0.0002126 seconds, Stopping threads took: 0.0000364 seconds
2015-12-06T20:39:26.855+0530: 2733.149: Total time for which application threads were stopped: 0.0001329 seconds, Stopping threads took: 0.0000284 seconds
2015-12-06T20:39:29.734+0530: 2736.028: Total time for which application threads were stopped: 0.0002176 seconds, Stopping threads took: 0.0000512 seconds
2015-12-06T20:39:29.734+0530: 2736.028: Total time for which application threads were stopped: 0.0001106 seconds, Stopping threads took: 0.0000196 seconds
2015-12-06T20:39:29.734+0530: 2736.028: Total time for which application threads were stopped: 0.0001036 seconds, Stopping threads took: 0.0000187 seconds
2015-12-06T20:39:30.554+0530: 2736.848: Total time for which application threads were stopped: 0.0004889 seconds, Stopping threads took: 0.0000622 seconds
2015-12-06T20:39:32.467+0530: 2738.760: Total time for which application threads were stopped: 0.0004864 seconds, Stopping threads took: 0.0000553 seconds
2015-12-06T20:39:35.443+0530: 2741.736: Total time for which application threads were stopped: 0.0004375 seconds, Stopping threads took: 0.0000814 seconds
2015-12-06T20:39:36.648+0530: 2742.942: Total time for which application threads were stopped: 0.0001980 seconds, Stopping threads took: 0.0000369 seconds
2015-12-06T20:39:38.314+0530: 2744.608: Total time for which application threads were stopped: 0.0002703 seconds, Stopping threads took: 0.0000270 seconds
{Heap before GC invocations=103 (full 2):
 par new generation   total 109248K, used 96167K [0x00000000e0000000, 0x00000000e8000000, 0x00000000e8000000)
  eden space 87424K, 100% used [0x00000000e0000000, 0x00000000e5560000, 0x00000000e5560000)
  from space 21824K,  40% used [0x00000000e6ab0000, 0x00000000e7339ff0, 0x00000000e8000000)
  to   space 21824K,   0% used [0x00000000e5560000, 0x00000000e5560000, 0x00000000e6ab0000)
 concurrent mark-sweep generation total 393216K, used 28596K [0x00000000e8000000, 0x0000000100000000, 0x0000000100000000)
 Metaspace       used 40995K, capacity 41504K, committed 41964K, reserved 1087488K
  class space    used 4309K, capacity 4488K, committed 4604K, reserved 1048576K
2015-12-06T20:39:41.635+0530: 2747.929: [GC (Allocation Failure) 2748.002: [ParNew
Desired survivor size 20112992 bytes, new threshold 8 (max 8)
- age   1:    1448336 bytes,    1448336 total
- age   2:    4306088 bytes,    5754424 total
- age   3:     186096 bytes,    5940520 total
- age   4:     160752 bytes,    6101272 total
- age   5:     154216 bytes,    6255488 total
- age   6:     147624 bytes,    6403112 total
- age   7:      83800 bytes,    6486912 total
- age   8:      92696 bytes,    6579608 total
: 96167K->8267K(109248K), 0.0100926 secs] 124764K->36948K(502464K), 0.1891278 secs] [Times: user=0.01 sys=0.00, real=0.19 secs] 
Heap after GC invocations=104 (full 2):
 par new generation   total 109248K, used 8267K [0x00000000e0000000, 0x00000000e8000000, 0x00000000e8000000)
  eden space 87424K,   0% used [0x00000000e0000000, 0x00000000e0000000, 0x00000000e5560000)
  from space 21824K,  37% used [0x00000000e5560000, 0x00000000e5d72cc0, 0x00000000e6ab0000)
  to   space 21824K,   0% used [0x00000000e6ab0000, 0x00000000e6ab0000, 0x00000000e8000000)
 concurrent mark-sweep generation total 393216K, used 28681K [0x00000000e8000000, 0x0000000100000000, 0x0000000100000000)
 Metaspace       used 40995K, capacity 41504K, committed 41964K, reserved 1087488K
  class space    used 4309K, capacity 4488K, committed 4604K, reserved 1048576K
}
2015-12-06T20:39:41.825+0530: 2748.119: Total time for which application threads were stopped: 0.1896349 seconds, Stopping threads took: 0.0000272 seconds
2015-12-06T20:39:42.283+0530: 2748.577: Total time for which application threads were stopped: 0.0001733 seconds, Stopping threads took: 0.0000371 seconds
2015-12-06T20:39:43.691+0530: 2749.985: Total time for which application threads were stopped: 0.0002308 seconds, Stopping threads took: 0.0000321 seconds
2015-12-06T20:39:45.329+0530: 2751.623: Total time for which application threads were stopped: 0.0005794 seconds, Stopping threads took: 0.0000488 seconds
2015-12-06T20:39:45.331+0530: 2751.625: Total time for which application threads were stopped: 0.0002571 seconds, Stopping threads took: 0.0000522 seconds
2015-12-06T20:39:45.897+0530: 2752.190: Total time for which application threads were stopped: 0.0002563 seconds, Stopping threads took: 0.0000659 seconds
2015-12-06T20:39:46.801+0530: 2753.095: Total time for which application threads were stopped: 0.0001815 seconds, Stopping threads took: 0.0000387 seconds
2015-12-06T20:39:46.801+0530: 2753.095: Total time for which application threads were stopped: 0.0001824 seconds, Stopping threads took: 0.0000462 seconds
2015-12-06T20:39:46.802+0530: 2753.095: Total time for which application threads were stopped: 0.0001312 seconds, Stopping threads took: 0.0000418 seconds
2015-12-06T20:39:51.065+0530: 2757.359: Total time for which application threads were stopped: 0.1053435 seconds, Stopping threads took: 0.1048350 seconds
2015-12-06T20:40:23.260+0530: 2789.554: Total time for which application threads were stopped: 0.0005725 seconds, Stopping threads took: 0.0001369 seconds
2015-12-06T20:40:23.261+0530: 2789.555: Total time for which application threads were stopped: 0.0003571 seconds, Stopping threads took: 0.0001199 seconds
2015-12-06T20:40:23.518+0530: 2789.812: Total time for which application threads were stopped: 0.0023277 seconds, Stopping threads took: 0.0021303 seconds
2015-12-06T20:40:23.518+0530: 2789.812: Total time for which application threads were stopped: 0.0001273 seconds, Stopping threads took: 0.0000158 seconds
2015-12-06T20:40:23.519+0530: 2789.812: Total time for which application threads were stopped: 0.0001132 seconds, Stopping threads took: 0.0000110 seconds
2015-12-06T20:40:23.519+0530: 2789.813: Total time for which application threads were stopped: 0.0001058 seconds, Stopping threads took: 0.0000092 seconds
2015-12-06T20:40:23.519+0530: 2789.813: Total time for which application threads were stopped: 0.0001112 seconds, Stopping threads took: 0.0000097 seconds
2015-12-06T20:40:23.519+0530: 2789.813: Total time for which application threads were stopped: 0.0001102 seconds, Stopping threads took: 0.0000096 seconds
2015-12-06T20:40:23.522+0530: 2789.816: Total time for which application threads were stopped: 0.0004924 seconds, Stopping threads took: 0.0000543 seconds
2015-12-06T20:40:23.556+0530: 2789.850: Total time for which application threads were stopped: 0.0002780 seconds, Stopping threads took: 0.0000991 seconds
2015-12-06T20:40:23.556+0530: 2789.850: Total time for which application threads were stopped: 0.0003983 seconds, Stopping threads took: 0.0000494 seconds
2015-12-06T20:40:24.550+0530: 2790.844: Total time for which application threads were stopped: 0.0003122 seconds, Stopping threads took: 0.0000704 seconds
2015-12-06T20:40:24.551+0530: 2790.845: Total time for which application threads were stopped: 0.0007852 seconds, Stopping threads took: 0.0006765 seconds
2015-12-06T20:40:24.584+0530: 2790.878: Total time for which application threads were stopped: 0.0002777 seconds, Stopping threads took: 0.0000448 seconds
{Heap before GC invocations=104 (full 2):
 par new generation   total 109248K, used 95691K [0x00000000e0000000, 0x00000000e8000000, 0x00000000e8000000)
  eden space 87424K, 100% used [0x00000000e0000000, 0x00000000e5560000, 0x00000000e5560000)
  from space 21824K,  37% used [0x00000000e5560000, 0x00000000e5d72cc0, 0x00000000e6ab0000)
  to   space 21824K,   0% used [0x00000000e6ab0000, 0x00000000e6ab0000, 0x00000000e8000000)
 concurrent mark-sweep generation total 393216K, used 28681K [0x00000000e8000000, 0x0000000100000000, 0x0000000100000000)
 Metaspace       used 40997K, capacity 41504K, committed 41964K, reserved 1087488K
  class space    used 4309K, capacity 4488K, committed 4604K, reserved 1048576K
2015-12-06T20:40:24.607+0530: 2790.901: [GC (Allocation Failure) 2790.901: [ParNew
Desired survivor size 20112992 bytes, new threshold 8 (max 8)
- age   1:    5847152 bytes,    5847152 total
- age   2:     529264 bytes,    6376416 total
- age   3:     108392 bytes,    6484808 total
- age   4:     164208 bytes,    6649016 total
- age   5:     153336 bytes,    6802352 total
- age   6:     154192 bytes,    6956544 total
- age   7:     147624 bytes,    7104168 total
- age   8:      16136 bytes,    7120304 total
: 95691K->9880K(109248K), 0.0124049 secs] 124372K->38652K(502464K), 0.0133520 secs] [Times: user=0.03 sys=0.00, real=0.01 secs] 
Heap after GC invocations=105 (full 2):
 par new generation   total 109248K, used 9880K [0x00000000e0000000, 0x00000000e8000000, 0x00000000e8000000)
  eden space 87424K,   0% used [0x00000000e0000000, 0x00000000e0000000, 0x00000000e5560000)
  from space 21824K,  45% used [0x00000000e6ab0000, 0x00000000e7456078, 0x00000000e8000000)
  to   space 21824K,   0% used [0x00000000e5560000, 0x00000000e5560000, 0x00000000e6ab0000)
 concurrent mark-sweep generation total 393216K, used 28772K [0x00000000e8000000, 0x0000000100000000, 0x0000000100000000)
 Metaspace       used 40997K, capacity 41504K, committed 41964K, reserved 1087488K
  class space    used 4309K, capacity 4488K, committed 4604K, reserved 1048576K
}
2015-12-06T20:40:24.620+0530: 2790.914: Total time for which application threads were stopped: 0.0138557 seconds, Stopping threads took: 0.0000361 seconds
2015-12-06T20:40:32.177+0530: 2798.471: Total time for which application threads were stopped: 0.0013387 seconds, Stopping threads took: 0.0000586 seconds
2015-12-06T20:40:43.179+0530: 2809.473: Total time for which application threads were stopped: 0.0003132 seconds, Stopping threads took: 0.0000448 seconds
2015-12-06T20:40:44.080+0530: 2810.374: Total time for which application threads were stopped: 0.0002694 seconds, Stopping threads took: 0.0000415 seconds
2015-12-06T20:40:44.081+0530: 2810.374: Total time for which application threads were stopped: 0.0002287 seconds, Stopping threads took: 0.0000528 seconds
2015-12-06T20:40:44.081+0530: 2810.375: Total time for which application threads were stopped: 0.0001613 seconds, Stopping threads took: 0.0000346 seconds
2015-12-06T20:40:46.424+0530: 2812.718: Total time for which application threads were stopped: 0.0002226 seconds, Stopping threads took: 0.0000302 seconds
2015-12-06T20:40:49.424+0530: 2815.718: Total time for which application threads were stopped: 0.0002201 seconds, Stopping threads took: 0.0000335 seconds
2015-12-06T20:40:50.797+0530: 2817.091: Total time for which application threads were stopped: 0.0002730 seconds, Stopping threads took: 0.0000629 seconds
2015-12-06T20:40:50.797+0530: 2817.091: Total time for which application threads were stopped: 0.0001677 seconds, Stopping threads took: 0.0000461 seconds
2015-12-06T20:40:51.393+0530: 2817.687: Total time for which application threads were stopped: 0.0003040 seconds, Stopping threads took: 0.0000587 seconds
2015-12-06T20:40:51.474+0530: 2817.768: Total time for which application threads were stopped: 0.0002671 seconds, Stopping threads took: 0.0000344 seconds
2015-12-06T20:40:51.476+0530: 2817.770: Total time for which application threads were stopped: 0.0002909 seconds, Stopping threads took: 0.0000810 seconds
2015-12-06T20:40:51.481+0530: 2817.775: Total time for which application threads were stopped: 0.0036885 seconds, Stopping threads took: 0.0030626 seconds
2015-12-06T20:40:53.625+0530: 2819.919: Total time for which application threads were stopped: 0.0022348 seconds, Stopping threads took: 0.0018567 seconds
2015-12-06T20:40:57.683+0530: 2823.977: Total time for which application threads were stopped: 0.0005530 seconds, Stopping threads took: 0.0001505 seconds
2015-12-06T20:40:57.684+0530: 2823.978: Total time for which application threads were stopped: 0.0003219 seconds, Stopping threads took: 0.0000843 seconds
2015-12-06T20:41:01.629+0530: 2827.923: Total time for which application threads were stopped: 0.0008520 seconds, Stopping threads took: 0.0000562 seconds
2015-12-06T20:41:03.886+0530: 2830.180: Total time for which application threads were stopped: 0.0005163 seconds, Stopping threads took: 0.0000868 seconds
{Heap before GC invocations=105 (full 2):
 par new generation   total 109248K, used 97304K [0x00000000e0000000, 0x00000000e8000000, 0x00000000e8000000)
  eden space 87424K, 100% used [0x00000000e0000000, 0x00000000e5560000, 0x00000000e5560000)
  from space 21824K,  45% used [0x00000000e6ab0000, 0x00000000e7456078, 0x00000000e8000000)
  to   space 21824K,   0% used [0x00000000e5560000, 0x00000000e5560000, 0x00000000e6ab0000)
 concurrent mark-sweep generation total 393216K, used 28772K [0x00000000e8000000, 0x0000000100000000, 0x0000000100000000)
 Metaspace       used 40997K, capacity 41504K, committed 41964K, reserved 1087488K
  class space    used 4309K, capacity 4488K, committed 4604K, reserved 1048576K
2015-12-06T20:41:03.888+0530: 2830.181: [GC (Allocation Failure) 2830.182: [ParNew
Desired survivor size 20112992 bytes, new threshold 8 (max 8)
- age   1:    5208792 bytes,    5208792 total
- age   2:     272720 bytes,    5481512 total
- age   3:     276736 bytes,    5758248 total
- age   4:      36024 bytes,    5794272 total
- age   5:     154096 bytes,    5948368 total
- age   6:     145888 bytes,    6094256 total
- age   7:     152600 bytes,    6246856 total
- age   8:     147624 bytes,    6394480 total
: 97304K->9042K(109248K), 0.2796973 secs] 126076K->37830K(502464K), 0.5178566 secs] [Times: user=0.04 sys=0.00, real=0.52 secs] 
Heap after GC invocations=106 (full 2):
 par new generation   total 109248K, used 9042K [0x00000000e0000000, 0x00000000e8000000, 0x00000000e8000000)
  eden space 87424K,   0% used [0x00000000e0000000, 0x00000000e0000000, 0x00000000e5560000)
  from space 21824K,  41% used [0x00000000e5560000, 0x00000000e5e34ab8, 0x00000000e6ab0000)
  to   space 21824K,   0% used [0x00000000e6ab0000, 0x00000000e6ab0000, 0x00000000e8000000)
 concurrent mark-sweep generation total 393216K, used 28788K [0x00000000e8000000, 0x0000000100000000, 0x0000000100000000)
 Metaspace       used 40997K, capacity 41504K, committed 41964K, reserved 1087488K
  class space    used 4309K, capacity 4488K, committed 4604K, reserved 1048576K
}
2015-12-06T20:41:04.406+0530: 2830.700: Total time for which application threads were stopped: 0.5194112 seconds, Stopping threads took: 0.0000482 seconds
2015-12-06T20:41:05.521+0530: 2831.815: Total time for which application threads were stopped: 0.0005137 seconds, Stopping threads took: 0.0000703 seconds
2015-12-06T20:41:05.522+0530: 2831.816: Total time for which application threads were stopped: 0.0004088 seconds, Stopping threads took: 0.0000532 seconds
2015-12-06T20:41:12.512+0530: 2838.806: Total time for which application threads were stopped: 0.0005117 seconds, Stopping threads took: 0.0000735 seconds
2015-12-06T20:41:17.610+0530: 2843.904: Total time for which application threads were stopped: 0.0002106 seconds, Stopping threads took: 0.0000325 seconds
2015-12-06T20:41:17.610+0530: 2843.904: Total time for which application threads were stopped: 0.0001131 seconds, Stopping threads took: 0.0000133 seconds
2015-12-06T20:41:22.230+0530: 2848.523: Total time for which application threads were stopped: 0.0002154 seconds, Stopping threads took: 0.0000262 seconds
2015-12-06T20:41:22.230+0530: 2848.524: Total time for which application threads were stopped: 0.0001295 seconds, Stopping threads took: 0.0000163 seconds
2015-12-06T20:41:22.231+0530: 2848.525: Total time for which application threads were stopped: 0.0015656 seconds, Stopping threads took: 0.0000111 seconds
2015-12-06T20:41:27.006+0530: 2853.300: Total time for which application threads were stopped: 0.0002368 seconds, Stopping threads took: 0.0000336 seconds
2015-12-06T20:41:27.269+0530: 2853.563: Total time for which application threads were stopped: 0.0006027 seconds, Stopping threads took: 0.0000577 seconds
2015-12-06T20:41:27.270+0530: 2853.563: Total time for which application threads were stopped: 0.0002902 seconds, Stopping threads took: 0.0000252 seconds
2015-12-06T20:41:27.270+0530: 2853.564: Total time for which application threads were stopped: 0.0002645 seconds, Stopping threads took: 0.0000222 seconds
2015-12-06T20:41:32.270+0530: 2858.563: Total time for which application threads were stopped: 0.0030112 seconds, Stopping threads took: 0.0025313 seconds
2015-12-06T20:41:32.272+0530: 2858.565: Total time for which application threads were stopped: 0.0005540 seconds, Stopping threads took: 0.0001660 seconds
2015-12-06T20:41:32.272+0530: 2858.566: Total time for which application threads were stopped: 0.0003151 seconds, Stopping threads took: 0.0000401 seconds
2015-12-06T20:41:32.272+0530: 2858.566: Total time for which application threads were stopped: 0.0002749 seconds, Stopping threads took: 0.0000537 seconds
2015-12-06T20:41:32.273+0530: 2858.567: Total time for which application threads were stopped: 0.0003286 seconds, Stopping threads took: 0.0001012 seconds
2015-12-06T20:41:33.466+0530: 2859.759: Total time for which application threads were stopped: 0.0002997 seconds, Stopping threads took: 0.0000608 seconds
2015-12-06T20:41:33.496+0530: 2859.790: Total time for which application threads were stopped: 0.0003422 seconds, Stopping threads took: 0.0000905 seconds
2015-12-06T20:41:33.496+0530: 2859.790: Total time for which application threads were stopped: 0.0002361 seconds, Stopping threads took: 0.0000367 seconds
2015-12-06T20:41:37.497+0530: 2863.791: Total time for which application threads were stopped: 0.0004120 seconds, Stopping threads took: 0.0001043 seconds
2015-12-06T20:41:39.567+0530: 2865.861: Total time for which application threads were stopped: 0.0004963 seconds, Stopping threads took: 0.0000664 seconds
2015-12-06T20:41:44.540+0530: 2870.834: Total time for which application threads were stopped: 0.0003812 seconds, Stopping threads took: 0.0000570 seconds
{Heap before GC invocations=106 (full 2):
 par new generation   total 109248K, used 96466K [0x00000000e0000000, 0x00000000e8000000, 0x00000000e8000000)
  eden space 87424K, 100% used [0x00000000e0000000, 0x00000000e5560000, 0x00000000e5560000)
  from space 21824K,  41% used [0x00000000e5560000, 0x00000000e5e34ab8, 0x00000000e6ab0000)
  to   space 21824K,   0% used [0x00000000e6ab0000, 0x00000000e6ab0000, 0x00000000e8000000)
 concurrent mark-sweep generation total 393216K, used 28788K [0x00000000e8000000, 0x0000000100000000, 0x0000000100000000)
 Metaspace       used 41006K, capacity 41568K, committed 41964K, reserved 1087488K
  class space    used 4309K, capacity 4488K, committed 4604K, reserved 1048576K
2015-12-06T20:41:49.798+0530: 2876.092: [GC (Allocation Failure) 2876.093: [ParNew
Desired survivor size 20112992 bytes, new threshold 8 (max 8)
- age   1:    1795176 bytes,    1795176 total
- age   2:    4567920 bytes,    6363096 total
- age   3:     224696 bytes,    6587792 total
- age   4:     237224 bytes,    6825016 total
- age   5:      13144 bytes,    6838160 total
- age   6:     154096 bytes,    6992256 total
- age   7:     145080 bytes,    7137336 total
- age   8:     151824 bytes,    7289160 total
: 96466K->9202K(109248K), 0.0133288 secs] 125254K->38135K(502464K), 0.0138579 secs] [Times: user=0.04 sys=0.01, real=0.01 secs] 
Heap after GC invocations=107 (full 2):
 par new generation   total 109248K, used 9202K [0x00000000e0000000, 0x00000000e8000000, 0x00000000e8000000)
  eden space 87424K,   0% used [0x00000000e0000000, 0x00000000e0000000, 0x00000000e5560000)
  from space 21824K,  42% used [0x00000000e6ab0000, 0x00000000e73acb28, 0x00000000e8000000)
  to   space 21824K,   0% used [0x00000000e5560000, 0x00000000e5560000, 0x00000000e6ab0000)
 concurrent mark-sweep generation total 393216K, used 28932K [0x00000000e8000000, 0x0000000100000000, 0x0000000100000000)
 Metaspace       used 41006K, capacity 41568K, committed 41964K, reserved 1087488K
  class space    used 4309K, capacity 4488K, committed 4604K, reserved 1048576K
}
2015-12-06T20:41:49.812+0530: 2876.106: Total time for which application threads were stopped: 0.0146090 seconds, Stopping threads took: 0.0000806 seconds
2015-12-06T20:41:55.422+0530: 2881.716: Total time for which application threads were stopped: 0.0002322 seconds, Stopping threads took: 0.0000341 seconds
2015-12-06T20:41:55.423+0530: 2881.716: Total time for which application threads were stopped: 0.0001217 seconds, Stopping threads took: 0.0000158 seconds
2015-12-06T20:42:04.436+0530: 2890.729: Total time for which application threads were stopped: 0.0021987 seconds, Stopping threads took: 0.0019300 seconds
2015-12-06T20:42:04.436+0530: 2890.730: Total time for which application threads were stopped: 0.0001807 seconds, Stopping threads took: 0.0000592 seconds
2015-12-06T20:42:04.455+0530: 2890.749: Total time for which application threads were stopped: 0.0005769 seconds, Stopping threads took: 0.0003239 seconds
2015-12-06T20:42:04.455+0530: 2890.749: Total time for which application threads were stopped: 0.0002127 seconds, Stopping threads took: 0.0000457 seconds
2015-12-06T20:42:04.461+0530: 2890.755: Total time for which application threads were stopped: 0.0039647 seconds, Stopping threads took: 0.0037049 seconds
2015-12-06T20:42:13.972+0530: 2900.265: Total time for which application threads were stopped: 0.0006384 seconds, Stopping threads took: 0.0002294 seconds
2015-12-06T20:42:13.972+0530: 2900.266: Total time for which application threads were stopped: 0.0004021 seconds, Stopping threads took: 0.0001176 seconds
2015-12-06T20:42:14.973+0530: 2901.267: Total time for which application threads were stopped: 0.0004193 seconds, Stopping threads took: 0.0000595 seconds
2015-12-06T20:42:23.337+0530: 2909.631: Total time for which application threads were stopped: 0.0010038 seconds, Stopping threads took: 0.0008060 seconds
2015-12-06T20:42:41.634+0530: 2927.928: Total time for which application threads were stopped: 0.0004204 seconds, Stopping threads took: 0.0000519 seconds
{Heap before GC invocations=107 (full 2):
 par new generation   total 109248K, used 96626K [0x00000000e0000000, 0x00000000e8000000, 0x00000000e8000000)
  eden space 87424K, 100% used [0x00000000e0000000, 0x00000000e5560000, 0x00000000e5560000)
  from space 21824K,  42% used [0x00000000e6ab0000, 0x00000000e73acb28, 0x00000000e8000000)
  to   space 21824K,   0% used [0x00000000e5560000, 0x00000000e5560000, 0x00000000e6ab0000)
 concurrent mark-sweep generation total 393216K, used 28932K [0x00000000e8000000, 0x0000000100000000, 0x0000000100000000)
 Metaspace       used 41007K, capacity 41568K, committed 41964K, reserved 1087488K
  class space    used 4309K, capacity 4488K, committed 4604K, reserved 1048576K
2015-12-06T20:42:43.345+0530: 2929.639: [GC (Allocation Failure) 2929.926: [ParNew
Desired survivor size 20112992 bytes, new threshold 8 (max 8)
- age   1:    1699440 bytes,    1699440 total
- age   2:     659168 bytes,    2358608 total
- age   3:    4556536 bytes,    6915144 total
- age   4:     198904 bytes,    7114048 total
- age   5:     236440 bytes,    7350488 total
- age   6:      13144 bytes,    7363632 total
- age   7:     153288 bytes,    7516920 total
- age   8:     145056 bytes,    7661976 total
: 96626K->9641K(109248K), 0.0116732 secs] 125559K->38656K(502464K), 0.5192206 secs] [Times: user=0.03 sys=0.00, real=0.52 secs] 
Heap after GC invocations=108 (full 2):
 par new generation   total 109248K, used 9641K [0x00000000e0000000, 0x00000000e8000000, 0x00000000e8000000)
  eden space 87424K,   0% used [0x00000000e0000000, 0x00000000e0000000, 0x00000000e5560000)
  from space 21824K,  44% used [0x00000000e5560000, 0x00000000e5eca600, 0x00000000e6ab0000)
  to   space 21824K,   0% used [0x00000000e6ab0000, 0x00000000e6ab0000, 0x00000000e8000000)
 concurrent mark-sweep generation total 393216K, used 29014K [0x00000000e8000000, 0x0000000100000000, 0x0000000100000000)
 Metaspace       used 41007K, capacity 41568K, committed 41964K, reserved 1087488K
  class space    used 4309K, capacity 4488K, committed 4604K, reserved 1048576K
}
2015-12-06T20:42:43.865+0530: 2930.159: Total time for which application threads were stopped: 0.5202561 seconds, Stopping threads took: 0.0001438 seconds
2015-12-06T20:42:48.780+0530: 2935.074: Total time for which application threads were stopped: 0.0010068 seconds, Stopping threads took: 0.0007646 seconds
2015-12-06T20:42:50.373+0530: 2936.667: Total time for which application threads were stopped: 0.0002738 seconds, Stopping threads took: 0.0000593 seconds
2015-12-06T20:42:50.373+0530: 2936.667: Total time for which application threads were stopped: 0.0000940 seconds, Stopping threads took: 0.0000121 seconds
2015-12-06T20:42:50.980+0530: 2937.274: Total time for which application threads were stopped: 0.0006737 seconds, Stopping threads took: 0.0001426 seconds
2015-12-06T20:42:50.981+0530: 2937.275: Total time for which application threads were stopped: 0.0007367 seconds, Stopping threads took: 0.0003065 seconds
2015-12-06T20:42:51.654+0530: 2937.948: Total time for which application threads were stopped: 0.0014153 seconds, Stopping threads took: 0.0010115 seconds
2015-12-06T20:43:04.385+0530: 2950.679: Total time for which application threads were stopped: 0.0003730 seconds, Stopping threads took: 0.0000577 seconds
2015-12-06T20:43:19.724+0530: 2966.018: Total time for which application threads were stopped: 0.0002431 seconds, Stopping threads took: 0.0000635 seconds
2015-12-06T20:43:19.724+0530: 2966.018: Total time for which application threads were stopped: 0.0001073 seconds, Stopping threads took: 0.0000323 seconds
2015-12-06T20:43:21.763+0530: 2968.057: Total time for which application threads were stopped: 0.0005347 seconds, Stopping threads took: 0.0001404 seconds
2015-12-06T20:43:21.764+0530: 2968.057: Total time for which application threads were stopped: 0.0003392 seconds, Stopping threads took: 0.0001063 seconds
2015-12-06T20:43:21.764+0530: 2968.058: Total time for which application threads were stopped: 0.0003033 seconds, Stopping threads took: 0.0000915 seconds
2015-12-06T20:43:27.028+0530: 2973.322: Total time for which application threads were stopped: 0.0005684 seconds, Stopping threads took: 0.0000725 seconds
2015-12-06T20:43:27.269+0530: 2973.563: Total time for which application threads were stopped: 0.0003990 seconds, Stopping threads took: 0.0000579 seconds
2015-12-06T20:43:27.795+0530: 2974.089: Total time for which application threads were stopped: 0.0002455 seconds, Stopping threads took: 0.0000627 seconds
2015-12-06T20:43:27.796+0530: 2974.090: Total time for which application threads were stopped: 0.0001482 seconds, Stopping threads took: 0.0000345 seconds
2015-12-06T20:43:28.452+0530: 2974.746: Total time for which application threads were stopped: 0.0002155 seconds, Stopping threads took: 0.0000276 seconds
2015-12-06T20:43:34.930+0530: 2981.224: Total time for which application threads were stopped: 0.0003830 seconds, Stopping threads took: 0.0000467 seconds
{Heap before GC invocations=108 (full 2):
 par new generation   total 109248K, used 97060K [0x00000000e0000000, 0x00000000e8000000, 0x00000000e8000000)
  eden space 87424K,  99% used [0x00000000e0000000, 0x00000000e555ed28, 0x00000000e5560000)
  from space 21824K,  44% used [0x00000000e5560000, 0x00000000e5eca600, 0x00000000e6ab0000)
  to   space 21824K,   0% used [0x00000000e6ab0000, 0x00000000e6ab0000, 0x00000000e8000000)
 concurrent mark-sweep generation total 393216K, used 29014K [0x00000000e8000000, 0x0000000100000000, 0x0000000100000000)
 Metaspace       used 41007K, capacity 41568K, committed 41964K, reserved 1087488K
  class space    used 4309K, capacity 4488K, committed 4604K, reserved 1048576K
2015-12-06T20:43:40.383+0530: 2986.677: [GC (Allocation Failure) 2986.677: [ParNew
Desired survivor size 20112992 bytes, new threshold 8 (max 8)
- age   1:    1401232 bytes,    1401232 total
- age   2:     306072 bytes,    1707304 total
- age   3:     252912 bytes,    1960216 total
- age   4:     104120 bytes,    2064336 total
- age   5:     155568 bytes,    2219904 total
- age   6:     234112 bytes,    2454016 total
- age   7:      12344 bytes,    2466360 total
- age   8:     153288 bytes,    2619648 total
: 97060K->4602K(109248K), 0.0157228 secs] 126075K->33693K(502464K), 0.3693067 secs] [Times: user=0.04 sys=0.01, real=0.36 secs] 
Heap after GC invocations=109 (full 2):
 par new generation   total 109248K, used 4602K [0x00000000e0000000, 0x00000000e8000000, 0x00000000e8000000)
  eden space 87424K,   0% used [0x00000000e0000000, 0x00000000e0000000, 0x00000000e5560000)
  from space 21824K,  21% used [0x00000000e6ab0000, 0x00000000e6f2ebe0, 0x00000000e8000000)
  to   space 21824K,   0% used [0x00000000e5560000, 0x00000000e5560000, 0x00000000e6ab0000)
 concurrent mark-sweep generation total 393216K, used 29090K [0x00000000e8000000, 0x0000000100000000, 0x0000000100000000)
 Metaspace       used 41007K, capacity 41568K, committed 41964K, reserved 1087488K
  class space    used 4309K, capacity 4488K, committed 4604K, reserved 1048576K
}
2015-12-06T20:43:40.753+0530: 2987.047: Total time for which application threads were stopped: 0.4522754 seconds, Stopping threads took: 0.0000574 seconds
2015-12-06T20:43:43.860+0530: 2990.154: Total time for which application threads were stopped: 0.0003940 seconds, Stopping threads took: 0.0000665 seconds
2015-12-06T20:43:43.860+0530: 2990.154: Total time for which application threads were stopped: 0.0002338 seconds, Stopping threads took: 0.0000243 seconds
2015-12-06T20:43:43.861+0530: 2990.155: Total time for which application threads were stopped: 0.0006351 seconds, Stopping threads took: 0.0000204 seconds
2015-12-06T20:43:46.856+0530: 2993.150: Total time for which application threads were stopped: 0.0008237 seconds, Stopping threads took: 0.0004329 seconds
2015-12-06T20:43:52.079+0530: 2998.373: Total time for which application threads were stopped: 0.0002571 seconds, Stopping threads took: 0.0000378 seconds
2015-12-06T20:43:52.080+0530: 2998.373: Total time for which application threads were stopped: 0.0001778 seconds, Stopping threads took: 0.0000488 seconds
2015-12-06T20:43:52.094+0530: 2998.388: Total time for which application threads were stopped: 0.0002847 seconds, Stopping threads took: 0.0000752 seconds
2015-12-06T20:43:52.836+0530: 2999.130: Total time for which application threads were stopped: 0.0017301 seconds, Stopping threads took: 0.0013683 seconds
2015-12-06T20:43:53.683+0530: 2999.977: Total time for which application threads were stopped: 0.0009793 seconds, Stopping threads took: 0.0005248 seconds
2015-12-06T20:43:53.715+0530: 3000.009: Total time for which application threads were stopped: 0.0003019 seconds, Stopping threads took: 0.0000779 seconds
2015-12-06T20:43:54.698+0530: 3000.992: Total time for which application threads were stopped: 0.0002815 seconds, Stopping threads took: 0.0000599 seconds
2015-12-06T20:43:54.699+0530: 3000.993: Total time for which application threads were stopped: 0.0003341 seconds, Stopping threads took: 0.0001686 seconds
2015-12-06T20:43:54.700+0530: 3000.994: Total time for which application threads were stopped: 0.0002436 seconds, Stopping threads took: 0.0000900 seconds
2015-12-06T20:43:54.700+0530: 3000.994: Total time for which application threads were stopped: 0.0001313 seconds, Stopping threads took: 0.0000337 seconds
2015-12-06T20:43:55.701+0530: 3001.995: Total time for which application threads were stopped: 0.0004454 seconds, Stopping threads took: 0.0000594 seconds
2015-12-06T20:44:14.004+0530: 3020.298: Total time for which application threads were stopped: 0.0003181 seconds, Stopping threads took: 0.0001266 seconds
2015-12-06T20:44:16.196+0530: 3022.490: Total time for which application threads were stopped: 0.0002179 seconds, Stopping threads took: 0.0000516 seconds
2015-12-06T20:44:16.197+0530: 3022.491: Total time for which application threads were stopped: 0.0000852 seconds, Stopping threads took: 0.0000106 seconds
2015-12-06T20:44:18.996+0530: 3025.290: Total time for which application threads were stopped: 0.0009152 seconds, Stopping threads took: 0.0007325 seconds
2015-12-06T20:44:18.997+0530: 3025.291: Total time for which application threads were stopped: 0.0002252 seconds, Stopping threads took: 0.0000210 seconds
2015-12-06T20:44:20.998+0530: 3027.292: Total time for which application threads were stopped: 0.0004195 seconds, Stopping threads took: 0.0000581 seconds
2015-12-06T20:44:22.218+0530: 3028.512: Total time for which application threads were stopped: 0.0003589 seconds, Stopping threads took: 0.0000521 seconds
2015-12-06T20:44:23.219+0530: 3029.513: Total time for which application threads were stopped: 0.0002998 seconds, Stopping threads took: 0.0000425 seconds
2015-12-06T20:44:24.219+0530: 3030.513: Total time for which application threads were stopped: 0.0002266 seconds, Stopping threads took: 0.0000311 seconds
2015-12-06T20:44:25.472+0530: 3031.766: Total time for which application threads were stopped: 0.0005344 seconds, Stopping threads took: 0.0000377 seconds
2015-12-06T20:44:25.933+0530: 3032.227: Total time for which application threads were stopped: 0.0002081 seconds, Stopping threads took: 0.0000289 seconds
2015-12-06T20:44:26.391+0530: 3032.685: Total time for which application threads were stopped: 0.0003373 seconds, Stopping threads took: 0.0000315 seconds
2015-12-06T20:44:26.391+0530: 3032.685: Total time for which application threads were stopped: 0.0002065 seconds, Stopping threads took: 0.0000224 seconds
2015-12-06T20:44:26.835+0530: 3033.129: Total time for which application threads were stopped: 0.0002656 seconds, Stopping threads took: 0.0000324 seconds
2015-12-06T20:44:26.835+0530: 3033.129: Total time for which application threads were stopped: 0.0001490 seconds, Stopping threads took: 0.0000172 seconds
2015-12-06T20:44:26.835+0530: 3033.129: Total time for which application threads were stopped: 0.0001409 seconds, Stopping threads took: 0.0000377 seconds
2015-12-06T20:44:26.835+0530: 3033.129: Total time for which application threads were stopped: 0.0001549 seconds, Stopping threads took: 0.0000452 seconds
2015-12-06T20:44:27.836+0530: 3034.130: Total time for which application threads were stopped: 0.0003909 seconds, Stopping threads took: 0.0000569 seconds
2015-12-06T20:44:31.837+0530: 3038.130: Total time for which application threads were stopped: 0.0001981 seconds, Stopping threads took: 0.0000310 seconds
2015-12-06T20:44:31.886+0530: 3038.180: Total time for which application threads were stopped: 0.0002536 seconds, Stopping threads took: 0.0000373 seconds
2015-12-06T20:44:32.886+0530: 3039.180: Total time for which application threads were stopped: 0.0003757 seconds, Stopping threads took: 0.0000604 seconds
2015-12-06T20:44:33.477+0530: 3039.771: Total time for which application threads were stopped: 0.0004275 seconds, Stopping threads took: 0.0000728 seconds
{Heap before GC invocations=109 (full 2):
 par new generation   total 109248K, used 92007K [0x00000000e0000000, 0x00000000e8000000, 0x00000000e8000000)
  eden space 87424K,  99% used [0x00000000e0000000, 0x00000000e555b400, 0x00000000e5560000)
  from space 21824K,  21% used [0x00000000e6ab0000, 0x00000000e6f2ebe0, 0x00000000e8000000)
  to   space 21824K,   0% used [0x00000000e5560000, 0x00000000e5560000, 0x00000000e6ab0000)
 concurrent mark-sweep generation total 393216K, used 29090K [0x00000000e8000000, 0x0000000100000000, 0x0000000100000000)
 Metaspace       used 41009K, capacity 41568K, committed 41964K, reserved 1087488K
  class space    used 4309K, capacity 4488K, committed 4604K, reserved 1048576K
2015-12-06T20:44:35.790+0530: 3042.084: [GC (Allocation Failure) 3042.341: [ParNew
Desired survivor size 20112992 bytes, new threshold 8 (max 8)
- age   1:    1553208 bytes,    1553208 total
- age   2:     668040 bytes,    2221248 total
- age   3:     286736 bytes,    2507984 total
- age   4:     235784 bytes,    2743768 total
- age   5:      90656 bytes,    2834424 total
- age   6:     155568 bytes,    2989992 total
- age   7:     219352 bytes,    3209344 total
- age   8:      12320 bytes,    3221664 total
: 92007K->4092K(109248K), 0.0129303 secs] 121098K->33266K(502464K), 0.3252176 secs] [Times: user=0.03 sys=0.00, real=0.33 secs] 
Heap after GC invocations=110 (full 2):
 par new generation   total 109248K, used 4092K [0x00000000e0000000, 0x00000000e8000000, 0x00000000e8000000)
  eden space 87424K,   0% used [0x00000000e0000000, 0x00000000e0000000, 0x00000000e5560000)
  from space 21824K,  18% used [0x00000000e5560000, 0x00000000e595f1c0, 0x00000000e6ab0000)
  to   space 21824K,   0% used [0x00000000e6ab0000, 0x00000000e6ab0000, 0x00000000e8000000)
 concurrent mark-sweep generation total 393216K, used 29174K [0x00000000e8000000, 0x0000000100000000, 0x0000000100000000)
 Metaspace       used 41009K, capacity 41568K, committed 41964K, reserved 1087488K
  class space    used 4309K, capacity 4488K, committed 4604K, reserved 1048576K
}
2015-12-06T20:44:36.116+0530: 3042.410: Total time for which application threads were stopped: 0.3259235 seconds, Stopping threads took: 0.0000533 seconds
2015-12-06T20:44:36.465+0530: 3042.759: Total time for which application threads were stopped: 0.0002396 seconds, Stopping threads took: 0.0000316 seconds
2015-12-06T20:44:41.973+0530: 3048.267: Total time for which application threads were stopped: 0.0002259 seconds, Stopping threads took: 0.0000638 seconds
2015-12-06T20:44:42.012+0530: 3048.306: Total time for which application threads were stopped: 0.0005278 seconds, Stopping threads took: 0.0000991 seconds
2015-12-06T20:44:46.968+0530: 3053.262: Total time for which application threads were stopped: 0.0011885 seconds, Stopping threads took: 0.0008620 seconds
2015-12-06T20:44:46.969+0530: 3053.263: Total time for which application threads were stopped: 0.0001823 seconds, Stopping threads took: 0.0000503 seconds
2015-12-06T20:44:49.065+0530: 3055.358: Total time for which application threads were stopped: 0.0004668 seconds, Stopping threads took: 0.0000779 seconds
2015-12-06T20:44:55.165+0530: 3061.459: Total time for which application threads were stopped: 0.0997080 seconds, Stopping threads took: 0.0994688 seconds
2015-12-06T20:45:03.999+0530: 3070.293: Total time for which application threads were stopped: 0.0003546 seconds, Stopping threads took: 0.0000408 seconds
2015-12-06T20:45:03.999+0530: 3070.293: Total time for which application threads were stopped: 0.0002076 seconds, Stopping threads took: 0.0000285 seconds
2015-12-06T20:45:06.000+0530: 3072.294: Total time for which application threads were stopped: 0.0002520 seconds, Stopping threads took: 0.0000333 seconds
2015-12-06T20:45:07.000+0530: 3073.294: Total time for which application threads were stopped: 0.0001981 seconds, Stopping threads took: 0.0000342 seconds
2015-12-06T20:45:11.695+0530: 3077.989: Total time for which application threads were stopped: 0.0002892 seconds, Stopping threads took: 0.0001043 seconds
2015-12-06T20:45:11.695+0530: 3077.989: Total time for which application threads were stopped: 0.0001376 seconds, Stopping threads took: 0.0000493 seconds
2015-12-06T20:45:14.696+0530: 3080.990: Total time for which application threads were stopped: 0.0004657 seconds, Stopping threads took: 0.0000579 seconds
2015-12-06T20:45:17.482+0530: 3083.776: Total time for which application threads were stopped: 0.0003998 seconds, Stopping threads took: 0.0000515 seconds
2015-12-06T20:45:18.240+0530: 3084.534: Total time for which application threads were stopped: 0.0004707 seconds, Stopping threads took: 0.0000998 seconds
2015-12-06T20:45:20.002+0530: 3086.295: Total time for which application threads were stopped: 0.0001869 seconds, Stopping threads took: 0.0000319 seconds
2015-12-06T20:45:20.563+0530: 3086.857: Total time for which application threads were stopped: 0.0005220 seconds, Stopping threads took: 0.0000712 seconds
2015-12-06T20:45:20.564+0530: 3086.857: Total time for which application threads were stopped: 0.0001725 seconds, Stopping threads took: 0.0000378 seconds
2015-12-06T20:45:26.194+0530: 3092.488: Total time for which application threads were stopped: 0.0004175 seconds, Stopping threads took: 0.0000677 seconds
{Heap before GC invocations=110 (full 2):
 par new generation   total 109248K, used 91516K [0x00000000e0000000, 0x00000000e8000000, 0x00000000e8000000)
  eden space 87424K, 100% used [0x00000000e0000000, 0x00000000e5560000, 0x00000000e5560000)
  from space 21824K,  18% used [0x00000000e5560000, 0x00000000e595f1c0, 0x00000000e6ab0000)
  to   space 21824K,   0% used [0x00000000e6ab0000, 0x00000000e6ab0000, 0x00000000e8000000)
 concurrent mark-sweep generation total 393216K, used 29174K [0x00000000e8000000, 0x0000000100000000, 0x0000000100000000)
 Metaspace       used 41010K, capacity 41568K, committed 41964K, reserved 1087488K
  class space    used 4309K, capacity 4488K, committed 4604K, reserved 1048576K
2015-12-06T20:45:26.474+0530: 3092.768: [GC (Allocation Failure) 3092.768: [ParNew
Desired survivor size 20112992 bytes, new threshold 8 (max 8)
- age   1:    1356712 bytes,    1356712 total
- age   2:     407016 bytes,    1763728 total
- age   3:     191600 bytes,    1955328 total
- age   4:      97904 bytes,    2053232 total
- age   5:     164544 bytes,    2217776 total
- age   6:      89096 bytes,    2306872 total
- age   7:     155568 bytes,    2462440 total
- age   8:     219296 bytes,    2681736 total
: 91516K->3754K(109248K), 0.0120252 secs] 120690K->32940K(502464K), 0.0124001 secs] [Times: user=0.03 sys=0.01, real=0.01 secs] 
Heap after GC invocations=111 (full 2):
 par new generation   total 109248K, used 3754K [0x00000000e0000000, 0x00000000e8000000, 0x00000000e8000000)
  eden space 87424K,   0% used [0x00000000e0000000, 0x00000000e0000000, 0x00000000e5560000)
  from space 21824K,  17% used [0x00000000e6ab0000, 0x00000000e6e5a8b0, 0x00000000e8000000)
  to   space 21824K,   0% used [0x00000000e5560000, 0x00000000e5560000, 0x00000000e6ab0000)
 concurrent mark-sweep generation total 393216K, used 29186K [0x00000000e8000000, 0x0000000100000000, 0x0000000100000000)
 Metaspace       used 41010K, capacity 41568K, committed 41964K, reserved 1087488K
  class space    used 4309K, capacity 4488K, committed 4604K, reserved 1048576K
}
2015-12-06T20:45:26.486+0530: 3092.780: Total time for which application threads were stopped: 0.0138867 seconds, Stopping threads took: 0.0000858 seconds
2015-12-06T20:45:26.836+0530: 3093.130: Total time for which application threads were stopped: 0.0003831 seconds, Stopping threads took: 0.0000524 seconds
2015-12-06T20:45:27.240+0530: 3093.534: Total time for which application threads were stopped: 0.0003138 seconds, Stopping threads took: 0.0000450 seconds
2015-12-06T20:45:28.241+0530: 3094.535: Total time for which application threads were stopped: 0.0002856 seconds, Stopping threads took: 0.0000357 seconds
2015-12-06T20:45:32.867+0530: 3099.161: Total time for which application threads were stopped: 0.0002015 seconds, Stopping threads took: 0.0000337 seconds
2015-12-06T20:45:32.867+0530: 3099.161: Total time for which application threads were stopped: 0.0001568 seconds, Stopping threads took: 0.0000193 seconds
2015-12-06T20:45:33.519+0530: 3099.813: Total time for which application threads were stopped: 0.0004803 seconds, Stopping threads took: 0.0000963 seconds
2015-12-06T20:45:33.519+0530: 3099.813: Total time for which application threads were stopped: 0.0003061 seconds, Stopping threads took: 0.0000936 seconds
2015-12-06T20:45:43.460+0530: 3109.754: Total time for which application threads were stopped: 0.0003105 seconds, Stopping threads took: 0.0000418 seconds
2015-12-06T20:45:43.460+0530: 3109.754: Total time for which application threads were stopped: 0.0001762 seconds, Stopping threads took: 0.0000405 seconds
2015-12-06T20:45:43.460+0530: 3109.754: Total time for which application threads were stopped: 0.0001590 seconds, Stopping threads took: 0.0000374 seconds
2015-12-06T20:45:43.461+0530: 3109.754: Total time for which application threads were stopped: 0.0001598 seconds, Stopping threads took: 0.0000446 seconds
2015-12-06T20:45:45.461+0530: 3111.755: Total time for which application threads were stopped: 0.0002202 seconds, Stopping threads took: 0.0000329 seconds
2015-12-06T20:45:46.461+0530: 3112.755: Total time for which application threads were stopped: 0.0002383 seconds, Stopping threads took: 0.0000340 seconds
2015-12-06T20:45:47.111+0530: 3113.405: Total time for which application threads were stopped: 0.0002911 seconds, Stopping threads took: 0.0000925 seconds
2015-12-06T20:45:47.112+0530: 3113.406: Total time for which application threads were stopped: 0.0001606 seconds, Stopping threads took: 0.0000195 seconds
2015-12-06T20:45:49.112+0530: 3115.406: Total time for which application threads were stopped: 0.0004344 seconds, Stopping threads took: 0.0000578 seconds
2015-12-06T20:45:58.365+0530: 3124.659: Total time for which application threads were stopped: 0.2513004 seconds, Stopping threads took: 0.2509300 seconds
2015-12-06T20:46:00.366+0530: 3126.660: Total time for which application threads were stopped: 0.0003715 seconds, Stopping threads took: 0.0000647 seconds
2015-12-06T20:46:00.639+0530: 3126.933: Total time for which application threads were stopped: 0.0024222 seconds, Stopping threads took: 0.0018705 seconds
2015-12-06T20:46:03.640+0530: 3129.934: Total time for which application threads were stopped: 0.0004654 seconds, Stopping threads took: 0.0000595 seconds
2015-12-06T20:46:04.175+0530: 3130.469: Total time for which application threads were stopped: 0.0005188 seconds, Stopping threads took: 0.0001517 seconds
2015-12-06T20:46:04.187+0530: 3130.480: Total time for which application threads were stopped: 0.0009178 seconds, Stopping threads took: 0.0006333 seconds
2015-12-06T20:46:05.366+0530: 3131.660: Total time for which application threads were stopped: 0.0063506 seconds, Stopping threads took: 0.0060976 seconds
2015-12-06T20:46:05.366+0530: 3131.660: Total time for which application threads were stopped: 0.0001484 seconds, Stopping threads took: 0.0000175 seconds
2015-12-06T20:46:05.371+0530: 3131.665: Total time for which application threads were stopped: 0.0026428 seconds, Stopping threads took: 0.0015898 seconds
{Heap before GC invocations=111 (full 2):
 par new generation   total 109248K, used 91178K [0x00000000e0000000, 0x00000000e8000000, 0x00000000e8000000)
  eden space 87424K, 100% used [0x00000000e0000000, 0x00000000e5560000, 0x00000000e5560000)
  from space 21824K,  17% used [0x00000000e6ab0000, 0x00000000e6e5a8b0, 0x00000000e8000000)
  to   space 21824K,   0% used [0x00000000e5560000, 0x00000000e5560000, 0x00000000e6ab0000)
 concurrent mark-sweep generation total 393216K, used 29186K [0x00000000e8000000, 0x0000000100000000, 0x0000000100000000)
 Metaspace       used 41010K, capacity 41568K, committed 41964K, reserved 1087488K
  class space    used 4309K, capacity 4488K, committed 4604K, reserved 1048576K
2015-12-06T20:46:05.426+0530: 3131.720: [GC (Allocation Failure) 3131.720: [ParNew
Desired survivor size 20112992 bytes, new threshold 8 (max 8)
- age   1:    1803344 bytes,    1803344 total
- age   2:     605088 bytes,    2408432 total
- age   3:     380328 bytes,    2788760 total
- age   4:     176600 bytes,    2965360 total
- age   5:      86504 bytes,    3051864 total
- age   6:     149408 bytes,    3201272 total
- age   7:      78344 bytes,    3279616 total
- age   8:      81544 bytes,    3361160 total
: 91178K->4004K(109248K), 0.0291876 secs] 120364K->33339K(502464K), 0.0296575 secs] [Times: user=0.02 sys=0.00, real=0.03 secs] 
Heap after GC invocations=112 (full 2):
 par new generation   total 109248K, used 4004K [0x00000000e0000000, 0x00000000e8000000, 0x00000000e8000000)
  eden space 87424K,   0% used [0x00000000e0000000, 0x00000000e0000000, 0x00000000e5560000)
  from space 21824K,  18% used [0x00000000e5560000, 0x00000000e5949290, 0x00000000e6ab0000)
  to   space 21824K,   0% used [0x00000000e6ab0000, 0x00000000e6ab0000, 0x00000000e8000000)
 concurrent mark-sweep generation total 393216K, used 29334K [0x00000000e8000000, 0x0000000100000000, 0x0000000100000000)
 Metaspace       used 41010K, capacity 41568K, committed 41964K, reserved 1087488K
  class space    used 4309K, capacity 4488K, committed 4604K, reserved 1048576K
}
2015-12-06T20:46:05.456+0530: 3131.750: Total time for which application threads were stopped: 0.0307751 seconds, Stopping threads took: 0.0004971 seconds
2015-12-06T20:46:08.338+0530: 3134.632: Total time for which application threads were stopped: 0.0010639 seconds, Stopping threads took: 0.0006672 seconds
2015-12-06T20:46:08.339+0530: 3134.633: Total time for which application threads were stopped: 0.0004253 seconds, Stopping threads took: 0.0001445 seconds
2015-12-06T20:46:08.340+0530: 3134.634: Total time for which application threads were stopped: 0.0004234 seconds, Stopping threads took: 0.0000950 seconds
2015-12-06T20:46:08.340+0530: 3134.634: Total time for which application threads were stopped: 0.0003629 seconds, Stopping threads took: 0.0000894 seconds
2015-12-06T20:46:08.340+0530: 3134.634: Total time for which application threads were stopped: 0.0002446 seconds, Stopping threads took: 0.0000355 seconds
2015-12-06T20:46:08.342+0530: 3134.636: Total time for which application threads were stopped: 0.0007262 seconds, Stopping threads took: 0.0000423 seconds
2015-12-06T20:46:26.345+0530: 3152.639: Total time for which application threads were stopped: 0.0003877 seconds, Stopping threads took: 0.0000611 seconds
2015-12-06T20:46:30.902+0530: 3157.195: Total time for which application threads were stopped: 0.0003910 seconds, Stopping threads took: 0.0000721 seconds
2015-12-06T20:46:30.902+0530: 3157.196: Total time for which application threads were stopped: 0.0004522 seconds, Stopping threads took: 0.0002052 seconds
2015-12-06T20:46:33.903+0530: 3160.197: Total time for which application threads were stopped: 0.0003624 seconds, Stopping threads took: 0.0000653 seconds
2015-12-06T20:46:49.626+0530: 3175.919: Total time for which application threads were stopped: 0.0002201 seconds, Stopping threads took: 0.0000332 seconds
2015-12-06T20:46:49.626+0530: 3175.920: Total time for which application threads were stopped: 0.0000865 seconds, Stopping threads took: 0.0000109 seconds
2015-12-06T20:47:12.693+0530: 3198.987: Total time for which application threads were stopped: 0.0002984 seconds, Stopping threads took: 0.0000403 seconds
2015-12-06T20:47:19.741+0530: 3206.035: Total time for which application threads were stopped: 0.0005159 seconds, Stopping threads took: 0.0001094 seconds
2015-12-06T20:47:19.741+0530: 3206.035: Total time for which application threads were stopped: 0.0004078 seconds, Stopping threads took: 0.0000330 seconds
2015-12-06T20:47:19.742+0530: 3206.036: Total time for which application threads were stopped: 0.0003721 seconds, Stopping threads took: 0.0000480 seconds
2015-12-06T20:47:19.742+0530: 3206.036: Total time for which application threads were stopped: 0.0003472 seconds, Stopping threads took: 0.0000387 seconds
2015-12-06T20:47:20.314+0530: 3206.607: Total time for which application threads were stopped: 0.0002399 seconds, Stopping threads took: 0.0000316 seconds
2015-12-06T20:47:20.326+0530: 3206.620: Total time for which application threads were stopped: 0.0002134 seconds, Stopping threads took: 0.0000351 seconds
2015-12-06T20:47:20.326+0530: 3206.620: Total time for which application threads were stopped: 0.0001215 seconds, Stopping threads took: 0.0000184 seconds
{Heap before GC invocations=112 (full 2):
 par new generation   total 109248K, used 91428K [0x00000000e0000000, 0x00000000e8000000, 0x00000000e8000000)
  eden space 87424K, 100% used [0x00000000e0000000, 0x00000000e5560000, 0x00000000e5560000)
  from space 21824K,  18% used [0x00000000e5560000, 0x00000000e5949290, 0x00000000e6ab0000)
  to   space 21824K,   0% used [0x00000000e6ab0000, 0x00000000e6ab0000, 0x00000000e8000000)
 concurrent mark-sweep generation total 393216K, used 29334K [0x00000000e8000000, 0x0000000100000000, 0x0000000100000000)
 Metaspace       used 41011K, capacity 41568K, committed 41964K, reserved 1087488K
  class space    used 4309K, capacity 4488K, committed 4604K, reserved 1048576K
2015-12-06T20:47:20.369+0530: 3206.663: [GC (Allocation Failure) 3206.663: [ParNew
Desired survivor size 20112992 bytes, new threshold 8 (max 8)
- age   1:    1207352 bytes,    1207352 total
- age   2:     624736 bytes,    1832088 total
- age   3:     366848 bytes,    2198936 total
- age   4:     224336 bytes,    2423272 total
- age   5:     170960 bytes,    2594232 total
- age   6:      85160 bytes,    2679392 total
- age   7:     149384 bytes,    2828776 total
- age   8:      78320 bytes,    2907096 total
: 91428K->4075K(109248K), 0.0224814 secs] 120763K->33489K(502464K), 1.1284446 secs] [Times: user=0.03 sys=0.00, real=1.13 secs] 
Heap after GC invocations=113 (full 2):
 par new generation   total 109248K, used 4075K [0x00000000e0000000, 0x00000000e8000000, 0x00000000e8000000)
  eden space 87424K,   0% used [0x00000000e0000000, 0x00000000e0000000, 0x00000000e5560000)
  from space 21824K,  18% used [0x00000000e6ab0000, 0x00000000e6eaad70, 0x00000000e8000000)
  to   space 21824K,   0% used [0x00000000e5560000, 0x00000000e5560000, 0x00000000e6ab0000)
 concurrent mark-sweep generation total 393216K, used 29414K [0x00000000e8000000, 0x0000000100000000, 0x0000000100000000)
 Metaspace       used 41011K, capacity 41568K, committed 41964K, reserved 1087488K
  class space    used 4309K, capacity 4488K, committed 4604K, reserved 1048576K
}
2015-12-06T20:47:21.499+0530: 3207.792: Total time for which application threads were stopped: 1.1300157 seconds, Stopping threads took: 0.0000539 seconds
2015-12-06T20:47:23.430+0530: 3209.724: Total time for which application threads were stopped: 0.0003628 seconds, Stopping threads took: 0.0000445 seconds
2015-12-06T20:47:35.335+0530: 3221.629: Total time for which application threads were stopped: 0.0003396 seconds, Stopping threads took: 0.0000503 seconds
2015-12-06T20:47:39.336+0530: 3225.630: Total time for which application threads were stopped: 0.0002880 seconds, Stopping threads took: 0.0000399 seconds
2015-12-06T20:47:51.008+0530: 3237.302: Total time for which application threads were stopped: 0.0001817 seconds, Stopping threads took: 0.0000280 seconds
2015-12-06T20:47:51.008+0530: 3237.302: Total time for which application threads were stopped: 0.0000866 seconds, Stopping threads took: 0.0000140 seconds
2015-12-06T20:47:51.394+0530: 3237.687: Total time for which application threads were stopped: 0.0002611 seconds, Stopping threads took: 0.0000415 seconds
2015-12-06T20:47:51.395+0530: 3237.688: Total time for which application threads were stopped: 0.0001487 seconds, Stopping threads took: 0.0000267 seconds
2015-12-06T20:47:51.397+0530: 3237.691: Total time for which application threads were stopped: 0.0002269 seconds, Stopping threads took: 0.0000358 seconds
2015-12-06T20:47:52.175+0530: 3238.469: Total time for which application threads were stopped: 0.0002686 seconds, Stopping threads took: 0.0000582 seconds
2015-12-06T20:47:52.176+0530: 3238.470: Total time for which application threads were stopped: 0.0001483 seconds, Stopping threads took: 0.0000365 seconds
2015-12-06T20:47:52.195+0530: 3238.489: Total time for which application threads were stopped: 0.0002390 seconds, Stopping threads took: 0.0000470 seconds
2015-12-06T20:47:52.195+0530: 3238.489: Total time for which application threads were stopped: 0.0001858 seconds, Stopping threads took: 0.0000315 seconds
2015-12-06T20:47:52.196+0530: 3238.489: Total time for which application threads were stopped: 0.0001793 seconds, Stopping threads took: 0.0000354 seconds
2015-12-06T20:47:52.196+0530: 3238.490: Total time for which application threads were stopped: 0.0001781 seconds, Stopping threads took: 0.0000150 seconds
2015-12-06T20:47:52.196+0530: 3238.490: Total time for which application threads were stopped: 0.0001424 seconds, Stopping threads took: 0.0000137 seconds
2015-12-06T20:47:52.197+0530: 3238.490: Total time for which application threads were stopped: 0.0001399 seconds, Stopping threads took: 0.0000143 seconds
2015-12-06T20:47:52.197+0530: 3238.491: Total time for which application threads were stopped: 0.0001479 seconds, Stopping threads took: 0.0000172 seconds
2015-12-06T20:47:52.197+0530: 3238.491: Total time for which application threads were stopped: 0.0001669 seconds, Stopping threads took: 0.0000144 seconds
2015-12-06T20:47:52.198+0530: 3238.492: Total time for which application threads were stopped: 0.0001676 seconds, Stopping threads took: 0.0000131 seconds
2015-12-06T20:47:52.198+0530: 3238.492: Total time for which application threads were stopped: 0.0001230 seconds, Stopping threads took: 0.0000130 seconds
2015-12-06T20:47:52.198+0530: 3238.492: Total time for which application threads were stopped: 0.0001323 seconds, Stopping threads took: 0.0000088 seconds
2015-12-06T20:47:52.205+0530: 3238.499: Total time for which application threads were stopped: 0.0002122 seconds, Stopping threads took: 0.0000344 seconds
2015-12-06T20:47:52.258+0530: 3238.552: Total time for which application threads were stopped: 0.0011895 seconds, Stopping threads took: 0.0001583 seconds
2015-12-06T20:47:52.259+0530: 3238.553: Total time for which application threads were stopped: 0.0003782 seconds, Stopping threads took: 0.0000243 seconds
2015-12-06T20:47:53.158+0530: 3239.452: Total time for which application threads were stopped: 0.0004957 seconds, Stopping threads took: 0.0001185 seconds
2015-12-06T20:47:53.171+0530: 3239.465: Total time for which application threads were stopped: 0.0004772 seconds, Stopping threads took: 0.0002253 seconds
2015-12-06T20:47:53.243+0530: 3239.537: Total time for which application threads were stopped: 0.0003947 seconds, Stopping threads took: 0.0001061 seconds
2015-12-06T20:47:53.243+0530: 3239.537: Total time for which application threads were stopped: 0.0001677 seconds, Stopping threads took: 0.0000162 seconds
2015-12-06T20:48:00.331+0530: 3246.625: Total time for which application threads were stopped: 0.0004823 seconds, Stopping threads took: 0.0000976 seconds
2015-12-06T20:48:01.583+0530: 3247.876: Total time for which application threads were stopped: 0.0003017 seconds, Stopping threads took: 0.0000366 seconds
2015-12-06T20:48:07.584+0530: 3253.877: Total time for which application threads were stopped: 0.0002163 seconds, Stopping threads took: 0.0000299 seconds
2015-12-06T20:48:08.720+0530: 3255.014: Total time for which application threads were stopped: 0.0003239 seconds, Stopping threads took: 0.0000681 seconds
2015-12-06T20:48:08.721+0530: 3255.015: Total time for which application threads were stopped: 0.0011001 seconds, Stopping threads took: 0.0009366 seconds
2015-12-06T20:48:15.044+0530: 3261.338: Total time for which application threads were stopped: 0.0005115 seconds, Stopping threads took: 0.0000716 seconds
2015-12-06T20:48:16.044+0530: 3262.338: Total time for which application threads were stopped: 0.0003165 seconds, Stopping threads took: 0.0000517 seconds
2015-12-06T20:48:19.540+0530: 3265.834: Total time for which application threads were stopped: 0.0003419 seconds, Stopping threads took: 0.0000648 seconds
2015-12-06T20:48:21.541+0530: 3267.835: Total time for which application threads were stopped: 0.0004149 seconds, Stopping threads took: 0.0000563 seconds
{Heap before GC invocations=113 (full 2):
 par new generation   total 109248K, used 91483K [0x00000000e0000000, 0x00000000e8000000, 0x00000000e8000000)
  eden space 87424K,  99% used [0x00000000e0000000, 0x00000000e555bfa8, 0x00000000e5560000)
  from space 21824K,  18% used [0x00000000e6ab0000, 0x00000000e6eaad70, 0x00000000e8000000)
  to   space 21824K,   0% used [0x00000000e5560000, 0x00000000e5560000, 0x00000000e6ab0000)
 concurrent mark-sweep generation total 393216K, used 29414K [0x00000000e8000000, 0x0000000100000000, 0x0000000100000000)
 Metaspace       used 41011K, capacity 41568K, committed 41964K, reserved 1087488K
  class space    used 4309K, capacity 4488K, committed 4604K, reserved 1048576K
2015-12-06T20:48:23.344+0530: 3269.638: [GC (Allocation Failure) 3269.638: [ParNew
Desired survivor size 20112992 bytes, new threshold 8 (max 8)
- age   1:    2154840 bytes,    2154840 total
- age   2:     371368 bytes,    2526208 total
- age   3:     395472 bytes,    2921680 total
- age   4:     176120 bytes,    3097800 total
- age   5:     102800 bytes,    3200600 total
- age   6:     153952 bytes,    3354552 total
- age   7:      81744 bytes,    3436296 total
- age   8:     149384 bytes,    3585680 total
: 91483K->4482K(109248K), 0.0281460 secs] 120897K->33907K(502464K), 0.0289503 secs] [Times: user=0.05 sys=0.00, real=0.02 secs] 
Heap after GC invocations=114 (full 2):
 par new generation   total 109248K, used 4482K [0x00000000e0000000, 0x00000000e8000000, 0x00000000e8000000)
  eden space 87424K,   0% used [0x00000000e0000000, 0x00000000e0000000, 0x00000000e5560000)
  from space 21824K,  20% used [0x00000000e5560000, 0x00000000e59c0b80, 0x00000000e6ab0000)
  to   space 21824K,   0% used [0x00000000e6ab0000, 0x00000000e6ab0000, 0x00000000e8000000)
 concurrent mark-sweep generation total 393216K, used 29424K [0x00000000e8000000, 0x0000000100000000, 0x0000000100000000)
 Metaspace       used 41011K, capacity 41568K, committed 41964K, reserved 1087488K
  class space    used 4309K, capacity 4488K, committed 4604K, reserved 1048576K
}
2015-12-06T20:48:23.373+0530: 3269.667: Total time for which application threads were stopped: 0.0297162 seconds, Stopping threads took: 0.0001791 seconds
2015-12-06T20:48:24.677+0530: 3270.971: Total time for which application threads were stopped: 0.0005639 seconds, Stopping threads took: 0.0000747 seconds
2015-12-06T20:48:30.493+0530: 3276.787: Total time for which application threads were stopped: 0.0003871 seconds, Stopping threads took: 0.0000475 seconds
2015-12-06T20:48:30.493+0530: 3276.787: Total time for which application threads were stopped: 0.0004416 seconds, Stopping threads took: 0.0000354 seconds
2015-12-06T20:48:32.494+0530: 3278.788: Total time for which application threads were stopped: 0.0005093 seconds, Stopping threads took: 0.0001435 seconds
2015-12-06T20:48:45.496+0530: 3291.790: Total time for which application threads were stopped: 0.0004200 seconds, Stopping threads took: 0.0000605 seconds
2015-12-06T20:48:49.497+0530: 3295.791: Total time for which application threads were stopped: 0.0005150 seconds, Stopping threads took: 0.0000617 seconds
2015-12-06T20:48:50.410+0530: 3296.704: Total time for which application threads were stopped: 0.0002987 seconds, Stopping threads took: 0.0000698 seconds
2015-12-06T20:48:50.411+0530: 3296.705: Total time for which application threads were stopped: 0.0001567 seconds, Stopping threads took: 0.0000240 seconds
2015-12-06T20:49:19.907+0530: 3326.201: Total time for which application threads were stopped: 0.0009507 seconds, Stopping threads took: 0.0000485 seconds
2015-12-06T20:49:20.443+0530: 3326.736: Total time for which application threads were stopped: 0.0003162 seconds, Stopping threads took: 0.0000408 seconds
2015-12-06T20:49:20.443+0530: 3326.737: Total time for which application threads were stopped: 0.0001487 seconds, Stopping threads took: 0.0000241 seconds
2015-12-06T20:49:20.443+0530: 3326.737: Total time for which application threads were stopped: 0.0001782 seconds, Stopping threads took: 0.0000260 seconds
2015-12-06T20:49:20.454+0530: 3326.748: Total time for which application threads were stopped: 0.0002168 seconds, Stopping threads took: 0.0000337 seconds
2015-12-06T20:49:20.469+0530: 3326.762: Total time for which application threads were stopped: 0.0002033 seconds, Stopping threads took: 0.0000305 seconds
2015-12-06T20:49:20.469+0530: 3326.763: Total time for which application threads were stopped: 0.0001680 seconds, Stopping threads took: 0.0000273 seconds
2015-12-06T20:49:20.469+0530: 3326.763: Total time for which application threads were stopped: 0.0001434 seconds, Stopping threads took: 0.0000316 seconds
2015-12-06T20:49:20.470+0530: 3326.763: Total time for which application threads were stopped: 0.0001033 seconds, Stopping threads took: 0.0000215 seconds
2015-12-06T20:49:20.470+0530: 3326.764: Total time for which application threads were stopped: 0.0001056 seconds, Stopping threads took: 0.0000126 seconds
2015-12-06T20:49:21.363+0530: 3327.656: Total time for which application threads were stopped: 0.0002490 seconds, Stopping threads took: 0.0000299 seconds
2015-12-06T20:49:21.387+0530: 3327.681: Total time for which application threads were stopped: 0.0002080 seconds, Stopping threads took: 0.0000292 seconds
2015-12-06T20:49:21.406+0530: 3327.700: Total time for which application threads were stopped: 0.0002327 seconds, Stopping threads took: 0.0000394 seconds
2015-12-06T20:49:21.411+0530: 3327.705: Total time for which application threads were stopped: 0.0002726 seconds, Stopping threads took: 0.0000319 seconds
{Heap before GC invocations=114 (full 2):
 par new generation   total 109248K, used 91906K [0x00000000e0000000, 0x00000000e8000000, 0x00000000e8000000)
  eden space 87424K, 100% used [0x00000000e0000000, 0x00000000e5560000, 0x00000000e5560000)
  from space 21824K,  20% used [0x00000000e5560000, 0x00000000e59c0b80, 0x00000000e6ab0000)
  to   space 21824K,   0% used [0x00000000e6ab0000, 0x00000000e6ab0000, 0x00000000e8000000)
 concurrent mark-sweep generation total 393216K, used 29424K [0x00000000e8000000, 0x0000000100000000, 0x0000000100000000)
 Metaspace       used 41012K, capacity 41568K, committed 41964K, reserved 1087488K
  class space    used 4309K, capacity 4488K, committed 4604K, reserved 1048576K
2015-12-06T20:49:22.316+0530: 3328.609: [GC (Allocation Failure) 3328.610: [ParNew
Desired survivor size 20112992 bytes, new threshold 8 (max 8)
- age   1:    1312544 bytes,    1312544 total
- age   2:     522176 bytes,    1834720 total
- age   3:     213264 bytes,    2047984 total
- age   4:     225368 bytes,    2273352 total
- age   5:     170696 bytes,    2444048 total
- age   6:      99544 bytes,    2543592 total
- age   7:     151584 bytes,    2695176 total
- age   8:      81744 bytes,    2776920 total
: 91906K->3644K(109248K), 0.0159958 secs] 121331K->33083K(502464K), 0.3521507 secs] [Times: user=0.04 sys=0.00, real=0.35 secs] 
Heap after GC invocations=115 (full 2):
 par new generation   total 109248K, used 3644K [0x00000000e0000000, 0x00000000e8000000, 0x00000000e8000000)
  eden space 87424K,   0% used [0x00000000e0000000, 0x00000000e0000000, 0x00000000e5560000)
  from space 21824K,  16% used [0x00000000e6ab0000, 0x00000000e6e3f2e0, 0x00000000e8000000)
  to   space 21824K,   0% used [0x00000000e5560000, 0x00000000e5560000, 0x00000000e6ab0000)
 concurrent mark-sweep generation total 393216K, used 29438K [0x00000000e8000000, 0x0000000100000000, 0x0000000100000000)
 Metaspace       used 41012K, capacity 41568K, committed 41964K, reserved 1087488K
  class space    used 4309K, capacity 4488K, committed 4604K, reserved 1048576K
}
2015-12-06T20:49:22.669+0530: 3328.963: Total time for which application threads were stopped: 0.3533873 seconds, Stopping threads took: 0.0000342 seconds
2015-12-06T20:49:22.670+0530: 3328.964: Total time for which application threads were stopped: 0.0006239 seconds, Stopping threads took: 0.0000771 seconds
2015-12-06T20:49:22.670+0530: 3328.964: Total time for which application threads were stopped: 0.0004263 seconds, Stopping threads took: 0.0000436 seconds
2015-12-06T20:49:24.552+0530: 3330.846: Total time for which application threads were stopped: 0.0004480 seconds, Stopping threads took: 0.0000667 seconds
2015-12-06T20:49:24.553+0530: 3330.847: Total time for which application threads were stopped: 0.0003595 seconds, Stopping threads took: 0.0000462 seconds
2015-12-06T20:49:24.950+0530: 3331.244: Total time for which application threads were stopped: 0.0002008 seconds, Stopping threads took: 0.0000324 seconds
2015-12-06T20:49:29.447+0530: 3335.741: Total time for which application threads were stopped: 0.0002411 seconds, Stopping threads took: 0.0000330 seconds
2015-12-06T20:49:29.447+0530: 3335.741: Total time for which application threads were stopped: 0.0000962 seconds, Stopping threads took: 0.0000101 seconds
2015-12-06T20:49:29.890+0530: 3336.184: Total time for which application threads were stopped: 0.0004752 seconds, Stopping threads took: 0.0001224 seconds
2015-12-06T20:49:29.891+0530: 3336.185: Total time for which application threads were stopped: 0.0003309 seconds, Stopping threads took: 0.0000781 seconds
2015-12-06T20:49:37.606+0530: 3343.900: Total time for which application threads were stopped: 0.0002797 seconds, Stopping threads took: 0.0000393 seconds
2015-12-06T20:50:01.827+0530: 3368.121: Total time for which application threads were stopped: 0.0003366 seconds, Stopping threads took: 0.0000645 seconds
2015-12-06T20:50:01.828+0530: 3368.122: Total time for which application threads were stopped: 0.0001917 seconds, Stopping threads took: 0.0000290 seconds
2015-12-06T20:50:20.488+0530: 3386.782: Total time for which application threads were stopped: 0.0003706 seconds, Stopping threads took: 0.0000595 seconds
2015-12-06T20:50:22.807+0530: 3389.101: Total time for which application threads were stopped: 0.0002818 seconds, Stopping threads took: 0.0000684 seconds
2015-12-06T20:50:22.834+0530: 3389.128: Total time for which application threads were stopped: 0.0002537 seconds, Stopping threads took: 0.0000371 seconds
2015-12-06T20:50:22.874+0530: 3389.168: Total time for which application threads were stopped: 0.0028190 seconds, Stopping threads took: 0.0026649 seconds
2015-12-06T20:50:23.538+0530: 3389.832: Total time for which application threads were stopped: 0.0008579 seconds, Stopping threads took: 0.0006699 seconds
2015-12-06T20:50:24.350+0530: 3390.644: Total time for which application threads were stopped: 0.0007827 seconds, Stopping threads took: 0.0000846 seconds
2015-12-06T20:50:24.666+0530: 3390.960: Total time for which application threads were stopped: 0.0008274 seconds, Stopping threads took: 0.0001324 seconds
2015-12-06T20:50:24.673+0530: 3390.967: Total time for which application threads were stopped: 0.0002286 seconds, Stopping threads took: 0.0000321 seconds
2015-12-06T20:50:24.707+0530: 3391.001: Total time for which application threads were stopped: 0.0003199 seconds, Stopping threads took: 0.0000404 seconds
{Heap before GC invocations=115 (full 2):
 par new generation   total 109248K, used 91068K [0x00000000e0000000, 0x00000000e8000000, 0x00000000e8000000)
  eden space 87424K, 100% used [0x00000000e0000000, 0x00000000e5560000, 0x00000000e5560000)
  from space 21824K,  16% used [0x00000000e6ab0000, 0x00000000e6e3f2e0, 0x00000000e8000000)
  to   space 21824K,   0% used [0x00000000e5560000, 0x00000000e5560000, 0x00000000e6ab0000)
 concurrent mark-sweep generation total 393216K, used 29438K [0x00000000e8000000, 0x0000000100000000, 0x0000000100000000)
 Metaspace       used 41013K, capacity 41568K, committed 41964K, reserved 1087488K
  class space    used 4309K, capacity 4488K, committed 4604K, reserved 1048576K
2015-12-06T20:50:24.737+0530: 3391.030: [GC (Allocation Failure) 3391.031: [ParNew
Desired survivor size 20112992 bytes, new threshold 8 (max 8)
- age   1:    1527136 bytes,    1527136 total
- age   2:     338064 bytes,    1865200 total
- age   3:     371440 bytes,    2236640 total
- age   4:     103496 bytes,    2340136 total
- age   5:     104488 bytes,    2444624 total
- age   6:     170672 bytes,    2615296 total
- age   7:      97040 bytes,    2712336 total
- age   8:      83976 bytes,    2796312 total
: 91068K->3372K(109248K), 0.0165361 secs] 120507K->32824K(502464K), 0.0175237 secs] [Times: user=0.02 sys=0.00, real=0.02 secs] 
Heap after GC invocations=116 (full 2):
 par new generation   total 109248K, used 3372K [0x00000000e0000000, 0x00000000e8000000, 0x00000000e8000000)
  eden space 87424K,   0% used [0x00000000e0000000, 0x00000000e0000000, 0x00000000e5560000)
  from space 21824K,  15% used [0x00000000e5560000, 0x00000000e58ab0e8, 0x00000000e6ab0000)
  to   space 21824K,   0% used [0x00000000e6ab0000, 0x00000000e6ab0000, 0x00000000e8000000)
 concurrent mark-sweep generation total 393216K, used 29452K [0x00000000e8000000, 0x0000000100000000, 0x0000000100000000)
 Metaspace       used 41013K, capacity 41568K, committed 41964K, reserved 1087488K
  class space    used 4309K, capacity 4488K, committed 4604K, reserved 1048576K
}
2015-12-06T20:50:24.754+0530: 3391.048: Total time for which application threads were stopped: 0.0181234 seconds, Stopping threads took: 0.0000471 seconds
2015-12-06T20:50:24.767+0530: 3391.061: Total time for which application threads were stopped: 0.0002838 seconds, Stopping threads took: 0.0000261 seconds
2015-12-06T20:50:24.767+0530: 3391.061: Total time for which application threads were stopped: 0.0002072 seconds, Stopping threads took: 0.0000241 seconds
2015-12-06T20:50:26.263+0530: 3392.557: Total time for which application threads were stopped: 0.0002963 seconds, Stopping threads took: 0.0000990 seconds
2015-12-06T20:50:26.264+0530: 3392.557: Total time for which application threads were stopped: 0.0001341 seconds, Stopping threads took: 0.0000165 seconds
2015-12-06T20:50:40.102+0530: 3406.396: Total time for which application threads were stopped: 0.0002146 seconds, Stopping threads took: 0.0000371 seconds
2015-12-06T20:50:40.102+0530: 3406.396: Total time for which application threads were stopped: 0.0001022 seconds, Stopping threads took: 0.0000163 seconds
2015-12-06T20:50:51.259+0530: 3417.553: Total time for which application threads were stopped: 0.0003108 seconds, Stopping threads took: 0.0000376 seconds
2015-12-06T20:50:54.383+0530: 3420.677: Total time for which application threads were stopped: 0.0002052 seconds, Stopping threads took: 0.0000351 seconds
2015-12-06T20:50:54.383+0530: 3420.677: Total time for which application threads were stopped: 0.0000845 seconds, Stopping threads took: 0.0000091 seconds
2015-12-06T20:51:55.038+0530: 3481.332: Total time for which application threads were stopped: 0.0022129 seconds, Stopping threads took: 0.0016078 seconds
{Heap before GC invocations=116 (full 2):
 par new generation   total 109248K, used 90796K [0x00000000e0000000, 0x00000000e8000000, 0x00000000e8000000)
  eden space 87424K, 100% used [0x00000000e0000000, 0x00000000e5560000, 0x00000000e5560000)
  from space 21824K,  15% used [0x00000000e5560000, 0x00000000e58ab0e8, 0x00000000e6ab0000)
  to   space 21824K,   0% used [0x00000000e6ab0000, 0x00000000e6ab0000, 0x00000000e8000000)
 concurrent mark-sweep generation total 393216K, used 29452K [0x00000000e8000000, 0x0000000100000000, 0x0000000100000000)
 Metaspace       used 41015K, capacity 41568K, committed 41964K, reserved 1087488K
  class space    used 4309K, capacity 4488K, committed 4604K, reserved 1048576K
2015-12-06T20:52:06.240+0530: 3492.534: [GC (Allocation Failure) 3492.535: [ParNew
Desired survivor size 20112992 bytes, new threshold 8 (max 8)
- age   1:    1896824 bytes,    1896824 total
- age   2:     689784 bytes,    2586608 total
- age   3:     331728 bytes,    2918336 total
- age   4:     353928 bytes,    3272264 total
- age   5:      90448 bytes,    3362712 total
- age   6:      97160 bytes,    3459872 total
- age   7:     170672 bytes,    3630544 total
- age   8:      97040 bytes,    3727584 total
: 90796K->5308K(109248K), 0.0114556 secs] 120248K->34842K(502464K), 0.4748031 secs] [Times: user=0.03 sys=0.00, real=0.48 secs] 
Heap after GC invocations=117 (full 2):
 par new generation   total 109248K, used 5308K [0x00000000e0000000, 0x00000000e8000000, 0x00000000e8000000)
  eden space 87424K,   0% used [0x00000000e0000000, 0x00000000e0000000, 0x00000000e5560000)
  from space 21824K,  24% used [0x00000000e6ab0000, 0x00000000e6fdf158, 0x00000000e8000000)
  to   space 21824K,   0% used [0x00000000e5560000, 0x00000000e5560000, 0x00000000e6ab0000)
 concurrent mark-sweep generation total 393216K, used 29534K [0x00000000e8000000, 0x0000000100000000, 0x0000000100000000)
 Metaspace       used 41015K, capacity 41568K, committed 41964K, reserved 1087488K
  class space    used 4309K, capacity 4488K, committed 4604K, reserved 1048576K
}
2015-12-06T20:52:06.716+0530: 3493.009: Total time for which application threads were stopped: 0.4761453 seconds, Stopping threads took: 0.0000613 seconds
2015-12-06T20:52:17.890+0530: 3504.184: Total time for which application threads were stopped: 0.0004904 seconds, Stopping threads took: 0.0001122 seconds
2015-12-06T20:52:17.891+0530: 3504.185: Total time for which application threads were stopped: 0.0004582 seconds, Stopping threads took: 0.0000508 seconds
2015-12-06T20:52:17.891+0530: 3504.185: Total time for which application threads were stopped: 0.0004085 seconds, Stopping threads took: 0.0000342 seconds
2015-12-06T20:52:17.894+0530: 3504.188: Total time for which application threads were stopped: 0.0022253 seconds, Stopping threads took: 0.0006513 seconds
2015-12-06T20:52:17.909+0530: 3504.203: Total time for which application threads were stopped: 0.0006681 seconds, Stopping threads took: 0.0004099 seconds
2015-12-06T20:52:17.909+0530: 3504.203: Total time for which application threads were stopped: 0.0001715 seconds, Stopping threads took: 0.0000408 seconds
2015-12-06T20:52:17.909+0530: 3504.203: Total time for which application threads were stopped: 0.0001601 seconds, Stopping threads took: 0.0000159 seconds
2015-12-06T20:52:18.551+0530: 3504.845: Total time for which application threads were stopped: 0.0004998 seconds, Stopping threads took: 0.0001124 seconds
2015-12-06T20:52:18.609+0530: 3504.903: Total time for which application threads were stopped: 0.0003808 seconds, Stopping threads took: 0.0001198 seconds
2015-12-06T20:52:18.611+0530: 3504.905: Total time for which application threads were stopped: 0.0002935 seconds, Stopping threads took: 0.0000838 seconds
2015-12-06T20:52:19.417+0530: 3505.710: Total time for which application threads were stopped: 0.0025274 seconds, Stopping threads took: 0.0023083 seconds
2015-12-06T20:52:19.441+0530: 3505.735: Total time for which application threads were stopped: 0.0002248 seconds, Stopping threads took: 0.0000295 seconds
2015-12-06T20:52:24.559+0530: 3510.853: Total time for which application threads were stopped: 0.0006289 seconds, Stopping threads took: 0.0001173 seconds
2015-12-06T20:52:26.396+0530: 3512.690: Total time for which application threads were stopped: 0.0005034 seconds, Stopping threads took: 0.0001422 seconds
2015-12-06T20:52:29.851+0530: 3516.145: Total time for which application threads were stopped: 0.0003724 seconds, Stopping threads took: 0.0000472 seconds
2015-12-06T20:52:29.852+0530: 3516.146: Total time for which application threads were stopped: 0.0002858 seconds, Stopping threads took: 0.0000358 seconds
2015-12-06T20:52:31.446+0530: 3517.740: Total time for which application threads were stopped: 0.0004833 seconds, Stopping threads took: 0.0000700 seconds
2015-12-06T20:52:37.437+0530: 3523.731: Total time for which application threads were stopped: 0.0003491 seconds, Stopping threads took: 0.0000469 seconds
2015-12-06T20:52:37.898+0530: 3524.192: Total time for which application threads were stopped: 0.0002894 seconds, Stopping threads took: 0.0000534 seconds
2015-12-06T20:52:37.900+0530: 3524.194: Total time for which application threads were stopped: 0.0005060 seconds, Stopping threads took: 0.0000365 seconds
2015-12-06T20:52:41.129+0530: 3527.423: Total time for which application threads were stopped: 0.0064501 seconds, Stopping threads took: 0.0062164 seconds
2015-12-06T20:52:42.020+0530: 3528.314: Total time for which application threads were stopped: 0.0008708 seconds, Stopping threads took: 0.0004865 seconds
2015-12-06T20:52:42.020+0530: 3528.314: Total time for which application threads were stopped: 0.0003545 seconds, Stopping threads took: 0.0000971 seconds
2015-12-06T20:52:42.161+0530: 3528.455: Total time for which application threads were stopped: 0.1410030 seconds, Stopping threads took: 0.1405766 seconds
2015-12-06T20:52:42.991+0530: 3529.285: Total time for which application threads were stopped: 0.1123751 seconds, Stopping threads took: 0.1115848 seconds
2015-12-06T20:52:42.994+0530: 3529.288: Total time for which application threads were stopped: 0.0017641 seconds, Stopping threads took: 0.0011288 seconds
{Heap before GC invocations=117 (full 2):
 par new generation   total 109248K, used 92732K [0x00000000e0000000, 0x00000000e8000000, 0x00000000e8000000)
  eden space 87424K, 100% used [0x00000000e0000000, 0x00000000e5560000, 0x00000000e5560000)
  from space 21824K,  24% used [0x00000000e6ab0000, 0x00000000e6fdf158, 0x00000000e8000000)
  to   space 21824K,   0% used [0x00000000e5560000, 0x00000000e5560000, 0x00000000e6ab0000)
 concurrent mark-sweep generation total 393216K, used 29534K [0x00000000e8000000, 0x0000000100000000, 0x0000000100000000)
 Metaspace       used 41023K, capacity 41568K, committed 41964K, reserved 1087488K
  class space    used 4309K, capacity 4488K, committed 4604K, reserved 1048576K
2015-12-06T20:52:46.018+0530: 3532.312: [GC (Allocation Failure) 3532.313: [ParNew
Desired survivor size 20112992 bytes, new threshold 8 (max 8)
- age   1:    1787016 bytes,    1787016 total
- age   2:     423632 bytes,    2210648 total
- age   3:     426088 bytes,    2636736 total
- age   4:     221496 bytes,    2858232 total
- age   5:     294880 bytes,    3153112 total
- age   6:      90424 bytes,    3243536 total
- age   7:      96696 bytes,    3340232 total
- age   8:     170672 bytes,    3510904 total
: 92732K->4043K(109248K), 0.0161670 secs] 122266K->33606K(502464K), 0.0214742 secs] [Times: user=0.04 sys=0.00, real=0.02 secs] 
Heap after GC invocations=118 (full 2):
 par new generation   total 109248K, used 4043K [0x00000000e0000000, 0x00000000e8000000, 0x00000000e8000000)
  eden space 87424K,   0% used [0x00000000e0000000, 0x00000000e0000000, 0x00000000e5560000)
  from space 21824K,  18% used [0x00000000e5560000, 0x00000000e5952c90, 0x00000000e6ab0000)
  to   space 21824K,   0% used [0x00000000e6ab0000, 0x00000000e6ab0000, 0x00000000e8000000)
 concurrent mark-sweep generation total 393216K, used 29563K [0x00000000e8000000, 0x0000000100000000, 0x0000000100000000)
 Metaspace       used 41023K, capacity 41568K, committed 41964K, reserved 1087488K
  class space    used 4309K, capacity 4488K, committed 4604K, reserved 1048576K
}
2015-12-06T20:52:46.040+0530: 3532.334: Total time for which application threads were stopped: 0.0222232 seconds, Stopping threads took: 0.0000581 seconds
2015-12-06T20:52:46.560+0530: 3532.854: Total time for which application threads were stopped: 0.0003958 seconds, Stopping threads took: 0.0000337 seconds
2015-12-06T20:52:46.561+0530: 3532.855: Total time for which application threads were stopped: 0.0002566 seconds, Stopping threads took: 0.0000468 seconds
2015-12-06T20:52:46.561+0530: 3532.855: Total time for which application threads were stopped: 0.0002268 seconds, Stopping threads took: 0.0000412 seconds
2015-12-06T20:52:46.567+0530: 3532.861: Total time for which application threads were stopped: 0.0055421 seconds, Stopping threads took: 0.0052823 seconds
2015-12-06T20:52:46.567+0530: 3532.861: Total time for which application threads were stopped: 0.0001652 seconds, Stopping threads took: 0.0000173 seconds
2015-12-06T20:52:46.567+0530: 3532.861: Total time for which application threads were stopped: 0.0001313 seconds, Stopping threads took: 0.0000142 seconds
2015-12-06T20:52:46.567+0530: 3532.861: Total time for which application threads were stopped: 0.0001219 seconds, Stopping threads took: 0.0000131 seconds
2015-12-06T20:52:46.568+0530: 3532.861: Total time for which application threads were stopped: 0.0001563 seconds, Stopping threads took: 0.0000179 seconds
2015-12-06T20:52:48.187+0530: 3534.481: Total time for which application threads were stopped: 0.0002647 seconds, Stopping threads took: 0.0000510 seconds
2015-12-06T20:52:52.085+0530: 3538.379: Total time for which application threads were stopped: 0.0012093 seconds, Stopping threads took: 0.0000570 seconds
2015-12-06T20:52:52.086+0530: 3538.379: Total time for which application threads were stopped: 0.0007354 seconds, Stopping threads took: 0.0000208 seconds
2015-12-06T20:52:56.464+0530: 3542.758: Total time for which application threads were stopped: 0.0004780 seconds, Stopping threads took: 0.0000622 seconds
2015-12-06T20:53:02.082+0530: 3548.376: Total time for which application threads were stopped: 0.0005800 seconds, Stopping threads took: 0.0000732 seconds
2015-12-06T20:53:03.644+0530: 3549.938: Total time for which application threads were stopped: 0.0003776 seconds, Stopping threads took: 0.0001363 seconds
2015-12-06T20:53:03.671+0530: 3549.965: Total time for which application threads were stopped: 0.0002556 seconds, Stopping threads took: 0.0000445 seconds
2015-12-06T20:53:03.672+0530: 3549.966: Total time for which application threads were stopped: 0.0002566 seconds, Stopping threads took: 0.0000510 seconds
2015-12-06T20:53:03.672+0530: 3549.966: Total time for which application threads were stopped: 0.0002294 seconds, Stopping threads took: 0.0000750 seconds
2015-12-06T20:53:34.677+0530: 3580.971: Total time for which application threads were stopped: 0.0004093 seconds, Stopping threads took: 0.0000727 seconds
2015-12-06T20:53:46.495+0530: 3592.789: Total time for which application threads were stopped: 0.0002402 seconds, Stopping threads took: 0.0000294 seconds
2015-12-06T20:53:46.495+0530: 3592.789: Total time for which application threads were stopped: 0.0001189 seconds, Stopping threads took: 0.0000166 seconds
2015-12-06T20:53:49.207+0530: 3595.500: Total time for which application threads were stopped: 0.0002489 seconds, Stopping threads took: 0.0000365 seconds
2015-12-06T20:53:49.207+0530: 3595.501: Total time for which application threads were stopped: 0.0002037 seconds, Stopping threads took: 0.0000491 seconds
2015-12-06T20:53:49.207+0530: 3595.501: Total time for which application threads were stopped: 0.0001584 seconds, Stopping threads took: 0.0000153 seconds
2015-12-06T20:53:49.258+0530: 3595.552: Total time for which application threads were stopped: 0.0002446 seconds, Stopping threads took: 0.0000323 seconds
2015-12-06T20:53:49.278+0530: 3595.571: Total time for which application threads were stopped: 0.0042514 seconds, Stopping threads took: 0.0039039 seconds
2015-12-06T20:53:49.278+0530: 3595.572: Total time for which application threads were stopped: 0.0003226 seconds, Stopping threads took: 0.0000948 seconds
{Heap before GC invocations=118 (full 2):
 par new generation   total 109248K, used 91467K [0x00000000e0000000, 0x00000000e8000000, 0x00000000e8000000)
  eden space 87424K, 100% used [0x00000000e0000000, 0x00000000e5560000, 0x00000000e5560000)
  from space 21824K,  18% used [0x00000000e5560000, 0x00000000e5952c90, 0x00000000e6ab0000)
  to   space 21824K,   0% used [0x00000000e6ab0000, 0x00000000e6ab0000, 0x00000000e8000000)
 concurrent mark-sweep generation total 393216K, used 29563K [0x00000000e8000000, 0x0000000100000000, 0x0000000100000000)
 Metaspace       used 41027K, capacity 41572K, committed 41964K, reserved 1087488K
  class space    used 4309K, capacity 4488K, committed 4604K, reserved 1048576K
2015-12-06T20:53:49.283+0530: 3595.577: [GC (Allocation Failure) 3595.577: [ParNew
Desired survivor size 20112992 bytes, new threshold 8 (max 8)
- age   1:    1431920 bytes,    1431920 total
- age   2:     633904 bytes,    2065824 total
- age   3:     400048 bytes,    2465872 total
- age   4:     237128 bytes,    2703000 total
- age   5:      42400 bytes,    2745400 total
- age   6:     238104 bytes,    2983504 total
- age   7:      88088 bytes,    3071592 total
- age   8:      95912 bytes,    3167504 total
: 91467K->4852K(109248K), 0.0229933 secs] 121030K->34517K(502464K), 0.9830893 secs] [Times: user=0.04 sys=0.00, real=0.98 secs] 
Heap after GC invocations=119 (full 2):
 par new generation   total 109248K, used 4852K [0x00000000e0000000, 0x00000000e8000000, 0x00000000e8000000)
  eden space 87424K,   0% used [0x00000000e0000000, 0x00000000e0000000, 0x00000000e5560000)
  from space 21824K,  22% used [0x00000000e6ab0000, 0x00000000e6f6d178, 0x00000000e8000000)
  to   space 21824K,   0% used [0x00000000e5560000, 0x00000000e5560000, 0x00000000e6ab0000)
 concurrent mark-sweep generation total 393216K, used 29664K [0x00000000e8000000, 0x0000000100000000, 0x0000000100000000)
 Metaspace       used 41027K, capacity 41572K, committed 41964K, reserved 1087488K
  class space    used 4309K, capacity 4488K, committed 4604K, reserved 1048576K
}
2015-12-06T20:53:50.269+0530: 3596.563: Total time for which application threads were stopped: 0.9857459 seconds, Stopping threads took: 0.0000307 seconds
2015-12-06T20:53:50.283+0530: 3596.577: Total time for which application threads were stopped: 0.0003638 seconds, Stopping threads took: 0.0001267 seconds
2015-12-06T20:53:50.284+0530: 3596.578: Total time for which application threads were stopped: 0.0009836 seconds, Stopping threads took: 0.0007574 seconds
2015-12-06T20:53:50.284+0530: 3596.578: Total time for which application threads were stopped: 0.0003118 seconds, Stopping threads took: 0.0000756 seconds
2015-12-06T20:53:50.285+0530: 3596.579: Total time for which application threads were stopped: 0.0002082 seconds, Stopping threads took: 0.0000380 seconds
2015-12-06T20:53:50.285+0530: 3596.579: Total time for which application threads were stopped: 0.0001955 seconds, Stopping threads took: 0.0000314 seconds
2015-12-06T20:53:50.285+0530: 3596.579: Total time for which application threads were stopped: 0.0002123 seconds, Stopping threads took: 0.0000289 seconds
2015-12-06T20:53:50.285+0530: 3596.579: Total time for which application threads were stopped: 0.0001927 seconds, Stopping threads took: 0.0000348 seconds
2015-12-06T20:53:50.287+0530: 3596.581: Total time for which application threads were stopped: 0.0002045 seconds, Stopping threads took: 0.0000239 seconds
2015-12-06T20:53:50.287+0530: 3596.581: Total time for which application threads were stopped: 0.0001797 seconds, Stopping threads took: 0.0000169 seconds
2015-12-06T20:53:50.288+0530: 3596.582: Total time for which application threads were stopped: 0.0001931 seconds, Stopping threads took: 0.0000176 seconds
2015-12-06T20:53:50.316+0530: 3596.610: Total time for which application threads were stopped: 0.0008702 seconds, Stopping threads took: 0.0006486 seconds
2015-12-06T20:53:51.316+0530: 3597.610: Total time for which application threads were stopped: 0.0002849 seconds, Stopping threads took: 0.0000362 seconds
2015-12-06T20:53:55.951+0530: 3602.245: Total time for which application threads were stopped: 0.0032575 seconds, Stopping threads took: 0.0027713 seconds
2015-12-06T20:54:00.952+0530: 3607.246: Total time for which application threads were stopped: 0.0003905 seconds, Stopping threads took: 0.0000582 seconds
2015-12-06T20:54:02.952+0530: 3609.246: Total time for which application threads were stopped: 0.0002590 seconds, Stopping threads took: 0.0000350 seconds
2015-12-06T20:54:15.082+0530: 3621.376: Total time for which application threads were stopped: 0.0005635 seconds, Stopping threads took: 0.0001336 seconds
2015-12-06T20:54:16.754+0530: 3623.048: Total time for which application threads were stopped: 0.0018204 seconds, Stopping threads took: 0.0013973 seconds
2015-12-06T20:54:16.756+0530: 3623.050: Total time for which application threads were stopped: 0.0005560 seconds, Stopping threads took: 0.0001477 seconds
2015-12-06T20:54:17.021+0530: 3623.315: Total time for which application threads were stopped: 0.0004865 seconds, Stopping threads took: 0.0001422 seconds
2015-12-06T20:54:17.022+0530: 3623.316: Total time for which application threads were stopped: 0.0002006 seconds, Stopping threads took: 0.0000616 seconds
2015-12-06T20:54:17.329+0530: 3623.623: Total time for which application threads were stopped: 0.0005569 seconds, Stopping threads took: 0.0003379 seconds
2015-12-06T20:54:18.235+0530: 3624.529: Total time for which application threads were stopped: 0.0002704 seconds, Stopping threads took: 0.0000682 seconds
2015-12-06T20:54:18.235+0530: 3624.529: Total time for which application threads were stopped: 0.0001264 seconds, Stopping threads took: 0.0000121 seconds
2015-12-06T20:54:18.936+0530: 3625.230: Total time for which application threads were stopped: 0.0066790 seconds, Stopping threads took: 0.0064539 seconds
2015-12-06T20:54:18.938+0530: 3625.231: Total time for which application threads were stopped: 0.0009028 seconds, Stopping threads took: 0.0007197 seconds
2015-12-06T20:54:18.939+0530: 3625.233: Total time for which application threads were stopped: 0.0004957 seconds, Stopping threads took: 0.0003010 seconds
2015-12-06T20:54:18.941+0530: 3625.235: Total time for which application threads were stopped: 0.0008846 seconds, Stopping threads took: 0.0006912 seconds
2015-12-06T20:54:18.951+0530: 3625.245: Total time for which application threads were stopped: 0.0004671 seconds, Stopping threads took: 0.0000910 seconds
2015-12-06T20:54:18.951+0530: 3625.245: Total time for which application threads were stopped: 0.0001966 seconds, Stopping threads took: 0.0000339 seconds
2015-12-06T20:54:22.134+0530: 3628.428: Total time for which application threads were stopped: 0.0002864 seconds, Stopping threads took: 0.0000719 seconds
2015-12-06T20:54:22.437+0530: 3628.731: Total time for which application threads were stopped: 0.0015362 seconds, Stopping threads took: 0.0009741 seconds
2015-12-06T20:54:26.345+0530: 3632.639: Total time for which application threads were stopped: 0.1044514 seconds, Stopping threads took: 0.1039981 seconds
2015-12-06T20:54:35.915+0530: 3642.209: Total time for which application threads were stopped: 0.0003492 seconds, Stopping threads took: 0.0000685 seconds
2015-12-06T20:54:35.915+0530: 3642.209: Total time for which application threads were stopped: 0.0001912 seconds, Stopping threads took: 0.0000397 seconds
2015-12-06T20:54:36.705+0530: 3642.999: Total time for which application threads were stopped: 0.0003320 seconds, Stopping threads took: 0.0000685 seconds
2015-12-06T20:54:36.705+0530: 3642.999: Total time for which application threads were stopped: 0.0001815 seconds, Stopping threads took: 0.0000533 seconds
2015-12-06T20:54:36.722+0530: 3643.015: Total time for which application threads were stopped: 0.0004710 seconds, Stopping threads took: 0.0000519 seconds
2015-12-06T20:54:41.322+0530: 3647.616: Total time for which application threads were stopped: 0.0002428 seconds, Stopping threads took: 0.0000317 seconds
2015-12-06T20:54:45.425+0530: 3651.718: Total time for which application threads were stopped: 0.0002795 seconds, Stopping threads took: 0.0000353 seconds
2015-12-06T20:54:45.425+0530: 3651.719: Total time for which application threads were stopped: 0.0001569 seconds, Stopping threads took: 0.0000189 seconds
{Heap before GC invocations=119 (full 2):
 par new generation   total 109248K, used 92276K [0x00000000e0000000, 0x00000000e8000000, 0x00000000e8000000)
  eden space 87424K, 100% used [0x00000000e0000000, 0x00000000e5560000, 0x00000000e5560000)
  from space 21824K,  22% used [0x00000000e6ab0000, 0x00000000e6f6d178, 0x00000000e8000000)
  to   space 21824K,   0% used [0x00000000e5560000, 0x00000000e5560000, 0x00000000e6ab0000)
 concurrent mark-sweep generation total 393216K, used 29664K [0x00000000e8000000, 0x0000000100000000, 0x0000000100000000)
 Metaspace       used 41059K, capacity 41636K, committed 41964K, reserved 1087488K
  class space    used 4314K, capacity 4488K, committed 4604K, reserved 1048576K
2015-12-06T20:54:52.749+0530: 3659.043: [GC (Allocation Failure) 3659.043: [ParNew
Desired survivor size 20112992 bytes, new threshold 8 (max 8)
- age   1:    1895784 bytes,    1895784 total
- age   2:     322456 bytes,    2218240 total
- age   3:     207080 bytes,    2425320 total
- age   4:     108112 bytes,    2533432 total
- age   5:     217008 bytes,    2750440 total
- age   6:      14296 bytes,    2764736 total
- age   7:     226336 bytes,    2991072 total
- age   8:      19672 bytes,    3010744 total
: 92276K->3922K(109248K), 0.0135090 secs] 121941K->33681K(502464K), 0.2909347 secs] [Times: user=0.04 sys=0.00, real=0.29 secs] 
Heap after GC invocations=120 (full 2):
 par new generation   total 109248K, used 3922K [0x00000000e0000000, 0x00000000e8000000, 0x00000000e8000000)
  eden space 87424K,   0% used [0x00000000e0000000, 0x00000000e0000000, 0x00000000e5560000)
  from space 21824K,  17% used [0x00000000e5560000, 0x00000000e5934940, 0x00000000e6ab0000)
  to   space 21824K,   0% used [0x00000000e6ab0000, 0x00000000e6ab0000, 0x00000000e8000000)
 concurrent mark-sweep generation total 393216K, used 29759K [0x00000000e8000000, 0x0000000100000000, 0x0000000100000000)
 Metaspace       used 41059K, capacity 41636K, committed 41964K, reserved 1087488K
  class space    used 4314K, capacity 4488K, committed 4604K, reserved 1048576K
}
2015-12-06T20:54:53.040+0530: 3659.334: Total time for which application threads were stopped: 0.2918517 seconds, Stopping threads took: 0.0001130 seconds
2015-12-06T20:55:02.083+0530: 3668.377: Total time for which application threads were stopped: 0.0003147 seconds, Stopping threads took: 0.0000838 seconds
2015-12-06T20:55:02.084+0530: 3668.377: Total time for which application threads were stopped: 0.0002450 seconds, Stopping threads took: 0.0000590 seconds
2015-12-06T20:55:02.084+0530: 3668.378: Total time for which application threads were stopped: 0.0001678 seconds, Stopping threads took: 0.0000337 seconds
2015-12-06T20:55:13.467+0530: 3679.761: Total time for which application threads were stopped: 0.0005985 seconds, Stopping threads took: 0.0001536 seconds
2015-12-06T20:55:17.755+0530: 3684.048: Total time for which application threads were stopped: 0.0005128 seconds, Stopping threads took: 0.0000318 seconds
2015-12-06T20:55:18.336+0530: 3684.630: Total time for which application threads were stopped: 0.0002750 seconds, Stopping threads took: 0.0000487 seconds
2015-12-06T20:55:18.336+0530: 3684.630: Total time for which application threads were stopped: 0.0002060 seconds, Stopping threads took: 0.0000388 seconds
2015-12-06T20:55:18.385+0530: 3684.679: Total time for which application threads were stopped: 0.0002304 seconds, Stopping threads took: 0.0000343 seconds
2015-12-06T20:55:18.385+0530: 3684.679: Total time for which application threads were stopped: 0.0001901 seconds, Stopping threads took: 0.0000401 seconds
2015-12-06T20:55:18.389+0530: 3684.683: Total time for which application threads were stopped: 0.0002176 seconds, Stopping threads took: 0.0000289 seconds
2015-12-06T20:55:28.089+0530: 3694.383: Total time for which application threads were stopped: 0.0003217 seconds, Stopping threads took: 0.0000272 seconds
2015-12-06T20:55:34.935+0530: 3701.229: Total time for which application threads were stopped: 0.0003106 seconds, Stopping threads took: 0.0000380 seconds
2015-12-06T20:55:34.935+0530: 3701.229: Total time for which application threads were stopped: 0.0001894 seconds, Stopping threads took: 0.0000474 seconds
2015-12-06T20:55:34.936+0530: 3701.230: Total time for which application threads were stopped: 0.0001721 seconds, Stopping threads took: 0.0000241 seconds
2015-12-06T20:55:44.159+0530: 3710.453: Total time for which application threads were stopped: 0.0004566 seconds, Stopping threads took: 0.0001067 seconds
2015-12-06T20:55:44.159+0530: 3710.453: Total time for which application threads were stopped: 0.0003398 seconds, Stopping threads took: 0.0000347 seconds
2015-12-06T20:55:44.182+0530: 3710.476: Total time for which application threads were stopped: 0.0009919 seconds, Stopping threads took: 0.0007856 seconds
2015-12-06T20:55:44.257+0530: 3710.551: Total time for which application threads were stopped: 0.0010025 seconds, Stopping threads took: 0.0003787 seconds
2015-12-06T20:55:45.736+0530: 3712.030: Total time for which application threads were stopped: 0.0003459 seconds, Stopping threads took: 0.0000604 seconds
2015-12-06T20:55:45.751+0530: 3712.045: Total time for which application threads were stopped: 0.0003200 seconds, Stopping threads took: 0.0000597 seconds
{Heap before GC invocations=120 (full 2):
 par new generation   total 109248K, used 91346K [0x00000000e0000000, 0x00000000e8000000, 0x00000000e8000000)
  eden space 87424K, 100% used [0x00000000e0000000, 0x00000000e5560000, 0x00000000e5560000)
  from space 21824K,  17% used [0x00000000e5560000, 0x00000000e5934940, 0x00000000e6ab0000)
  to   space 21824K,   0% used [0x00000000e6ab0000, 0x00000000e6ab0000, 0x00000000e8000000)
 concurrent mark-sweep generation total 393216K, used 29759K [0x00000000e8000000, 0x0000000100000000, 0x0000000100000000)
 Metaspace       used 41065K, capacity 41636K, committed 41964K, reserved 1087488K
  class space    used 4315K, capacity 4488K, committed 4604K, reserved 1048576K
2015-12-06T20:55:45.758+0530: 3712.052: [GC (Allocation Failure) 3712.052: [ParNew
Desired survivor size 20112992 bytes, new threshold 8 (max 8)
- age   1:    1816080 bytes,    1816080 total
- age   2:     468744 bytes,    2284824 total
- age   3:     138128 bytes,    2422952 total
- age   4:     154104 bytes,    2577056 total
- age   5:      91936 bytes,    2668992 total
- age   6:     215928 bytes,    2884920 total
- age   7:      14248 bytes,    2899168 total
- age   8:     158728 bytes,    3057896 total
: 91346K->3968K(109248K), 0.0136193 secs] 121105K->33746K(502464K), 0.0137862 secs] [Times: user=0.03 sys=0.00, real=0.01 secs] 
Heap after GC invocations=121 (full 2):
 par new generation   total 109248K, used 3968K [0x00000000e0000000, 0x00000000e8000000, 0x00000000e8000000)
  eden space 87424K,   0% used [0x00000000e0000000, 0x00000000e0000000, 0x00000000e5560000)
  from space 21824K,  18% used [0x00000000e6ab0000, 0x00000000e6e900e8, 0x00000000e8000000)
  to   space 21824K,   0% used [0x00000000e5560000, 0x00000000e5560000, 0x00000000e6ab0000)
 concurrent mark-sweep generation total 393216K, used 29778K [0x00000000e8000000, 0x0000000100000000, 0x0000000100000000)
 Metaspace       used 41065K, capacity 41636K, committed 41964K, reserved 1087488K
  class space    used 4315K, capacity 4488K, committed 4604K, reserved 1048576K
}
2015-12-06T20:55:45.772+0530: 3712.066: Total time for which application threads were stopped: 0.0145945 seconds, Stopping threads took: 0.0000795 seconds
2015-12-06T20:55:48.162+0530: 3714.456: Total time for which application threads were stopped: 0.0005249 seconds, Stopping threads took: 0.0002058 seconds
2015-12-06T20:55:54.955+0530: 3721.249: Total time for which application threads were stopped: 0.0002210 seconds, Stopping threads took: 0.0000541 seconds
2015-12-06T20:56:06.957+0530: 3733.251: Total time for which application threads were stopped: 0.0004824 seconds, Stopping threads took: 0.0000795 seconds
2015-12-06T20:56:09.202+0530: 3735.496: Total time for which application threads were stopped: 0.0002169 seconds, Stopping threads took: 0.0000323 seconds
2015-12-06T20:56:11.364+0530: 3737.658: Total time for which application threads were stopped: 0.0004868 seconds, Stopping threads took: 0.0001028 seconds
2015-12-06T20:56:13.514+0530: 3739.808: Total time for which application threads were stopped: 0.0002363 seconds, Stopping threads took: 0.0000359 seconds
2015-12-06T20:56:17.665+0530: 3743.959: Total time for which application threads were stopped: 0.0003640 seconds, Stopping threads took: 0.0000461 seconds
2015-12-06T20:56:17.695+0530: 3743.989: Total time for which application threads were stopped: 0.0002542 seconds, Stopping threads took: 0.0000594 seconds
2015-12-06T20:56:19.301+0530: 3745.595: Total time for which application threads were stopped: 0.0002541 seconds, Stopping threads took: 0.0000339 seconds
2015-12-06T20:56:19.302+0530: 3745.596: Total time for which application threads were stopped: 0.0000976 seconds, Stopping threads took: 0.0000157 seconds
2015-12-06T20:56:23.604+0530: 3749.898: Total time for which application threads were stopped: 0.0002871 seconds, Stopping threads took: 0.0000628 seconds
2015-12-06T20:56:23.604+0530: 3749.898: Total time for which application threads were stopped: 0.0002086 seconds, Stopping threads took: 0.0000552 seconds
2015-12-06T20:56:23.904+0530: 3750.197: Total time for which application threads were stopped: 0.0002500 seconds, Stopping threads took: 0.0000369 seconds
2015-12-06T20:56:23.904+0530: 3750.198: Total time for which application threads were stopped: 0.0000984 seconds, Stopping threads took: 0.0000147 seconds
2015-12-06T20:56:36.294+0530: 3762.588: Total time for which application threads were stopped: 0.0005549 seconds, Stopping threads took: 0.0001566 seconds
2015-12-06T20:56:36.295+0530: 3762.589: Total time for which application threads were stopped: 0.0003364 seconds, Stopping threads took: 0.0000474 seconds
2015-12-06T20:56:37.859+0530: 3764.153: Total time for which application threads were stopped: 0.0005203 seconds, Stopping threads took: 0.0002615 seconds
2015-12-06T20:56:37.877+0530: 3764.171: Total time for which application threads were stopped: 0.0051486 seconds, Stopping threads took: 0.0049188 seconds
{Heap before GC invocations=121 (full 2):
 par new generation   total 109248K, used 91392K [0x00000000e0000000, 0x00000000e8000000, 0x00000000e8000000)
  eden space 87424K, 100% used [0x00000000e0000000, 0x00000000e5560000, 0x00000000e5560000)
  from space 21824K,  18% used [0x00000000e6ab0000, 0x00000000e6e900e8, 0x00000000e8000000)
  to   space 21824K,   0% used [0x00000000e5560000, 0x00000000e5560000, 0x00000000e6ab0000)
 concurrent mark-sweep generation total 393216K, used 29778K [0x00000000e8000000, 0x0000000100000000, 0x0000000100000000)
 Metaspace       used 41065K, capacity 41636K, committed 41964K, reserved 1087488K
  class space    used 4315K, capacity 4488K, committed 4604K, reserved 1048576K
2015-12-06T20:56:41.943+0530: 3768.237: [GC (Allocation Failure) 3768.237: [ParNew
Desired survivor size 20112992 bytes, new threshold 8 (max 8)
- age   1:    1320536 bytes,    1320536 total
- age   2:     950728 bytes,    2271264 total
- age   3:     446128 bytes,    2717392 total
- age   4:     125344 bytes,    2842736 total
- age   5:     147816 bytes,    2990552 total
- age   6:      90368 bytes,    3080920 total
- age   7:     215832 bytes,    3296752 total
- age   8:      14248 bytes,    3311000 total
: 91392K->4237K(109248K), 0.0119859 secs] 121170K->34038K(502464K), 0.1988720 secs] [Times: user=0.03 sys=0.00, real=0.20 secs] 
Heap after GC invocations=122 (full 2):
 par new generation   total 109248K, used 4237K [0x00000000e0000000, 0x00000000e8000000, 0x00000000e8000000)
  eden space 87424K,   0% used [0x00000000e0000000, 0x00000000e0000000, 0x00000000e5560000)
  from space 21824K,  19% used [0x00000000e5560000, 0x00000000e5983530, 0x00000000e6ab0000)
  to   space 21824K,   0% used [0x00000000e6ab0000, 0x00000000e6ab0000, 0x00000000e8000000)
 concurrent mark-sweep generation total 393216K, used 29801K [0x00000000e8000000, 0x0000000100000000, 0x0000000100000000)
 Metaspace       used 41065K, capacity 41636K, committed 41964K, reserved 1087488K
  class space    used 4315K, capacity 4488K, committed 4604K, reserved 1048576K
}
2015-12-06T20:56:42.142+0530: 3768.436: Total time for which application threads were stopped: 0.2550835 seconds, Stopping threads took: 0.0000365 seconds
2015-12-06T20:56:44.938+0530: 3771.232: Total time for which application threads were stopped: 0.0007257 seconds, Stopping threads took: 0.0002255 seconds
2015-12-06T20:56:44.940+0530: 3771.234: Total time for which application threads were stopped: 0.0017010 seconds, Stopping threads took: 0.0001025 seconds
2015-12-06T20:56:45.576+0530: 3771.869: Total time for which application threads were stopped: 0.0001899 seconds, Stopping threads took: 0.0000324 seconds
2015-12-06T20:56:45.596+0530: 3771.890: Total time for which application threads were stopped: 0.0002584 seconds, Stopping threads took: 0.0000299 seconds
2015-12-06T20:56:46.311+0530: 3772.605: Total time for which application threads were stopped: 0.0003339 seconds, Stopping threads took: 0.0000945 seconds
2015-12-06T20:56:46.312+0530: 3772.606: Total time for which application threads were stopped: 0.0002091 seconds, Stopping threads took: 0.0000606 seconds
2015-12-06T20:56:46.313+0530: 3772.607: Total time for which application threads were stopped: 0.0002951 seconds, Stopping threads took: 0.0001450 seconds
2015-12-06T20:56:46.313+0530: 3772.607: Total time for which application threads were stopped: 0.0001555 seconds, Stopping threads took: 0.0000392 seconds
2015-12-06T20:56:46.321+0530: 3772.614: Total time for which application threads were stopped: 0.0004392 seconds, Stopping threads took: 0.0001286 seconds
2015-12-06T20:56:48.016+0530: 3774.310: Total time for which application threads were stopped: 0.0008937 seconds, Stopping threads took: 0.0006691 seconds
2015-12-06T20:56:48.017+0530: 3774.311: Total time for which application threads were stopped: 0.0001418 seconds, Stopping threads took: 0.0000312 seconds
2015-12-06T20:56:48.023+0530: 3774.317: Total time for which application threads were stopped: 0.0002358 seconds, Stopping threads took: 0.0000302 seconds
2015-12-06T20:56:50.127+0530: 3776.421: Total time for which application threads were stopped: 0.0002098 seconds, Stopping threads took: 0.0000298 seconds
2015-12-06T20:56:50.127+0530: 3776.421: Total time for which application threads were stopped: 0.0000843 seconds, Stopping threads took: 0.0000110 seconds
2015-12-06T20:56:50.127+0530: 3776.421: Total time for which application threads were stopped: 0.0000780 seconds, Stopping threads took: 0.0000099 seconds
2015-12-06T20:56:54.597+0530: 3780.891: Total time for which application threads were stopped: 0.0003428 seconds, Stopping threads took: 0.0000430 seconds
2015-12-06T20:56:54.597+0530: 3780.891: Total time for which application threads were stopped: 0.0001807 seconds, Stopping threads took: 0.0000182 seconds
{Heap before GC invocations=122 (full 2):
 par new generation   total 109248K, used 91661K [0x00000000e0000000, 0x00000000e8000000, 0x00000000e8000000)
  eden space 87424K, 100% used [0x00000000e0000000, 0x00000000e5560000, 0x00000000e5560000)
  from space 21824K,  19% used [0x00000000e5560000, 0x00000000e5983530, 0x00000000e6ab0000)
  to   space 21824K,   0% used [0x00000000e6ab0000, 0x00000000e6ab0000, 0x00000000e8000000)
 concurrent mark-sweep generation total 393216K, used 29801K [0x00000000e8000000, 0x0000000100000000, 0x0000000100000000)
 Metaspace       used 41066K, capacity 41636K, committed 41964K, reserved 1087488K
  class space    used 4315K, capacity 4488K, committed 4604K, reserved 1048576K
2015-12-06T20:57:17.385+0530: 3803.679: [GC (Allocation Failure) 3803.679: [ParNew
Desired survivor size 20112992 bytes, new threshold 8 (max 8)
- age   1:    1586784 bytes,    1586784 total
- age   2:     500272 bytes,    2087056 total
- age   3:     687216 bytes,    2774272 total
- age   4:     234184 bytes,    3008456 total
- age   5:      88856 bytes,    3097312 total
- age   6:     147032 bytes,    3244344 total
- age   7:      90368 bytes,    3334712 total
- age   8:     215832 bytes,    3550544 total
: 91661K->4224K(109248K), 0.0157765 secs] 121462K->34039K(502464K), 0.1936428 secs] [Times: user=0.04 sys=0.01, real=0.19 secs] 
Heap after GC invocations=123 (full 2):
 par new generation   total 109248K, used 4224K [0x00000000e0000000, 0x00000000e8000000, 0x00000000e8000000)
  eden space 87424K,   0% used [0x00000000e0000000, 0x00000000e0000000, 0x00000000e5560000)
  from space 21824K,  19% used [0x00000000e6ab0000, 0x00000000e6ed02e0, 0x00000000e8000000)
  to   space 21824K,   0% used [0x00000000e5560000, 0x00000000e5560000, 0x00000000e6ab0000)
 concurrent mark-sweep generation total 393216K, used 29815K [0x00000000e8000000, 0x0000000100000000, 0x0000000100000000)
 Metaspace       used 41066K, capacity 41636K, committed 41964K, reserved 1087488K
  class space    used 4315K, capacity 4488K, committed 4604K, reserved 1048576K
}
2015-12-06T20:57:17.579+0530: 3803.873: Total time for which application threads were stopped: 0.3195387 seconds, Stopping threads took: 0.0000352 seconds
2015-12-06T20:57:18.190+0530: 3804.484: Total time for which application threads were stopped: 0.0005483 seconds, Stopping threads took: 0.0001212 seconds
2015-12-06T20:57:18.191+0530: 3804.484: Total time for which application threads were stopped: 0.0003142 seconds, Stopping threads took: 0.0000809 seconds
2015-12-06T20:57:23.191+0530: 3809.485: Total time for which application threads were stopped: 0.0003549 seconds, Stopping threads took: 0.0000488 seconds
2015-12-06T20:57:52.196+0530: 3838.489: Total time for which application threads were stopped: 0.0003136 seconds, Stopping threads took: 0.0000499 seconds
2015-12-06T20:57:53.374+0530: 3839.668: Total time for which application threads were stopped: 0.0005341 seconds, Stopping threads took: 0.0000968 seconds
2015-12-06T20:57:55.130+0530: 3841.424: Total time for which application threads were stopped: 0.0004410 seconds, Stopping threads took: 0.0000284 seconds
2015-12-06T20:57:55.131+0530: 3841.425: Total time for which application threads were stopped: 0.0002812 seconds, Stopping threads took: 0.0000519 seconds
2015-12-06T20:57:55.132+0530: 3841.425: Total time for which application threads were stopped: 0.0001509 seconds, Stopping threads took: 0.0000322 seconds
2015-12-06T20:57:55.159+0530: 3841.453: Total time for which application threads were stopped: 0.0002604 seconds, Stopping threads took: 0.0000234 seconds
2015-12-06T20:57:55.167+0530: 3841.460: Total time for which application threads were stopped: 0.0023128 seconds, Stopping threads took: 0.0000895 seconds
2015-12-06T20:57:55.172+0530: 3841.465: Total time for which application threads were stopped: 0.0003261 seconds, Stopping threads took: 0.0000712 seconds
2015-12-06T20:57:55.188+0530: 3841.482: Total time for which application threads were stopped: 0.0002937 seconds, Stopping threads took: 0.0000352 seconds
2015-12-06T20:57:55.189+0530: 3841.483: Total time for which application threads were stopped: 0.0001832 seconds, Stopping threads took: 0.0000223 seconds
2015-12-06T20:57:55.207+0530: 3841.501: Total time for which application threads were stopped: 0.0003210 seconds, Stopping threads took: 0.0000964 seconds
2015-12-06T20:57:55.208+0530: 3841.502: Total time for which application threads were stopped: 0.0002159 seconds, Stopping threads took: 0.0000627 seconds
2015-12-06T20:57:55.238+0530: 3841.532: Total time for which application threads were stopped: 0.0002865 seconds, Stopping threads took: 0.0000394 seconds
2015-12-06T20:57:56.298+0530: 3842.592: Total time for which application threads were stopped: 0.0004217 seconds, Stopping threads took: 0.0001139 seconds
2015-12-06T20:57:56.299+0530: 3842.592: Total time for which application threads were stopped: 0.0002773 seconds, Stopping threads took: 0.0000628 seconds
2015-12-06T20:57:56.753+0530: 3843.047: Total time for which application threads were stopped: 0.0004355 seconds, Stopping threads took: 0.0002139 seconds
2015-12-06T20:57:57.801+0530: 3844.095: Total time for which application threads were stopped: 0.0004570 seconds, Stopping threads took: 0.0000527 seconds
2015-12-06T20:57:57.803+0530: 3844.097: Total time for which application threads were stopped: 0.0004386 seconds, Stopping threads took: 0.0000392 seconds
2015-12-06T20:58:00.467+0530: 3846.761: Total time for which application threads were stopped: 0.4427272 seconds, Stopping threads took: 0.4424554 seconds
2015-12-06T20:58:03.292+0530: 3849.586: Total time for which application threads were stopped: 0.1046079 seconds, Stopping threads took: 0.1042401 seconds
2015-12-06T20:58:09.458+0530: 3855.752: Total time for which application threads were stopped: 0.0002199 seconds, Stopping threads took: 0.0000295 seconds
2015-12-06T20:58:09.458+0530: 3855.752: Total time for which application threads were stopped: 0.0001003 seconds, Stopping threads took: 0.0000098 seconds
2015-12-06T20:58:16.804+0530: 3863.098: Total time for which application threads were stopped: 0.0002839 seconds, Stopping threads took: 0.0000448 seconds
2015-12-06T20:58:16.805+0530: 3863.098: Total time for which application threads were stopped: 0.0001464 seconds, Stopping threads took: 0.0000181 seconds
{Heap before GC invocations=123 (full 2):
 par new generation   total 109248K, used 91648K [0x00000000e0000000, 0x00000000e8000000, 0x00000000e8000000)
  eden space 87424K, 100% used [0x00000000e0000000, 0x00000000e5560000, 0x00000000e5560000)
  from space 21824K,  19% used [0x00000000e6ab0000, 0x00000000e6ed02e0, 0x00000000e8000000)
  to   space 21824K,   0% used [0x00000000e5560000, 0x00000000e5560000, 0x00000000e6ab0000)
 concurrent mark-sweep generation total 393216K, used 29815K [0x00000000e8000000, 0x0000000100000000, 0x0000000100000000)
 Metaspace       used 41073K, capacity 41636K, committed 41964K, reserved 1087488K
  class space    used 4315K, capacity 4488K, committed 4604K, reserved 1048576K
2015-12-06T20:58:31.099+0530: 3877.393: [GC (Allocation Failure) 3877.542: [ParNew
Desired survivor size 20112992 bytes, new threshold 8 (max 8)
- age   1:    2297280 bytes,    2297280 total
- age   2:     517224 bytes,    2814504 total
- age   3:     323632 bytes,    3138136 total
- age   4:     469072 bytes,    3607208 total
- age   5:     190408 bytes,    3797616 total
- age   6:      82560 bytes,    3880176 total
- age   7:     146960 bytes,    4027136 total
- age   8:      21976 bytes,    4049112 total
: 91648K->4718K(109248K), 0.0169409 secs] 121463K->34678K(502464K), 0.1780635 secs] [Times: user=0.04 sys=0.01, real=0.18 secs] 
Heap after GC invocations=124 (full 2):
 par new generation   total 109248K, used 4718K [0x00000000e0000000, 0x00000000e8000000, 0x00000000e8000000)
  eden space 87424K,   0% used [0x00000000e0000000, 0x00000000e0000000, 0x00000000e5560000)
  from space 21824K,  21% used [0x00000000e5560000, 0x00000000e59fbb80, 0x00000000e6ab0000)
  to   space 21824K,   0% used [0x00000000e6ab0000, 0x00000000e6ab0000, 0x00000000e8000000)
 concurrent mark-sweep generation total 393216K, used 29960K [0x00000000e8000000, 0x0000000100000000, 0x0000000100000000)
 Metaspace       used 41073K, capacity 41636K, committed 41964K, reserved 1087488K
  class space    used 4315K, capacity 4488K, committed 4604K, reserved 1048576K
}
2015-12-06T20:58:31.277+0530: 3877.571: Total time for which application threads were stopped: 0.1790049 seconds, Stopping threads took: 0.0000493 seconds
2015-12-06T20:58:31.782+0530: 3878.076: Total time for which application threads were stopped: 0.0005087 seconds, Stopping threads took: 0.0001574 seconds
2015-12-06T20:58:31.785+0530: 3878.079: Total time for which application threads were stopped: 0.0032892 seconds, Stopping threads took: 0.0031766 seconds
2015-12-06T20:58:31.785+0530: 3878.079: Total time for which application threads were stopped: 0.0001664 seconds, Stopping threads took: 0.0000729 seconds
2015-12-06T20:58:46.278+0530: 3892.571: Total time for which application threads were stopped: 0.0030573 seconds, Stopping threads took: 0.0027218 seconds
2015-12-06T20:58:46.278+0530: 3892.572: Total time for which application threads were stopped: 0.0002401 seconds, Stopping threads took: 0.0000752 seconds
2015-12-06T20:58:54.279+0530: 3900.573: Total time for which application threads were stopped: 0.0003394 seconds, Stopping threads took: 0.0000509 seconds
2015-12-06T20:59:11.264+0530: 3917.558: Total time for which application threads were stopped: 0.0009051 seconds, Stopping threads took: 0.0001322 seconds
2015-12-06T20:59:17.284+0530: 3923.578: Total time for which application threads were stopped: 0.0003155 seconds, Stopping threads took: 0.0001224 seconds
2015-12-06T20:59:40.287+0530: 3946.581: Total time for which application threads were stopped: 0.0003616 seconds, Stopping threads took: 0.0000484 seconds
{Heap before GC invocations=124 (full 2):
 par new generation   total 109248K, used 92142K [0x00000000e0000000, 0x00000000e8000000, 0x00000000e8000000)
  eden space 87424K, 100% used [0x00000000e0000000, 0x00000000e5560000, 0x00000000e5560000)
  from space 21824K,  21% used [0x00000000e5560000, 0x00000000e59fbb80, 0x00000000e6ab0000)
  to   space 21824K,   0% used [0x00000000e6ab0000, 0x00000000e6ab0000, 0x00000000e8000000)
 concurrent mark-sweep generation total 393216K, used 29960K [0x00000000e8000000, 0x0000000100000000, 0x0000000100000000)
 Metaspace       used 41074K, capacity 41636K, committed 41964K, reserved 1087488K
  class space    used 4315K, capacity 4488K, committed 4604K, reserved 1048576K
2015-12-06T20:59:42.898+0530: 3949.192: [GC (Allocation Failure) 3949.192: [ParNew
Desired survivor size 20112992 bytes, new threshold 8 (max 8)
- age   1:    1457280 bytes,    1457280 total
- age   2:     951112 bytes,    2408392 total
- age   3:     496120 bytes,    2904512 total
- age   4:     318600 bytes,    3223112 total
- age   5:     459880 bytes,    3682992 total
- age   6:     188216 bytes,    3871208 total
- age   7:      81784 bytes,    3952992 total
- age   8:      79408 bytes,    4032400 total
: 92142K->6369K(109248K), 0.3222754 secs] 122102K->36351K(502464K), 0.6535907 secs] [Times: user=0.03 sys=0.00, real=0.65 secs] 
Heap after GC invocations=125 (full 2):
 par new generation   total 109248K, used 6369K [0x00000000e0000000, 0x00000000e8000000, 0x00000000e8000000)
  eden space 87424K,   0% used [0x00000000e0000000, 0x00000000e0000000, 0x00000000e5560000)
  from space 21824K,  29% used [0x00000000e6ab0000, 0x00000000e70e86b0, 0x00000000e8000000)
  to   space 21824K,   0% used [0x00000000e5560000, 0x00000000e5560000, 0x00000000e6ab0000)
 concurrent mark-sweep generation total 393216K, used 29981K [0x00000000e8000000, 0x0000000100000000, 0x0000000100000000)
 Metaspace       used 41074K, capacity 41636K, committed 41964K, reserved 1087488K
  class space    used 4315K, capacity 4488K, committed 4604K, reserved 1048576K
}
2015-12-06T20:59:43.553+0530: 3949.847: Total time for which application threads were stopped: 0.6548622 seconds, Stopping threads took: 0.0000350 seconds
2015-12-06T20:59:49.987+0530: 3956.281: Total time for which application threads were stopped: 0.0002600 seconds, Stopping threads took: 0.0000439 seconds
2015-12-06T20:59:51.658+0530: 3957.951: Total time for which application threads were stopped: 0.0002401 seconds, Stopping threads took: 0.0000353 seconds
2015-12-06T20:59:51.687+0530: 3957.981: Total time for which application threads were stopped: 0.0002961 seconds, Stopping threads took: 0.0000508 seconds
2015-12-06T20:59:51.746+0530: 3958.040: Total time for which application threads were stopped: 0.0004885 seconds, Stopping threads took: 0.0000758 seconds
2015-12-06T20:59:52.701+0530: 3958.995: Total time for which application threads were stopped: 0.0003687 seconds, Stopping threads took: 0.0000385 seconds
2015-12-06T20:59:52.703+0530: 3958.996: Total time for which application threads were stopped: 0.0002498 seconds, Stopping threads took: 0.0000217 seconds
2015-12-06T20:59:52.703+0530: 3958.997: Total time for which application threads were stopped: 0.0002018 seconds, Stopping threads took: 0.0000150 seconds
2015-12-06T20:59:52.703+0530: 3958.997: Total time for which application threads were stopped: 0.0001850 seconds, Stopping threads took: 0.0000141 seconds
2015-12-06T20:59:52.721+0530: 3959.015: Total time for which application threads were stopped: 0.0002929 seconds, Stopping threads took: 0.0000394 seconds
2015-12-06T20:59:54.260+0530: 3960.554: Total time for which application threads were stopped: 0.0004860 seconds, Stopping threads took: 0.0000623 seconds
2015-12-06T20:59:57.261+0530: 3963.554: Total time for which application threads were stopped: 0.0004629 seconds, Stopping threads took: 0.0000850 seconds
2015-12-06T21:00:02.654+0530: 3968.948: Total time for which application threads were stopped: 0.0003085 seconds, Stopping threads took: 0.0000443 seconds
2015-12-06T21:00:02.654+0530: 3968.948: Total time for which application threads were stopped: 0.0001859 seconds, Stopping threads took: 0.0000343 seconds
2015-12-06T21:00:03.665+0530: 3969.959: Total time for which application threads were stopped: 0.0002821 seconds, Stopping threads took: 0.0000697 seconds
2015-12-06T21:00:05.914+0530: 3972.208: Total time for which application threads were stopped: 0.0005731 seconds, Stopping threads took: 0.0000692 seconds
2015-12-06T21:00:07.180+0530: 3973.474: Total time for which application threads were stopped: 0.0002842 seconds, Stopping threads took: 0.0000426 seconds
2015-12-06T21:00:12.181+0530: 3978.475: Total time for which application threads were stopped: 0.0003310 seconds, Stopping threads took: 0.0000479 seconds
2015-12-06T21:00:16.219+0530: 3982.513: Total time for which application threads were stopped: 0.0005037 seconds, Stopping threads took: 0.0000478 seconds
2015-12-06T21:00:16.220+0530: 3982.514: Total time for which application threads were stopped: 0.0003932 seconds, Stopping threads took: 0.0000469 seconds
2015-12-06T21:00:16.684+0530: 3982.978: Total time for which application threads were stopped: 0.0003239 seconds, Stopping threads took: 0.0000314 seconds
2015-12-06T21:00:16.686+0530: 3982.980: Total time for which application threads were stopped: 0.0003158 seconds, Stopping threads took: 0.0000322 seconds
2015-12-06T21:00:16.915+0530: 3983.209: Total time for which application threads were stopped: 0.0005585 seconds, Stopping threads took: 0.0000476 seconds
2015-12-06T21:00:16.916+0530: 3983.209: Total time for which application threads were stopped: 0.0005893 seconds, Stopping threads took: 0.0001486 seconds
2015-12-06T21:00:16.916+0530: 3983.210: Total time for which application threads were stopped: 0.0004739 seconds, Stopping threads took: 0.0001371 seconds
2015-12-06T21:00:16.917+0530: 3983.211: Total time for which application threads were stopped: 0.0009914 seconds, Stopping threads took: 0.0000850 seconds
2015-12-06T21:00:20.604+0530: 3986.897: Total time for which application threads were stopped: 0.0020124 seconds, Stopping threads took: 0.0017125 seconds
2015-12-06T21:00:24.894+0530: 3991.187: Total time for which application threads were stopped: 0.0002338 seconds, Stopping threads took: 0.0000316 seconds
{Heap before GC invocations=125 (full 2):
 par new generation   total 109248K, used 93793K [0x00000000e0000000, 0x00000000e8000000, 0x00000000e8000000)
  eden space 87424K, 100% used [0x00000000e0000000, 0x00000000e5560000, 0x00000000e5560000)
  from space 21824K,  29% used [0x00000000e6ab0000, 0x00000000e70e86b0, 0x00000000e8000000)
  to   space 21824K,   0% used [0x00000000e5560000, 0x00000000e5560000, 0x00000000e6ab0000)
 concurrent mark-sweep generation total 393216K, used 29981K [0x00000000e8000000, 0x0000000100000000, 0x0000000100000000)
 Metaspace       used 41080K, capacity 41636K, committed 41964K, reserved 1087488K
  class space    used 4315K, capacity 4488K, committed 4604K, reserved 1048576K
2015-12-06T21:00:29.774+0530: 3996.068: [GC (Allocation Failure) 3996.114: [ParNew
Desired survivor size 20112992 bytes, new threshold 8 (max 8)
- age   1:    2320520 bytes,    2320520 total
- age   2:     298560 bytes,    2619080 total
- age   3:     399112 bytes,    3018192 total
- age   4:     168992 bytes,    3187184 total
- age   5:     111728 bytes,    3298912 total
- age   6:     390640 bytes,    3689552 total
- age   7:     184256 bytes,    3873808 total
- age   8:      14120 bytes,    3887928 total
: 93793K->5056K(109248K), 0.0161951 secs] 123775K->35115K(502464K), 0.4485883 secs] [Times: user=0.04 sys=0.00, real=0.45 secs] 
Heap after GC invocations=126 (full 2):
 par new generation   total 109248K, used 5056K [0x00000000e0000000, 0x00000000e8000000, 0x00000000e8000000)
  eden space 87424K,   0% used [0x00000000e0000000, 0x00000000e0000000, 0x00000000e5560000)
  from space 21824K,  23% used [0x00000000e5560000, 0x00000000e5a50060, 0x00000000e6ab0000)
  to   space 21824K,   0% used [0x00000000e6ab0000, 0x00000000e6ab0000, 0x00000000e8000000)
 concurrent mark-sweep generation total 393216K, used 30059K [0x00000000e8000000, 0x0000000100000000, 0x0000000100000000)
 Metaspace       used 41080K, capacity 41636K, committed 41964K, reserved 1087488K
  class space    used 4315K, capacity 4488K, committed 4604K, reserved 1048576K
}
2015-12-06T21:00:30.223+0530: 3996.517: Total time for which application threads were stopped: 0.4493862 seconds, Stopping threads took: 0.0000359 seconds
2015-12-06T21:00:39.279+0530: 4005.573: Total time for which application threads were stopped: 0.0007063 seconds, Stopping threads took: 0.0002468 seconds
2015-12-06T21:00:44.642+0530: 4010.936: Total time for which application threads were stopped: 0.0002721 seconds, Stopping threads took: 0.0000315 seconds
2015-12-06T21:00:44.642+0530: 4010.936: Total time for which application threads were stopped: 0.0001903 seconds, Stopping threads took: 0.0000270 seconds
2015-12-06T21:01:15.793+0530: 4042.087: Total time for which application threads were stopped: 0.0026944 seconds, Stopping threads took: 0.0000569 seconds
2015-12-06T21:01:18.161+0530: 4044.455: Total time for which application threads were stopped: 0.0004349 seconds, Stopping threads took: 0.0000649 seconds
2015-12-06T21:01:18.162+0530: 4044.455: Total time for which application threads were stopped: 0.0001642 seconds, Stopping threads took: 0.0000177 seconds
2015-12-06T21:01:19.354+0530: 4045.648: Total time for which application threads were stopped: 0.0005764 seconds, Stopping threads took: 0.0001300 seconds
{Heap before GC invocations=126 (full 2):
 par new generation   total 109248K, used 92480K [0x00000000e0000000, 0x00000000e8000000, 0x00000000e8000000)
  eden space 87424K, 100% used [0x00000000e0000000, 0x00000000e5560000, 0x00000000e5560000)
  from space 21824K,  23% used [0x00000000e5560000, 0x00000000e5a50060, 0x00000000e6ab0000)
  to   space 21824K,   0% used [0x00000000e6ab0000, 0x00000000e6ab0000, 0x00000000e8000000)
 concurrent mark-sweep generation total 393216K, used 30059K [0x00000000e8000000, 0x0000000100000000, 0x0000000100000000)
 Metaspace       used 41080K, capacity 41636K, committed 41964K, reserved 1087488K
  class space    used 4315K, capacity 4488K, committed 4604K, reserved 1048576K
2015-12-06T21:01:30.779+0530: 4057.073: [GC (Allocation Failure) 4057.228: [ParNew
Desired survivor size 20112992 bytes, new threshold 8 (max 8)
- age   1:    1428432 bytes,    1428432 total
- age   2:    1146008 bytes,    2574440 total
- age   3:     287528 bytes,    2861968 total
- age   4:     384488 bytes,    3246456 total
- age   5:     166752 bytes,    3413208 total
- age   6:      96504 bytes,    3509712 total
- age   7:     386536 bytes,    3896248 total
- age   8:     171200 bytes,    4067448 total
: 92480K->4887K(109248K), 0.0156207 secs] 122539K->34960K(502464K), 0.3686149 secs] [Times: user=0.04 sys=0.00, real=0.37 secs] 
Heap after GC invocations=127 (full 2):
 par new generation   total 109248K, used 4887K [0x00000000e0000000, 0x00000000e8000000, 0x00000000e8000000)
  eden space 87424K,   0% used [0x00000000e0000000, 0x00000000e0000000, 0x00000000e5560000)
  from space 21824K,  22% used [0x00000000e6ab0000, 0x00000000e6f75f20, 0x00000000e8000000)
  to   space 21824K,   0% used [0x00000000e5560000, 0x00000000e5560000, 0x00000000e6ab0000)
 concurrent mark-sweep generation total 393216K, used 30072K [0x00000000e8000000, 0x0000000100000000, 0x0000000100000000)
 Metaspace       used 41080K, capacity 41636K, committed 41964K, reserved 1087488K
  class space    used 4315K, capacity 4488K, committed 4604K, reserved 1048576K
}
2015-12-06T21:01:31.148+0530: 4057.442: Total time for which application threads were stopped: 0.3693844 seconds, Stopping threads took: 0.0000365 seconds
2015-12-06T21:01:47.415+0530: 4073.708: Total time for which application threads were stopped: 0.0005520 seconds, Stopping threads took: 0.0000573 seconds
2015-12-06T21:01:47.415+0530: 4073.709: Total time for which application threads were stopped: 0.0004053 seconds, Stopping threads took: 0.0000361 seconds
2015-12-06T21:01:47.416+0530: 4073.709: Total time for which application threads were stopped: 0.0003788 seconds, Stopping threads took: 0.0000329 seconds
2015-12-06T21:01:47.416+0530: 4073.710: Total time for which application threads were stopped: 0.0003696 seconds, Stopping threads took: 0.0000319 seconds
2015-12-06T21:01:48.417+0530: 4074.711: Total time for which application threads were stopped: 0.0004129 seconds, Stopping threads took: 0.0000579 seconds
2015-12-06T21:01:55.084+0530: 4081.378: Total time for which application threads were stopped: 0.0005903 seconds, Stopping threads took: 0.0001866 seconds
2015-12-06T21:02:00.085+0530: 4086.378: Total time for which application threads were stopped: 0.0002815 seconds, Stopping threads took: 0.0000475 seconds
2015-12-06T21:02:00.799+0530: 4087.093: Total time for which application threads were stopped: 0.0007984 seconds, Stopping threads took: 0.0004772 seconds
2015-12-06T21:02:00.800+0530: 4087.093: Total time for which application threads were stopped: 0.0004753 seconds, Stopping threads took: 0.0001908 seconds
2015-12-06T21:02:00.800+0530: 4087.094: Total time for which application threads were stopped: 0.0003691 seconds, Stopping threads took: 0.0001215 seconds
2015-12-06T21:02:00.801+0530: 4087.094: Total time for which application threads were stopped: 0.0003582 seconds, Stopping threads took: 0.0001204 seconds
2015-12-06T21:02:00.801+0530: 4087.095: Total time for which application threads were stopped: 0.0003104 seconds, Stopping threads took: 0.0000773 seconds
2015-12-06T21:02:08.860+0530: 4095.154: Total time for which application threads were stopped: 0.0066311 seconds, Stopping threads took: 0.0062777 seconds
2015-12-06T21:02:08.861+0530: 4095.155: Total time for which application threads were stopped: 0.0004142 seconds, Stopping threads took: 0.0000752 seconds
2015-12-06T21:02:08.861+0530: 4095.155: Total time for which application threads were stopped: 0.0002084 seconds, Stopping threads took: 0.0000231 seconds
2015-12-06T21:02:08.862+0530: 4095.156: Total time for which application threads were stopped: 0.0001859 seconds, Stopping threads took: 0.0000247 seconds
2015-12-06T21:02:09.862+0530: 4096.156: Total time for which application threads were stopped: 0.0003919 seconds, Stopping threads took: 0.0000506 seconds
2015-12-06T21:02:12.746+0530: 4099.040: Total time for which application threads were stopped: 0.0046550 seconds, Stopping threads took: 0.0044280 seconds
2015-12-06T21:02:13.350+0530: 4099.644: Total time for which application threads were stopped: 0.0272636 seconds, Stopping threads took: 0.0261027 seconds
2015-12-06T21:02:18.352+0530: 4104.646: Total time for which application threads were stopped: 0.0002548 seconds, Stopping threads took: 0.0000329 seconds
2015-12-06T21:02:21.031+0530: 4107.325: Total time for which application threads were stopped: 0.0009412 seconds, Stopping threads took: 0.0006734 seconds
2015-12-06T21:02:21.032+0530: 4107.325: Total time for which application threads were stopped: 0.0002096 seconds, Stopping threads took: 0.0000492 seconds
2015-12-06T21:02:22.898+0530: 4109.192: Total time for which application threads were stopped: 0.0005069 seconds, Stopping threads took: 0.0001765 seconds
2015-12-06T21:02:23.904+0530: 4110.197: Total time for which application threads were stopped: 0.0004800 seconds, Stopping threads took: 0.0001391 seconds
2015-12-06T21:02:23.904+0530: 4110.198: Total time for which application threads were stopped: 0.0002625 seconds, Stopping threads took: 0.0000339 seconds
2015-12-06T21:02:24.731+0530: 4111.025: Total time for which application threads were stopped: 0.0005292 seconds, Stopping threads took: 0.0000600 seconds
2015-12-06T21:02:27.501+0530: 4113.795: Total time for which application threads were stopped: 0.0014447 seconds, Stopping threads took: 0.0012899 seconds
2015-12-06T21:02:27.502+0530: 4113.796: Total time for which application threads were stopped: 0.0001630 seconds, Stopping threads took: 0.0000189 seconds
2015-12-06T21:02:32.788+0530: 4119.082: Total time for which application threads were stopped: 0.0064316 seconds, Stopping threads took: 0.0061215 seconds
2015-12-06T21:02:32.900+0530: 4119.194: Total time for which application threads were stopped: 0.0009216 seconds, Stopping threads took: 0.0003860 seconds
2015-12-06T21:02:32.939+0530: 4119.233: Total time for which application threads were stopped: 0.0002805 seconds, Stopping threads took: 0.0000506 seconds
2015-12-06T21:02:32.946+0530: 4119.239: Total time for which application threads were stopped: 0.0004521 seconds, Stopping threads took: 0.0000974 seconds
{Heap before GC invocations=127 (full 2):
 par new generation   total 109248K, used 92311K [0x00000000e0000000, 0x00000000e8000000, 0x00000000e8000000)
  eden space 87424K, 100% used [0x00000000e0000000, 0x00000000e5560000, 0x00000000e5560000)
  from space 21824K,  22% used [0x00000000e6ab0000, 0x00000000e6f75f20, 0x00000000e8000000)
  to   space 21824K,   0% used [0x00000000e5560000, 0x00000000e5560000, 0x00000000e6ab0000)
 concurrent mark-sweep generation total 393216K, used 30072K [0x00000000e8000000, 0x0000000100000000, 0x0000000100000000)
 Metaspace       used 41084K, capacity 41636K, committed 41964K, reserved 1087488K
  class space    used 4315K, capacity 4488K, committed 4604K, reserved 1048576K
2015-12-06T21:02:35.919+0530: 4122.213: [GC (Allocation Failure) 4122.597: [ParNew
Desired survivor size 20112992 bytes, new threshold 8 (max 8)
- age   1:    1934648 bytes,    1934648 total
- age   2:     320448 bytes,    2255096 total
- age   3:     404568 bytes,    2659664 total
- age   4:      31568 bytes,    2691232 total
- age   5:     247080 bytes,    2938312 total
- age   6:     150688 bytes,    3089000 total
- age   7:      89024 bytes,    3178024 total
- age   8:     380728 bytes,    3558752 total
: 92311K->4279K(109248K), 0.0175963 secs] 122384K->34453K(502464K), 0.4023646 secs] [Times: user=0.04 sys=0.00, real=0.41 secs] 
Heap after GC invocations=128 (full 2):
 par new generation   total 109248K, used 4279K [0x00000000e0000000, 0x00000000e8000000, 0x00000000e8000000)
  eden space 87424K,   0% used [0x00000000e0000000, 0x00000000e0000000, 0x00000000e5560000)
  from space 21824K,  19% used [0x00000000e5560000, 0x00000000e598dd30, 0x00000000e6ab0000)
  to   space 21824K,   0% used [0x00000000e6ab0000, 0x00000000e6ab0000, 0x00000000e8000000)
 concurrent mark-sweep generation total 393216K, used 30174K [0x00000000e8000000, 0x0000000100000000, 0x0000000100000000)
 Metaspace       used 41084K, capacity 41636K, committed 41964K, reserved 1087488K
  class space    used 4315K, capacity 4488K, committed 4604K, reserved 1048576K
}
2015-12-06T21:02:36.321+0530: 4122.615: Total time for which application threads were stopped: 0.4027962 seconds, Stopping threads took: 0.0000306 seconds
2015-12-06T21:02:37.901+0530: 4124.195: Total time for which application threads were stopped: 0.0003362 seconds, Stopping threads took: 0.0001032 seconds
2015-12-06T21:02:37.901+0530: 4124.195: Total time for which application threads were stopped: 0.0001721 seconds, Stopping threads took: 0.0000364 seconds
2015-12-06T21:02:45.603+0530: 4131.897: Total time for which application threads were stopped: 0.0002588 seconds, Stopping threads took: 0.0000364 seconds
2015-12-06T21:02:49.065+0530: 4135.359: Total time for which application threads were stopped: 0.0002482 seconds, Stopping threads took: 0.0000357 seconds
2015-12-06T21:02:52.571+0530: 4138.865: Total time for which application threads were stopped: 0.0002853 seconds, Stopping threads took: 0.0001039 seconds
2015-12-06T21:02:58.572+0530: 4144.866: Total time for which application threads were stopped: 0.0002421 seconds, Stopping threads took: 0.0000375 seconds
2015-12-06T21:03:07.265+0530: 4153.559: Total time for which application threads were stopped: 0.0002165 seconds, Stopping threads took: 0.0000253 seconds
2015-12-06T21:03:07.265+0530: 4153.559: Total time for which application threads were stopped: 0.0000889 seconds, Stopping threads took: 0.0000101 seconds
2015-12-06T21:03:11.182+0530: 4157.476: Total time for which application threads were stopped: 0.0002459 seconds, Stopping threads took: 0.0000353 seconds
2015-12-06T21:03:11.182+0530: 4157.476: Total time for which application threads were stopped: 0.0000973 seconds, Stopping threads took: 0.0000125 seconds
2015-12-06T21:03:25.184+0530: 4171.478: Total time for which application threads were stopped: 0.0004316 seconds, Stopping threads took: 0.0000583 seconds
{Heap before GC invocations=128 (full 2):
 par new generation   total 109248K, used 91703K [0x00000000e0000000, 0x00000000e8000000, 0x00000000e8000000)
  eden space 87424K, 100% used [0x00000000e0000000, 0x00000000e5560000, 0x00000000e5560000)
  from space 21824K,  19% used [0x00000000e5560000, 0x00000000e598dd30, 0x00000000e6ab0000)
  to   space 21824K,   0% used [0x00000000e6ab0000, 0x00000000e6ab0000, 0x00000000e8000000)
 concurrent mark-sweep generation total 393216K, used 30174K [0x00000000e8000000, 0x0000000100000000, 0x0000000100000000)
 Metaspace       used 41084K, capacity 41636K, committed 41964K, reserved 1087488K
  class space    used 4315K, capacity 4488K, committed 4604K, reserved 1048576K
2015-12-06T21:03:41.561+0530: 4187.855: [GC (Allocation Failure) 4187.855: [ParNew
Desired survivor size 20112992 bytes, new threshold 8 (max 8)
- age   1:    1534056 bytes,    1534056 total
- age   2:     683016 bytes,    2217072 total
- age   3:     298296 bytes,    2515368 total
- age   4:     398264 bytes,    2913632 total
- age   5:      28888 bytes,    2942520 total
- age   6:     242456 bytes,    3184976 total
- age   7:     149120 bytes,    3334096 total
- age   8:      89024 bytes,    3423120 total
: 91703K->6059K(109248K), 0.0158359 secs] 121877K->36601K(502464K), 0.4654658 secs] [Times: user=0.04 sys=0.00, real=0.47 secs] 
Heap after GC invocations=129 (full 2):
 par new generation   total 109248K, used 6059K [0x00000000e0000000, 0x00000000e8000000, 0x00000000e8000000)
  eden space 87424K,   0% used [0x00000000e0000000, 0x00000000e0000000, 0x00000000e5560000)
  from space 21824K,  27% used [0x00000000e6ab0000, 0x00000000e709aca0, 0x00000000e8000000)
  to   space 21824K,   0% used [0x00000000e5560000, 0x00000000e5560000, 0x00000000e6ab0000)
 concurrent mark-sweep generation total 393216K, used 30542K [0x00000000e8000000, 0x0000000100000000, 0x0000000100000000)
 Metaspace       used 41084K, capacity 41636K, committed 41964K, reserved 1087488K
  class space    used 4315K, capacity 4488K, committed 4604K, reserved 1048576K
}
2015-12-06T21:03:42.028+0530: 4188.322: Total time for which application threads were stopped: 0.4675764 seconds, Stopping threads took: 0.0000739 seconds
2015-12-06T21:03:43.030+0530: 4189.323: Total time for which application threads were stopped: 0.0004686 seconds, Stopping threads took: 0.0001610 seconds
2015-12-06T21:03:49.666+0530: 4195.960: Total time for which application threads were stopped: 0.0004312 seconds, Stopping threads took: 0.0000745 seconds
2015-12-06T21:03:49.668+0530: 4195.962: Total time for which application threads were stopped: 0.0003442 seconds, Stopping threads took: 0.0000447 seconds
2015-12-06T21:03:49.668+0530: 4195.962: Total time for which application threads were stopped: 0.0003130 seconds, Stopping threads took: 0.0000306 seconds
2015-12-06T21:03:52.753+0530: 4199.047: Total time for which application threads were stopped: 0.0006521 seconds, Stopping threads took: 0.0000941 seconds
2015-12-06T21:03:54.753+0530: 4201.047: Total time for which application threads were stopped: 0.0003988 seconds, Stopping threads took: 0.0000480 seconds
2015-12-06T21:03:55.754+0530: 4202.048: Total time for which application threads were stopped: 0.0004006 seconds, Stopping threads took: 0.0000555 seconds
2015-12-06T21:03:55.887+0530: 4202.181: Total time for which application threads were stopped: 0.0002065 seconds, Stopping threads took: 0.0000265 seconds
2015-12-06T21:03:55.965+0530: 4202.259: Total time for which application threads were stopped: 0.0010567 seconds, Stopping threads took: 0.0001488 seconds
2015-12-06T21:03:56.965+0530: 4203.259: Total time for which application threads were stopped: 0.0004665 seconds, Stopping threads took: 0.0000571 seconds
2015-12-06T21:04:00.966+0530: 4207.260: Total time for which application threads were stopped: 0.0003959 seconds, Stopping threads took: 0.0000570 seconds
2015-12-06T21:04:04.618+0530: 4210.912: Total time for which application threads were stopped: 0.0005340 seconds, Stopping threads took: 0.0001144 seconds
2015-12-06T21:04:11.484+0530: 4217.777: Total time for which application threads were stopped: 0.0004851 seconds, Stopping threads took: 0.0000585 seconds
2015-12-06T21:04:11.484+0530: 4217.778: Total time for which application threads were stopped: 0.0003695 seconds, Stopping threads took: 0.0000370 seconds
2015-12-06T21:04:11.485+0530: 4217.778: Total time for which application threads were stopped: 0.0003326 seconds, Stopping threads took: 0.0000393 seconds
2015-12-06T21:04:11.485+0530: 4217.779: Total time for which application threads were stopped: 0.0002739 seconds, Stopping threads took: 0.0000285 seconds
2015-12-06T21:04:13.215+0530: 4219.509: Total time for which application threads were stopped: 0.0010234 seconds, Stopping threads took: 0.0005972 seconds
2015-12-06T21:04:13.216+0530: 4219.510: Total time for which application threads were stopped: 0.0003617 seconds, Stopping threads took: 0.0000382 seconds
2015-12-06T21:04:16.357+0530: 4222.650: Total time for which application threads were stopped: 0.2172836 seconds, Stopping threads took: 0.2168817 seconds
2015-12-06T21:04:29.832+0530: 4236.126: Total time for which application threads were stopped: 0.0004205 seconds, Stopping threads took: 0.0000557 seconds
2015-12-06T21:04:29.833+0530: 4236.127: Total time for which application threads were stopped: 0.0002863 seconds, Stopping threads took: 0.0000432 seconds
2015-12-06T21:04:31.931+0530: 4238.225: Total time for which application threads were stopped: 0.0003570 seconds, Stopping threads took: 0.0000575 seconds
2015-12-06T21:04:38.932+0530: 4245.226: Total time for which application threads were stopped: 0.0002383 seconds, Stopping threads took: 0.0000343 seconds
2015-12-06T21:04:42.933+0530: 4249.227: Total time for which application threads were stopped: 0.0003565 seconds, Stopping threads took: 0.0000568 seconds
2015-12-06T21:04:44.934+0530: 4251.227: Total time for which application threads were stopped: 0.0003559 seconds, Stopping threads took: 0.0000493 seconds
2015-12-06T21:04:46.934+0530: 4253.228: Total time for which application threads were stopped: 0.0003284 seconds, Stopping threads took: 0.0000489 seconds
2015-12-06T21:04:47.935+0530: 4254.229: Total time for which application threads were stopped: 0.0004186 seconds, Stopping threads took: 0.0000581 seconds
2015-12-06T21:04:57.936+0530: 4264.230: Total time for which application threads were stopped: 0.0003184 seconds, Stopping threads took: 0.0000504 seconds
{Heap before GC invocations=129 (full 2):
 par new generation   total 109248K, used 93483K [0x00000000e0000000, 0x00000000e8000000, 0x00000000e8000000)
  eden space 87424K, 100% used [0x00000000e0000000, 0x00000000e5560000, 0x00000000e5560000)
  from space 21824K,  27% used [0x00000000e6ab0000, 0x00000000e709aca0, 0x00000000e8000000)
  to   space 21824K,   0% used [0x00000000e5560000, 0x00000000e5560000, 0x00000000e6ab0000)
 concurrent mark-sweep generation total 393216K, used 30542K [0x00000000e8000000, 0x0000000100000000, 0x0000000100000000)
 Metaspace       used 41086K, capacity 41636K, committed 41964K, reserved 1087488K
  class space    used 4316K, capacity 4488K, committed 4604K, reserved 1048576K
2015-12-06T21:04:58.189+0530: 4264.483: [GC (Allocation Failure) 4264.484: [ParNew
Desired survivor size 20112992 bytes, new threshold 8 (max 8)
- age   1:    1779512 bytes,    1779512 total
- age   2:     372912 bytes,    2152424 total
- age   3:     220352 bytes,    2372776 total
- age   4:      52488 bytes,    2425264 total
- age   5:     254048 bytes,    2679312 total
- age   6:      27208 bytes,    2706520 total
- age   7:     239384 bytes,    2945904 total
- age   8:     149096 bytes,    3095000 total
: 93483K->3586K(109248K), 0.0083333 secs] 124025K->34216K(502464K), 0.3033791 secs] [Times: user=0.03 sys=0.00, real=0.30 secs] 
Heap after GC invocations=130 (full 2):
 par new generation   total 109248K, used 3586K [0x00000000e0000000, 0x00000000e8000000, 0x00000000e8000000)
  eden space 87424K,   0% used [0x00000000e0000000, 0x00000000e0000000, 0x00000000e5560000)
  from space 21824K,  16% used [0x00000000e5560000, 0x00000000e58e0ba0, 0x00000000e6ab0000)
  to   space 21824K,   0% used [0x00000000e6ab0000, 0x00000000e6ab0000, 0x00000000e8000000)
 concurrent mark-sweep generation total 393216K, used 30629K [0x00000000e8000000, 0x0000000100000000, 0x0000000100000000)
 Metaspace       used 41086K, capacity 41636K, committed 41964K, reserved 1087488K
  class space    used 4316K, capacity 4488K, committed 4604K, reserved 1048576K
}
2015-12-06T21:04:58.493+0530: 4264.787: Total time for which application threads were stopped: 0.3044224 seconds, Stopping threads took: 0.0000601 seconds
2015-12-06T21:05:09.224+0530: 4275.518: Total time for which application threads were stopped: 0.0003422 seconds, Stopping threads took: 0.0001214 seconds
2015-12-06T21:05:09.224+0530: 4275.518: Total time for which application threads were stopped: 0.0001936 seconds, Stopping threads took: 0.0000345 seconds
2015-12-06T21:05:09.245+0530: 4275.539: Total time for which application threads were stopped: 0.0051073 seconds, Stopping threads took: 0.0041017 seconds
2015-12-06T21:05:09.246+0530: 4275.540: Total time for which application threads were stopped: 0.0002477 seconds, Stopping threads took: 0.0000338 seconds
2015-12-06T21:05:09.246+0530: 4275.540: Total time for which application threads were stopped: 0.0001525 seconds, Stopping threads took: 0.0000149 seconds
2015-12-06T21:05:10.405+0530: 4276.699: Total time for which application threads were stopped: 0.0063075 seconds, Stopping threads took: 0.0060893 seconds
2015-12-06T21:05:14.068+0530: 4280.362: Total time for which application threads were stopped: 0.0005324 seconds, Stopping threads took: 0.0003189 seconds
2015-12-06T21:05:15.069+0530: 4281.363: Total time for which application threads were stopped: 0.0004076 seconds, Stopping threads took: 0.0000583 seconds
2015-12-06T21:05:20.518+0530: 4286.812: Total time for which application threads were stopped: 0.0003782 seconds, Stopping threads took: 0.0000556 seconds
2015-12-06T21:05:28.997+0530: 4295.291: Total time for which application threads were stopped: 0.0006225 seconds, Stopping threads took: 0.0000626 seconds
2015-12-06T21:05:37.568+0530: 4303.862: Total time for which application threads were stopped: 0.0006383 seconds, Stopping threads took: 0.0001386 seconds
2015-12-06T21:05:38.391+0530: 4304.685: Total time for which application threads were stopped: 0.0004162 seconds, Stopping threads took: 0.0000597 seconds
2015-12-06T21:05:49.124+0530: 4315.418: Total time for which application threads were stopped: 0.0006847 seconds, Stopping threads took: 0.0000751 seconds
2015-12-06T21:05:49.126+0530: 4315.420: Total time for which application threads were stopped: 0.0003792 seconds, Stopping threads took: 0.0000615 seconds
2015-12-06T21:05:50.113+0530: 4316.407: Total time for which application threads were stopped: 0.0004440 seconds, Stopping threads took: 0.0000711 seconds
2015-12-06T21:05:50.132+0530: 4316.426: Total time for which application threads were stopped: 0.0013448 seconds, Stopping threads took: 0.0004201 seconds
2015-12-06T21:05:50.228+0530: 4316.522: Total time for which application threads were stopped: 0.0037073 seconds, Stopping threads took: 0.0034861 seconds
2015-12-06T21:05:50.231+0530: 4316.525: Total time for which application threads were stopped: 0.0010569 seconds, Stopping threads took: 0.0008449 seconds
2015-12-06T21:05:56.938+0530: 4323.231: Total time for which application threads were stopped: 0.2895740 seconds, Stopping threads took: 0.2890407 seconds
2015-12-06T21:05:56.940+0530: 4323.234: Total time for which application threads were stopped: 0.0009465 seconds, Stopping threads took: 0.0006111 seconds
2015-12-06T21:05:59.067+0530: 4325.360: Total time for which application threads were stopped: 0.1265479 seconds, Stopping threads took: 0.1262748 seconds
2015-12-06T21:06:04.316+0530: 4330.610: Total time for which application threads were stopped: 0.0656554 seconds, Stopping threads took: 0.0652649 seconds
2015-12-06T21:06:04.585+0530: 4330.879: Total time for which application threads were stopped: 0.0030520 seconds, Stopping threads took: 0.0022372 seconds
2015-12-06T21:06:08.586+0530: 4334.880: Total time for which application threads were stopped: 0.0003523 seconds, Stopping threads took: 0.0000560 seconds
2015-12-06T21:06:09.935+0530: 4336.229: Total time for which application threads were stopped: 0.0003935 seconds, Stopping threads took: 0.0000570 seconds
{Heap before GC invocations=130 (full 2):
 par new generation   total 109248K, used 91010K [0x00000000e0000000, 0x00000000e8000000, 0x00000000e8000000)
  eden space 87424K, 100% used [0x00000000e0000000, 0x00000000e5560000, 0x00000000e5560000)
  from space 21824K,  16% used [0x00000000e5560000, 0x00000000e58e0ba0, 0x00000000e6ab0000)
  to   space 21824K,   0% used [0x00000000e6ab0000, 0x00000000e6ab0000, 0x00000000e8000000)
 concurrent mark-sweep generation total 393216K, used 30629K [0x00000000e8000000, 0x0000000100000000, 0x0000000100000000)
 Metaspace       used 41090K, capacity 41636K, committed 41964K, reserved 1087488K
  class space    used 4316K, capacity 4488K, committed 4604K, reserved 1048576K
2015-12-06T21:06:10.936+0530: 4337.230: [GC (Allocation Failure) 4337.445: [ParNew
Desired survivor size 20112992 bytes, new threshold 8 (max 8)
- age   1:    1585440 bytes,    1585440 total
- age   2:     412240 bytes,    1997680 total
- age   3:     167768 bytes,    2165448 total
- age   4:     111224 bytes,    2276672 total
- age   5:      38088 bytes,    2314760 total
- age   6:     228304 bytes,    2543064 total
- age   7:      18280 bytes,    2561344 total
- age   8:     229120 bytes,    2790464 total
: 91010K->3795K(109248K), 0.0165194 secs] 121640K->34504K(502464K), 0.5127258 secs] [Times: user=0.05 sys=0.00, real=0.51 secs] 
Heap after GC invocations=131 (full 2):
 par new generation   total 109248K, used 3795K [0x00000000e0000000, 0x00000000e8000000, 0x00000000e8000000)
  eden space 87424K,   0% used [0x00000000e0000000, 0x00000000e0000000, 0x00000000e5560000)
  from space 21824K,  17% used [0x00000000e6ab0000, 0x00000000e6e64d90, 0x00000000e8000000)
  to   space 21824K,   0% used [0x00000000e5560000, 0x00000000e5560000, 0x00000000e6ab0000)
 concurrent mark-sweep generation total 393216K, used 30709K [0x00000000e8000000, 0x0000000100000000, 0x0000000100000000)
 Metaspace       used 41090K, capacity 41636K, committed 41964K, reserved 1087488K
  class space    used 4316K, capacity 4488K, committed 4604K, reserved 1048576K
}
2015-12-06T21:06:11.450+0530: 4337.743: Total time for which application threads were stopped: 0.5136917 seconds, Stopping threads took: 0.0000620 seconds
2015-12-06T21:06:14.450+0530: 4340.744: Total time for which application threads were stopped: 0.0003926 seconds, Stopping threads took: 0.0000546 seconds
2015-12-06T21:06:18.452+0530: 4344.745: Total time for which application threads were stopped: 0.0004563 seconds, Stopping threads took: 0.0000570 seconds
2015-12-06T21:06:18.580+0530: 4344.873: Total time for which application threads were stopped: 0.0006961 seconds, Stopping threads took: 0.0001494 seconds
2015-12-06T21:06:18.580+0530: 4344.874: Total time for which application threads were stopped: 0.0005494 seconds, Stopping threads took: 0.0001329 seconds
2015-12-06T21:06:18.581+0530: 4344.875: Total time for which application threads were stopped: 0.0004441 seconds, Stopping threads took: 0.0000402 seconds
2015-12-06T21:06:18.581+0530: 4344.875: Total time for which application threads were stopped: 0.0004267 seconds, Stopping threads took: 0.0001100 seconds
2015-12-06T21:06:18.582+0530: 4344.875: Total time for which application threads were stopped: 0.0001818 seconds, Stopping threads took: 0.0000425 seconds
2015-12-06T21:06:18.582+0530: 4344.876: Total time for which application threads were stopped: 0.0001789 seconds, Stopping threads took: 0.0000175 seconds
2015-12-06T21:06:25.633+0530: 4351.926: Total time for which application threads were stopped: 0.0006717 seconds, Stopping threads took: 0.0001796 seconds
2015-12-06T21:06:25.634+0530: 4351.928: Total time for which application threads were stopped: 0.0013463 seconds, Stopping threads took: 0.0010310 seconds
2015-12-06T21:06:25.635+0530: 4351.929: Total time for which application threads were stopped: 0.0003697 seconds, Stopping threads took: 0.0001108 seconds
2015-12-06T21:06:25.635+0530: 4351.929: Total time for which application threads were stopped: 0.0003253 seconds, Stopping threads took: 0.0000871 seconds
2015-12-06T21:06:36.934+0530: 4363.228: Total time for which application threads were stopped: 0.0222494 seconds, Stopping threads took: 0.0220292 seconds
2015-12-06T21:06:38.312+0530: 4364.606: Total time for which application threads were stopped: 0.3783285 seconds, Stopping threads took: 0.3779848 seconds
2015-12-06T21:06:39.433+0530: 4365.727: Total time for which application threads were stopped: 0.0015399 seconds, Stopping threads took: 0.0010551 seconds
2015-12-06T21:06:49.435+0530: 4375.729: Total time for which application threads were stopped: 0.0003681 seconds, Stopping threads took: 0.0000524 seconds
2015-12-06T21:07:15.930+0530: 4402.224: Total time for which application threads were stopped: 0.0002454 seconds, Stopping threads took: 0.0000298 seconds
2015-12-06T21:07:18.138+0530: 4404.431: Total time for which application threads were stopped: 0.0002529 seconds, Stopping threads took: 0.0000753 seconds
2015-12-06T21:07:21.549+0530: 4407.843: Total time for which application threads were stopped: 0.0063839 seconds, Stopping threads took: 0.0060969 seconds
2015-12-06T21:07:21.550+0530: 4407.844: Total time for which application threads were stopped: 0.0001862 seconds, Stopping threads took: 0.0000479 seconds
2015-12-06T21:07:22.850+0530: 4409.144: Total time for which application threads were stopped: 0.0011102 seconds, Stopping threads took: 0.0001406 seconds
2015-12-06T21:07:22.854+0530: 4409.148: Total time for which application threads were stopped: 0.0008293 seconds, Stopping threads took: 0.0005701 seconds
2015-12-06T21:07:22.923+0530: 4409.217: Total time for which application threads were stopped: 0.0005229 seconds, Stopping threads took: 0.0000557 seconds
2015-12-06T21:07:22.923+0530: 4409.217: Total time for which application threads were stopped: 0.0004362 seconds, Stopping threads took: 0.0001123 seconds
2015-12-06T21:07:26.849+0530: 4413.143: Total time for which application threads were stopped: 0.0008703 seconds, Stopping threads took: 0.0003772 seconds
2015-12-06T21:07:28.850+0530: 4415.143: Total time for which application threads were stopped: 0.0004116 seconds, Stopping threads took: 0.0000648 seconds
{Heap before GC invocations=131 (full 2):
 par new generation   total 109248K, used 91219K [0x00000000e0000000, 0x00000000e8000000, 0x00000000e8000000)
  eden space 87424K, 100% used [0x00000000e0000000, 0x00000000e5560000, 0x00000000e5560000)
  from space 21824K,  17% used [0x00000000e6ab0000, 0x00000000e6e64d90, 0x00000000e8000000)
  to   space 21824K,   0% used [0x00000000e5560000, 0x00000000e5560000, 0x00000000e6ab0000)
 concurrent mark-sweep generation total 393216K, used 30709K [0x00000000e8000000, 0x0000000100000000, 0x0000000100000000)
 Metaspace       used 41092K, capacity 41636K, committed 41964K, reserved 1087488K
  class space    used 4316K, capacity 4488K, committed 4604K, reserved 1048576K
2015-12-06T21:07:29.009+0530: 4415.302: [GC (Allocation Failure) 4415.431: [ParNew
Desired survivor size 20112992 bytes, new threshold 8 (max 8)
- age   1:    1887128 bytes,    1887128 total
- age   2:     759024 bytes,    2646152 total
- age   3:     393432 bytes,    3039584 total
- age   4:     150304 bytes,    3189888 total
- age   5:     106296 bytes,    3296184 total
- age   6:      21280 bytes,    3317464 total
- age   7:     225336 bytes,    3542800 total
- age   8:      18280 bytes,    3561080 total
: 91219K->4282K(109248K), 0.0241996 secs] 121928K->35214K(502464K), 0.2898509 secs] [Times: user=0.06 sys=0.00, real=0.29 secs] 
Heap after GC invocations=132 (full 2):
 par new generation   total 109248K, used 4282K [0x00000000e0000000, 0x00000000e8000000, 0x00000000e8000000)
  eden space 87424K,   0% used [0x00000000e0000000, 0x00000000e0000000, 0x00000000e5560000)
  from space 21824K,  19% used [0x00000000e5560000, 0x00000000e598eb90, 0x00000000e6ab0000)
  to   space 21824K,   0% used [0x00000000e6ab0000, 0x00000000e6ab0000, 0x00000000e8000000)
 concurrent mark-sweep generation total 393216K, used 30931K [0x00000000e8000000, 0x0000000100000000, 0x0000000100000000)
 Metaspace       used 41092K, capacity 41636K, committed 41964K, reserved 1087488K
  class space    used 4316K, capacity 4488K, committed 4604K, reserved 1048576K
}
2015-12-06T21:07:29.299+0530: 4415.593: Total time for which application threads were stopped: 0.2913373 seconds, Stopping threads took: 0.0009384 seconds
2015-12-06T21:07:35.300+0530: 4421.594: Total time for which application threads were stopped: 0.0003949 seconds, Stopping threads took: 0.0000560 seconds
2015-12-06T21:07:36.504+0530: 4422.798: Total time for which application threads were stopped: 0.0002815 seconds, Stopping threads took: 0.0000608 seconds
2015-12-06T21:07:36.527+0530: 4422.821: Total time for which application threads were stopped: 0.0002630 seconds, Stopping threads took: 0.0000501 seconds
2015-12-06T21:07:36.528+0530: 4422.821: Total time for which application threads were stopped: 0.0002055 seconds, Stopping threads took: 0.0000291 seconds
2015-12-06T21:07:36.530+0530: 4422.824: Total time for which application threads were stopped: 0.0002130 seconds, Stopping threads took: 0.0000467 seconds
2015-12-06T21:07:37.999+0530: 4424.293: Total time for which application threads were stopped: 0.0002683 seconds, Stopping threads took: 0.0000587 seconds
2015-12-06T21:07:37.999+0530: 4424.293: Total time for which application threads were stopped: 0.0001834 seconds, Stopping threads took: 0.0000590 seconds
2015-12-06T21:07:37.999+0530: 4424.293: Total time for which application threads were stopped: 0.0001175 seconds, Stopping threads took: 0.0000355 seconds
2015-12-06T21:07:38.000+0530: 4424.294: Total time for which application threads were stopped: 0.0001962 seconds, Stopping threads took: 0.0000158 seconds
2015-12-06T21:07:38.000+0530: 4424.294: Total time for which application threads were stopped: 0.0001788 seconds, Stopping threads took: 0.0000408 seconds
2015-12-06T21:07:38.000+0530: 4424.294: Total time for which application threads were stopped: 0.0001699 seconds, Stopping threads took: 0.0000355 seconds
2015-12-06T21:07:38.000+0530: 4424.294: Total time for which application threads were stopped: 0.0001271 seconds, Stopping threads took: 0.0000125 seconds
2015-12-06T21:07:38.001+0530: 4424.294: Total time for which application threads were stopped: 0.0001458 seconds, Stopping threads took: 0.0000313 seconds
2015-12-06T21:07:38.001+0530: 4424.295: Total time for which application threads were stopped: 0.0001417 seconds, Stopping threads took: 0.0000284 seconds
2015-12-06T21:07:38.001+0530: 4424.295: Total time for which application threads were stopped: 0.0001452 seconds, Stopping threads took: 0.0000318 seconds
2015-12-06T21:07:38.062+0530: 4424.355: Total time for which application threads were stopped: 0.0002667 seconds, Stopping threads took: 0.0000418 seconds
2015-12-06T21:07:38.079+0530: 4424.373: Total time for which application threads were stopped: 0.0013817 seconds, Stopping threads took: 0.0005048 seconds
2015-12-06T21:07:38.093+0530: 4424.387: Total time for which application threads were stopped: 0.0002732 seconds, Stopping threads took: 0.0000533 seconds
2015-12-06T21:07:38.118+0530: 4424.412: Total time for which application threads were stopped: 0.0002776 seconds, Stopping threads took: 0.0000686 seconds
2015-12-06T21:07:43.429+0530: 4429.723: Total time for which application threads were stopped: 0.0007642 seconds, Stopping threads took: 0.0000977 seconds
2015-12-06T21:07:53.173+0530: 4439.467: Total time for which application threads were stopped: 0.0048668 seconds, Stopping threads took: 0.0046830 seconds
2015-12-06T21:07:55.174+0530: 4441.468: Total time for which application threads were stopped: 0.0003626 seconds, Stopping threads took: 0.0000518 seconds
2015-12-06T21:07:55.273+0530: 4441.567: Total time for which application threads were stopped: 0.0004211 seconds, Stopping threads took: 0.0000287 seconds
2015-12-06T21:08:01.345+0530: 4447.639: Total time for which application threads were stopped: 0.0004047 seconds, Stopping threads took: 0.0000540 seconds
2015-12-06T21:08:07.797+0530: 4454.090: Total time for which application threads were stopped: 0.0001859 seconds, Stopping threads took: 0.0000254 seconds
2015-12-06T21:08:07.797+0530: 4454.091: Total time for which application threads were stopped: 0.0000817 seconds, Stopping threads took: 0.0000127 seconds
2015-12-06T21:08:17.046+0530: 4463.340: Total time for which application threads were stopped: 0.0002874 seconds, Stopping threads took: 0.0000423 seconds
2015-12-06T21:08:17.046+0530: 4463.340: Total time for which application threads were stopped: 0.0001781 seconds, Stopping threads took: 0.0000218 seconds
2015-12-06T21:08:18.953+0530: 4465.247: Total time for which application threads were stopped: 0.0002378 seconds, Stopping threads took: 0.0000224 seconds
2015-12-06T21:08:18.954+0530: 4465.247: Total time for which application threads were stopped: 0.0002600 seconds, Stopping threads took: 0.0000585 seconds
2015-12-06T21:08:18.954+0530: 4465.248: Total time for which application threads were stopped: 0.0001594 seconds, Stopping threads took: 0.0000291 seconds
2015-12-06T21:08:18.954+0530: 4465.248: Total time for which application threads were stopped: 0.0001547 seconds, Stopping threads took: 0.0000338 seconds
2015-12-06T21:08:18.954+0530: 4465.248: Total time for which application threads were stopped: 0.0001254 seconds, Stopping threads took: 0.0000285 seconds
2015-12-06T21:08:20.538+0530: 4466.831: Total time for which application threads were stopped: 0.5828066 seconds, Stopping threads took: 0.5825014 seconds
2015-12-06T21:08:22.850+0530: 4469.144: Total time for which application threads were stopped: 0.0007248 seconds, Stopping threads took: 0.0000334 seconds
{Heap before GC invocations=132 (full 2):
 par new generation   total 109248K, used 91706K [0x00000000e0000000, 0x00000000e8000000, 0x00000000e8000000)
  eden space 87424K, 100% used [0x00000000e0000000, 0x00000000e5560000, 0x00000000e5560000)
  from space 21824K,  19% used [0x00000000e5560000, 0x00000000e598eb90, 0x00000000e6ab0000)
  to   space 21824K,   0% used [0x00000000e6ab0000, 0x00000000e6ab0000, 0x00000000e8000000)
 concurrent mark-sweep generation total 393216K, used 30931K [0x00000000e8000000, 0x0000000100000000, 0x0000000100000000)
 Metaspace       used 41093K, capacity 41636K, committed 41964K, reserved 1087488K
  class space    used 4316K, capacity 4488K, committed 4604K, reserved 1048576K
2015-12-06T21:08:24.640+0530: 4470.934: [GC (Allocation Failure) 4470.934: [ParNew
Desired survivor size 20112992 bytes, new threshold 8 (max 8)
- age   1:    1759624 bytes,    1759624 total
- age   2:     361400 bytes,    2121024 total
- age   3:     218592 bytes,    2339616 total
- age   4:     108904 bytes,    2448520 total
- age   5:      99976 bytes,    2548496 total
- age   6:      97832 bytes,    2646328 total
- age   7:      12336 bytes,    2658664 total
- age   8:     150224 bytes,    2808888 total
: 91706K->4837K(109248K), 0.0092340 secs] 122638K->35787K(502464K), 0.0096899 secs] [Times: user=0.02 sys=0.00, real=0.01 secs] 
Heap after GC invocations=133 (full 2):
 par new generation   total 109248K, used 4837K [0x00000000e0000000, 0x00000000e8000000, 0x00000000e8000000)
  eden space 87424K,   0% used [0x00000000e0000000, 0x00000000e0000000, 0x00000000e5560000)
  from space 21824K,  22% used [0x00000000e6ab0000, 0x00000000e6f69748, 0x00000000e8000000)
  to   space 21824K,   0% used [0x00000000e5560000, 0x00000000e5560000, 0x00000000e6ab0000)
 concurrent mark-sweep generation total 393216K, used 30949K [0x00000000e8000000, 0x0000000100000000, 0x0000000100000000)
 Metaspace       used 41093K, capacity 41636K, committed 41964K, reserved 1087488K
  class space    used 4316K, capacity 4488K, committed 4604K, reserved 1048576K
}
2015-12-06T21:08:24.650+0530: 4470.944: Total time for which application threads were stopped: 0.0101251 seconds, Stopping threads took: 0.0000317 seconds
2015-12-06T21:08:26.074+0530: 4472.368: Total time for which application threads were stopped: 0.0011539 seconds, Stopping threads took: 0.0007421 seconds
2015-12-06T21:08:39.112+0530: 4485.406: Total time for which application threads were stopped: 0.0003290 seconds, Stopping threads took: 0.0000436 seconds
2015-12-06T21:08:39.113+0530: 4485.407: Total time for which application threads were stopped: 0.0008510 seconds, Stopping threads took: 0.0000618 seconds
2015-12-06T21:08:43.286+0530: 4489.580: Total time for which application threads were stopped: 0.0004956 seconds, Stopping threads took: 0.0000535 seconds
2015-12-06T21:08:43.286+0530: 4489.580: Total time for which application threads were stopped: 0.0004328 seconds, Stopping threads took: 0.0001144 seconds
2015-12-06T21:08:47.760+0530: 4494.054: Total time for which application threads were stopped: 0.0003908 seconds, Stopping threads took: 0.0000475 seconds
2015-12-06T21:08:49.221+0530: 4495.515: Total time for which application threads were stopped: 0.0004197 seconds, Stopping threads took: 0.0000694 seconds
2015-12-06T21:08:54.306+0530: 4500.599: Total time for which application threads were stopped: 0.0002643 seconds, Stopping threads took: 0.0000605 seconds
2015-12-06T21:08:54.306+0530: 4500.600: Total time for which application threads were stopped: 0.0001597 seconds, Stopping threads took: 0.0000448 seconds
2015-12-06T21:08:58.408+0530: 4504.702: Total time for which application threads were stopped: 0.1015921 seconds, Stopping threads took: 0.1014165 seconds
2015-12-06T21:08:59.844+0530: 4506.138: Total time for which application threads were stopped: 0.0042297 seconds, Stopping threads took: 0.0039836 seconds
2015-12-06T21:09:00.823+0530: 4507.117: Total time for which application threads were stopped: 0.0004382 seconds, Stopping threads took: 0.0000656 seconds
2015-12-06T21:09:14.024+0530: 4520.318: Total time for which application threads were stopped: 0.0003922 seconds, Stopping threads took: 0.0000471 seconds
2015-12-06T21:09:19.100+0530: 4525.394: Total time for which application threads were stopped: 0.0002386 seconds, Stopping threads took: 0.0000378 seconds
{Heap before GC invocations=133 (full 2):
 par new generation   total 109248K, used 92261K [0x00000000e0000000, 0x00000000e8000000, 0x00000000e8000000)
  eden space 87424K, 100% used [0x00000000e0000000, 0x00000000e5560000, 0x00000000e5560000)
  from space 21824K,  22% used [0x00000000e6ab0000, 0x00000000e6f69748, 0x00000000e8000000)
  to   space 21824K,   0% used [0x00000000e5560000, 0x00000000e5560000, 0x00000000e6ab0000)
 concurrent mark-sweep generation total 393216K, used 30949K [0x00000000e8000000, 0x0000000100000000, 0x0000000100000000)
 Metaspace       used 41093K, capacity 41636K, committed 41964K, reserved 1087488K
  class space    used 4316K, capacity 4488K, committed 4604K, reserved 1048576K
2015-12-06T21:09:19.341+0530: 4525.634: [GC (Allocation Failure) 4525.933: [ParNew
Desired survivor size 20112992 bytes, new threshold 8 (max 8)
- age   1:    2124144 bytes,    2124144 total
- age   2:     838952 bytes,    2963096 total
- age   3:     337856 bytes,    3300952 total
- age   4:     205808 bytes,    3506760 total
- age   5:      96440 bytes,    3603200 total
- age   6:      90904 bytes,    3694104 total
- age   7:      94328 bytes,    3788432 total
- age   8:      12336 bytes,    3800768 total
: 92261K->4415K(109248K), 0.0122941 secs] 123211K->35512K(502464K), 0.5224451 secs] [Times: user=0.04 sys=0.00, real=0.53 secs] 
Heap after GC invocations=134 (full 2):
 par new generation   total 109248K, used 4415K [0x00000000e0000000, 0x00000000e8000000, 0x00000000e8000000)
  eden space 87424K,   0% used [0x00000000e0000000, 0x00000000e0000000, 0x00000000e5560000)
  from space 21824K,  20% used [0x00000000e5560000, 0x00000000e59affd8, 0x00000000e6ab0000)
  to   space 21824K,   0% used [0x00000000e6ab0000, 0x00000000e6ab0000, 0x00000000e8000000)
 concurrent mark-sweep generation total 393216K, used 31096K [0x00000000e8000000, 0x0000000100000000, 0x0000000100000000)
 Metaspace       used 41093K, capacity 41636K, committed 41964K, reserved 1087488K
  class space    used 4316K, capacity 4488K, committed 4604K, reserved 1048576K
}
2015-12-06T21:09:19.863+0530: 4526.157: Total time for which application threads were stopped: 0.5232124 seconds, Stopping threads took: 0.0001928 seconds
2015-12-06T21:09:21.033+0530: 4527.327: Total time for which application threads were stopped: 0.0007162 seconds, Stopping threads took: 0.0002766 seconds
2015-12-06T21:09:21.034+0530: 4527.328: Total time for which application threads were stopped: 0.0004766 seconds, Stopping threads took: 0.0001543 seconds
2015-12-06T21:09:21.035+0530: 4527.329: Total time for which application threads were stopped: 0.0004776 seconds, Stopping threads took: 0.0001947 seconds
2015-12-06T21:09:21.035+0530: 4527.329: Total time for which application threads were stopped: 0.0002930 seconds, Stopping threads took: 0.0000912 seconds
2015-12-06T21:09:21.036+0530: 4527.329: Total time for which application threads were stopped: 0.0004272 seconds, Stopping threads took: 0.0001293 seconds
2015-12-06T21:09:33.081+0530: 4539.375: Total time for which application threads were stopped: 0.0002370 seconds, Stopping threads took: 0.0000270 seconds
2015-12-06T21:09:33.082+0530: 4539.375: Total time for which application threads were stopped: 0.0000955 seconds, Stopping threads took: 0.0000091 seconds
2015-12-06T21:09:54.014+0530: 4560.308: Total time for which application threads were stopped: 0.0004566 seconds, Stopping threads took: 0.0000610 seconds
2015-12-06T21:09:54.014+0530: 4560.308: Total time for which application threads were stopped: 0.0005189 seconds, Stopping threads took: 0.0001751 seconds
2015-12-06T21:09:54.015+0530: 4560.309: Total time for which application threads were stopped: 0.0004519 seconds, Stopping threads took: 0.0001213 seconds
2015-12-06T21:09:54.020+0530: 4560.313: Total time for which application threads were stopped: 0.0046406 seconds, Stopping threads took: 0.0045108 seconds
2015-12-06T21:09:55.020+0530: 4561.314: Total time for which application threads were stopped: 0.0002132 seconds, Stopping threads took: 0.0000297 seconds
2015-12-06T21:10:05.034+0530: 4571.328: Total time for which application threads were stopped: 0.0002777 seconds, Stopping threads took: 0.0000431 seconds
2015-12-06T21:10:05.386+0530: 4571.680: Total time for which application threads were stopped: 0.0068347 seconds, Stopping threads took: 0.0065975 seconds
2015-12-06T21:10:05.441+0530: 4571.735: Total time for which application threads were stopped: 0.0007123 seconds, Stopping threads took: 0.0003927 seconds
2015-12-06T21:10:06.425+0530: 4572.719: Total time for which application threads were stopped: 0.0043090 seconds, Stopping threads took: 0.0041228 seconds
2015-12-06T21:10:06.426+0530: 4572.719: Total time for which application threads were stopped: 0.0002122 seconds, Stopping threads took: 0.0001029 seconds
{Heap before GC invocations=134 (full 2):
 par new generation   total 109248K, used 91827K [0x00000000e0000000, 0x00000000e8000000, 0x00000000e8000000)
  eden space 87424K,  99% used [0x00000000e0000000, 0x00000000e555cd40, 0x00000000e5560000)
  from space 21824K,  20% used [0x00000000e5560000, 0x00000000e59affd8, 0x00000000e6ab0000)
  to   space 21824K,   0% used [0x00000000e6ab0000, 0x00000000e6ab0000, 0x00000000e8000000)
 concurrent mark-sweep generation total 393216K, used 31096K [0x00000000e8000000, 0x0000000100000000, 0x0000000100000000)
 Metaspace       used 41093K, capacity 41636K, committed 41964K, reserved 1087488K
  class space    used 4316K, capacity 4488K, committed 4604K, reserved 1048576K
2015-12-06T21:10:08.952+0530: 4575.246: [GC (Allocation Failure) 4575.247: [ParNew
Desired survivor size 20112992 bytes, new threshold 8 (max 8)
- age   1:    1263536 bytes,    1263536 total
- age   2:     614832 bytes,    1878368 total
- age   3:     382240 bytes,    2260608 total
- age   4:     240104 bytes,    2500712 total
- age   5:     204280 bytes,    2704992 total
- age   6:      92520 bytes,    2797512 total
- age   7:      79672 bytes,    2877184 total
- age   8:      88920 bytes,    2966104 total
: 91827K->4370K(109248K), 0.3122827 secs] 122924K->35479K(502464K), 0.4874268 secs] [Times: user=0.03 sys=0.00, real=0.49 secs] 
Heap after GC invocations=135 (full 2):
 par new generation   total 109248K, used 4370K [0x00000000e0000000, 0x00000000e8000000, 0x00000000e8000000)
  eden space 87424K,   0% used [0x00000000e0000000, 0x00000000e0000000, 0x00000000e5560000)
  from space 21824K,  20% used [0x00000000e6ab0000, 0x00000000e6ef4bd0, 0x00000000e8000000)
  to   space 21824K,   0% used [0x00000000e5560000, 0x00000000e5560000, 0x00000000e6ab0000)
 concurrent mark-sweep generation total 393216K, used 31108K [0x00000000e8000000, 0x0000000100000000, 0x0000000100000000)
 Metaspace       used 41093K, capacity 41636K, committed 41964K, reserved 1087488K
  class space    used 4316K, capacity 4488K, committed 4604K, reserved 1048576K
}
2015-12-06T21:10:09.441+0530: 4575.734: Total time for which application threads were stopped: 0.4891987 seconds, Stopping threads took: 0.0000863 seconds
2015-12-06T21:10:11.317+0530: 4577.611: Total time for which application threads were stopped: 0.0004616 seconds, Stopping threads took: 0.0000608 seconds
2015-12-06T21:10:11.318+0530: 4577.611: Total time for which application threads were stopped: 0.0003449 seconds, Stopping threads took: 0.0000315 seconds
2015-12-06T21:10:11.318+0530: 4577.612: Total time for which application threads were stopped: 0.0008050 seconds, Stopping threads took: 0.0004282 seconds
2015-12-06T21:10:12.585+0530: 4578.879: Total time for which application threads were stopped: 0.0006603 seconds, Stopping threads took: 0.0002255 seconds
2015-12-06T21:10:12.586+0530: 4578.880: Total time for which application threads were stopped: 0.0003089 seconds, Stopping threads took: 0.0000984 seconds
2015-12-06T21:10:12.586+0530: 4578.880: Total time for which application threads were stopped: 0.0002696 seconds, Stopping threads took: 0.0000847 seconds
2015-12-06T21:10:12.586+0530: 4578.880: Total time for which application threads were stopped: 0.0002430 seconds, Stopping threads took: 0.0000638 seconds
2015-12-06T21:10:12.588+0530: 4578.881: Total time for which application threads were stopped: 0.0003021 seconds, Stopping threads took: 0.0000962 seconds
2015-12-06T21:10:12.588+0530: 4578.882: Total time for which application threads were stopped: 0.0002696 seconds, Stopping threads took: 0.0000877 seconds
2015-12-06T21:10:12.588+0530: 4578.882: Total time for which application threads were stopped: 0.0002632 seconds, Stopping threads took: 0.0000858 seconds
2015-12-06T21:10:12.589+0530: 4578.882: Total time for which application threads were stopped: 0.0002281 seconds, Stopping threads took: 0.0000508 seconds
2015-12-06T21:10:18.725+0530: 4585.018: Total time for which application threads were stopped: 0.0003776 seconds, Stopping threads took: 0.0000589 seconds
2015-12-06T21:10:30.171+0530: 4596.465: Total time for which application threads were stopped: 0.0002359 seconds, Stopping threads took: 0.0000532 seconds
2015-12-06T21:10:30.175+0530: 4596.469: Total time for which application threads were stopped: 0.0002301 seconds, Stopping threads took: 0.0000271 seconds
2015-12-06T21:10:30.185+0530: 4596.479: Total time for which application threads were stopped: 0.0002581 seconds, Stopping threads took: 0.0000511 seconds
2015-12-06T21:10:30.186+0530: 4596.480: Total time for which application threads were stopped: 0.0001773 seconds, Stopping threads took: 0.0000208 seconds
2015-12-06T21:10:30.197+0530: 4596.491: Total time for which application threads were stopped: 0.0002893 seconds, Stopping threads took: 0.0000321 seconds
2015-12-06T21:10:30.198+0530: 4596.492: Total time for which application threads were stopped: 0.0009331 seconds, Stopping threads took: 0.0007158 seconds
2015-12-06T21:10:30.199+0530: 4596.493: Total time for which application threads were stopped: 0.0002308 seconds, Stopping threads took: 0.0000735 seconds
2015-12-06T21:10:30.227+0530: 4596.521: Total time for which application threads were stopped: 0.0004003 seconds, Stopping threads took: 0.0001817 seconds
2015-12-06T21:10:30.229+0530: 4596.523: Total time for which application threads were stopped: 0.0018481 seconds, Stopping threads took: 0.0014635 seconds
2015-12-06T21:10:30.238+0530: 4596.532: Total time for which application threads were stopped: 0.0067601 seconds, Stopping threads took: 0.0061028 seconds
2015-12-06T21:10:39.907+0530: 4606.201: Total time for which application threads were stopped: 0.2578299 seconds, Stopping threads took: 0.2574457 seconds
2015-12-06T21:10:41.815+0530: 4608.109: Total time for which application threads were stopped: 0.0002131 seconds, Stopping threads took: 0.0000339 seconds
2015-12-06T21:10:41.815+0530: 4608.109: Total time for which application threads were stopped: 0.0000909 seconds, Stopping threads took: 0.0000107 seconds
2015-12-06T21:10:42.815+0530: 4609.109: Total time for which application threads were stopped: 0.0004157 seconds, Stopping threads took: 0.0000555 seconds
2015-12-06T21:10:55.625+0530: 4621.919: Total time for which application threads were stopped: 0.0015172 seconds, Stopping threads took: 0.0000687 seconds
2015-12-06T21:10:55.627+0530: 4621.921: Total time for which application threads were stopped: 0.0009540 seconds, Stopping threads took: 0.0000451 seconds
2015-12-06T21:10:55.628+0530: 4621.922: Total time for which application threads were stopped: 0.0008920 seconds, Stopping threads took: 0.0000833 seconds
2015-12-06T21:11:02.169+0530: 4628.463: Total time for which application threads were stopped: 0.0031146 seconds, Stopping threads took: 0.0029256 seconds
2015-12-06T21:11:02.445+0530: 4628.739: Total time for which application threads were stopped: 0.2759493 seconds, Stopping threads took: 0.2754336 seconds
2015-12-06T21:11:07.525+0530: 4633.819: Total time for which application threads were stopped: 0.0792285 seconds, Stopping threads took: 0.0787077 seconds
{Heap before GC invocations=135 (full 2):
 par new generation   total 109248K, used 91783K [0x00000000e0000000, 0x00000000e8000000, 0x00000000e8000000)
  eden space 87424K,  99% used [0x00000000e0000000, 0x00000000e555d038, 0x00000000e5560000)
  from space 21824K,  20% used [0x00000000e6ab0000, 0x00000000e6ef4bd0, 0x00000000e8000000)
  to   space 21824K,   0% used [0x00000000e5560000, 0x00000000e5560000, 0x00000000e6ab0000)
 concurrent mark-sweep generation total 393216K, used 31108K [0x00000000e8000000, 0x0000000100000000, 0x0000000100000000)
 Metaspace       used 41093K, capacity 41636K, committed 41964K, reserved 1087488K
  class space    used 4316K, capacity 4488K, committed 4604K, reserved 1048576K
2015-12-06T21:11:18.250+0530: 4644.543: [GC (Allocation Failure) 4644.544: [ParNew
Desired survivor size 20112992 bytes, new threshold 8 (max 8)
- age   1:    2175840 bytes,    2175840 total
- age   2:     517168 bytes,    2693008 total
- age   3:     429560 bytes,    3122568 total
- age   4:     212736 bytes,    3335304 total
- age   5:     107056 bytes,    3442360 total
- age   6:     171056 bytes,    3613416 total
- age   7:      89808 bytes,    3703224 total
- age   8:      79672 bytes,    3782896 total
: 91783K->4794K(109248K), 0.0197658 secs] 122891K->35990K(502464K), 0.0201060 secs] [Times: user=0.03 sys=0.00, real=0.02 secs] 
Heap after GC invocations=136 (full 2):
 par new generation   total 109248K, used 4794K [0x00000000e0000000, 0x00000000e8000000, 0x00000000e8000000)
  eden space 87424K,   0% used [0x00000000e0000000, 0x00000000e0000000, 0x00000000e5560000)
  from space 21824K,  21% used [0x00000000e5560000, 0x00000000e5a0e9d0, 0x00000000e6ab0000)
  to   space 21824K,   0% used [0x00000000e6ab0000, 0x00000000e6ab0000, 0x00000000e8000000)
 concurrent mark-sweep generation total 393216K, used 31195K [0x00000000e8000000, 0x0000000100000000, 0x0000000100000000)
 Metaspace       used 41093K, capacity 41636K, committed 41964K, reserved 1087488K
  class space    used 4316K, capacity 4488K, committed 4604K, reserved 1048576K
}
2015-12-06T21:11:18.270+0530: 4644.564: Total time for which application threads were stopped: 0.0270193 seconds, Stopping threads took: 0.0060842 seconds
2015-12-06T21:11:18.280+0530: 4644.573: Total time for which application threads were stopped: 0.0015142 seconds, Stopping threads took: 0.0010650 seconds
2015-12-06T21:11:18.280+0530: 4644.574: Total time for which application threads were stopped: 0.0002920 seconds, Stopping threads took: 0.0000914 seconds
2015-12-06T21:11:18.281+0530: 4644.575: Total time for which application threads were stopped: 0.0001830 seconds, Stopping threads took: 0.0000193 seconds
2015-12-06T21:11:18.282+0530: 4644.576: Total time for which application threads were stopped: 0.0002133 seconds, Stopping threads took: 0.0000161 seconds
{Heap before GC invocations=136 (full 2):
 par new generation   total 109248K, used 92182K [0x00000000e0000000, 0x00000000e8000000, 0x00000000e8000000)
  eden space 87424K,  99% used [0x00000000e0000000, 0x00000000e5556fd0, 0x00000000e5560000)
  from space 21824K,  21% used [0x00000000e5560000, 0x00000000e5a0e9d0, 0x00000000e6ab0000)
  to   space 21824K,   0% used [0x00000000e6ab0000, 0x00000000e6ab0000, 0x00000000e8000000)
 concurrent mark-sweep generation total 393216K, used 31195K [0x00000000e8000000, 0x0000000100000000, 0x0000000100000000)
 Metaspace       used 41093K, capacity 41636K, committed 41964K, reserved 1087488K
  class space    used 4316K, capacity 4488K, committed 4604K, reserved 1048576K
2015-12-06T21:12:12.604+0530: 4698.898: [GC (Allocation Failure) 4699.155: [ParNew
Desired survivor size 20112992 bytes, new threshold 8 (max 8)
- age   1:    1133888 bytes,    1133888 total
- age   2:    1191616 bytes,    2325504 total
- age   3:     501680 bytes,    2827184 total
- age   4:     423488 bytes,    3250672 total
- age   5:     206584 bytes,    3457256 total
- age   6:     104816 bytes,    3562072 total
- age   7:     170496 bytes,    3732568 total
- age   8:      89808 bytes,    3822376 total
: 92182K->4483K(109248K), 0.0127096 secs] 123378K->35757K(502464K), 0.5306344 secs] [Times: user=0.03 sys=0.00, real=0.53 secs] 
Heap after GC invocations=137 (full 2):
 par new generation   total 109248K, used 4483K [0x00000000e0000000, 0x00000000e8000000, 0x00000000e8000000)
  eden space 87424K,   0% used [0x00000000e0000000, 0x00000000e0000000, 0x00000000e5560000)
  from space 21824K,  20% used [0x00000000e6ab0000, 0x00000000e6f10f90, 0x00000000e8000000)
  to   space 21824K,   0% used [0x00000000e5560000, 0x00000000e5560000, 0x00000000e6ab0000)
 concurrent mark-sweep generation total 393216K, used 31273K [0x00000000e8000000, 0x0000000100000000, 0x0000000100000000)
 Metaspace       used 41093K, capacity 41636K, committed 41964K, reserved 1087488K
  class space    used 4316K, capacity 4488K, committed 4604K, reserved 1048576K
}
2015-12-06T21:12:13.135+0530: 4699.429: Total time for which application threads were stopped: 0.5314117 seconds, Stopping threads took: 0.0000501 seconds
2015-12-06T21:12:17.399+0530: 4703.693: Total time for which application threads were stopped: 0.0004432 seconds, Stopping threads took: 0.0000597 seconds
2015-12-06T21:12:17.399+0530: 4703.693: Total time for which application threads were stopped: 0.0003065 seconds, Stopping threads took: 0.0000425 seconds
2015-12-06T21:12:17.401+0530: 4703.695: Total time for which application threads were stopped: 0.0023347 seconds, Stopping threads took: 0.0020763 seconds
2015-12-06T21:12:17.403+0530: 4703.697: Total time for which application threads were stopped: 0.0004619 seconds, Stopping threads took: 0.0001425 seconds
2015-12-06T21:12:17.403+0530: 4703.697: Total time for which application threads were stopped: 0.0003279 seconds, Stopping threads took: 0.0000905 seconds
2015-12-06T21:12:17.404+0530: 4703.698: Total time for which application threads were stopped: 0.0003300 seconds, Stopping threads took: 0.0000989 seconds
2015-12-06T21:12:17.404+0530: 4703.698: Total time for which application threads were stopped: 0.0003168 seconds, Stopping threads took: 0.0000885 seconds
2015-12-06T21:12:17.405+0530: 4703.699: Total time for which application threads were stopped: 0.0007588 seconds, Stopping threads took: 0.0001005 seconds
2015-12-06T21:12:17.765+0530: 4704.059: Total time for which application threads were stopped: 0.0019840 seconds, Stopping threads took: 0.0017668 seconds
2015-12-06T21:12:17.765+0530: 4704.059: Total time for which application threads were stopped: 0.0001444 seconds, Stopping threads took: 0.0000402 seconds
2015-12-06T21:12:17.836+0530: 4704.130: Total time for which application threads were stopped: 0.0003309 seconds, Stopping threads took: 0.0000638 seconds
2015-12-06T21:12:17.844+0530: 4704.138: Total time for which application threads were stopped: 0.0014307 seconds, Stopping threads took: 0.0012364 seconds
2015-12-06T21:12:18.928+0530: 4705.222: Total time for which application threads were stopped: 0.0005507 seconds, Stopping threads took: 0.0001418 seconds
2015-12-06T21:12:18.968+0530: 4705.262: Total time for which application threads were stopped: 0.0002951 seconds, Stopping threads took: 0.0000720 seconds
2015-12-06T21:12:18.969+0530: 4705.263: Total time for which application threads were stopped: 0.0007980 seconds, Stopping threads took: 0.0006401 seconds
2015-12-06T21:12:23.127+0530: 4709.421: Total time for which application threads were stopped: 0.0004516 seconds, Stopping threads took: 0.0000660 seconds
2015-12-06T21:12:26.643+0530: 4712.936: Total time for which application threads were stopped: 0.0004194 seconds, Stopping threads took: 0.0000584 seconds
2015-12-06T21:12:27.530+0530: 4713.824: Total time for which application threads were stopped: 0.0004203 seconds, Stopping threads took: 0.0000617 seconds
2015-12-06T21:12:30.278+0530: 4716.571: Total time for which application threads were stopped: 0.0004255 seconds, Stopping threads took: 0.0001438 seconds
2015-12-06T21:12:34.694+0530: 4720.988: Total time for which application threads were stopped: 0.0004333 seconds, Stopping threads took: 0.0000556 seconds
2015-12-06T21:12:40.962+0530: 4727.255: Total time for which application threads were stopped: 0.0002264 seconds, Stopping threads took: 0.0000325 seconds
2015-12-06T21:12:43.866+0530: 4730.160: Total time for which application threads were stopped: 0.0002648 seconds, Stopping threads took: 0.0000311 seconds
2015-12-06T21:12:43.866+0530: 4730.160: Total time for which application threads were stopped: 0.0001613 seconds, Stopping threads took: 0.0000259 seconds
2015-12-06T21:12:53.376+0530: 4739.670: Total time for which application threads were stopped: 0.0002139 seconds, Stopping threads took: 0.0000292 seconds
2015-12-06T21:12:53.376+0530: 4739.670: Total time for which application threads were stopped: 0.0001308 seconds, Stopping threads took: 0.0000301 seconds
2015-12-06T21:12:53.377+0530: 4739.670: Total time for which application threads were stopped: 0.0001461 seconds, Stopping threads took: 0.0000402 seconds
2015-12-06T21:12:53.377+0530: 4739.671: Total time for which application threads were stopped: 0.0001387 seconds, Stopping threads took: 0.0000157 seconds
2015-12-06T21:12:53.377+0530: 4739.671: Total time for which application threads were stopped: 0.0001248 seconds, Stopping threads took: 0.0000122 seconds
2015-12-06T21:12:53.377+0530: 4739.671: Total time for which application threads were stopped: 0.0004186 seconds, Stopping threads took: 0.0002963 seconds
2015-12-06T21:12:53.378+0530: 4739.671: Total time for which application threads were stopped: 0.0001423 seconds, Stopping threads took: 0.0000457 seconds
2015-12-06T21:12:53.465+0530: 4739.759: Total time for which application threads were stopped: 0.0002857 seconds, Stopping threads took: 0.0001112 seconds
2015-12-06T21:12:53.519+0530: 4739.813: Total time for which application threads were stopped: 0.0003248 seconds, Stopping threads took: 0.0000664 seconds
2015-12-06T21:12:57.258+0530: 4743.552: Total time for which application threads were stopped: 0.0020408 seconds, Stopping threads took: 0.0016415 seconds
2015-12-06T21:12:57.258+0530: 4743.552: Total time for which application threads were stopped: 0.0003280 seconds, Stopping threads took: 0.0001095 seconds
{Heap before GC invocations=137 (full 2):
 par new generation   total 109248K, used 91907K [0x00000000e0000000, 0x00000000e8000000, 0x00000000e8000000)
  eden space 87424K, 100% used [0x00000000e0000000, 0x00000000e5560000, 0x00000000e5560000)
  from space 21824K,  20% used [0x00000000e6ab0000, 0x00000000e6f10f90, 0x00000000e8000000)
  to   space 21824K,   0% used [0x00000000e5560000, 0x00000000e5560000, 0x00000000e6ab0000)
 concurrent mark-sweep generation total 393216K, used 31273K [0x00000000e8000000, 0x0000000100000000, 0x0000000100000000)
 Metaspace       used 41095K, capacity 41700K, committed 41964K, reserved 1087488K
  class space    used 4316K, capacity 4488K, committed 4604K, reserved 1048576K
2015-12-06T21:12:58.203+0530: 4744.497: [GC (Allocation Failure) 4744.498: [ParNew
Desired survivor size 20112992 bytes, new threshold 8 (max 8)
- age   1:    1944936 bytes,    1944936 total
- age   2:      86512 bytes,    2031448 total
- age   3:     278264 bytes,    2309712 total
- age   4:      99680 bytes,    2409392 total
- age   5:     110072 bytes,    2519464 total
- age   6:     157696 bytes,    2677160 total
- age   7:      86080 bytes,    2763240 total
- age   8:     152600 bytes,    2915840 total
: 91907K->4708K(109248K), 0.0158942 secs] 123181K->35998K(502464K), 0.2137587 secs] [Times: user=0.04 sys=0.00, real=0.21 secs] 
Heap after GC invocations=138 (full 2):
 par new generation   total 109248K, used 4708K [0x00000000e0000000, 0x00000000e8000000, 0x00000000e8000000)
  eden space 87424K,   0% used [0x00000000e0000000, 0x00000000e0000000, 0x00000000e5560000)
  from space 21824K,  21% used [0x00000000e5560000, 0x00000000e59f9320, 0x00000000e6ab0000)
  to   space 21824K,   0% used [0x00000000e6ab0000, 0x00000000e6ab0000, 0x00000000e8000000)
 concurrent mark-sweep generation total 393216K, used 31289K [0x00000000e8000000, 0x0000000100000000, 0x0000000100000000)
 Metaspace       used 41095K, capacity 41700K, committed 41964K, reserved 1087488K
  class space    used 4316K, capacity 4488K, committed 4604K, reserved 1048576K
}
2015-12-06T21:12:58.417+0530: 4744.711: Total time for which application threads were stopped: 0.2146334 seconds, Stopping threads took: 0.0000574 seconds
2015-12-06T21:12:59.149+0530: 4745.443: Total time for which application threads were stopped: 0.0006516 seconds, Stopping threads took: 0.0000274 seconds
2015-12-06T21:12:59.151+0530: 4745.444: Total time for which application threads were stopped: 0.0003140 seconds, Stopping threads took: 0.0000611 seconds
2015-12-06T21:12:59.151+0530: 4745.445: Total time for which application threads were stopped: 0.0002608 seconds, Stopping threads took: 0.0000560 seconds
2015-12-06T21:13:00.215+0530: 4746.508: Total time for which application threads were stopped: 0.0003914 seconds, Stopping threads took: 0.0000598 seconds
2015-12-06T21:13:02.501+0530: 4748.795: Total time for which application threads were stopped: 0.0002197 seconds, Stopping threads took: 0.0000360 seconds
2015-12-06T21:13:03.110+0530: 4749.403: Total time for which application threads were stopped: 0.0047689 seconds, Stopping threads took: 0.0043979 seconds
2015-12-06T21:13:03.111+0530: 4749.405: Total time for which application threads were stopped: 0.0003616 seconds, Stopping threads took: 0.0000690 seconds
2015-12-06T21:13:03.118+0530: 4749.412: Total time for which application threads were stopped: 0.0069736 seconds, Stopping threads took: 0.0062964 seconds
2015-12-06T21:13:04.037+0530: 4750.331: Total time for which application threads were stopped: 0.0063828 seconds, Stopping threads took: 0.0061332 seconds
2015-12-06T21:13:04.038+0530: 4750.331: Total time for which application threads were stopped: 0.0001681 seconds, Stopping threads took: 0.0000191 seconds
2015-12-06T21:13:08.560+0530: 4754.854: Total time for which application threads were stopped: 0.0020659 seconds, Stopping threads took: 0.0015482 seconds
2015-12-06T21:13:13.764+0530: 4760.058: Total time for which application threads were stopped: 0.0003264 seconds, Stopping threads took: 0.0000420 seconds
2015-12-06T21:13:13.765+0530: 4760.059: Total time for which application threads were stopped: 0.0001837 seconds, Stopping threads took: 0.0000217 seconds
2015-12-06T21:13:24.960+0530: 4771.254: Total time for which application threads were stopped: 0.0002600 seconds, Stopping threads took: 0.0000375 seconds
2015-12-06T21:13:25.685+0530: 4771.979: Total time for which application threads were stopped: 0.0004334 seconds, Stopping threads took: 0.0001534 seconds
2015-12-06T21:13:34.687+0530: 4780.981: Total time for which application threads were stopped: 0.0004088 seconds, Stopping threads took: 0.0000580 seconds
{Heap before GC invocations=138 (full 2):
 par new generation   total 109248K, used 92112K [0x00000000e0000000, 0x00000000e8000000, 0x00000000e8000000)
  eden space 87424K,  99% used [0x00000000e0000000, 0x00000000e555afa0, 0x00000000e5560000)
  from space 21824K,  21% used [0x00000000e5560000, 0x00000000e59f9320, 0x00000000e6ab0000)
  to   space 21824K,   0% used [0x00000000e6ab0000, 0x00000000e6ab0000, 0x00000000e8000000)
 concurrent mark-sweep generation total 393216K, used 31289K [0x00000000e8000000, 0x0000000100000000, 0x0000000100000000)
 Metaspace       used 41095K, capacity 41700K, committed 41964K, reserved 1087488K
  class space    used 4316K, capacity 4488K, committed 4604K, reserved 1048576K
2015-12-06T21:14:05.505+0530: 4811.799: [GC (Allocation Failure) 4811.800: [ParNew
Desired survivor size 20112992 bytes, new threshold 8 (max 8)
- age   1:    1576976 bytes,    1576976 total
- age   2:    1055112 bytes,    2632088 total
- age   3:      81544 bytes,    2713632 total
- age   4:     268792 bytes,    2982424 total
- age   5:      88344 bytes,    3070768 total
- age   6:     102112 bytes,    3172880 total
- age   7:     150584 bytes,    3323464 total
- age   8:      84528 bytes,    3407992 total
: 92112K->4115K(109248K), 0.0140903 secs] 123402K->35553K(502464K), 0.0155807 secs] [Times: user=0.03 sys=0.00, real=0.01 secs] 
Heap after GC invocations=139 (full 2):
 par new generation   total 109248K, used 4115K [0x00000000e0000000, 0x00000000e8000000, 0x00000000e8000000)
  eden space 87424K,   0% used [0x00000000e0000000, 0x00000000e0000000, 0x00000000e5560000)
  from space 21824K,  18% used [0x00000000e6ab0000, 0x00000000e6eb4f38, 0x00000000e8000000)
  to   space 21824K,   0% used [0x00000000e5560000, 0x00000000e5560000, 0x00000000e6ab0000)
 concurrent mark-sweep generation total 393216K, used 31437K [0x00000000e8000000, 0x0000000100000000, 0x0000000100000000)
 Metaspace       used 41095K, capacity 41700K, committed 41964K, reserved 1087488K
  class space    used 4316K, capacity 4488K, committed 4604K, reserved 1048576K
}
2015-12-06T21:14:05.521+0530: 4811.815: Total time for which application threads were stopped: 0.0161155 seconds, Stopping threads took: 0.0000372 seconds
2015-12-06T21:14:06.723+0530: 4813.017: Total time for which application threads were stopped: 0.0004721 seconds, Stopping threads took: 0.0001076 seconds
2015-12-06T21:14:06.723+0530: 4813.017: Total time for which application threads were stopped: 0.0002880 seconds, Stopping threads took: 0.0000354 seconds
2015-12-06T21:14:06.724+0530: 4813.018: Total time for which application threads were stopped: 0.0002666 seconds, Stopping threads took: 0.0000312 seconds
2015-12-06T21:14:06.724+0530: 4813.018: Total time for which application threads were stopped: 0.0002620 seconds, Stopping threads took: 0.0000295 seconds
2015-12-06T21:14:06.724+0530: 4813.018: Total time for which application threads were stopped: 0.0002597 seconds, Stopping threads took: 0.0000273 seconds
2015-12-06T21:14:06.725+0530: 4813.019: Total time for which application threads were stopped: 0.0004074 seconds, Stopping threads took: 0.0000455 seconds
2015-12-06T21:14:06.726+0530: 4813.019: Total time for which application threads were stopped: 0.0003912 seconds, Stopping threads took: 0.0000383 seconds
2015-12-06T21:14:09.535+0530: 4815.829: Total time for which application threads were stopped: 0.0005382 seconds, Stopping threads took: 0.0001405 seconds
2015-12-06T21:14:09.536+0530: 4815.830: Total time for which application threads were stopped: 0.0004210 seconds, Stopping threads took: 0.0001453 seconds
2015-12-06T21:14:09.536+0530: 4815.830: Total time for which application threads were stopped: 0.0003954 seconds, Stopping threads took: 0.0001599 seconds
2015-12-06T21:14:09.538+0530: 4815.831: Total time for which application threads were stopped: 0.0003854 seconds, Stopping threads took: 0.0001112 seconds
2015-12-06T21:14:09.539+0530: 4815.833: Total time for which application threads were stopped: 0.0003257 seconds, Stopping threads took: 0.0000847 seconds
2015-12-06T21:14:12.518+0530: 4818.811: Total time for which application threads were stopped: 0.0007379 seconds, Stopping threads took: 0.0003483 seconds
2015-12-06T21:14:12.870+0530: 4819.163: Total time for which application threads were stopped: 0.0002701 seconds, Stopping threads took: 0.0000708 seconds
2015-12-06T21:14:36.369+0530: 4842.663: Total time for which application threads were stopped: 0.0002094 seconds, Stopping threads took: 0.0000281 seconds
2015-12-06T21:14:36.369+0530: 4842.663: Total time for which application threads were stopped: 0.0000864 seconds, Stopping threads took: 0.0000106 seconds
2015-12-06T21:14:49.011+0530: 4855.305: Total time for which application threads were stopped: 0.0004950 seconds, Stopping threads took: 0.0000685 seconds
2015-12-06T21:14:49.012+0530: 4855.306: Total time for which application threads were stopped: 0.0003210 seconds, Stopping threads took: 0.0000441 seconds
2015-12-06T21:14:49.012+0530: 4855.306: Total time for which application threads were stopped: 0.0002325 seconds, Stopping threads took: 0.0000291 seconds
2015-12-06T21:14:49.012+0530: 4855.306: Total time for which application threads were stopped: 0.0002145 seconds, Stopping threads took: 0.0000202 seconds
2015-12-06T21:14:54.013+0530: 4860.307: Total time for which application threads were stopped: 0.0004616 seconds, Stopping threads took: 0.0000560 seconds
2015-12-06T21:14:58.935+0530: 4865.229: Total time for which application threads were stopped: 0.0002522 seconds, Stopping threads took: 0.0000696 seconds
2015-12-06T21:14:59.246+0530: 4865.539: Total time for which application threads were stopped: 0.0003364 seconds, Stopping threads took: 0.0000518 seconds
2015-12-06T21:15:01.392+0530: 4867.686: Total time for which application threads were stopped: 0.0004589 seconds, Stopping threads took: 0.0001319 seconds
2015-12-06T21:15:01.393+0530: 4867.686: Total time for which application threads were stopped: 0.0003490 seconds, Stopping threads took: 0.0001227 seconds
2015-12-06T21:15:01.691+0530: 4867.985: Total time for which application threads were stopped: 0.0004151 seconds, Stopping threads took: 0.0000575 seconds
2015-12-06T21:15:01.692+0530: 4867.986: Total time for which application threads were stopped: 0.0003524 seconds, Stopping threads took: 0.0000365 seconds
2015-12-06T21:15:06.093+0530: 4872.386: Total time for which application threads were stopped: 0.0002975 seconds, Stopping threads took: 0.0000627 seconds
2015-12-06T21:15:06.560+0530: 4872.853: Total time for which application threads were stopped: 0.0004937 seconds, Stopping threads took: 0.0000581 seconds
2015-12-06T21:15:08.310+0530: 4874.604: Total time for which application threads were stopped: 0.0002694 seconds, Stopping threads took: 0.0000313 seconds
2015-12-06T21:15:08.791+0530: 4875.085: Total time for which application threads were stopped: 0.0002505 seconds, Stopping threads took: 0.0000394 seconds
2015-12-06T21:15:10.888+0530: 4877.182: Total time for which application threads were stopped: 0.0005309 seconds, Stopping threads took: 0.0000668 seconds
2015-12-06T21:15:10.888+0530: 4877.182: Total time for which application threads were stopped: 0.0004925 seconds, Stopping threads took: 0.0001045 seconds
2015-12-06T21:15:15.028+0530: 4881.322: Total time for which application threads were stopped: 0.1390775 seconds, Stopping threads took: 0.1385873 seconds
2015-12-06T21:15:15.538+0530: 4881.831: Total time for which application threads were stopped: 0.0019205 seconds, Stopping threads took: 0.0016144 seconds
{Heap before GC invocations=139 (full 2):
 par new generation   total 109248K, used 91539K [0x00000000e0000000, 0x00000000e8000000, 0x00000000e8000000)
  eden space 87424K, 100% used [0x00000000e0000000, 0x00000000e5560000, 0x00000000e5560000)
  from space 21824K,  18% used [0x00000000e6ab0000, 0x00000000e6eb4f38, 0x00000000e8000000)
  to   space 21824K,   0% used [0x00000000e5560000, 0x00000000e5560000, 0x00000000e6ab0000)
 concurrent mark-sweep generation total 393216K, used 31437K [0x00000000e8000000, 0x0000000100000000, 0x0000000100000000)
 Metaspace       used 41109K, capacity 41700K, committed 41964K, reserved 1087488K
  class space    used 4316K, capacity 4488K, committed 4604K, reserved 1048576K
2015-12-06T21:15:15.795+0530: 4882.089: [GC (Allocation Failure) 4882.089: [ParNew
Desired survivor size 20112992 bytes, new threshold 8 (max 8)
- age   1:    1416360 bytes,    1416360 total
- age   2:     373936 bytes,    1790296 total
- age   3:     333480 bytes,    2123776 total
- age   4:      18632 bytes,    2142408 total
- age   5:     106928 bytes,    2249336 total
- age   6:      86664 bytes,    2336000 total
- age   7:      87896 bytes,    2423896 total
- age   8:     150584 bytes,    2574480 total
: 91539K->3587K(109248K), 0.0070902 secs] 122977K->35041K(502464K), 0.1900069 secs] [Times: user=0.02 sys=0.00, real=0.19 secs] 
Heap after GC invocations=140 (full 2):
 par new generation   total 109248K, used 3587K [0x00000000e0000000, 0x00000000e8000000, 0x00000000e8000000)
  eden space 87424K,   0% used [0x00000000e0000000, 0x00000000e0000000, 0x00000000e5560000)
  from space 21824K,  16% used [0x00000000e5560000, 0x00000000e58e0f68, 0x00000000e6ab0000)
  to   space 21824K,   0% used [0x00000000e6ab0000, 0x00000000e6ab0000, 0x00000000e8000000)
 concurrent mark-sweep generation total 393216K, used 31454K [0x00000000e8000000, 0x0000000100000000, 0x0000000100000000)
 Metaspace       used 41109K, capacity 41700K, committed 41964K, reserved 1087488K
  class space    used 4316K, capacity 4488K, committed 4604K, reserved 1048576K
}
2015-12-06T21:15:15.986+0530: 4882.280: Total time for which application threads were stopped: 0.3594491 seconds, Stopping threads took: 0.1681257 seconds
2015-12-06T21:15:16.835+0530: 4883.129: Total time for which application threads were stopped: 0.1184632 seconds, Stopping threads took: 0.1180286 seconds
2015-12-06T21:15:17.808+0530: 4884.102: Total time for which application threads were stopped: 0.0003898 seconds, Stopping threads took: 0.0001916 seconds
2015-12-06T21:15:18.986+0530: 4885.280: Total time for which application threads were stopped: 0.1123349 seconds, Stopping threads took: 0.1120373 seconds
2015-12-06T21:15:19.581+0530: 4885.875: Total time for which application threads were stopped: 0.0028979 seconds, Stopping threads took: 0.0025063 seconds
2015-12-06T21:15:20.340+0530: 4886.633: Total time for which application threads were stopped: 0.0982050 seconds, Stopping threads took: 0.0968853 seconds
2015-12-06T21:15:21.728+0530: 4888.022: Total time for which application threads were stopped: 0.0003130 seconds, Stopping threads took: 0.0000918 seconds
2015-12-06T21:15:23.576+0530: 4889.870: Total time for which application threads were stopped: 0.0008146 seconds, Stopping threads took: 0.0000840 seconds
2015-12-06T21:15:23.576+0530: 4889.870: Total time for which application threads were stopped: 0.0005359 seconds, Stopping threads took: 0.0000377 seconds
2015-12-06T21:15:44.513+0530: 4910.807: Total time for which application threads were stopped: 0.0004392 seconds, Stopping threads took: 0.0000602 seconds
2015-12-06T21:15:44.514+0530: 4910.807: Total time for which application threads were stopped: 0.0002514 seconds, Stopping threads took: 0.0000406 seconds
2015-12-06T21:16:11.518+0530: 4937.812: Total time for which application threads were stopped: 0.0004297 seconds, Stopping threads took: 0.0000592 seconds
2015-12-06T21:16:23.009+0530: 4949.303: Total time for which application threads were stopped: 0.0007789 seconds, Stopping threads took: 0.0005679 seconds
2015-12-06T21:16:27.402+0530: 4953.696: Total time for which application threads were stopped: 0.0003131 seconds, Stopping threads took: 0.0000685 seconds
{Heap before GC invocations=140 (full 2):
 par new generation   total 109248K, used 91011K [0x00000000e0000000, 0x00000000e8000000, 0x00000000e8000000)
  eden space 87424K, 100% used [0x00000000e0000000, 0x00000000e5560000, 0x00000000e5560000)
  from space 21824K,  16% used [0x00000000e5560000, 0x00000000e58e0f68, 0x00000000e6ab0000)
  to   space 21824K,   0% used [0x00000000e6ab0000, 0x00000000e6ab0000, 0x00000000e8000000)
 concurrent mark-sweep generation total 393216K, used 31454K [0x00000000e8000000, 0x0000000100000000, 0x0000000100000000)
 Metaspace       used 41109K, capacity 41700K, committed 41964K, reserved 1087488K
  class space    used 4316K, capacity 4488K, committed 4604K, reserved 1048576K
2015-12-06T21:16:27.403+0530: 4953.697: [GC (Allocation Failure) 4953.697: [ParNew
Desired survivor size 20112992 bytes, new threshold 8 (max 8)
- age   1:    1735608 bytes,    1735608 total
- age   2:     729680 bytes,    2465288 total
- age   3:     329504 bytes,    2794792 total
- age   4:     318624 bytes,    3113416 total
- age   5:      16056 bytes,    3129472 total
- age   6:      93064 bytes,    3222536 total
- age   7:      78752 bytes,    3301288 total
- age   8:      81560 bytes,    3382848 total
: 91011K->4119K(109248K), 0.0242610 secs] 122465K->35720K(502464K), 0.0246919 secs] [Times: user=0.04 sys=0.00, real=0.02 secs] 
Heap after GC invocations=141 (full 2):
 par new generation   total 109248K, used 4119K [0x00000000e0000000, 0x00000000e8000000, 0x00000000e8000000)
  eden space 87424K,   0% used [0x00000000e0000000, 0x00000000e0000000, 0x00000000e5560000)
  from space 21824K,  18% used [0x00000000e6ab0000, 0x00000000e6eb5fc0, 0x00000000e8000000)
  to   space 21824K,   0% used [0x00000000e5560000, 0x00000000e5560000, 0x00000000e6ab0000)
 concurrent mark-sweep generation total 393216K, used 31600K [0x00000000e8000000, 0x0000000100000000, 0x0000000100000000)
 Metaspace       used 41109K, capacity 41700K, committed 41964K, reserved 1087488K
  class space    used 4316K, capacity 4488K, committed 4604K, reserved 1048576K
}
2015-12-06T21:16:27.428+0530: 4953.722: Total time for which application threads were stopped: 0.0252687 seconds, Stopping threads took: 0.0000546 seconds
2015-12-06T21:16:28.389+0530: 4954.683: Total time for which application threads were stopped: 0.0003821 seconds, Stopping threads took: 0.0001218 seconds
2015-12-06T21:16:28.389+0530: 4954.683: Total time for which application threads were stopped: 0.0001840 seconds, Stopping threads took: 0.0000418 seconds
2015-12-06T21:16:28.389+0530: 4954.683: Total time for which application threads were stopped: 0.0001373 seconds, Stopping threads took: 0.0000117 seconds
2015-12-06T21:16:28.389+0530: 4954.683: Total time for which application threads were stopped: 0.0001396 seconds, Stopping threads took: 0.0000108 seconds
2015-12-06T21:16:28.407+0530: 4954.701: Total time for which application threads were stopped: 0.0073962 seconds, Stopping threads took: 0.0064685 seconds
2015-12-06T21:16:28.407+0530: 4954.701: Total time for which application threads were stopped: 0.0003737 seconds, Stopping threads took: 0.0000555 seconds
2015-12-06T21:16:28.408+0530: 4954.702: Total time for which application threads were stopped: 0.0003558 seconds, Stopping threads took: 0.0000816 seconds
2015-12-06T21:16:42.198+0530: 4968.492: Total time for which application threads were stopped: 0.0013864 seconds, Stopping threads took: 0.0011007 seconds
2015-12-06T21:16:46.543+0530: 4972.837: Total time for which application threads were stopped: 0.0006167 seconds, Stopping threads took: 0.0000650 seconds
2015-12-06T21:16:47.967+0530: 4974.261: Total time for which application threads were stopped: 0.0006139 seconds, Stopping threads took: 0.0000597 seconds
2015-12-06T21:16:49.309+0530: 4975.602: Total time for which application threads were stopped: 0.0004561 seconds, Stopping threads took: 0.0000549 seconds
2015-12-06T21:16:52.687+0530: 4978.980: Total time for which application threads were stopped: 0.0005767 seconds, Stopping threads took: 0.0002772 seconds
2015-12-06T21:16:53.931+0530: 4980.225: Total time for which application threads were stopped: 0.0005860 seconds, Stopping threads took: 0.0001519 seconds
2015-12-06T21:16:53.931+0530: 4980.225: Total time for which application threads were stopped: 0.0004868 seconds, Stopping threads took: 0.0001056 seconds
2015-12-06T21:16:56.146+0530: 4982.440: Total time for which application threads were stopped: 0.0004625 seconds, Stopping threads took: 0.0001206 seconds
2015-12-06T21:16:56.909+0530: 4983.203: Total time for which application threads were stopped: 0.0013144 seconds, Stopping threads took: 0.0000518 seconds
2015-12-06T21:16:57.919+0530: 4984.213: Total time for which application threads were stopped: 0.0003278 seconds, Stopping threads took: 0.0000763 seconds
2015-12-06T21:16:57.920+0530: 4984.214: Total time for which application threads were stopped: 0.0002870 seconds, Stopping threads took: 0.0000799 seconds
2015-12-06T21:16:57.940+0530: 4984.233: Total time for which application threads were stopped: 0.0002968 seconds, Stopping threads took: 0.0000829 seconds
{Heap before GC invocations=141 (full 2):
 par new generation   total 109248K, used 91543K [0x00000000e0000000, 0x00000000e8000000, 0x00000000e8000000)
  eden space 87424K, 100% used [0x00000000e0000000, 0x00000000e5560000, 0x00000000e5560000)
  from space 21824K,  18% used [0x00000000e6ab0000, 0x00000000e6eb5fc0, 0x00000000e8000000)
  to   space 21824K,   0% used [0x00000000e5560000, 0x00000000e5560000, 0x00000000e6ab0000)
 concurrent mark-sweep generation total 393216K, used 31600K [0x00000000e8000000, 0x0000000100000000, 0x0000000100000000)
 Metaspace       used 41109K, capacity 41700K, committed 41964K, reserved 1087488K
  class space    used 4316K, capacity 4488K, committed 4604K, reserved 1048576K
2015-12-06T21:16:58.610+0530: 4984.904: [GC (Allocation Failure) 4984.904: [ParNew
Desired survivor size 20112992 bytes, new threshold 8 (max 8)
- age   1:    1350416 bytes,    1350416 total
- age   2:     289040 bytes,    1639456 total
- age   3:     236416 bytes,    1875872 total
- age   4:     108424 bytes,    1984296 total
- age   5:     247376 bytes,    2231672 total
- age   6:      11192 bytes,    2242864 total
- age   7:      89672 bytes,    2332536 total
- age   8:      78728 bytes,    2411264 total
: 91543K->3907K(109248K), 0.0069184 secs] 123144K->35587K(502464K), 0.5228156 secs] [Times: user=0.02 sys=0.00, real=0.52 secs] 
Heap after GC invocations=142 (full 2):
 par new generation   total 109248K, used 3907K [0x00000000e0000000, 0x00000000e8000000, 0x00000000e8000000)
  eden space 87424K,   0% used [0x00000000e0000000, 0x00000000e0000000, 0x00000000e5560000)
  from space 21824K,  17% used [0x00000000e5560000, 0x00000000e5930c20, 0x00000000e6ab0000)
  to   space 21824K,   0% used [0x00000000e6ab0000, 0x00000000e6ab0000, 0x00000000e8000000)
 concurrent mark-sweep generation total 393216K, used 31680K [0x00000000e8000000, 0x0000000100000000, 0x0000000100000000)
 Metaspace       used 41109K, capacity 41700K, committed 41964K, reserved 1087488K
  class space    used 4316K, capacity 4488K, committed 4604K, reserved 1048576K
}
2015-12-06T21:16:59.133+0530: 4985.427: Total time for which application threads were stopped: 0.5238088 seconds, Stopping threads took: 0.0000312 seconds
2015-12-06T21:16:59.152+0530: 4985.446: Total time for which application threads were stopped: 0.0002602 seconds, Stopping threads took: 0.0000483 seconds
2015-12-06T21:17:00.202+0530: 4986.496: Total time for which application threads were stopped: 0.0004804 seconds, Stopping threads took: 0.0000737 seconds
2015-12-06T21:17:00.202+0530: 4986.496: Total time for which application threads were stopped: 0.0001388 seconds, Stopping threads took: 0.0000279 seconds
2015-12-06T21:17:00.202+0530: 4986.496: Total time for which application threads were stopped: 0.0001196 seconds, Stopping threads took: 0.0000146 seconds
2015-12-06T21:17:17.835+0530: 5004.129: Total time for which application threads were stopped: 0.0003638 seconds, Stopping threads took: 0.0000587 seconds
2015-12-06T21:17:17.836+0530: 5004.129: Total time for which application threads were stopped: 0.0003501 seconds, Stopping threads took: 0.0000917 seconds
2015-12-06T21:17:17.836+0530: 5004.130: Total time for which application threads were stopped: 0.0003109 seconds, Stopping threads took: 0.0000988 seconds
2015-12-06T21:17:38.315+0530: 5024.609: Total time for which application threads were stopped: 0.0005504 seconds, Stopping threads took: 0.0001311 seconds
2015-12-06T21:17:38.318+0530: 5024.611: Total time for which application threads were stopped: 0.0019421 seconds, Stopping threads took: 0.0015860 seconds
2015-12-06T21:17:38.321+0530: 5024.615: Total time for which application threads were stopped: 0.0025427 seconds, Stopping threads took: 0.0023712 seconds
2015-12-06T21:17:53.084+0530: 5039.378: Total time for which application threads were stopped: 0.1944767 seconds, Stopping threads took: 0.1939995 seconds
2015-12-06T21:17:53.085+0530: 5039.379: Total time for which application threads were stopped: 0.0004703 seconds, Stopping threads took: 0.0001124 seconds
{Heap before GC invocations=142 (full 2):
 par new generation   total 109248K, used 91331K [0x00000000e0000000, 0x00000000e8000000, 0x00000000e8000000)
  eden space 87424K, 100% used [0x00000000e0000000, 0x00000000e5560000, 0x00000000e5560000)
  from space 21824K,  17% used [0x00000000e5560000, 0x00000000e5930c20, 0x00000000e6ab0000)
  to   space 21824K,   0% used [0x00000000e6ab0000, 0x00000000e6ab0000, 0x00000000e8000000)
 concurrent mark-sweep generation total 393216K, used 31680K [0x00000000e8000000, 0x0000000100000000, 0x0000000100000000)
 Metaspace       used 41111K, capacity 41700K, committed 41964K, reserved 1087488K
  class space    used 4316K, capacity 4488K, committed 4604K, reserved 1048576K
2015-12-06T21:18:08.404+0530: 5054.698: [GC (Allocation Failure) 5054.699: [ParNew
Desired survivor size 20112992 bytes, new threshold 8 (max 8)
- age   1:    1864704 bytes,    1864704 total
- age   2:     651736 bytes,    2516440 total
- age   3:     239448 bytes,    2755888 total
- age   4:     222632 bytes,    2978520 total
- age   5:     100768 bytes,    3079288 total
- age   6:     224632 bytes,    3303920 total
- age   7:      10408 bytes,    3314328 total
- age   8:      83336 bytes,    3397664 total
: 91331K->3847K(109248K), 0.3309254 secs] 123011K->35604K(502464K), 0.5756379 secs] [Times: user=0.03 sys=0.01, real=0.57 secs] 
Heap after GC invocations=143 (full 2):
 par new generation   total 109248K, used 3847K [0x00000000e0000000, 0x00000000e8000000, 0x00000000e8000000)
  eden space 87424K,   0% used [0x00000000e0000000, 0x00000000e0000000, 0x00000000e5560000)
  from space 21824K,  17% used [0x00000000e6ab0000, 0x00000000e6e71ea0, 0x00000000e8000000)
  to   space 21824K,   0% used [0x00000000e5560000, 0x00000000e5560000, 0x00000000e6ab0000)
 concurrent mark-sweep generation total 393216K, used 31757K [0x00000000e8000000, 0x0000000100000000, 0x0000000100000000)
 Metaspace       used 41111K, capacity 41700K, committed 41964K, reserved 1087488K
  class space    used 4316K, capacity 4488K, committed 4604K, reserved 1048576K
}
2015-12-06T21:18:08.980+0530: 5055.274: Total time for which application threads were stopped: 0.5767409 seconds, Stopping threads took: 0.0001453 seconds
2015-12-06T21:18:17.561+0530: 5063.854: Total time for which application threads were stopped: 0.0006114 seconds, Stopping threads took: 0.0000352 seconds
2015-12-06T21:18:17.561+0530: 5063.855: Total time for which application threads were stopped: 0.0002339 seconds, Stopping threads took: 0.0000271 seconds
2015-12-06T21:18:17.562+0530: 5063.855: Total time for which application threads were stopped: 0.0001844 seconds, Stopping threads took: 0.0000631 seconds
2015-12-06T21:18:17.562+0530: 5063.856: Total time for which application threads were stopped: 0.0001938 seconds, Stopping threads took: 0.0000584 seconds
2015-12-06T21:18:17.562+0530: 5063.856: Total time for which application threads were stopped: 0.0001565 seconds, Stopping threads took: 0.0000620 seconds
2015-12-06T21:18:17.562+0530: 5063.856: Total time for which application threads were stopped: 0.0001515 seconds, Stopping threads took: 0.0000320 seconds
2015-12-06T21:18:17.563+0530: 5063.857: Total time for which application threads were stopped: 0.0001690 seconds, Stopping threads took: 0.0000573 seconds
2015-12-06T21:18:17.565+0530: 5063.859: Total time for which application threads were stopped: 0.0023024 seconds, Stopping threads took: 0.0021625 seconds
2015-12-06T21:18:18.598+0530: 5064.892: Total time for which application threads were stopped: 0.0003114 seconds, Stopping threads took: 0.0000659 seconds
2015-12-06T21:18:18.609+0530: 5064.903: Total time for which application threads were stopped: 0.0002477 seconds, Stopping threads took: 0.0000483 seconds
2015-12-06T21:18:23.674+0530: 5069.968: Total time for which application threads were stopped: 0.0015576 seconds, Stopping threads took: 0.0011645 seconds
2015-12-06T21:18:27.702+0530: 5073.996: Total time for which application threads were stopped: 0.0011809 seconds, Stopping threads took: 0.0010033 seconds
2015-12-06T21:18:41.705+0530: 5087.998: Total time for which application threads were stopped: 0.0002293 seconds, Stopping threads took: 0.0000342 seconds
2015-12-06T21:18:47.925+0530: 5094.218: Total time for which application threads were stopped: 0.0004396 seconds, Stopping threads took: 0.0000599 seconds
2015-12-06T21:18:50.973+0530: 5097.267: Total time for which application threads were stopped: 0.0004189 seconds, Stopping threads took: 0.0000648 seconds
2015-12-06T21:18:50.978+0530: 5097.271: Total time for which application threads were stopped: 0.0042965 seconds, Stopping threads took: 0.0040348 seconds
2015-12-06T21:18:54.121+0530: 5100.415: Total time for which application threads were stopped: 0.0006099 seconds, Stopping threads took: 0.0000709 seconds
{Heap before GC invocations=143 (full 2):
 par new generation   total 109248K, used 91262K [0x00000000e0000000, 0x00000000e8000000, 0x00000000e8000000)
  eden space 87424K,  99% used [0x00000000e0000000, 0x00000000e555dbe0, 0x00000000e5560000)
  from space 21824K,  17% used [0x00000000e6ab0000, 0x00000000e6e71ea0, 0x00000000e8000000)
  to   space 21824K,   0% used [0x00000000e5560000, 0x00000000e5560000, 0x00000000e6ab0000)
 concurrent mark-sweep generation total 393216K, used 31757K [0x00000000e8000000, 0x0000000100000000, 0x0000000100000000)
 Metaspace       used 41111K, capacity 41700K, committed 41964K, reserved 1087488K
  class space    used 4316K, capacity 4488K, committed 4604K, reserved 1048576K
2015-12-06T21:18:59.680+0530: 5105.974: [GC (Allocation Failure) 5105.974: [ParNew
Desired survivor size 20112992 bytes, new threshold 8 (max 8)
- age   1:    1244584 bytes,    1244584 total
- age   2:     582816 bytes,    1827400 total
- age   3:     617440 bytes,    2444840 total
- age   4:     225712 bytes,    2670552 total
- age   5:     199648 bytes,    2870200 total
- age   6:      81256 bytes,    2951456 total
- age   7:     219176 bytes,    3170632 total
- age   8:      10408 bytes,    3181040 total
: 91262K->4729K(109248K), 0.0206775 secs] 123019K->36567K(502464K), 0.0211952 secs] [Times: user=0.03 sys=0.00, real=0.02 secs] 
Heap after GC invocations=144 (full 2):
 par new generation   total 109248K, used 4729K [0x00000000e0000000, 0x00000000e8000000, 0x00000000e8000000)
  eden space 87424K,   0% used [0x00000000e0000000, 0x00000000e0000000, 0x00000000e5560000)
  from space 21824K,  21% used [0x00000000e5560000, 0x00000000e59fe580, 0x00000000e6ab0000)
  to   space 21824K,   0% used [0x00000000e6ab0000, 0x00000000e6ab0000, 0x00000000e8000000)
 concurrent mark-sweep generation total 393216K, used 31838K [0x00000000e8000000, 0x0000000100000000, 0x0000000100000000)
 Metaspace       used 41111K, capacity 41700K, committed 41964K, reserved 1087488K
  class space    used 4316K, capacity 4488K, committed 4604K, reserved 1048576K
}
2015-12-06T21:18:59.701+0530: 5105.995: Total time for which application threads were stopped: 0.0224556 seconds, Stopping threads took: 0.0000769 seconds
2015-12-06T21:19:01.761+0530: 5108.055: Total time for which application threads were stopped: 0.0002330 seconds, Stopping threads took: 0.0000335 seconds
2015-12-06T21:19:01.762+0530: 5108.055: Total time for which application threads were stopped: 0.0001117 seconds, Stopping threads took: 0.0000115 seconds
2015-12-06T21:19:06.986+0530: 5113.280: Total time for which application threads were stopped: 0.0005925 seconds, Stopping threads took: 0.0001375 seconds
2015-12-06T21:19:10.853+0530: 5117.147: Total time for which application threads were stopped: 0.0019202 seconds, Stopping threads took: 0.0017251 seconds
2015-12-06T21:19:10.854+0530: 5117.148: Total time for which application threads were stopped: 0.0001903 seconds, Stopping threads took: 0.0000515 seconds
2015-12-06T21:19:15.106+0530: 5121.399: Total time for which application threads were stopped: 0.0015752 seconds, Stopping threads took: 0.0011530 seconds
2015-12-06T21:19:15.363+0530: 5121.657: Total time for which application threads were stopped: 0.0003970 seconds, Stopping threads took: 0.0000489 seconds
2015-12-06T21:19:25.364+0530: 5131.657: Total time for which application threads were stopped: 0.0004797 seconds, Stopping threads took: 0.0000717 seconds
2015-12-06T21:19:28.747+0530: 5135.041: Total time for which application threads were stopped: 0.0002334 seconds, Stopping threads took: 0.0000293 seconds
2015-12-06T21:19:28.748+0530: 5135.042: Total time for which application threads were stopped: 0.0001952 seconds, Stopping threads took: 0.0000551 seconds
2015-12-06T21:19:29.919+0530: 5136.213: Total time for which application threads were stopped: 0.0004358 seconds, Stopping threads took: 0.0000922 seconds
2015-12-06T21:19:29.921+0530: 5136.214: Total time for which application threads were stopped: 0.0004318 seconds, Stopping threads took: 0.0000989 seconds
2015-12-06T21:19:29.921+0530: 5136.215: Total time for which application threads were stopped: 0.0003342 seconds, Stopping threads took: 0.0000156 seconds
2015-12-06T21:19:30.514+0530: 5136.808: Total time for which application threads were stopped: 0.0003438 seconds, Stopping threads took: 0.0000644 seconds
2015-12-06T21:19:30.532+0530: 5136.826: Total time for which application threads were stopped: 0.0008056 seconds, Stopping threads took: 0.0001120 seconds
2015-12-06T21:19:30.567+0530: 5136.861: Total time for which application threads were stopped: 0.0002613 seconds, Stopping threads took: 0.0000284 seconds
2015-12-06T21:19:31.394+0530: 5137.688: Total time for which application threads were stopped: 0.0002808 seconds, Stopping threads took: 0.0000316 seconds
2015-12-06T21:19:32.579+0530: 5138.872: Total time for which application threads were stopped: 0.0004061 seconds, Stopping threads took: 0.0000526 seconds
2015-12-06T21:20:03.070+0530: 5169.364: Total time for which application threads were stopped: 0.0004170 seconds, Stopping threads took: 0.0000604 seconds
2015-12-06T21:20:03.635+0530: 5169.929: Total time for which application threads were stopped: 0.0004269 seconds, Stopping threads took: 0.0000568 seconds
2015-12-06T21:20:03.635+0530: 5169.929: Total time for which application threads were stopped: 0.0002776 seconds, Stopping threads took: 0.0000348 seconds
2015-12-06T21:20:03.898+0530: 5170.192: Total time for which application threads were stopped: 0.0006119 seconds, Stopping threads took: 0.0001498 seconds
2015-12-06T21:20:03.899+0530: 5170.193: Total time for which application threads were stopped: 0.0004147 seconds, Stopping threads took: 0.0001148 seconds
2015-12-06T21:20:03.899+0530: 5170.193: Total time for which application threads were stopped: 0.0003882 seconds, Stopping threads took: 0.0001055 seconds
2015-12-06T21:20:08.051+0530: 5174.344: Total time for which application threads were stopped: 0.0004095 seconds, Stopping threads took: 0.0001763 seconds
2015-12-06T21:20:08.218+0530: 5174.512: Total time for which application threads were stopped: 0.1664246 seconds, Stopping threads took: 0.1662317 seconds
2015-12-06T21:20:08.218+0530: 5174.512: Total time for which application threads were stopped: 0.0002522 seconds, Stopping threads took: 0.0001237 seconds
2015-12-06T21:20:08.218+0530: 5174.512: Total time for which application threads were stopped: 0.0002103 seconds, Stopping threads took: 0.0000952 seconds
2015-12-06T21:20:09.397+0530: 5175.691: Total time for which application threads were stopped: 0.1788439 seconds, Stopping threads took: 0.1786146 seconds
2015-12-06T21:20:09.416+0530: 5175.710: Total time for which application threads were stopped: 0.0007143 seconds, Stopping threads took: 0.0005328 seconds
{Heap before GC invocations=144 (full 2):
 par new generation   total 109248K, used 92132K [0x00000000e0000000, 0x00000000e8000000, 0x00000000e8000000)
  eden space 87424K,  99% used [0x00000000e0000000, 0x00000000e555ad70, 0x00000000e5560000)
  from space 21824K,  21% used [0x00000000e5560000, 0x00000000e59fe580, 0x00000000e6ab0000)
  to   space 21824K,   0% used [0x00000000e6ab0000, 0x00000000e6ab0000, 0x00000000e8000000)
 concurrent mark-sweep generation total 393216K, used 31838K [0x00000000e8000000, 0x0000000100000000, 0x0000000100000000)
 Metaspace       used 41112K, capacity 41700K, committed 41964K, reserved 1087488K
  class space    used 4316K, capacity 4488K, committed 4604K, reserved 1048576K
2015-12-06T21:20:09.927+0530: 5176.220: [GC (Allocation Failure) 5176.221: [ParNew
Desired survivor size 20112992 bytes, new threshold 8 (max 8)
- age   1:    1848480 bytes,    1848480 total
- age   2:     429776 bytes,    2278256 total
- age   3:     143848 bytes,    2422104 total
- age   4:     171752 bytes,    2593856 total
- age   5:      47040 bytes,    2640896 total
- age   6:     173640 bytes,    2814536 total
- age   7:      81256 bytes,    2895792 total
- age   8:     219152 bytes,    3114944 total
: 92132K->3587K(109248K), 0.0123335 secs] 123971K->35436K(502464K), 0.0126590 secs] [Times: user=0.02 sys=0.00, real=0.01 secs] 
Heap after GC invocations=145 (full 2):
 par new generation   total 109248K, used 3587K [0x00000000e0000000, 0x00000000e8000000, 0x00000000e8000000)
  eden space 87424K,   0% used [0x00000000e0000000, 0x00000000e0000000, 0x00000000e5560000)
  from space 21824K,  16% used [0x00000000e6ab0000, 0x00000000e6e30e90, 0x00000000e8000000)
  to   space 21824K,   0% used [0x00000000e5560000, 0x00000000e5560000, 0x00000000e6ab0000)
 concurrent mark-sweep generation total 393216K, used 31848K [0x00000000e8000000, 0x0000000100000000, 0x0000000100000000)
 Metaspace       used 41112K, capacity 41700K, committed 41964K, reserved 1087488K
  class space    used 4316K, capacity 4488K, committed 4604K, reserved 1048576K
}
2015-12-06T21:20:09.940+0530: 5176.234: Total time for which application threads were stopped: 0.0132856 seconds, Stopping threads took: 0.0000308 seconds
2015-12-06T21:20:09.964+0530: 5176.258: Total time for which application threads were stopped: 0.0006058 seconds, Stopping threads took: 0.0000564 seconds
2015-12-06T21:20:11.160+0530: 5177.454: Total time for which application threads were stopped: 0.0002953 seconds, Stopping threads took: 0.0000429 seconds
2015-12-06T21:20:11.161+0530: 5177.455: Total time for which application threads were stopped: 0.0002365 seconds, Stopping threads took: 0.0000597 seconds
2015-12-06T21:20:20.162+0530: 5186.456: Total time for which application threads were stopped: 0.0003920 seconds, Stopping threads took: 0.0000501 seconds
2015-12-06T21:20:26.153+0530: 5192.447: Total time for which application threads were stopped: 0.0003581 seconds, Stopping threads took: 0.0000597 seconds
2015-12-06T21:20:35.024+0530: 5201.318: Total time for which application threads were stopped: 0.0002095 seconds, Stopping threads took: 0.0000345 seconds
2015-12-06T21:20:35.024+0530: 5201.318: Total time for which application threads were stopped: 0.0000928 seconds, Stopping threads took: 0.0000148 seconds
2015-12-06T21:20:38.735+0530: 5205.029: Total time for which application threads were stopped: 0.0002438 seconds, Stopping threads took: 0.0000345 seconds
2015-12-06T21:20:38.735+0530: 5205.029: Total time for which application threads were stopped: 0.0001112 seconds, Stopping threads took: 0.0000325 seconds
2015-12-06T21:21:13.377+0530: 5239.671: Total time for which application threads were stopped: 0.0014080 seconds, Stopping threads took: 0.0009360 seconds
{Heap before GC invocations=145 (full 2):
 par new generation   total 109248K, used 91011K [0x00000000e0000000, 0x00000000e8000000, 0x00000000e8000000)
  eden space 87424K, 100% used [0x00000000e0000000, 0x00000000e5560000, 0x00000000e5560000)
  from space 21824K,  16% used [0x00000000e6ab0000, 0x00000000e6e30e90, 0x00000000e8000000)
  to   space 21824K,   0% used [0x00000000e5560000, 0x00000000e5560000, 0x00000000e6ab0000)
 concurrent mark-sweep generation total 393216K, used 31848K [0x00000000e8000000, 0x0000000100000000, 0x0000000100000000)
 Metaspace       used 41113K, capacity 41700K, committed 41964K, reserved 1087488K
  class space    used 4316K, capacity 4488K, committed 4604K, reserved 1048576K
2015-12-06T21:21:27.169+0530: 5253.463: [GC (Allocation Failure) 5253.671: [ParNew
Desired survivor size 20112992 bytes, new threshold 8 (max 8)
- age   1:    1559080 bytes,    1559080 total
- age   2:    1035448 bytes,    2594528 total
- age   3:     423472 bytes,    3018000 total
- age   4:     140440 bytes,    3158440 total
- age   5:     170528 bytes,    3328968 total
- age   6:      45488 bytes,    3374456 total
- age   7:     171304 bytes,    3545760 total
- age   8:      81256 bytes,    3627016 total
: 91011K->5065K(109248K), 0.0157970 secs] 122860K->37127K(502464K), 0.4837696 secs] [Times: user=0.04 sys=0.00, real=0.49 secs] 
Heap after GC invocations=146 (full 2):
 par new generation   total 109248K, used 5065K [0x00000000e0000000, 0x00000000e8000000, 0x00000000e8000000)
  eden space 87424K,   0% used [0x00000000e0000000, 0x00000000e0000000, 0x00000000e5560000)
  from space 21824K,  23% used [0x00000000e5560000, 0x00000000e5a52400, 0x00000000e6ab0000)
  to   space 21824K,   0% used [0x00000000e6ab0000, 0x00000000e6ab0000, 0x00000000e8000000)
 concurrent mark-sweep generation total 393216K, used 32062K [0x00000000e8000000, 0x0000000100000000, 0x0000000100000000)
 Metaspace       used 41113K, capacity 41700K, committed 41964K, reserved 1087488K
  class space    used 4316K, capacity 4488K, committed 4604K, reserved 1048576K
}
2015-12-06T21:21:27.654+0530: 5253.948: Total time for which application threads were stopped: 0.4851537 seconds, Stopping threads took: 0.0000594 seconds
2015-12-06T21:21:29.210+0530: 5255.504: Total time for which application threads were stopped: 0.0030399 seconds, Stopping threads took: 0.0021870 seconds
2015-12-06T21:21:29.449+0530: 5255.743: Total time for which application threads were stopped: 0.0002801 seconds, Stopping threads took: 0.0000387 seconds
2015-12-06T21:21:34.106+0530: 5260.400: Total time for which application threads were stopped: 0.0004166 seconds, Stopping threads took: 0.0000581 seconds
2015-12-06T21:21:50.552+0530: 5276.846: Total time for which application threads were stopped: 0.0062420 seconds, Stopping threads took: 0.0060608 seconds
2015-12-06T21:21:58.713+0530: 5285.007: Total time for which application threads were stopped: 0.0004102 seconds, Stopping threads took: 0.0000522 seconds
2015-12-06T21:22:05.252+0530: 5291.546: Total time for which application threads were stopped: 0.0005520 seconds, Stopping threads took: 0.0000596 seconds
2015-12-06T21:22:08.764+0530: 5295.058: Total time for which application threads were stopped: 0.0002683 seconds, Stopping threads took: 0.0000356 seconds
2015-12-06T21:22:12.765+0530: 5299.059: Total time for which application threads were stopped: 0.0003922 seconds, Stopping threads took: 0.0000559 seconds
{Heap before GC invocations=146 (full 2):
 par new generation   total 109248K, used 92489K [0x00000000e0000000, 0x00000000e8000000, 0x00000000e8000000)
  eden space 87424K, 100% used [0x00000000e0000000, 0x00000000e5560000, 0x00000000e5560000)
  from space 21824K,  23% used [0x00000000e5560000, 0x00000000e5a52400, 0x00000000e6ab0000)
  to   space 21824K,   0% used [0x00000000e6ab0000, 0x00000000e6ab0000, 0x00000000e8000000)
 concurrent mark-sweep generation total 393216K, used 32062K [0x00000000e8000000, 0x0000000100000000, 0x0000000100000000)
 Metaspace       used 41117K, capacity 41700K, committed 41964K, reserved 1087488K
  class space    used 4316K, capacity 4488K, committed 4604K, reserved 1048576K
2015-12-06T21:22:26.175+0530: 5312.468: [GC (Allocation Failure) 5312.639: [ParNew
Desired survivor size 20112992 bytes, new threshold 8 (max 8)
- age   1:    1149424 bytes,    1149424 total
- age   2:     334104 bytes,    1483528 total
- age   3:     551864 bytes,    2035392 total
- age   4:     285496 bytes,    2320888 total
- age   5:      80424 bytes,    2401312 total
- age   6:     166944 bytes,    2568256 total
- age   7:      43584 bytes,    2611840 total
- age   8:     170720 bytes,    2782560 total
: 92489K->3528K(109248K), 0.0242255 secs] 124551K->35670K(502464K), 0.1950197 secs] [Times: user=0.04 sys=0.00, real=0.19 secs] 
Heap after GC invocations=147 (full 2):
 par new generation   total 109248K, used 3528K [0x00000000e0000000, 0x00000000e8000000, 0x00000000e8000000)
  eden space 87424K,   0% used [0x00000000e0000000, 0x00000000e0000000, 0x00000000e5560000)
  from space 21824K,  16% used [0x00000000e6ab0000, 0x00000000e6e221b8, 0x00000000e8000000)
  to   space 21824K,   0% used [0x00000000e5560000, 0x00000000e5560000, 0x00000000e6ab0000)
 concurrent mark-sweep generation total 393216K, used 32141K [0x00000000e8000000, 0x0000000100000000, 0x0000000100000000)
 Metaspace       used 41117K, capacity 41700K, committed 41964K, reserved 1087488K
  class space    used 4316K, capacity 4488K, committed 4604K, reserved 1048576K
}
2015-12-06T21:22:26.370+0530: 5312.664: Total time for which application threads were stopped: 0.1954659 seconds, Stopping threads took: 0.0000323 seconds
2015-12-06T21:22:32.732+0530: 5319.026: Total time for which application threads were stopped: 0.0005647 seconds, Stopping threads took: 0.0001665 seconds
2015-12-06T21:22:32.734+0530: 5319.028: Total time for which application threads were stopped: 0.0003477 seconds, Stopping threads took: 0.0000457 seconds
2015-12-06T21:22:55.848+0530: 5342.142: Total time for which application threads were stopped: 0.0006378 seconds, Stopping threads took: 0.0002484 seconds
2015-12-06T21:22:55.849+0530: 5342.143: Total time for which application threads were stopped: 0.0002977 seconds, Stopping threads took: 0.0000568 seconds
2015-12-06T21:22:55.849+0530: 5342.143: Total time for which application threads were stopped: 0.0002360 seconds, Stopping threads took: 0.0000342 seconds
2015-12-06T21:22:55.850+0530: 5342.144: Total time for which application threads were stopped: 0.0002226 seconds, Stopping threads took: 0.0000349 seconds
2015-12-06T21:22:55.850+0530: 5342.144: Total time for which application threads were stopped: 0.0002236 seconds, Stopping threads took: 0.0000375 seconds
2015-12-06T21:22:55.850+0530: 5342.144: Total time for which application threads were stopped: 0.0002205 seconds, Stopping threads took: 0.0000369 seconds
2015-12-06T21:22:55.851+0530: 5342.144: Total time for which application threads were stopped: 0.0002109 seconds, Stopping threads took: 0.0000276 seconds
2015-12-06T21:22:57.345+0530: 5343.639: Total time for which application threads were stopped: 0.0002206 seconds, Stopping threads took: 0.0000311 seconds
2015-12-06T21:22:57.345+0530: 5343.639: Total time for which application threads were stopped: 0.0001212 seconds, Stopping threads took: 0.0000143 seconds
2015-12-06T21:22:57.345+0530: 5343.639: Total time for which application threads were stopped: 0.0001522 seconds, Stopping threads took: 0.0000559 seconds
2015-12-06T21:22:57.346+0530: 5343.639: Total time for which application threads were stopped: 0.0005792 seconds, Stopping threads took: 0.0002589 seconds
2015-12-06T21:22:57.379+0530: 5343.673: Total time for which application threads were stopped: 0.0164824 seconds, Stopping threads took: 0.0162141 seconds
2015-12-06T21:22:57.416+0530: 5343.710: Total time for which application threads were stopped: 0.0061478 seconds, Stopping threads took: 0.0059781 seconds
2015-12-06T21:23:02.706+0530: 5349.000: Total time for which application threads were stopped: 0.0003957 seconds, Stopping threads took: 0.0001738 seconds
2015-12-06T21:23:03.213+0530: 5349.507: Total time for which application threads were stopped: 0.0012440 seconds, Stopping threads took: 0.0010480 seconds
2015-12-06T21:23:03.460+0530: 5349.753: Total time for which application threads were stopped: 0.0024753 seconds, Stopping threads took: 0.0021392 seconds
2015-12-06T21:23:04.272+0530: 5350.566: Total time for which application threads were stopped: 0.0005456 seconds, Stopping threads took: 0.0000560 seconds
2015-12-06T21:23:06.957+0530: 5353.250: Total time for which application threads were stopped: 0.0005580 seconds, Stopping threads took: 0.0002056 seconds
2015-12-06T21:23:06.957+0530: 5353.251: Total time for which application threads were stopped: 0.0003501 seconds, Stopping threads took: 0.0001021 seconds
2015-12-06T21:23:12.983+0530: 5359.277: Total time for which application threads were stopped: 0.0008374 seconds, Stopping threads took: 0.0003805 seconds
2015-12-06T21:23:15.984+0530: 5362.278: Total time for which application threads were stopped: 0.0007352 seconds, Stopping threads took: 0.0001617 seconds
2015-12-06T21:23:15.986+0530: 5362.280: Total time for which application threads were stopped: 0.0005489 seconds, Stopping threads took: 0.0001452 seconds
2015-12-06T21:23:16.946+0530: 5363.240: Total time for which application threads were stopped: 0.0005749 seconds, Stopping threads took: 0.0001168 seconds
2015-12-06T21:23:18.121+0530: 5364.415: Total time for which application threads were stopped: 0.0005762 seconds, Stopping threads took: 0.0000765 seconds
2015-12-06T21:23:22.438+0530: 5368.732: Total time for which application threads were stopped: 0.2199019 seconds, Stopping threads took: 0.2195072 seconds
2015-12-06T21:23:24.564+0530: 5370.858: Total time for which application threads were stopped: 0.1253353 seconds, Stopping threads took: 0.1247410 seconds
2015-12-06T21:23:30.264+0530: 5376.557: Total time for which application threads were stopped: 0.0022354 seconds, Stopping threads took: 0.0011202 seconds
2015-12-06T21:23:34.602+0530: 5380.896: Total time for which application threads were stopped: 0.0002584 seconds, Stopping threads took: 0.0000303 seconds
2015-12-06T21:23:34.602+0530: 5380.896: Total time for which application threads were stopped: 0.0001264 seconds, Stopping threads took: 0.0000127 seconds
2015-12-06T21:23:40.193+0530: 5386.487: Total time for which application threads were stopped: 0.0004874 seconds, Stopping threads took: 0.0000638 seconds
2015-12-06T21:23:44.704+0530: 5390.998: Total time for which application threads were stopped: 0.0053880 seconds, Stopping threads took: 0.0045697 seconds
2015-12-06T21:23:44.705+0530: 5390.999: Total time for which application threads were stopped: 0.0008658 seconds, Stopping threads took: 0.0005118 seconds
{Heap before GC invocations=147 (full 2):
 par new generation   total 109248K, used 90952K [0x00000000e0000000, 0x00000000e8000000, 0x00000000e8000000)
  eden space 87424K, 100% used [0x00000000e0000000, 0x00000000e5560000, 0x00000000e5560000)
  from space 21824K,  16% used [0x00000000e6ab0000, 0x00000000e6e221b8, 0x00000000e8000000)
  to   space 21824K,   0% used [0x00000000e5560000, 0x00000000e5560000, 0x00000000e6ab0000)
 concurrent mark-sweep generation total 393216K, used 32141K [0x00000000e8000000, 0x0000000100000000, 0x0000000100000000)
 Metaspace       used 41118K, capacity 41700K, committed 41964K, reserved 1087488K
  class space    used 4316K, capacity 4488K, committed 4604K, reserved 1048576K
2015-12-06T21:23:45.746+0530: 5392.039: [GC (Allocation Failure) 5392.040: [ParNew
Desired survivor size 20112992 bytes, new threshold 8 (max 8)
- age   1:    2282360 bytes,    2282360 total
- age   2:     469288 bytes,    2751648 total
- age   3:     305648 bytes,    3057296 total
- age   4:     278016 bytes,    3335312 total
- age   5:      95288 bytes,    3430600 total
- age   6:      24912 bytes,    3455512 total
- age   7:     145624 bytes,    3601136 total
- age   8:      14544 bytes,    3615680 total
: 90952K->4263K(109248K), 0.0248272 secs] 123094K->36555K(502464K), 0.0252951 secs] [Times: user=0.04 sys=0.00, real=0.02 secs] 
Heap after GC invocations=148 (full 2):
 par new generation   total 109248K, used 4263K [0x00000000e0000000, 0x00000000e8000000, 0x00000000e8000000)
  eden space 87424K,   0% used [0x00000000e0000000, 0x00000000e0000000, 0x00000000e5560000)
  from space 21824K,  19% used [0x00000000e5560000, 0x00000000e5989ff0, 0x00000000e6ab0000)
  to   space 21824K,   0% used [0x00000000e6ab0000, 0x00000000e6ab0000, 0x00000000e8000000)
 concurrent mark-sweep generation total 393216K, used 32291K [0x00000000e8000000, 0x0000000100000000, 0x0000000100000000)
 Metaspace       used 41118K, capacity 41700K, committed 41964K, reserved 1087488K
  class space    used 4316K, capacity 4488K, committed 4604K, reserved 1048576K
}
2015-12-06T21:23:45.771+0530: 5392.065: Total time for which application threads were stopped: 0.0350302 seconds, Stopping threads took: 0.0087836 seconds
2015-12-06T21:23:45.806+0530: 5392.099: Total time for which application threads were stopped: 0.0005226 seconds, Stopping threads took: 0.0000298 seconds
2015-12-06T21:23:45.806+0530: 5392.100: Total time for which application threads were stopped: 0.0002820 seconds, Stopping threads took: 0.0000237 seconds
2015-12-06T21:23:52.807+0530: 5399.101: Total time for which application threads were stopped: 0.0002508 seconds, Stopping threads took: 0.0000578 seconds
2015-12-06T21:24:02.684+0530: 5408.978: Total time for which application threads were stopped: 0.0003516 seconds, Stopping threads took: 0.0000544 seconds
2015-12-06T21:24:02.685+0530: 5408.979: Total time for which application threads were stopped: 0.0001852 seconds, Stopping threads took: 0.0000344 seconds
2015-12-06T21:24:14.687+0530: 5420.981: Total time for which application threads were stopped: 0.0005187 seconds, Stopping threads took: 0.0001203 seconds
{Heap before GC invocations=148 (full 2):
 par new generation   total 109248K, used 91687K [0x00000000e0000000, 0x00000000e8000000, 0x00000000e8000000)
  eden space 87424K, 100% used [0x00000000e0000000, 0x00000000e5560000, 0x00000000e5560000)
  from space 21824K,  19% used [0x00000000e5560000, 0x00000000e5989ff0, 0x00000000e6ab0000)
  to   space 21824K,   0% used [0x00000000e6ab0000, 0x00000000e6ab0000, 0x00000000e8000000)
 concurrent mark-sweep generation total 393216K, used 32291K [0x00000000e8000000, 0x0000000100000000, 0x0000000100000000)
 Metaspace       used 41118K, capacity 41700K, committed 41964K, reserved 1087488K
  class space    used 4316K, capacity 4488K, committed 4604K, reserved 1048576K
2015-12-06T21:24:32.768+0530: 5439.062: [GC (Allocation Failure) 5439.062: [ParNew
Desired survivor size 20112992 bytes, new threshold 8 (max 8)
- age   1:    1379072 bytes,    1379072 total
- age   2:    1073176 bytes,    2452248 total
- age   3:     442600 bytes,    2894848 total
- age   4:     297688 bytes,    3192536 total
- age   5:     276320 bytes,    3468856 total
- age   6:      95288 bytes,    3564144 total
- age   7:      24912 bytes,    3589056 total
- age   8:     145624 bytes,    3734680 total
: 91687K->5687K(109248K), 0.0152203 secs] 123979K->37993K(502464K), 0.0154728 secs] [Times: user=0.03 sys=0.01, real=0.02 secs] 
Heap after GC invocations=149 (full 2):
 par new generation   total 109248K, used 5687K [0x00000000e0000000, 0x00000000e8000000, 0x00000000e8000000)
  eden space 87424K,   0% used [0x00000000e0000000, 0x00000000e0000000, 0x00000000e5560000)
  from space 21824K,  26% used [0x00000000e6ab0000, 0x00000000e703dc40, 0x00000000e8000000)
  to   space 21824K,   0% used [0x00000000e5560000, 0x00000000e5560000, 0x00000000e6ab0000)
 concurrent mark-sweep generation total 393216K, used 32306K [0x00000000e8000000, 0x0000000100000000, 0x0000000100000000)
 Metaspace       used 41118K, capacity 41700K, committed 41964K, reserved 1087488K
  class space    used 4316K, capacity 4488K, committed 4604K, reserved 1048576K
}
2015-12-06T21:24:32.783+0530: 5439.077: Total time for which application threads were stopped: 0.0159199 seconds, Stopping threads took: 0.0000273 seconds
2015-12-06T21:24:34.012+0530: 5440.306: Total time for which application threads were stopped: 0.0003938 seconds, Stopping threads took: 0.0000889 seconds
2015-12-06T21:24:34.012+0530: 5440.306: Total time for which application threads were stopped: 0.0002211 seconds, Stopping threads took: 0.0000388 seconds
2015-12-06T21:24:34.013+0530: 5440.307: Total time for which application threads were stopped: 0.0001625 seconds, Stopping threads took: 0.0000204 seconds
2015-12-06T21:24:34.013+0530: 5440.307: Total time for which application threads were stopped: 0.0001573 seconds, Stopping threads took: 0.0000209 seconds
2015-12-06T21:24:34.013+0530: 5440.307: Total time for which application threads were stopped: 0.0001788 seconds, Stopping threads took: 0.0000342 seconds
2015-12-06T21:24:34.035+0530: 5440.329: Total time for which application threads were stopped: 0.0011696 seconds, Stopping threads took: 0.0000625 seconds
2015-12-06T21:24:34.036+0530: 5440.330: Total time for which application threads were stopped: 0.0001687 seconds, Stopping threads took: 0.0000190 seconds
2015-12-06T21:24:34.084+0530: 5440.378: Total time for which application threads were stopped: 0.0010786 seconds, Stopping threads took: 0.0002168 seconds
2015-12-06T21:24:35.995+0530: 5442.289: Total time for which application threads were stopped: 0.0007147 seconds, Stopping threads took: 0.0003589 seconds
2015-12-06T21:25:20.904+0530: 5487.198: Total time for which application threads were stopped: 0.0003865 seconds, Stopping threads took: 0.0000513 seconds
2015-12-06T21:25:20.904+0530: 5487.198: Total time for which application threads were stopped: 0.0003367 seconds, Stopping threads took: 0.0001221 seconds
2015-12-06T21:25:20.905+0530: 5487.199: Total time for which application threads were stopped: 0.0003491 seconds, Stopping threads took: 0.0001102 seconds
2015-12-06T21:25:20.908+0530: 5487.201: Total time for which application threads were stopped: 0.0025482 seconds, Stopping threads took: 0.0023163 seconds
2015-12-06T21:25:20.908+0530: 5487.202: Total time for which application threads were stopped: 0.0003265 seconds, Stopping threads took: 0.0001097 seconds
2015-12-06T21:25:20.909+0530: 5487.203: Total time for which application threads were stopped: 0.0002095 seconds, Stopping threads took: 0.0000580 seconds
2015-12-06T21:25:32.210+0530: 5498.504: Total time for which application threads were stopped: 0.0003189 seconds, Stopping threads took: 0.0000818 seconds
2015-12-06T21:25:32.227+0530: 5498.521: Total time for which application threads were stopped: 0.0003348 seconds, Stopping threads took: 0.0000662 seconds
2015-12-06T21:25:32.227+0530: 5498.521: Total time for which application threads were stopped: 0.0001739 seconds, Stopping threads took: 0.0000246 seconds
2015-12-06T21:25:32.378+0530: 5498.672: Total time for which application threads were stopped: 0.0009615 seconds, Stopping threads took: 0.0007204 seconds
2015-12-06T21:25:33.773+0530: 5500.067: Total time for which application threads were stopped: 0.0019229 seconds, Stopping threads took: 0.0016948 seconds
2015-12-06T21:25:33.840+0530: 5500.134: Total time for which application threads were stopped: 0.0002339 seconds, Stopping threads took: 0.0000408 seconds
2015-12-06T21:25:33.963+0530: 5500.256: Total time for which application threads were stopped: 0.0006715 seconds, Stopping threads took: 0.0004436 seconds
2015-12-06T21:25:33.971+0530: 5500.265: Total time for which application threads were stopped: 0.0058625 seconds, Stopping threads took: 0.0055393 seconds
{Heap before GC invocations=149 (full 2):
 par new generation   total 109248K, used 93111K [0x00000000e0000000, 0x00000000e8000000, 0x00000000e8000000)
  eden space 87424K, 100% used [0x00000000e0000000, 0x00000000e5560000, 0x00000000e5560000)
  from space 21824K,  26% used [0x00000000e6ab0000, 0x00000000e703dc40, 0x00000000e8000000)
  to   space 21824K,   0% used [0x00000000e5560000, 0x00000000e5560000, 0x00000000e6ab0000)
 concurrent mark-sweep generation total 393216K, used 32306K [0x00000000e8000000, 0x0000000100000000, 0x0000000100000000)
 Metaspace       used 41121K, capacity 41700K, committed 41964K, reserved 1087488K
  class space    used 4317K, capacity 4488K, committed 4604K, reserved 1048576K
2015-12-06T21:25:33.980+0530: 5500.274: [GC (Allocation Failure) 5500.274: [ParNew
Desired survivor size 20112992 bytes, new threshold 8 (max 8)
- age   1:    1800368 bytes,    1800368 total
- age   2:     311552 bytes,    2111920 total
- age   3:     566936 bytes,    2678856 total
- age   4:     110248 bytes,    2789104 total
- age   5:      94744 bytes,    2883848 total
- age   6:     181856 bytes,    3065704 total
- age   7:      84264 bytes,    3149968 total
- age   8:      20424 bytes,    3170392 total
: 93111K->3843K(109248K), 0.0302996 secs] 125417K->36291K(502464K), 1.2202661 secs] [Times: user=0.06 sys=0.01, real=1.22 secs] 
Heap after GC invocations=150 (full 2):
 par new generation   total 109248K, used 3843K [0x00000000e0000000, 0x00000000e8000000, 0x00000000e8000000)
  eden space 87424K,   0% used [0x00000000e0000000, 0x00000000e0000000, 0x00000000e5560000)
  from space 21824K,  17% used [0x00000000e5560000, 0x00000000e5920c18, 0x00000000e6ab0000)
  to   space 21824K,   0% used [0x00000000e6ab0000, 0x00000000e6ab0000, 0x00000000e8000000)
 concurrent mark-sweep generation total 393216K, used 32448K [0x00000000e8000000, 0x0000000100000000, 0x0000000100000000)
 Metaspace       used 41121K, capacity 41700K, committed 41964K, reserved 1087488K
  class space    used 4317K, capacity 4488K, committed 4604K, reserved 1048576K
}
2015-12-06T21:25:35.201+0530: 5501.494: Total time for which application threads were stopped: 1.2234039 seconds, Stopping threads took: 0.0022218 seconds
2015-12-06T21:25:38.400+0530: 5504.693: Total time for which application threads were stopped: 0.0006327 seconds, Stopping threads took: 0.0001355 seconds
2015-12-06T21:25:38.400+0530: 5504.694: Total time for which application threads were stopped: 0.0004193 seconds, Stopping threads took: 0.0000401 seconds
2015-12-06T21:25:38.401+0530: 5504.695: Total time for which application threads were stopped: 0.0005210 seconds, Stopping threads took: 0.0001185 seconds
2015-12-06T21:25:38.402+0530: 5504.696: Total time for which application threads were stopped: 0.0013780 seconds, Stopping threads took: 0.0001034 seconds
2015-12-06T21:25:38.403+0530: 5504.697: Total time for which application threads were stopped: 0.0003789 seconds, Stopping threads took: 0.0000406 seconds
2015-12-06T21:25:38.404+0530: 5504.698: Total time for which application threads were stopped: 0.0002834 seconds, Stopping threads took: 0.0000244 seconds
2015-12-06T21:25:38.404+0530: 5504.698: Total time for which application threads were stopped: 0.0002743 seconds, Stopping threads took: 0.0000223 seconds
2015-12-06T21:25:38.404+0530: 5504.698: Total time for which application threads were stopped: 0.0002696 seconds, Stopping threads took: 0.0000221 seconds
2015-12-06T21:25:38.405+0530: 5504.699: Total time for which application threads were stopped: 0.0002691 seconds, Stopping threads took: 0.0000220 seconds
2015-12-06T21:25:38.405+0530: 5504.699: Total time for which application threads were stopped: 0.0003103 seconds, Stopping threads took: 0.0000217 seconds
2015-12-06T21:25:38.405+0530: 5504.699: Total time for which application threads were stopped: 0.0001343 seconds, Stopping threads took: 0.0000108 seconds
2015-12-06T21:25:54.240+0530: 5520.534: Total time for which application threads were stopped: 0.0006053 seconds, Stopping threads took: 0.0000602 seconds
2015-12-06T21:26:01.234+0530: 5527.528: Total time for which application threads were stopped: 0.0003988 seconds, Stopping threads took: 0.0000499 seconds
2015-12-06T21:26:01.235+0530: 5527.529: Total time for which application threads were stopped: 0.0002862 seconds, Stopping threads took: 0.0000349 seconds
2015-12-06T21:26:03.736+0530: 5530.030: Total time for which application threads were stopped: 0.0005665 seconds, Stopping threads took: 0.0001557 seconds
2015-12-06T21:26:03.737+0530: 5530.031: Total time for which application threads were stopped: 0.0003848 seconds, Stopping threads took: 0.0001283 seconds
2015-12-06T21:26:22.679+0530: 5548.973: Total time for which application threads were stopped: 0.0005531 seconds, Stopping threads took: 0.0001646 seconds
2015-12-06T21:26:27.713+0530: 5554.007: Total time for which application threads were stopped: 0.0201480 seconds, Stopping threads took: 0.0197094 seconds
2015-12-06T21:26:27.722+0530: 5554.016: Total time for which application threads were stopped: 0.0041042 seconds, Stopping threads took: 0.0038500 seconds
2015-12-06T21:26:27.723+0530: 5554.017: Total time for which application threads were stopped: 0.0002368 seconds, Stopping threads took: 0.0000243 seconds
2015-12-06T21:26:27.726+0530: 5554.020: Total time for which application threads were stopped: 0.0002621 seconds, Stopping threads took: 0.0000558 seconds
2015-12-06T21:26:28.445+0530: 5554.738: Total time for which application threads were stopped: 0.0002624 seconds, Stopping threads took: 0.0000550 seconds
2015-12-06T21:26:28.445+0530: 5554.739: Total time for which application threads were stopped: 0.0003117 seconds, Stopping threads took: 0.0000979 seconds
2015-12-06T21:26:29.122+0530: 5555.416: Total time for which application threads were stopped: 0.0006827 seconds, Stopping threads took: 0.0000666 seconds
2015-12-06T21:26:29.151+0530: 5555.444: Total time for which application threads were stopped: 0.0002912 seconds, Stopping threads took: 0.0000321 seconds
{Heap before GC invocations=150 (full 2):
 par new generation   total 109248K, used 91267K [0x00000000e0000000, 0x00000000e8000000, 0x00000000e8000000)
  eden space 87424K, 100% used [0x00000000e0000000, 0x00000000e5560000, 0x00000000e5560000)
  from space 21824K,  17% used [0x00000000e5560000, 0x00000000e5920c18, 0x00000000e6ab0000)
  to   space 21824K,   0% used [0x00000000e6ab0000, 0x00000000e6ab0000, 0x00000000e8000000)
 concurrent mark-sweep generation total 393216K, used 32448K [0x00000000e8000000, 0x0000000100000000, 0x0000000100000000)
 Metaspace       used 41121K, capacity 41700K, committed 41964K, reserved 1087488K
  class space    used 4317K, capacity 4488K, committed 4604K, reserved 1048576K
2015-12-06T21:26:42.155+0530: 5568.449: [GC (Allocation Failure) 5568.723: [ParNew
Desired survivor size 20112992 bytes, new threshold 8 (max 8)
- age   1:    1646264 bytes,    1646264 total
- age   2:     483400 bytes,    2129664 total
- age   3:     155096 bytes,    2284760 total
- age   4:     319872 bytes,    2604632 total
- age   5:     104944 bytes,    2709576 total
- age   6:      93064 bytes,    2802640 total
- age   7:     166464 bytes,    2969104 total
- age   8:      78992 bytes,    3048096 total
: 91267K->4521K(109248K), 0.0164413 secs] 123715K->36986K(502464K), 0.5808352 secs] [Times: user=0.04 sys=0.00, real=0.58 secs] 
Heap after GC invocations=151 (full 2):
 par new generation   total 109248K, used 4521K [0x00000000e0000000, 0x00000000e8000000, 0x00000000e8000000)
  eden space 87424K,   0% used [0x00000000e0000000, 0x00000000e0000000, 0x00000000e5560000)
  from space 21824K,  20% used [0x00000000e6ab0000, 0x00000000e6f1a608, 0x00000000e8000000)
  to   space 21824K,   0% used [0x00000000e5560000, 0x00000000e5560000, 0x00000000e6ab0000)
 concurrent mark-sweep generation total 393216K, used 32465K [0x00000000e8000000, 0x0000000100000000, 0x0000000100000000)
 Metaspace       used 41121K, capacity 41700K, committed 41964K, reserved 1087488K
  class space    used 4317K, capacity 4488K, committed 4604K, reserved 1048576K
}
2015-12-06T21:26:42.737+0530: 5569.031: Total time for which application threads were stopped: 0.5825034 seconds, Stopping threads took: 0.0000610 seconds
2015-12-06T21:26:42.748+0530: 5569.042: Total time for which application threads were stopped: 0.0004338 seconds, Stopping threads took: 0.0000483 seconds
2015-12-06T21:26:42.749+0530: 5569.042: Total time for which application threads were stopped: 0.0002947 seconds, Stopping threads took: 0.0000342 seconds
2015-12-06T21:26:50.787+0530: 5577.081: Total time for which application threads were stopped: 0.0042998 seconds, Stopping threads took: 0.0039547 seconds
2015-12-06T21:26:50.789+0530: 5577.083: Total time for which application threads were stopped: 0.0003916 seconds, Stopping threads took: 0.0000695 seconds
2015-12-06T21:26:51.731+0530: 5578.025: Total time for which application threads were stopped: 0.0002917 seconds, Stopping threads took: 0.0000639 seconds
2015-12-06T21:26:51.732+0530: 5578.025: Total time for which application threads were stopped: 0.0001405 seconds, Stopping threads took: 0.0000154 seconds
2015-12-06T21:26:51.734+0530: 5578.028: Total time for which application threads were stopped: 0.0020991 seconds, Stopping threads took: 0.0018949 seconds
2015-12-06T21:26:51.734+0530: 5578.028: Total time for which application threads were stopped: 0.0001554 seconds, Stopping threads took: 0.0000318 seconds
2015-12-06T21:26:51.734+0530: 5578.028: Total time for which application threads were stopped: 0.0001625 seconds, Stopping threads took: 0.0000408 seconds
2015-12-06T21:26:51.735+0530: 5578.029: Total time for which application threads were stopped: 0.0001536 seconds, Stopping threads took: 0.0000336 seconds
2015-12-06T21:26:51.735+0530: 5578.029: Total time for which application threads were stopped: 0.0001314 seconds, Stopping threads took: 0.0000135 seconds
2015-12-06T21:26:51.735+0530: 5578.029: Total time for which application threads were stopped: 0.0001470 seconds, Stopping threads took: 0.0000164 seconds
2015-12-06T21:26:51.735+0530: 5578.029: Total time for which application threads were stopped: 0.0001312 seconds, Stopping threads took: 0.0000138 seconds
2015-12-06T21:26:51.735+0530: 5578.029: Total time for which application threads were stopped: 0.0001334 seconds, Stopping threads took: 0.0000115 seconds
2015-12-06T21:26:51.736+0530: 5578.029: Total time for which application threads were stopped: 0.0001280 seconds, Stopping threads took: 0.0000112 seconds
2015-12-06T21:26:55.736+0530: 5582.030: Total time for which application threads were stopped: 0.0003098 seconds, Stopping threads took: 0.0000389 seconds
2015-12-06T21:27:07.898+0530: 5594.192: Total time for which application threads were stopped: 0.0005521 seconds, Stopping threads took: 0.0000626 seconds
2015-12-06T21:27:13.347+0530: 5599.640: Total time for which application threads were stopped: 0.0008343 seconds, Stopping threads took: 0.0001136 seconds
2015-12-06T21:27:21.352+0530: 5607.646: Total time for which application threads were stopped: 0.0004463 seconds, Stopping threads took: 0.0001218 seconds
2015-12-06T21:27:22.333+0530: 5608.627: Total time for which application threads were stopped: 0.0004921 seconds, Stopping threads took: 0.0000342 seconds
2015-12-06T21:27:22.334+0530: 5608.628: Total time for which application threads were stopped: 0.0003419 seconds, Stopping threads took: 0.0000395 seconds
2015-12-06T21:27:25.067+0530: 5611.361: Total time for which application threads were stopped: 0.0001897 seconds, Stopping threads took: 0.0000320 seconds
2015-12-06T21:27:44.279+0530: 5630.573: Total time for which application threads were stopped: 0.0005425 seconds, Stopping threads took: 0.0001280 seconds
2015-12-06T21:27:49.068+0530: 5635.362: Total time for which application threads were stopped: 0.0002001 seconds, Stopping threads took: 0.0000270 seconds
2015-12-06T21:27:49.461+0530: 5635.755: Total time for which application threads were stopped: 0.0002737 seconds, Stopping threads took: 0.0000337 seconds
2015-12-06T21:27:49.461+0530: 5635.755: Total time for which application threads were stopped: 0.0001326 seconds, Stopping threads took: 0.0000164 seconds
2015-12-06T21:27:51.756+0530: 5638.050: Total time for which application threads were stopped: 0.0004010 seconds, Stopping threads took: 0.0000487 seconds
2015-12-06T21:27:51.908+0530: 5638.202: Total time for which application threads were stopped: 0.0002060 seconds, Stopping threads took: 0.0000342 seconds
2015-12-06T21:27:51.908+0530: 5638.202: Total time for which application threads were stopped: 0.0001423 seconds, Stopping threads took: 0.0000432 seconds
2015-12-06T21:27:59.643+0530: 5645.937: Total time for which application threads were stopped: 0.0003843 seconds, Stopping threads took: 0.0001626 seconds
2015-12-06T21:28:00.089+0530: 5646.383: Total time for which application threads were stopped: 0.0003014 seconds, Stopping threads took: 0.0000786 seconds
{Heap before GC invocations=151 (full 2):
 par new generation   total 109248K, used 91899K [0x00000000e0000000, 0x00000000e8000000, 0x00000000e8000000)
  eden space 87424K,  99% used [0x00000000e0000000, 0x00000000e55549b8, 0x00000000e5560000)
  from space 21824K,  20% used [0x00000000e6ab0000, 0x00000000e6f1a608, 0x00000000e8000000)
  to   space 21824K,   0% used [0x00000000e5560000, 0x00000000e5560000, 0x00000000e6ab0000)
 concurrent mark-sweep generation total 393216K, used 32465K [0x00000000e8000000, 0x0000000100000000, 0x0000000100000000)
 Metaspace       used 41121K, capacity 41700K, committed 41964K, reserved 1087488K
  class space    used 4317K, capacity 4488K, committed 4604K, reserved 1048576K
2015-12-06T21:28:00.692+0530: 5646.985: [GC (Allocation Failure) 5646.986: [ParNew
Desired survivor size 20112992 bytes, new threshold 8 (max 8)
- age   1:    1902848 bytes,    1902848 total
- age   2:     373400 bytes,    2276248 total
- age   3:     238088 bytes,    2514336 total
- age   4:      22376 bytes,    2536712 total
- age   5:     164736 bytes,    2701448 total
- age   6:      83944 bytes,    2785392 total
- age   7:      81696 bytes,    2867088 total
- age   8:     155456 bytes,    3022544 total
: 91899K->3950K(109248K), 0.0126537 secs] 124365K->36493K(502464K), 0.0128552 secs] [Times: user=0.02 sys=0.00, real=0.02 secs] 
Heap after GC invocations=152 (full 2):
 par new generation   total 109248K, used 3950K [0x00000000e0000000, 0x00000000e8000000, 0x00000000e8000000)
  eden space 87424K,   0% used [0x00000000e0000000, 0x00000000e0000000, 0x00000000e5560000)
  from space 21824K,  18% used [0x00000000e5560000, 0x00000000e593bb28, 0x00000000e6ab0000)
  to   space 21824K,   0% used [0x00000000e6ab0000, 0x00000000e6ab0000, 0x00000000e8000000)
 concurrent mark-sweep generation total 393216K, used 32542K [0x00000000e8000000, 0x0000000100000000, 0x0000000100000000)
 Metaspace       used 41121K, capacity 41700K, committed 41964K, reserved 1087488K
  class space    used 4317K, capacity 4488K, committed 4604K, reserved 1048576K
}
2015-12-06T21:28:00.705+0530: 5646.998: Total time for which application threads were stopped: 0.0133674 seconds, Stopping threads took: 0.0000396 seconds
2015-12-06T21:28:01.602+0530: 5647.896: Total time for which application threads were stopped: 0.0004918 seconds, Stopping threads took: 0.0000823 seconds
2015-12-06T21:28:01.615+0530: 5647.909: Total time for which application threads were stopped: 0.0002635 seconds, Stopping threads took: 0.0000286 seconds
2015-12-06T21:28:07.890+0530: 5654.184: Total time for which application threads were stopped: 0.0002824 seconds, Stopping threads took: 0.0000348 seconds
2015-12-06T21:28:07.890+0530: 5654.184: Total time for which application threads were stopped: 0.0001399 seconds, Stopping threads took: 0.0000170 seconds
2015-12-06T21:28:12.234+0530: 5658.527: Total time for which application threads were stopped: 0.0008081 seconds, Stopping threads took: 0.0001983 seconds
2015-12-06T21:28:12.234+0530: 5658.528: Total time for which application threads were stopped: 0.0005243 seconds, Stopping threads took: 0.0001103 seconds
2015-12-06T21:28:12.235+0530: 5658.529: Total time for which application threads were stopped: 0.0005225 seconds, Stopping threads took: 0.0000582 seconds
2015-12-06T21:28:12.236+0530: 5658.529: Total time for which application threads were stopped: 0.0004952 seconds, Stopping threads took: 0.0001249 seconds
2015-12-06T21:28:29.728+0530: 5676.022: Total time for which application threads were stopped: 0.0015202 seconds, Stopping threads took: 0.0001332 seconds
2015-12-06T21:28:34.729+0530: 5681.023: Total time for which application threads were stopped: 0.0004199 seconds, Stopping threads took: 0.0000542 seconds
2015-12-06T21:28:39.730+0530: 5686.024: Total time for which application threads were stopped: 0.0003786 seconds, Stopping threads took: 0.0000566 seconds
2015-12-06T21:28:40.730+0530: 5687.024: Total time for which application threads were stopped: 0.0002499 seconds, Stopping threads took: 0.0000350 seconds
2015-12-06T21:28:43.256+0530: 5689.549: Total time for which application threads were stopped: 0.0006016 seconds, Stopping threads took: 0.0001742 seconds
2015-12-06T21:28:43.256+0530: 5689.550: Total time for which application threads were stopped: 0.0004310 seconds, Stopping threads took: 0.0001538 seconds
2015-12-06T21:28:44.898+0530: 5691.192: Total time for which application threads were stopped: 0.0003638 seconds, Stopping threads took: 0.0001168 seconds
2015-12-06T21:28:55.114+0530: 5701.408: Total time for which application threads were stopped: 0.0008497 seconds, Stopping threads took: 0.0003980 seconds
2015-12-06T21:28:55.682+0530: 5701.976: Total time for which application threads were stopped: 0.0004789 seconds, Stopping threads took: 0.0001276 seconds
2015-12-06T21:28:55.683+0530: 5701.977: Total time for which application threads were stopped: 0.0004723 seconds, Stopping threads took: 0.0000834 seconds
{Heap before GC invocations=152 (full 2):
 par new generation   total 109248K, used 91374K [0x00000000e0000000, 0x00000000e8000000, 0x00000000e8000000)
  eden space 87424K, 100% used [0x00000000e0000000, 0x00000000e5560000, 0x00000000e5560000)
  from space 21824K,  18% used [0x00000000e5560000, 0x00000000e593bb28, 0x00000000e6ab0000)
  to   space 21824K,   0% used [0x00000000e6ab0000, 0x00000000e6ab0000, 0x00000000e8000000)
 concurrent mark-sweep generation total 393216K, used 32542K [0x00000000e8000000, 0x0000000100000000, 0x0000000100000000)
 Metaspace       used 41123K, capacity 41700K, committed 41964K, reserved 1087488K
  class space    used 4317K, capacity 4488K, committed 4604K, reserved 1048576K
2015-12-06T21:28:56.586+0530: 5702.880: [GC (Allocation Failure) 5702.880: [ParNew
Desired survivor size 20112992 bytes, new threshold 8 (max 8)
- age   1:    1816744 bytes,    1816744 total
- age   2:     848056 bytes,    2664800 total
- age   3:     355112 bytes,    3019912 total
- age   4:     227744 bytes,    3247656 total
- age   5:      14472 bytes,    3262128 total
- age   6:     155560 bytes,    3417688 total
- age   7:      83944 bytes,    3501632 total
- age   8:      80912 bytes,    3582544 total
: 91374K->3931K(109248K), 0.0138554 secs] 123917K->36559K(502464K), 0.2541998 secs] [Times: user=0.04 sys=0.00, real=0.25 secs] 
Heap after GC invocations=153 (full 2):
 par new generation   total 109248K, used 3931K [0x00000000e0000000, 0x00000000e8000000, 0x00000000e8000000)
  eden space 87424K,   0% used [0x00000000e0000000, 0x00000000e0000000, 0x00000000e5560000)
  from space 21824K,  18% used [0x00000000e6ab0000, 0x00000000e6e86e88, 0x00000000e8000000)
  to   space 21824K,   0% used [0x00000000e5560000, 0x00000000e5560000, 0x00000000e6ab0000)
 concurrent mark-sweep generation total 393216K, used 32627K [0x00000000e8000000, 0x0000000100000000, 0x0000000100000000)
 Metaspace       used 41123K, capacity 41700K, committed 41964K, reserved 1087488K
  class space    used 4317K, capacity 4488K, committed 4604K, reserved 1048576K
}
2015-12-06T21:28:56.841+0530: 5703.135: Total time for which application threads were stopped: 1.0834650 seconds, Stopping threads took: 0.0002460 seconds
2015-12-06T21:29:03.874+0530: 5710.168: Total time for which application threads were stopped: 0.0002196 seconds, Stopping threads took: 0.0000304 seconds
2015-12-06T21:29:03.874+0530: 5710.168: Total time for which application threads were stopped: 0.0000901 seconds, Stopping threads took: 0.0000122 seconds
2015-12-06T21:29:07.840+0530: 5714.134: Total time for which application threads were stopped: 0.0028931 seconds, Stopping threads took: 0.0026500 seconds
2015-12-06T21:29:07.841+0530: 5714.135: Total time for which application threads were stopped: 0.0005906 seconds, Stopping threads took: 0.0000712 seconds
2015-12-06T21:29:14.141+0530: 5720.434: Total time for which application threads were stopped: 0.0006356 seconds, Stopping threads took: 0.0001135 seconds
2015-12-06T21:29:27.168+0530: 5733.462: Total time for which application threads were stopped: 0.0023512 seconds, Stopping threads took: 0.0020333 seconds
2015-12-06T21:29:32.903+0530: 5739.197: Total time for which application threads were stopped: 0.0002163 seconds, Stopping threads took: 0.0000253 seconds
2015-12-06T21:29:35.115+0530: 5741.408: Total time for which application threads were stopped: 0.0005957 seconds, Stopping threads took: 0.0001075 seconds
2015-12-06T21:29:35.120+0530: 5741.414: Total time for which application threads were stopped: 0.0056593 seconds, Stopping threads took: 0.0054018 seconds
2015-12-06T21:29:35.801+0530: 5742.095: Total time for which application threads were stopped: 0.0062921 seconds, Stopping threads took: 0.0060438 seconds
2015-12-06T21:29:37.796+0530: 5744.090: Total time for which application threads were stopped: 0.0063758 seconds, Stopping threads took: 0.0061050 seconds
2015-12-06T21:29:37.797+0530: 5744.091: Total time for which application threads were stopped: 0.0002005 seconds, Stopping threads took: 0.0000451 seconds
2015-12-06T21:29:37.797+0530: 5744.091: Total time for which application threads were stopped: 0.0001150 seconds, Stopping threads took: 0.0000315 seconds
2015-12-06T21:29:37.826+0530: 5744.119: Total time for which application threads were stopped: 0.0017261 seconds, Stopping threads took: 0.0012514 seconds
2015-12-06T21:29:37.827+0530: 5744.121: Total time for which application threads were stopped: 0.0014144 seconds, Stopping threads took: 0.0010500 seconds
{Heap before GC invocations=153 (full 2):
 par new generation   total 109248K, used 91355K [0x00000000e0000000, 0x00000000e8000000, 0x00000000e8000000)
  eden space 87424K, 100% used [0x00000000e0000000, 0x00000000e5560000, 0x00000000e5560000)
  from space 21824K,  18% used [0x00000000e6ab0000, 0x00000000e6e86e88, 0x00000000e8000000)
  to   space 21824K,   0% used [0x00000000e5560000, 0x00000000e5560000, 0x00000000e6ab0000)
 concurrent mark-sweep generation total 393216K, used 32627K [0x00000000e8000000, 0x0000000100000000, 0x0000000100000000)
 Metaspace       used 41123K, capacity 41700K, committed 41964K, reserved 1087488K
  class space    used 4317K, capacity 4488K, committed 4604K, reserved 1048576K
2015-12-06T21:29:37.881+0530: 5744.175: [GC (Allocation Failure) 5744.175: [ParNew
Desired survivor size 20112992 bytes, new threshold 8 (max 8)
- age   1:    1330248 bytes,    1330248 total
- age   2:     705216 bytes,    2035464 total
- age   3:     528848 bytes,    2564312 total
- age   4:     172568 bytes,    2736880 total
- age   5:     100592 bytes,    2837472 total
- age   6:      12528 bytes,    2850000 total
- age   7:     154784 bytes,    3004784 total
- age   8:      83144 bytes,    3087928 total
: 91355K->5123K(109248K), 0.0146144 secs] 123983K->37829K(502464K), 0.0148723 secs] [Times: user=0.03 sys=0.00, real=0.02 secs] 
Heap after GC invocations=154 (full 2):
 par new generation   total 109248K, used 5123K [0x00000000e0000000, 0x00000000e8000000, 0x00000000e8000000)
  eden space 87424K,   0% used [0x00000000e0000000, 0x00000000e0000000, 0x00000000e5560000)
  from space 21824K,  23% used [0x00000000e5560000, 0x00000000e5a60cf0, 0x00000000e6ab0000)
  to   space 21824K,   0% used [0x00000000e6ab0000, 0x00000000e6ab0000, 0x00000000e8000000)
 concurrent mark-sweep generation total 393216K, used 32706K [0x00000000e8000000, 0x0000000100000000, 0x0000000100000000)
 Metaspace       used 41123K, capacity 41700K, committed 41964K, reserved 1087488K
  class space    used 4317K, capacity 4488K, committed 4604K, reserved 1048576K
}
2015-12-06T21:29:37.896+0530: 5744.190: Total time for which application threads were stopped: 0.0154709 seconds, Stopping threads took: 0.0001481 seconds
2015-12-06T21:29:44.563+0530: 5750.857: Total time for which application threads were stopped: 0.0004320 seconds, Stopping threads took: 0.0001062 seconds
2015-12-06T21:29:44.564+0530: 5750.858: Total time for which application threads were stopped: 0.0004833 seconds, Stopping threads took: 0.0001032 seconds
2015-12-06T21:29:44.565+0530: 5750.858: Total time for which application threads were stopped: 0.0004266 seconds, Stopping threads took: 0.0000828 seconds
2015-12-06T21:29:55.616+0530: 5761.910: Total time for which application threads were stopped: 0.0004122 seconds, Stopping threads took: 0.0000509 seconds
2015-12-06T21:29:55.616+0530: 5761.910: Total time for which application threads were stopped: 0.0004443 seconds, Stopping threads took: 0.0001295 seconds
2015-12-06T21:29:55.617+0530: 5761.911: Total time for which application threads were stopped: 0.0003905 seconds, Stopping threads took: 0.0001047 seconds
2015-12-06T21:29:55.617+0530: 5761.911: Total time for which application threads were stopped: 0.0003817 seconds, Stopping threads took: 0.0001412 seconds
2015-12-06T21:29:55.621+0530: 5761.915: Total time for which application threads were stopped: 0.0035485 seconds, Stopping threads took: 0.0032920 seconds
2015-12-06T21:30:21.767+0530: 5788.060: Total time for which application threads were stopped: 0.0004165 seconds, Stopping threads took: 0.0000649 seconds
2015-12-06T21:30:21.767+0530: 5788.061: Total time for which application threads were stopped: 0.0002981 seconds, Stopping threads took: 0.0000473 seconds
2015-12-06T21:30:21.767+0530: 5788.061: Total time for which application threads were stopped: 0.0002754 seconds, Stopping threads took: 0.0000406 seconds
2015-12-06T21:30:23.449+0530: 5789.743: Total time for which application threads were stopped: 0.0005131 seconds, Stopping threads took: 0.0000679 seconds
2015-12-06T21:30:54.966+0530: 5821.260: Total time for which application threads were stopped: 0.0002906 seconds, Stopping threads took: 0.0000428 seconds
2015-12-06T21:30:59.967+0530: 5826.260: Total time for which application threads were stopped: 0.0002424 seconds, Stopping threads took: 0.0000333 seconds
{Heap before GC invocations=154 (full 2):
 par new generation   total 109248K, used 92517K [0x00000000e0000000, 0x00000000e8000000, 0x00000000e8000000)
  eden space 87424K,  99% used [0x00000000e0000000, 0x00000000e5558968, 0x00000000e5560000)
  from space 21824K,  23% used [0x00000000e5560000, 0x00000000e5a60cf0, 0x00000000e6ab0000)
  to   space 21824K,   0% used [0x00000000e6ab0000, 0x00000000e6ab0000, 0x00000000e8000000)
 concurrent mark-sweep generation total 393216K, used 32706K [0x00000000e8000000, 0x0000000100000000, 0x0000000100000000)
 Metaspace       used 41123K, capacity 41700K, committed 41964K, reserved 1087488K
  class space    used 4317K, capacity 4488K, committed 4604K, reserved 1048576K
2015-12-06T21:31:11.547+0530: 5837.841: [GC (Allocation Failure) 5838.071: [ParNew
Desired survivor size 20112992 bytes, new threshold 8 (max 8)
- age   1:    1803424 bytes,    1803424 total
- age   2:     559776 bytes,    2363200 total
- age   3:     453536 bytes,    2816736 total
- age   4:     250520 bytes,    3067256 total
- age   5:      97240 bytes,    3164496 total
- age   6:      97168 bytes,    3261664 total
- age   7:      12528 bytes,    3274192 total
- age   8:     154784 bytes,    3428976 total
: 92517K->4474K(109248K), 0.2805131 secs] 125224K->37262K(502464K), 0.6369740 secs] [Times: user=0.04 sys=0.00, real=0.64 secs] 
Heap after GC invocations=155 (full 2):
 par new generation   total 109248K, used 4474K [0x00000000e0000000, 0x00000000e8000000, 0x00000000e8000000)
  eden space 87424K,   0% used [0x00000000e0000000, 0x00000000e0000000, 0x00000000e5560000)
  from space 21824K,  20% used [0x00000000e6ab0000, 0x00000000e6f0e990, 0x00000000e8000000)
  to   space 21824K,   0% used [0x00000000e5560000, 0x00000000e5560000, 0x00000000e6ab0000)
 concurrent mark-sweep generation total 393216K, used 32787K [0x00000000e8000000, 0x0000000100000000, 0x0000000100000000)
 Metaspace       used 41123K, capacity 41700K, committed 41964K, reserved 1087488K
  class space    used 4317K, capacity 4488K, committed 4604K, reserved 1048576K
}
2015-12-06T21:31:12.184+0530: 5838.478: Total time for which application threads were stopped: 0.6376590 seconds, Stopping threads took: 0.0000643 seconds
2015-12-06T21:31:15.947+0530: 5842.241: Total time for which application threads were stopped: 0.0003670 seconds, Stopping threads took: 0.0000610 seconds
2015-12-06T21:31:18.169+0530: 5844.463: Total time for which application threads were stopped: 0.0003952 seconds, Stopping threads took: 0.0000578 seconds
2015-12-06T21:31:22.787+0530: 5849.081: Total time for which application threads were stopped: 0.0004945 seconds, Stopping threads took: 0.0000612 seconds
2015-12-06T21:31:22.832+0530: 5849.126: Total time for which application threads were stopped: 0.0012629 seconds, Stopping threads took: 0.0002770 seconds
2015-12-06T21:31:22.834+0530: 5849.128: Total time for which application threads were stopped: 0.0002731 seconds, Stopping threads took: 0.0000328 seconds
2015-12-06T21:31:22.837+0530: 5849.131: Total time for which application threads were stopped: 0.0002474 seconds, Stopping threads took: 0.0000277 seconds
2015-12-06T21:31:23.468+0530: 5849.762: Total time for which application threads were stopped: 0.0003171 seconds, Stopping threads took: 0.0000602 seconds
2015-12-06T21:31:24.343+0530: 5850.637: Total time for which application threads were stopped: 0.0058044 seconds, Stopping threads took: 0.0051029 seconds
2015-12-06T21:31:24.345+0530: 5850.639: Total time for which application threads were stopped: 0.0009793 seconds, Stopping threads took: 0.0007377 seconds
2015-12-06T21:31:24.345+0530: 5850.639: Total time for which application threads were stopped: 0.0001505 seconds, Stopping threads took: 0.0000180 seconds
2015-12-06T21:31:24.345+0530: 5850.639: Total time for which application threads were stopped: 0.0002468 seconds, Stopping threads took: 0.0000932 seconds
2015-12-06T21:31:24.345+0530: 5850.639: Total time for which application threads were stopped: 0.0001403 seconds, Stopping threads took: 0.0000115 seconds
2015-12-06T21:31:24.346+0530: 5850.639: Total time for which application threads were stopped: 0.0001313 seconds, Stopping threads took: 0.0000100 seconds
2015-12-06T21:31:24.346+0530: 5850.640: Total time for which application threads were stopped: 0.0001297 seconds, Stopping threads took: 0.0000098 seconds
2015-12-06T21:31:24.450+0530: 5850.744: Total time for which application threads were stopped: 0.0002910 seconds, Stopping threads took: 0.0000616 seconds
2015-12-06T21:31:24.450+0530: 5850.744: Total time for which application threads were stopped: 0.0001297 seconds, Stopping threads took: 0.0000346 seconds
2015-12-06T21:31:30.977+0530: 5857.271: Total time for which application threads were stopped: 0.0008400 seconds, Stopping threads took: 0.0006370 seconds
2015-12-06T21:31:30.978+0530: 5857.271: Total time for which application threads were stopped: 0.0001532 seconds, Stopping threads took: 0.0000465 seconds
2015-12-06T21:31:30.978+0530: 5857.272: Total time for which application threads were stopped: 0.0001489 seconds, Stopping threads took: 0.0000419 seconds
2015-12-06T21:31:42.416+0530: 5868.710: Total time for which application threads were stopped: 0.0004717 seconds, Stopping threads took: 0.0000933 seconds
2015-12-06T21:31:48.379+0530: 5874.673: Total time for which application threads were stopped: 0.0003020 seconds, Stopping threads took: 0.0000422 seconds
2015-12-06T21:31:48.380+0530: 5874.674: Total time for which application threads were stopped: 0.0002062 seconds, Stopping threads took: 0.0000340 seconds
2015-12-06T21:31:48.388+0530: 5874.682: Total time for which application threads were stopped: 0.0003179 seconds, Stopping threads took: 0.0001117 seconds
{Heap before GC invocations=155 (full 2):
 par new generation   total 109248K, used 91898K [0x00000000e0000000, 0x00000000e8000000, 0x00000000e8000000)
  eden space 87424K, 100% used [0x00000000e0000000, 0x00000000e5560000, 0x00000000e5560000)
  from space 21824K,  20% used [0x00000000e6ab0000, 0x00000000e6f0e990, 0x00000000e8000000)
  to   space 21824K,   0% used [0x00000000e5560000, 0x00000000e5560000, 0x00000000e6ab0000)
 concurrent mark-sweep generation total 393216K, used 32787K [0x00000000e8000000, 0x0000000100000000, 0x0000000100000000)
 Metaspace       used 41123K, capacity 41700K, committed 41964K, reserved 1087488K
  class space    used 4317K, capacity 4488K, committed 4604K, reserved 1048576K
2015-12-06T21:31:49.343+0530: 5875.637: [GC (Allocation Failure) 5875.637: [ParNew
Desired survivor size 20112992 bytes, new threshold 8 (max 8)
- age   1:    1325864 bytes,    1325864 total
- age   2:     648392 bytes,    1974256 total
- age   3:     284440 bytes,    2258696 total
- age   4:     259184 bytes,    2517880 total
- age   5:     199424 bytes,    2717304 total
- age   6:      97240 bytes,    2814544 total
- age   7:      97168 bytes,    2911712 total
- age   8:      12528 bytes,    2924240 total
: 91898K->4074K(109248K), 0.0103001 secs] 124686K->37012K(502464K), 0.0104874 secs] [Times: user=0.02 sys=0.00, real=0.01 secs] 
Heap after GC invocations=156 (full 2):
 par new generation   total 109248K, used 4074K [0x00000000e0000000, 0x00000000e8000000, 0x00000000e8000000)
  eden space 87424K,   0% used [0x00000000e0000000, 0x00000000e0000000, 0x00000000e5560000)
  from space 21824K,  18% used [0x00000000e5560000, 0x00000000e595a828, 0x00000000e6ab0000)
  to   space 21824K,   0% used [0x00000000e6ab0000, 0x00000000e6ab0000, 0x00000000e8000000)
 concurrent mark-sweep generation total 393216K, used 32938K [0x00000000e8000000, 0x0000000100000000, 0x0000000100000000)
 Metaspace       used 41123K, capacity 41700K, committed 41964K, reserved 1087488K
  class space    used 4317K, capacity 4488K, committed 4604K, reserved 1048576K
}
2015-12-06T21:31:49.354+0530: 5875.648: Total time for which application threads were stopped: 0.0109403 seconds, Stopping threads took: 0.0000337 seconds
2015-12-06T21:31:56.318+0530: 5882.612: Total time for which application threads were stopped: 0.0005553 seconds, Stopping threads took: 0.0000638 seconds
2015-12-06T21:32:14.321+0530: 5900.615: Total time for which application threads were stopped: 0.0002279 seconds, Stopping threads took: 0.0000297 seconds
2015-12-06T21:32:18.255+0530: 5904.549: Total time for which application threads were stopped: 0.0004299 seconds, Stopping threads took: 0.0000578 seconds
2015-12-06T21:32:18.255+0530: 5904.549: Total time for which application threads were stopped: 0.0002945 seconds, Stopping threads took: 0.0000356 seconds
2015-12-06T21:32:37.258+0530: 5923.552: Total time for which application threads were stopped: 0.0003602 seconds, Stopping threads took: 0.0000542 seconds
2015-12-06T21:32:41.323+0530: 5927.617: Total time for which application threads were stopped: 0.0003862 seconds, Stopping threads took: 0.0000535 seconds
2015-12-06T21:32:43.317+0530: 5929.610: Total time for which application threads were stopped: 0.0001811 seconds, Stopping threads took: 0.0000280 seconds
2015-12-06T21:32:43.862+0530: 5930.155: Total time for which application threads were stopped: 0.0002404 seconds, Stopping threads took: 0.0000369 seconds
2015-12-06T21:32:43.862+0530: 5930.156: Total time for which application threads were stopped: 0.0001341 seconds, Stopping threads took: 0.0000149 seconds
2015-12-06T21:32:43.862+0530: 5930.156: Total time for which application threads were stopped: 0.0001601 seconds, Stopping threads took: 0.0000200 seconds
2015-12-06T21:32:43.862+0530: 5930.156: Total time for which application threads were stopped: 0.0001098 seconds, Stopping threads took: 0.0000141 seconds
2015-12-06T21:32:43.863+0530: 5930.156: Total time for which application threads were stopped: 0.0000820 seconds, Stopping threads took: 0.0000114 seconds
2015-12-06T21:32:43.875+0530: 5930.169: Total time for which application threads were stopped: 0.0018155 seconds, Stopping threads took: 0.0013719 seconds
2015-12-06T21:32:43.877+0530: 5930.171: Total time for which application threads were stopped: 0.0006857 seconds, Stopping threads took: 0.0001633 seconds
2015-12-06T21:32:43.882+0530: 5930.175: Total time for which application threads were stopped: 0.0003532 seconds, Stopping threads took: 0.0000764 seconds
2015-12-06T21:32:43.882+0530: 5930.176: Total time for which application threads were stopped: 0.0001767 seconds, Stopping threads took: 0.0000464 seconds
2015-12-06T21:32:43.882+0530: 5930.176: Total time for which application threads were stopped: 0.0001583 seconds, Stopping threads took: 0.0000467 seconds
2015-12-06T21:32:43.925+0530: 5930.219: Total time for which application threads were stopped: 0.0005485 seconds, Stopping threads took: 0.0002109 seconds
2015-12-06T21:32:43.925+0530: 5930.219: Total time for which application threads were stopped: 0.0003533 seconds, Stopping threads took: 0.0000929 seconds
2015-12-06T21:32:43.926+0530: 5930.219: Total time for which application threads were stopped: 0.0002540 seconds, Stopping threads took: 0.0000459 seconds
2015-12-06T21:32:45.200+0530: 5931.494: Total time for which application threads were stopped: 0.0067642 seconds, Stopping threads took: 0.0062854 seconds
2015-12-06T21:32:45.210+0530: 5931.504: Total time for which application threads were stopped: 0.0016366 seconds, Stopping threads took: 0.0011789 seconds
2015-12-06T21:32:45.215+0530: 5931.509: Total time for which application threads were stopped: 0.0011268 seconds, Stopping threads took: 0.0009106 seconds
2015-12-06T21:32:46.511+0530: 5932.805: Total time for which application threads were stopped: 0.0002241 seconds, Stopping threads took: 0.0000301 seconds
2015-12-06T21:32:46.511+0530: 5932.805: Total time for which application threads were stopped: 0.0000946 seconds, Stopping threads took: 0.0000128 seconds
2015-12-06T21:32:48.512+0530: 5934.806: Total time for which application threads were stopped: 0.0004336 seconds, Stopping threads took: 0.0000619 seconds
{Heap before GC invocations=156 (full 2):
 par new generation   total 109248K, used 91494K [0x00000000e0000000, 0x00000000e8000000, 0x00000000e8000000)
  eden space 87424K,  99% used [0x00000000e0000000, 0x00000000e555f238, 0x00000000e5560000)
  from space 21824K,  18% used [0x00000000e5560000, 0x00000000e595a828, 0x00000000e6ab0000)
  to   space 21824K,   0% used [0x00000000e6ab0000, 0x00000000e6ab0000, 0x00000000e8000000)
 concurrent mark-sweep generation total 393216K, used 32938K [0x00000000e8000000, 0x0000000100000000, 0x0000000100000000)
 Metaspace       used 41123K, capacity 41700K, committed 41964K, reserved 1087488K
  class space    used 4317K, capacity 4488K, committed 4604K, reserved 1048576K
2015-12-06T21:32:52.590+0530: 5938.884: [GC (Allocation Failure) 5939.153: [ParNew
Desired survivor size 20112992 bytes, new threshold 8 (max 8)
- age   1:    1956208 bytes,    1956208 total
- age   2:     568064 bytes,    2524272 total
- age   3:     282360 bytes,    2806632 total
- age   4:      97408 bytes,    2904040 total
- age   5:     101240 bytes,    3005280 total
- age   6:     152960 bytes,    3158240 total
- age   7:      79784 bytes,    3238024 total
- age   8:      83240 bytes,    3321264 total
: 91494K->3754K(109248K), 0.0259055 secs] 124432K->36705K(502464K), 0.9855202 secs] [Times: user=0.04 sys=0.00, real=0.99 secs] 
Heap after GC invocations=157 (full 2):
 par new generation   total 109248K, used 3754K [0x00000000e0000000, 0x00000000e8000000, 0x00000000e8000000)
  eden space 87424K,   0% used [0x00000000e0000000, 0x00000000e0000000, 0x00000000e5560000)
  from space 21824K,  17% used [0x00000000e6ab0000, 0x00000000e6e5abc0, 0x00000000e8000000)
  to   space 21824K,   0% used [0x00000000e5560000, 0x00000000e5560000, 0x00000000e6ab0000)
 concurrent mark-sweep generation total 393216K, used 32950K [0x00000000e8000000, 0x0000000100000000, 0x0000000100000000)
 Metaspace       used 41123K, capacity 41700K, committed 41964K, reserved 1087488K
  class space    used 4317K, capacity 4488K, committed 4604K, reserved 1048576K
}
2015-12-06T21:32:53.576+0530: 5939.870: Total time for which application threads were stopped: 0.9862106 seconds, Stopping threads took: 0.0001521 seconds
2015-12-06T21:32:53.577+0530: 5939.871: Total time for which application threads were stopped: 0.0002898 seconds, Stopping threads took: 0.0000878 seconds
2015-12-06T21:33:07.111+0530: 5953.405: Total time for which application threads were stopped: 0.0002131 seconds, Stopping threads took: 0.0000293 seconds
2015-12-06T21:33:11.540+0530: 5957.834: Total time for which application threads were stopped: 0.0002132 seconds, Stopping threads took: 0.0000300 seconds
2015-12-06T21:33:11.541+0530: 5957.834: Total time for which application threads were stopped: 0.0000905 seconds, Stopping threads took: 0.0000120 seconds
2015-12-06T21:33:48.546+0530: 5994.840: Total time for which application threads were stopped: 0.0004208 seconds, Stopping threads took: 0.0000570 seconds
2015-12-06T21:33:49.697+0530: 5995.991: Total time for which application threads were stopped: 0.0007367 seconds, Stopping threads took: 0.0003556 seconds
2015-12-06T21:33:49.698+0530: 5995.992: Total time for which application threads were stopped: 0.0003366 seconds, Stopping threads took: 0.0000781 seconds
{Heap before GC invocations=157 (full 2):
 par new generation   total 109248K, used 91156K [0x00000000e0000000, 0x00000000e8000000, 0x00000000e8000000)
  eden space 87424K,  99% used [0x00000000e0000000, 0x00000000e555a548, 0x00000000e5560000)
  from space 21824K,  17% used [0x00000000e6ab0000, 0x00000000e6e5abc0, 0x00000000e8000000)
  to   space 21824K,   0% used [0x00000000e5560000, 0x00000000e5560000, 0x00000000e6ab0000)
 concurrent mark-sweep generation total 393216K, used 32950K [0x00000000e8000000, 0x0000000100000000, 0x0000000100000000)
 Metaspace       used 41123K, capacity 41700K, committed 41964K, reserved 1087488K
  class space    used 4317K, capacity 4488K, committed 4604K, reserved 1048576K
2015-12-06T21:34:05.803+0530: 6012.097: [GC (Allocation Failure) 6012.370: [ParNew
Desired survivor size 20112992 bytes, new threshold 8 (max 8)
- age   1:    1563592 bytes,    1563592 total
- age   2:     904256 bytes,    2467848 total
- age   3:     546344 bytes,    3014192 total
- age   4:     280664 bytes,    3294856 total
- age   5:      96968 bytes,    3391824 total
- age   6:     100456 bytes,    3492280 total
- age   7:     152960 bytes,    3645240 total
- age   8:      79784 bytes,    3725024 total
: 91156K->4429K(109248K), 0.0146792 secs] 124106K->37461K(502464K), 0.5059970 secs] [Times: user=0.04 sys=0.00, real=0.50 secs] 
Heap after GC invocations=158 (full 2):
 par new generation   total 109248K, used 4429K [0x00000000e0000000, 0x00000000e8000000, 0x00000000e8000000)
  eden space 87424K,   0% used [0x00000000e0000000, 0x00000000e0000000, 0x00000000e5560000)
  from space 21824K,  20% used [0x00000000e5560000, 0x00000000e59b35f0, 0x00000000e6ab0000)
  to   space 21824K,   0% used [0x00000000e6ab0000, 0x00000000e6ab0000, 0x00000000e8000000)
 concurrent mark-sweep generation total 393216K, used 33031K [0x00000000e8000000, 0x0000000100000000, 0x0000000100000000)
 Metaspace       used 41123K, capacity 41700K, committed 41964K, reserved 1087488K
  class space    used 4317K, capacity 4488K, committed 4604K, reserved 1048576K
}
2015-12-06T21:34:06.310+0530: 6012.603: Total time for which application threads were stopped: 0.5068959 seconds, Stopping threads took: 0.0000633 seconds
2015-12-06T21:34:14.981+0530: 6021.275: Total time for which application threads were stopped: 0.0006613 seconds, Stopping threads took: 0.0001726 seconds
2015-12-06T21:34:14.981+0530: 6021.275: Total time for which application threads were stopped: 0.0002538 seconds, Stopping threads took: 0.0000497 seconds
2015-12-06T21:34:14.982+0530: 6021.276: Total time for which application threads were stopped: 0.0002024 seconds, Stopping threads took: 0.0000722 seconds
2015-12-06T21:34:14.982+0530: 6021.276: Total time for which application threads were stopped: 0.0001339 seconds, Stopping threads took: 0.0000227 seconds
2015-12-06T21:34:14.982+0530: 6021.276: Total time for which application threads were stopped: 0.0001586 seconds, Stopping threads took: 0.0000481 seconds
2015-12-06T21:34:14.982+0530: 6021.276: Total time for which application threads were stopped: 0.0001533 seconds, Stopping threads took: 0.0000463 seconds
2015-12-06T21:34:14.983+0530: 6021.276: Total time for which application threads were stopped: 0.0001914 seconds, Stopping threads took: 0.0000617 seconds
2015-12-06T21:34:14.983+0530: 6021.277: Total time for which application threads were stopped: 0.0001720 seconds, Stopping threads took: 0.0000526 seconds
2015-12-06T21:34:14.983+0530: 6021.277: Total time for which application threads were stopped: 0.0001748 seconds, Stopping threads took: 0.0000507 seconds
2015-12-06T21:34:21.233+0530: 6027.527: Total time for which application threads were stopped: 0.0055093 seconds, Stopping threads took: 0.0053224 seconds
2015-12-06T21:34:45.366+0530: 6051.659: Total time for which application threads were stopped: 0.0003704 seconds, Stopping threads took: 0.0000674 seconds
2015-12-06T21:34:45.403+0530: 6051.697: Total time for which application threads were stopped: 0.0004971 seconds, Stopping threads took: 0.0001029 seconds
2015-12-06T21:34:46.268+0530: 6052.561: Total time for which application threads were stopped: 0.0009447 seconds, Stopping threads took: 0.0007394 seconds
2015-12-06T21:34:46.268+0530: 6052.562: Total time for which application threads were stopped: 0.0002017 seconds, Stopping threads took: 0.0000484 seconds
2015-12-06T21:34:46.310+0530: 6052.603: Total time for which application threads were stopped: 0.0025203 seconds, Stopping threads took: 0.0021541 seconds
2015-12-06T21:34:50.829+0530: 6057.123: Total time for which application threads were stopped: 0.0016328 seconds, Stopping threads took: 0.0000641 seconds
2015-12-06T21:34:50.830+0530: 6057.124: Total time for which application threads were stopped: 0.0003389 seconds, Stopping threads took: 0.0000415 seconds
2015-12-06T21:34:50.831+0530: 6057.124: Total time for which application threads were stopped: 0.0002657 seconds, Stopping threads took: 0.0000367 seconds
2015-12-06T21:34:50.831+0530: 6057.125: Total time for which application threads were stopped: 0.0002561 seconds, Stopping threads took: 0.0000324 seconds
{Heap before GC invocations=158 (full 2):
 par new generation   total 109248K, used 91853K [0x00000000e0000000, 0x00000000e8000000, 0x00000000e8000000)
  eden space 87424K, 100% used [0x00000000e0000000, 0x00000000e5560000, 0x00000000e5560000)
  from space 21824K,  20% used [0x00000000e5560000, 0x00000000e59b35f0, 0x00000000e6ab0000)
  to   space 21824K,   0% used [0x00000000e6ab0000, 0x00000000e6ab0000, 0x00000000e8000000)
 concurrent mark-sweep generation total 393216K, used 33031K [0x00000000e8000000, 0x0000000100000000, 0x0000000100000000)
 Metaspace       used 41123K, capacity 41700K, committed 41964K, reserved 1087488K
  class space    used 4317K, capacity 4488K, committed 4604K, reserved 1048576K
2015-12-06T21:35:06.598+0530: 6072.892: [GC (Allocation Failure) 6072.892: [ParNew
Desired survivor size 20112992 bytes, new threshold 8 (max 8)
- age   1:    1369016 bytes,    1369016 total
- age   2:     427400 bytes,    1796416 total
- age   3:     440336 bytes,    2236752 total
- age   4:     387984 bytes,    2624736 total
- age   5:     162784 bytes,    2787520 total
- age   6:      89648 bytes,    2877168 total
- age   7:      98216 bytes,    2975384 total
- age   8:     151376 bytes,    3126760 total
: 91853K->4698K(109248K), 0.2531695 secs] 124885K->37808K(502464K), 0.4977531 secs] [Times: user=0.03 sys=0.01, real=0.50 secs] 
Heap after GC invocations=159 (full 2):
 par new generation   total 109248K, used 4698K [0x00000000e0000000, 0x00000000e8000000, 0x00000000e8000000)
  eden space 87424K,   0% used [0x00000000e0000000, 0x00000000e0000000, 0x00000000e5560000)
  from space 21824K,  21% used [0x00000000e6ab0000, 0x00000000e6f46ad0, 0x00000000e8000000)
  to   space 21824K,   0% used [0x00000000e5560000, 0x00000000e5560000, 0x00000000e6ab0000)
 concurrent mark-sweep generation total 393216K, used 33109K [0x00000000e8000000, 0x0000000100000000, 0x0000000100000000)
 Metaspace       used 41123K, capacity 41700K, committed 41964K, reserved 1087488K
  class space    used 4317K, capacity 4488K, committed 4604K, reserved 1048576K
}
2015-12-06T21:35:07.096+0530: 6073.390: Total time for which application threads were stopped: 0.6500126 seconds, Stopping threads took: 0.0000246 seconds
2015-12-06T21:35:14.293+0530: 6080.587: Total time for which application threads were stopped: 0.0006434 seconds, Stopping threads took: 0.0001560 seconds
2015-12-06T21:35:14.294+0530: 6080.588: Total time for which application threads were stopped: 0.0008992 seconds, Stopping threads took: 0.0000917 seconds
2015-12-06T21:35:21.250+0530: 6087.544: Total time for which application threads were stopped: 0.0019685 seconds, Stopping threads took: 0.0014437 seconds
2015-12-06T21:35:27.239+0530: 6093.532: Total time for which application threads were stopped: 0.0002667 seconds, Stopping threads took: 0.0000287 seconds
2015-12-06T21:35:27.239+0530: 6093.533: Total time for which application threads were stopped: 0.0002859 seconds, Stopping threads took: 0.0000725 seconds
2015-12-06T21:35:27.271+0530: 6093.565: Total time for which application threads were stopped: 0.0008196 seconds, Stopping threads took: 0.0001809 seconds
2015-12-06T21:35:27.272+0530: 6093.566: Total time for which application threads were stopped: 0.0005987 seconds, Stopping threads took: 0.0001129 seconds
2015-12-06T21:35:27.308+0530: 6093.602: Total time for which application threads were stopped: 0.0002293 seconds, Stopping threads took: 0.0000286 seconds
2015-12-06T21:35:27.320+0530: 6093.613: Total time for which application threads were stopped: 0.0002549 seconds, Stopping threads took: 0.0000299 seconds
2015-12-06T21:35:27.347+0530: 6093.640: Total time for which application threads were stopped: 0.0004104 seconds, Stopping threads took: 0.0000864 seconds
2015-12-06T21:35:28.396+0530: 6094.689: Total time for which application threads were stopped: 0.0005013 seconds, Stopping threads took: 0.0000576 seconds
2015-12-06T21:35:28.419+0530: 6094.713: Total time for which application threads were stopped: 0.0002644 seconds, Stopping threads took: 0.0000356 seconds
2015-12-06T21:35:28.419+0530: 6094.713: Total time for which application threads were stopped: 0.0001865 seconds, Stopping threads took: 0.0000395 seconds
2015-12-06T21:35:28.485+0530: 6094.778: Total time for which application threads were stopped: 0.0010584 seconds, Stopping threads took: 0.0007249 seconds
2015-12-06T21:35:28.485+0530: 6094.779: Total time for which application threads were stopped: 0.0002836 seconds, Stopping threads took: 0.0000716 seconds
2015-12-06T21:35:34.322+0530: 6100.616: Total time for which application threads were stopped: 0.0007095 seconds, Stopping threads took: 0.0000470 seconds
2015-12-06T21:35:34.323+0530: 6100.617: Total time for which application threads were stopped: 0.0006033 seconds, Stopping threads took: 0.0000519 seconds
2015-12-06T21:35:34.324+0530: 6100.618: Total time for which application threads were stopped: 0.0003437 seconds, Stopping threads took: 0.0001081 seconds
2015-12-06T21:35:34.560+0530: 6100.854: Total time for which application threads were stopped: 0.0004207 seconds, Stopping threads took: 0.0000543 seconds
2015-12-06T21:35:53.310+0530: 6119.604: Total time for which application threads were stopped: 0.0004729 seconds, Stopping threads took: 0.0001535 seconds
2015-12-06T21:35:53.480+0530: 6119.774: Total time for which application threads were stopped: 0.0003536 seconds, Stopping threads took: 0.0000578 seconds
2015-12-06T21:35:56.930+0530: 6123.223: Total time for which application threads were stopped: 0.0042886 seconds, Stopping threads took: 0.0039738 seconds
2015-12-06T21:35:59.166+0530: 6125.459: Total time for which application threads were stopped: 0.0005414 seconds, Stopping threads took: 0.0001565 seconds
2015-12-06T21:35:59.898+0530: 6126.192: Total time for which application threads were stopped: 0.0006696 seconds, Stopping threads took: 0.0003048 seconds
2015-12-06T21:36:10.133+0530: 6136.427: Total time for which application threads were stopped: 0.0002458 seconds, Stopping threads took: 0.0000336 seconds
2015-12-06T21:36:10.134+0530: 6136.427: Total time for which application threads were stopped: 0.0001287 seconds, Stopping threads took: 0.0000169 seconds
{Heap before GC invocations=159 (full 2):
 par new generation   total 109248K, used 92122K [0x00000000e0000000, 0x00000000e8000000, 0x00000000e8000000)
  eden space 87424K, 100% used [0x00000000e0000000, 0x00000000e5560000, 0x00000000e5560000)
  from space 21824K,  21% used [0x00000000e6ab0000, 0x00000000e6f46ad0, 0x00000000e8000000)
  to   space 21824K,   0% used [0x00000000e5560000, 0x00000000e5560000, 0x00000000e6ab0000)
 concurrent mark-sweep generation total 393216K, used 33109K [0x00000000e8000000, 0x0000000100000000, 0x0000000100000000)
 Metaspace       used 41123K, capacity 41700K, committed 41964K, reserved 1087488K
  class space    used 4317K, capacity 4488K, committed 4604K, reserved 1048576K
2015-12-06T21:36:17.461+0530: 6143.754: [GC (Allocation Failure) 6143.912: [ParNew
Desired survivor size 20112992 bytes, new threshold 8 (max 8)
- age   1:    1986560 bytes,    1986560 total
- age   2:     404544 bytes,    2391104 total
- age   3:     377040 bytes,    2768144 total
- age   4:     238432 bytes,    3006576 total
- age   5:     203264 bytes,    3209840 total
- age   6:      25800 bytes,    3235640 total
- age   7:      78832 bytes,    3314472 total
- age   8:      87400 bytes,    3401872 total
: 92122K->3930K(109248K), 0.0257859 secs] 125232K->37187K(502464K), 0.1831203 secs] [Times: user=0.04 sys=0.01, real=0.19 secs] 
Heap after GC invocations=160 (full 2):
 par new generation   total 109248K, used 3930K [0x00000000e0000000, 0x00000000e8000000, 0x00000000e8000000)
  eden space 87424K,   0% used [0x00000000e0000000, 0x00000000e0000000, 0x00000000e5560000)
  from space 21824K,  18% used [0x00000000e5560000, 0x00000000e5936910, 0x00000000e6ab0000)
  to   space 21824K,   0% used [0x00000000e6ab0000, 0x00000000e6ab0000, 0x00000000e8000000)
 concurrent mark-sweep generation total 393216K, used 33257K [0x00000000e8000000, 0x0000000100000000, 0x0000000100000000)
 Metaspace       used 41123K, capacity 41700K, committed 41964K, reserved 1087488K
  class space    used 4317K, capacity 4488K, committed 4604K, reserved 1048576K
}
2015-12-06T21:36:17.644+0530: 6143.938: Total time for which application threads were stopped: 0.1837671 seconds, Stopping threads took: 0.0000570 seconds
2015-12-06T21:36:37.772+0530: 6164.065: Total time for which application threads were stopped: 0.0002922 seconds, Stopping threads took: 0.0000334 seconds
2015-12-06T21:36:37.772+0530: 6164.066: Total time for which application threads were stopped: 0.0001780 seconds, Stopping threads took: 0.0000205 seconds
2015-12-06T21:37:19.169+0530: 6205.463: Total time for which application threads were stopped: 0.0003457 seconds, Stopping threads took: 0.0000983 seconds
2015-12-06T21:37:19.169+0530: 6205.463: Total time for which application threads were stopped: 0.0003551 seconds, Stopping threads took: 0.0000669 seconds
2015-12-06T21:37:19.170+0530: 6205.464: Total time for which application threads were stopped: 0.0003652 seconds, Stopping threads took: 0.0001171 seconds
{Heap before GC invocations=160 (full 2):
 par new generation   total 109248K, used 91354K [0x00000000e0000000, 0x00000000e8000000, 0x00000000e8000000)
  eden space 87424K, 100% used [0x00000000e0000000, 0x00000000e5560000, 0x00000000e5560000)
  from space 21824K,  18% used [0x00000000e5560000, 0x00000000e5936910, 0x00000000e6ab0000)
  to   space 21824K,   0% used [0x00000000e6ab0000, 0x00000000e6ab0000, 0x00000000e8000000)
 concurrent mark-sweep generation total 393216K, used 33257K [0x00000000e8000000, 0x0000000100000000, 0x0000000100000000)
 Metaspace       used 41123K, capacity 41700K, committed 41964K, reserved 1087488K
  class space    used 4317K, capacity 4488K, committed 4604K, reserved 1048576K
2015-12-06T21:37:20.840+0530: 6207.134: [GC (Allocation Failure) 6207.362: [ParNew
Desired survivor size 20112992 bytes, new threshold 8 (max 8)
- age   1:    1503688 bytes,    1503688 total
- age   2:     981232 bytes,    2484920 total
- age   3:     371264 bytes,    2856184 total
- age   4:     374840 bytes,    3231024 total
- age   5:     235648 bytes,    3466672 total
- age   6:     200464 bytes,    3667136 total
- age   7:      23896 bytes,    3691032 total
- age   8:      78832 bytes,    3769864 total
: 91354K->5739K(109248K), 0.0126242 secs] 124611K->39081K(502464K), 0.4233754 secs] [Times: user=0.04 sys=0.00, real=0.43 secs] 
Heap after GC invocations=161 (full 2):
 par new generation   total 109248K, used 5739K [0x00000000e0000000, 0x00000000e8000000, 0x00000000e8000000)
  eden space 87424K,   0% used [0x00000000e0000000, 0x00000000e0000000, 0x00000000e5560000)
  from space 21824K,  26% used [0x00000000e6ab0000, 0x00000000e704afa0, 0x00000000e8000000)
  to   space 21824K,   0% used [0x00000000e5560000, 0x00000000e5560000, 0x00000000e6ab0000)
 concurrent mark-sweep generation total 393216K, used 33341K [0x00000000e8000000, 0x0000000100000000, 0x0000000100000000)
 Metaspace       used 41123K, capacity 41700K, committed 41964K, reserved 1087488K
  class space    used 4317K, capacity 4488K, committed 4604K, reserved 1048576K
}
2015-12-06T21:37:21.264+0530: 6207.558: Total time for which application threads were stopped: 0.4246663 seconds, Stopping threads took: 0.0000491 seconds
2015-12-06T21:37:27.533+0530: 6213.827: Total time for which application threads were stopped: 0.0016792 seconds, Stopping threads took: 0.0014900 seconds
2015-12-06T21:37:27.534+0530: 6213.828: Total time for which application threads were stopped: 0.0001657 seconds, Stopping threads took: 0.0000523 seconds
2015-12-06T21:37:27.534+0530: 6213.828: Total time for which application threads were stopped: 0.0001178 seconds, Stopping threads took: 0.0000190 seconds
2015-12-06T21:37:33.202+0530: 6219.496: Total time for which application threads were stopped: 0.0002195 seconds, Stopping threads took: 0.0000281 seconds
2015-12-06T21:37:33.202+0530: 6219.496: Total time for which application threads were stopped: 0.0001162 seconds, Stopping threads took: 0.0000127 seconds
2015-12-06T21:37:33.203+0530: 6219.496: Total time for which application threads were stopped: 0.0001104 seconds, Stopping threads took: 0.0000154 seconds
2015-12-06T21:37:33.203+0530: 6219.497: Total time for which application threads were stopped: 0.0001118 seconds, Stopping threads took: 0.0000140 seconds
2015-12-06T21:37:33.203+0530: 6219.497: Total time for which application threads were stopped: 0.0001177 seconds, Stopping threads took: 0.0000129 seconds
2015-12-06T21:37:33.203+0530: 6219.497: Total time for which application threads were stopped: 0.0001135 seconds, Stopping threads took: 0.0000121 seconds
2015-12-06T21:37:33.203+0530: 6219.497: Total time for which application threads were stopped: 0.0001217 seconds, Stopping threads took: 0.0000147 seconds
2015-12-06T21:37:33.203+0530: 6219.497: Total time for which application threads were stopped: 0.0001166 seconds, Stopping threads took: 0.0000148 seconds
2015-12-06T21:37:33.204+0530: 6219.497: Total time for which application threads were stopped: 0.0001156 seconds, Stopping threads took: 0.0000136 seconds
2015-12-06T21:37:33.204+0530: 6219.498: Total time for which application threads were stopped: 0.0001114 seconds, Stopping threads took: 0.0000134 seconds
2015-12-06T21:37:33.204+0530: 6219.498: Total time for which application threads were stopped: 0.0001144 seconds, Stopping threads took: 0.0000142 seconds
2015-12-06T21:37:33.205+0530: 6219.499: Total time for which application threads were stopped: 0.0001530 seconds, Stopping threads took: 0.0000173 seconds
2015-12-06T21:37:33.209+0530: 6219.503: Total time for which application threads were stopped: 0.0002882 seconds, Stopping threads took: 0.0000334 seconds
2015-12-06T21:37:33.248+0530: 6219.542: Total time for which application threads were stopped: 0.0002570 seconds, Stopping threads took: 0.0000467 seconds
2015-12-06T21:37:33.258+0530: 6219.552: Total time for which application threads were stopped: 0.0002377 seconds, Stopping threads took: 0.0000521 seconds
2015-12-06T21:37:33.259+0530: 6219.553: Total time for which application threads were stopped: 0.0003795 seconds, Stopping threads took: 0.0000414 seconds
2015-12-06T21:37:34.264+0530: 6220.558: Total time for which application threads were stopped: 0.0002081 seconds, Stopping threads took: 0.0000312 seconds
2015-12-06T21:37:34.275+0530: 6220.569: Total time for which application threads were stopped: 0.0002928 seconds, Stopping threads took: 0.0000342 seconds
2015-12-06T21:37:34.275+0530: 6220.569: Total time for which application threads were stopped: 0.0002677 seconds, Stopping threads took: 0.0000660 seconds
2015-12-06T21:37:34.310+0530: 6220.604: Total time for which application threads were stopped: 0.0002545 seconds, Stopping threads took: 0.0000330 seconds
2015-12-06T21:37:40.437+0530: 6226.731: Total time for which application threads were stopped: 0.0003006 seconds, Stopping threads took: 0.0000351 seconds
2015-12-06T21:37:43.226+0530: 6229.519: Total time for which application threads were stopped: 0.0002256 seconds, Stopping threads took: 0.0000380 seconds
2015-12-06T21:37:43.226+0530: 6229.520: Total time for which application threads were stopped: 0.0001866 seconds, Stopping threads took: 0.0000236 seconds
2015-12-06T21:37:48.906+0530: 6235.199: Total time for which application threads were stopped: 0.0002997 seconds, Stopping threads took: 0.0000341 seconds
2015-12-06T21:37:51.550+0530: 6237.843: Total time for which application threads were stopped: 0.0005222 seconds, Stopping threads took: 0.0000568 seconds
2015-12-06T21:37:57.907+0530: 6244.201: Total time for which application threads were stopped: 0.0005563 seconds, Stopping threads took: 0.0001130 seconds
2015-12-06T21:37:57.908+0530: 6244.202: Total time for which application threads were stopped: 0.0003918 seconds, Stopping threads took: 0.0000475 seconds
2015-12-06T21:37:59.909+0530: 6246.202: Total time for which application threads were stopped: 0.0003668 seconds, Stopping threads took: 0.0000481 seconds
2015-12-06T21:38:01.164+0530: 6247.458: Total time for which application threads were stopped: 0.0003944 seconds, Stopping threads took: 0.0000593 seconds
2015-12-06T21:38:01.165+0530: 6247.459: Total time for which application threads were stopped: 0.0002418 seconds, Stopping threads took: 0.0000316 seconds
2015-12-06T21:38:04.299+0530: 6250.593: Total time for which application threads were stopped: 0.0060067 seconds, Stopping threads took: 0.0056797 seconds
2015-12-06T21:38:04.672+0530: 6250.966: Total time for which application threads were stopped: 0.3728097 seconds, Stopping threads took: 0.3724556 seconds
2015-12-06T21:38:04.675+0530: 6250.969: Total time for which application threads were stopped: 0.0004133 seconds, Stopping threads took: 0.0002141 seconds
2015-12-06T21:38:04.678+0530: 6250.972: Total time for which application threads were stopped: 0.0003936 seconds, Stopping threads took: 0.0001913 seconds
2015-12-06T21:38:07.442+0530: 6253.736: Total time for which application threads were stopped: 0.0037060 seconds, Stopping threads took: 0.0030997 seconds
2015-12-06T21:38:07.443+0530: 6253.737: Total time for which application threads were stopped: 0.0009782 seconds, Stopping threads took: 0.0004335 seconds
{Heap before GC invocations=161 (full 2):
 par new generation   total 109248K, used 93138K [0x00000000e0000000, 0x00000000e8000000, 0x00000000e8000000)
  eden space 87424K,  99% used [0x00000000e0000000, 0x00000000e5559a58, 0x00000000e5560000)
  from space 21824K,  26% used [0x00000000e6ab0000, 0x00000000e704afa0, 0x00000000e8000000)
  to   space 21824K,   0% used [0x00000000e5560000, 0x00000000e5560000, 0x00000000e6ab0000)
 concurrent mark-sweep generation total 393216K, used 33341K [0x00000000e8000000, 0x0000000100000000, 0x0000000100000000)
 Metaspace       used 41124K, capacity 41700K, committed 41964K, reserved 1087488K
  class space    used 4317K, capacity 4488K, committed 4604K, reserved 1048576K
2015-12-06T21:38:16.526+0530: 6262.820: [GC (Allocation Failure) 6263.059: [ParNew
Desired survivor size 20112992 bytes, new threshold 8 (max 8)
- age   1:    1935640 bytes,    1935640 total
- age   2:     298264 bytes,    2233904 total
- age   3:     373232 bytes,    2607136 total
- age   4:     104384 bytes,    2711520 total
- age   5:      97680 bytes,    2809200 total
- age   6:     108896 bytes,    2918096 total
- age   7:     188584 bytes,    3106680 total
- age   8:      17536 bytes,    3124216 total
: 93138K->4084K(109248K), 0.0086030 secs] 126480K->37503K(502464K), 0.2484842 secs] [Times: user=0.02 sys=0.00, real=0.25 secs] 
Heap after GC invocations=162 (full 2):
 par new generation   total 109248K, used 4084K [0x00000000e0000000, 0x00000000e8000000, 0x00000000e8000000)
  eden space 87424K,   0% used [0x00000000e0000000, 0x00000000e0000000, 0x00000000e5560000)
  from space 21824K,  18% used [0x00000000e5560000, 0x00000000e595d100, 0x00000000e6ab0000)
  to   space 21824K,   0% used [0x00000000e6ab0000, 0x00000000e6ab0000, 0x00000000e8000000)
 concurrent mark-sweep generation total 393216K, used 33418K [0x00000000e8000000, 0x0000000100000000, 0x0000000100000000)
 Metaspace       used 41124K, capacity 41700K, committed 41964K, reserved 1087488K
  class space    used 4317K, capacity 4488K, committed 4604K, reserved 1048576K
}
2015-12-06T21:38:16.774+0530: 6263.068: Total time for which application threads were stopped: 0.2491675 seconds, Stopping threads took: 0.0000699 seconds
2015-12-06T21:38:24.989+0530: 6271.283: Total time for which application threads were stopped: 0.0003117 seconds, Stopping threads took: 0.0000713 seconds
2015-12-06T21:38:59.822+0530: 6306.116: Total time for which application threads were stopped: 0.0005125 seconds, Stopping threads took: 0.0001418 seconds
2015-12-06T21:38:59.822+0530: 6306.116: Total time for which application threads were stopped: 0.0003517 seconds, Stopping threads took: 0.0001023 seconds
2015-12-06T21:39:04.823+0530: 6311.117: Total time for which application threads were stopped: 0.0003749 seconds, Stopping threads took: 0.0000507 seconds
2015-12-06T21:39:10.934+0530: 6317.228: Total time for which application threads were stopped: 0.0004068 seconds, Stopping threads took: 0.0001067 seconds
2015-12-06T21:39:11.610+0530: 6317.903: Total time for which application threads were stopped: 0.0015797 seconds, Stopping threads took: 0.0012373 seconds
2015-12-06T21:39:11.675+0530: 6317.969: Total time for which application threads were stopped: 0.0002676 seconds, Stopping threads took: 0.0000552 seconds
{Heap before GC invocations=162 (full 2):
 par new generation   total 109248K, used 91484K [0x00000000e0000000, 0x00000000e8000000, 0x00000000e8000000)
  eden space 87424K,  99% used [0x00000000e0000000, 0x00000000e555a0a8, 0x00000000e5560000)
  from space 21824K,  18% used [0x00000000e5560000, 0x00000000e595d100, 0x00000000e6ab0000)
  to   space 21824K,   0% used [0x00000000e6ab0000, 0x00000000e6ab0000, 0x00000000e8000000)
 concurrent mark-sweep generation total 393216K, used 33418K [0x00000000e8000000, 0x0000000100000000, 0x0000000100000000)
 Metaspace       used 41124K, capacity 41700K, committed 41964K, reserved 1087488K
  class space    used 4317K, capacity 4488K, committed 4604K, reserved 1048576K
2015-12-06T21:39:12.577+0530: 6318.871: [GC (Allocation Failure) 6318.871: [ParNew
Desired survivor size 20112992 bytes, new threshold 8 (max 8)
- age   1:    1615856 bytes,    1615856 total
- age   2:    1024824 bytes,    2640680 total
- age   3:     276176 bytes,    2916856 total
- age   4:     357800 bytes,    3274656 total
- age   5:      96656 bytes,    3371312 total
- age   6:      86112 bytes,    3457424 total
- age   7:     104088 bytes,    3561512 total
- age   8:     188584 bytes,    3750096 total
: 91484K->4694K(109248K), 0.0162637 secs] 124903K->38130K(502464K), 1.0431063 secs] [Times: user=0.03 sys=0.00, real=1.04 secs] 
Heap after GC invocations=163 (full 2):
 par new generation   total 109248K, used 4694K [0x00000000e0000000, 0x00000000e8000000, 0x00000000e8000000)
  eden space 87424K,   0% used [0x00000000e0000000, 0x00000000e0000000, 0x00000000e5560000)
  from space 21824K,  21% used [0x00000000e6ab0000, 0x00000000e6f459a0, 0x00000000e8000000)
  to   space 21824K,   0% used [0x00000000e5560000, 0x00000000e5560000, 0x00000000e6ab0000)
 concurrent mark-sweep generation total 393216K, used 33436K [0x00000000e8000000, 0x0000000100000000, 0x0000000100000000)
 Metaspace       used 41124K, capacity 41700K, committed 41964K, reserved 1087488K
  class space    used 4317K, capacity 4488K, committed 4604K, reserved 1048576K
}
2015-12-06T21:39:13.621+0530: 6319.915: Total time for which application threads were stopped: 1.0442766 seconds, Stopping threads took: 0.0001141 seconds
2015-12-06T21:39:15.444+0530: 6321.738: Total time for which application threads were stopped: 0.0006019 seconds, Stopping threads took: 0.0001435 seconds
2015-12-06T21:39:21.445+0530: 6327.739: Total time for which application threads were stopped: 0.0004399 seconds, Stopping threads took: 0.0000589 seconds
2015-12-06T21:39:23.446+0530: 6329.740: Total time for which application threads were stopped: 0.0003539 seconds, Stopping threads took: 0.0000481 seconds
2015-12-06T21:39:30.043+0530: 6336.337: Total time for which application threads were stopped: 0.0005842 seconds, Stopping threads took: 0.0001321 seconds
2015-12-06T21:39:30.043+0530: 6336.337: Total time for which application threads were stopped: 0.0004228 seconds, Stopping threads took: 0.0001426 seconds
2015-12-06T21:39:30.044+0530: 6336.338: Total time for which application threads were stopped: 0.0003536 seconds, Stopping threads took: 0.0001290 seconds
2015-12-06T21:39:30.044+0530: 6336.338: Total time for which application threads were stopped: 0.0002694 seconds, Stopping threads took: 0.0000590 seconds
2015-12-06T21:39:30.045+0530: 6336.339: Total time for which application threads were stopped: 0.0004451 seconds, Stopping threads took: 0.0001146 seconds
2015-12-06T21:39:36.369+0530: 6342.663: Total time for which application threads were stopped: 0.0004899 seconds, Stopping threads took: 0.0000655 seconds
2015-12-06T21:39:37.583+0530: 6343.877: Total time for which application threads were stopped: 0.0004443 seconds, Stopping threads took: 0.0000600 seconds
2015-12-06T21:39:37.592+0530: 6343.886: Total time for which application threads were stopped: 0.0016905 seconds, Stopping threads took: 0.0014871 seconds
2015-12-06T21:39:37.611+0530: 6343.905: Total time for which application threads were stopped: 0.0062904 seconds, Stopping threads took: 0.0060715 seconds
2015-12-06T21:39:37.612+0530: 6343.906: Total time for which application threads were stopped: 0.0001722 seconds, Stopping threads took: 0.0000540 seconds
2015-12-06T21:39:37.626+0530: 6343.920: Total time for which application threads were stopped: 0.0010175 seconds, Stopping threads took: 0.0007239 seconds
2015-12-06T21:39:37.627+0530: 6343.921: Total time for which application threads were stopped: 0.0008362 seconds, Stopping threads took: 0.0006674 seconds
2015-12-06T21:39:37.627+0530: 6343.921: Total time for which application threads were stopped: 0.0001419 seconds, Stopping threads took: 0.0000143 seconds
2015-12-06T21:39:37.630+0530: 6343.924: Total time for which application threads were stopped: 0.0008907 seconds, Stopping threads took: 0.0006794 seconds
2015-12-06T21:39:37.631+0530: 6343.924: Total time for which application threads were stopped: 0.0001451 seconds, Stopping threads took: 0.0000118 seconds
2015-12-06T21:39:37.631+0530: 6343.925: Total time for which application threads were stopped: 0.0001268 seconds, Stopping threads took: 0.0000096 seconds
2015-12-06T21:39:37.631+0530: 6343.925: Total time for which application threads were stopped: 0.0001245 seconds, Stopping threads took: 0.0000092 seconds
2015-12-06T21:39:37.631+0530: 6343.925: Total time for which application threads were stopped: 0.0005711 seconds, Stopping threads took: 0.0000090 seconds
2015-12-06T21:39:37.667+0530: 6343.961: Total time for which application threads were stopped: 0.0063469 seconds, Stopping threads took: 0.0060637 seconds
2015-12-06T21:39:38.653+0530: 6344.947: Total time for which application threads were stopped: 0.0005798 seconds, Stopping threads took: 0.0000701 seconds
2015-12-06T21:39:38.749+0530: 6345.043: Total time for which application threads were stopped: 0.0002768 seconds, Stopping threads took: 0.0000617 seconds
2015-12-06T21:39:38.807+0530: 6345.101: Total time for which application threads were stopped: 0.0002570 seconds, Stopping threads took: 0.0000336 seconds
2015-12-06T21:39:38.807+0530: 6345.101: Total time for which application threads were stopped: 0.0001595 seconds, Stopping threads took: 0.0000217 seconds
2015-12-06T21:39:54.810+0530: 6361.104: Total time for which application threads were stopped: 0.0002298 seconds, Stopping threads took: 0.0000328 seconds
{Heap before GC invocations=163 (full 2):
 par new generation   total 109248K, used 92118K [0x00000000e0000000, 0x00000000e8000000, 0x00000000e8000000)
  eden space 87424K, 100% used [0x00000000e0000000, 0x00000000e5560000, 0x00000000e5560000)
  from space 21824K,  21% used [0x00000000e6ab0000, 0x00000000e6f459a0, 0x00000000e8000000)
  to   space 21824K,   0% used [0x00000000e5560000, 0x00000000e5560000, 0x00000000e6ab0000)
 concurrent mark-sweep generation total 393216K, used 33436K [0x00000000e8000000, 0x0000000100000000, 0x0000000100000000)
 Metaspace       used 41124K, capacity 41700K, committed 41964K, reserved 1087488K
  class space    used 4317K, capacity 4488K, committed 4604K, reserved 1048576K
2015-12-06T21:39:55.234+0530: 6361.528: [GC (Allocation Failure) 6361.659: [ParNew
Desired survivor size 20112992 bytes, new threshold 8 (max 8)
- age   1:    1721096 bytes,    1721096 total
- age   2:     323824 bytes,    2044920 total
- age   3:     532936 bytes,    2577856 total
- age   4:     173200 bytes,    2751056 total
- age   5:     266752 bytes,    3017808 total
- age   6:      96624 bytes,    3114432 total
- age   7:      86112 bytes,    3200544 total
- age   8:     104064 bytes,    3304608 total
: 92118K->4094K(109248K), 0.0339438 secs] 125554K->37714K(502464K), 0.5534405 secs] [Times: user=0.04 sys=0.00, real=0.55 secs] 
Heap after GC invocations=164 (full 2):
 par new generation   total 109248K, used 4094K [0x00000000e0000000, 0x00000000e8000000, 0x00000000e8000000)
  eden space 87424K,   0% used [0x00000000e0000000, 0x00000000e0000000, 0x00000000e5560000)
  from space 21824K,  18% used [0x00000000e5560000, 0x00000000e595f8d8, 0x00000000e6ab0000)
  to   space 21824K,   0% used [0x00000000e6ab0000, 0x00000000e6ab0000, 0x00000000e8000000)
 concurrent mark-sweep generation total 393216K, used 33620K [0x00000000e8000000, 0x0000000100000000, 0x0000000100000000)
 Metaspace       used 41124K, capacity 41700K, committed 41964K, reserved 1087488K
  class space    used 4317K, capacity 4488K, committed 4604K, reserved 1048576K
}
2015-12-06T21:39:55.788+0530: 6362.082: Total time for which application threads were stopped: 0.5542169 seconds, Stopping threads took: 0.0000505 seconds
2015-12-06T21:39:55.796+0530: 6362.090: Total time for which application threads were stopped: 0.0002058 seconds, Stopping threads took: 0.0000333 seconds
2015-12-06T21:39:55.797+0530: 6362.090: Total time for which application threads were stopped: 0.0000870 seconds, Stopping threads took: 0.0000112 seconds
2015-12-06T21:39:57.116+0530: 6363.410: Total time for which application threads were stopped: 0.0002729 seconds, Stopping threads took: 0.0000421 seconds
2015-12-06T21:39:57.441+0530: 6363.735: Total time for which application threads were stopped: 0.0004185 seconds, Stopping threads took: 0.0000881 seconds
2015-12-06T21:39:57.442+0530: 6363.736: Total time for which application threads were stopped: 0.0002360 seconds, Stopping threads took: 0.0000355 seconds
2015-12-06T21:40:01.443+0530: 6367.737: Total time for which application threads were stopped: 0.0004063 seconds, Stopping threads took: 0.0000583 seconds
2015-12-06T21:40:06.386+0530: 6372.680: Total time for which application threads were stopped: 0.1955522 seconds, Stopping threads took: 0.1952782 seconds
2015-12-06T21:40:06.387+0530: 6372.680: Total time for which application threads were stopped: 0.0003145 seconds, Stopping threads took: 0.0000849 seconds
2015-12-06T21:40:20.649+0530: 6386.943: Total time for which application threads were stopped: 0.0004628 seconds, Stopping threads took: 0.0001119 seconds
2015-12-06T21:40:20.650+0530: 6386.944: Total time for which application threads were stopped: 0.0010765 seconds, Stopping threads took: 0.0000895 seconds
2015-12-06T21:40:24.508+0530: 6390.802: Total time for which application threads were stopped: 0.0071964 seconds, Stopping threads took: 0.0064464 seconds
2015-12-06T21:40:24.509+0530: 6390.802: Total time for which application threads were stopped: 0.0004138 seconds, Stopping threads took: 0.0001060 seconds
2015-12-06T21:40:24.509+0530: 6390.803: Total time for which application threads were stopped: 0.0005756 seconds, Stopping threads took: 0.0001988 seconds
2015-12-06T21:40:24.509+0530: 6390.803: Total time for which application threads were stopped: 0.0001982 seconds, Stopping threads took: 0.0000252 seconds
2015-12-06T21:40:33.947+0530: 6400.241: Total time for which application threads were stopped: 0.0010239 seconds, Stopping threads took: 0.0006080 seconds
2015-12-06T21:40:34.750+0530: 6401.043: Total time for which application threads were stopped: 0.0107715 seconds, Stopping threads took: 0.0105117 seconds
2015-12-06T21:40:35.531+0530: 6401.825: Total time for which application threads were stopped: 0.0003493 seconds, Stopping threads took: 0.0001408 seconds
2015-12-06T21:40:36.531+0530: 6402.825: Total time for which application threads were stopped: 0.0002457 seconds, Stopping threads took: 0.0000340 seconds
2015-12-06T21:40:41.532+0530: 6407.826: Total time for which application threads were stopped: 0.0003687 seconds, Stopping threads took: 0.0000578 seconds
2015-12-06T21:40:42.533+0530: 6408.827: Total time for which application threads were stopped: 0.0004056 seconds, Stopping threads took: 0.0000618 seconds
2015-12-06T21:40:52.727+0530: 6419.021: Total time for which application threads were stopped: 0.0003971 seconds, Stopping threads took: 0.0000611 seconds
2015-12-06T21:40:55.932+0530: 6422.226: Total time for which application threads were stopped: 0.0004172 seconds, Stopping threads took: 0.0000580 seconds
{Heap before GC invocations=164 (full 2):
 par new generation   total 109248K, used 91518K [0x00000000e0000000, 0x00000000e8000000, 0x00000000e8000000)
  eden space 87424K, 100% used [0x00000000e0000000, 0x00000000e5560000, 0x00000000e5560000)
  from space 21824K,  18% used [0x00000000e5560000, 0x00000000e595f8d8, 0x00000000e6ab0000)
  to   space 21824K,   0% used [0x00000000e6ab0000, 0x00000000e6ab0000, 0x00000000e8000000)
 concurrent mark-sweep generation total 393216K, used 33620K [0x00000000e8000000, 0x0000000100000000, 0x0000000100000000)
 Metaspace       used 41127K, capacity 41700K, committed 41964K, reserved 1087488K
  class space    used 4317K, capacity 4488K, committed 4604K, reserved 1048576K
2015-12-06T21:41:02.482+0530: 6428.776: [GC (Allocation Failure) 6428.776: [ParNew
Desired survivor size 20112992 bytes, new threshold 8 (max 8)
- age   1:    2265200 bytes,    2265200 total
- age   2:     575024 bytes,    2840224 total
- age   3:     281824 bytes,    3122048 total
- age   4:     316136 bytes,    3438184 total
- age   5:      24232 bytes,    3462416 total
- age   6:     181728 bytes,    3644144 total
- age   7:      85872 bytes,    3730016 total
- age   8:      80528 bytes,    3810544 total
: 91518K->4364K(109248K), 0.0111413 secs] 125138K->38081K(502464K), 0.2344158 secs] [Times: user=0.04 sys=0.00, real=0.23 secs] 
Heap after GC invocations=165 (full 2):
 par new generation   total 109248K, used 4364K [0x00000000e0000000, 0x00000000e8000000, 0x00000000e8000000)
  eden space 87424K,   0% used [0x00000000e0000000, 0x00000000e0000000, 0x00000000e5560000)
  from space 21824K,  19% used [0x00000000e6ab0000, 0x00000000e6ef3300, 0x00000000e8000000)
  to   space 21824K,   0% used [0x00000000e5560000, 0x00000000e5560000, 0x00000000e6ab0000)
 concurrent mark-sweep generation total 393216K, used 33716K [0x00000000e8000000, 0x0000000100000000, 0x0000000100000000)
 Metaspace       used 41127K, capacity 41700K, committed 41964K, reserved 1087488K
  class space    used 4317K, capacity 4488K, committed 4604K, reserved 1048576K
}
2015-12-06T21:41:02.717+0530: 6429.011: Total time for which application threads were stopped: 0.2353096 seconds, Stopping threads took: 0.0001457 seconds
2015-12-06T21:41:15.719+0530: 6442.013: Total time for which application threads were stopped: 0.0003052 seconds, Stopping threads took: 0.0000424 seconds
2015-12-06T21:41:17.188+0530: 6443.482: Total time for which application threads were stopped: 0.0006987 seconds, Stopping threads took: 0.0002631 seconds
2015-12-06T21:41:17.189+0530: 6443.483: Total time for which application threads were stopped: 0.0003339 seconds, Stopping threads took: 0.0001062 seconds
2015-12-06T21:41:17.189+0530: 6443.483: Total time for which application threads were stopped: 0.0002995 seconds, Stopping threads took: 0.0001037 seconds
2015-12-06T21:41:17.190+0530: 6443.484: Total time for which application threads were stopped: 0.0001626 seconds, Stopping threads took: 0.0000285 seconds
2015-12-06T21:41:17.190+0530: 6443.484: Total time for which application threads were stopped: 0.0001438 seconds, Stopping threads took: 0.0000224 seconds
2015-12-06T21:41:17.190+0530: 6443.484: Total time for which application threads were stopped: 0.0001260 seconds, Stopping threads took: 0.0000215 seconds
2015-12-06T21:41:17.191+0530: 6443.484: Total time for which application threads were stopped: 0.0001409 seconds, Stopping threads took: 0.0000399 seconds
2015-12-06T21:41:17.191+0530: 6443.485: Total time for which application threads were stopped: 0.0001111 seconds, Stopping threads took: 0.0000268 seconds
2015-12-06T21:41:17.191+0530: 6443.485: Total time for which application threads were stopped: 0.0000981 seconds, Stopping threads took: 0.0000160 seconds
2015-12-06T21:41:17.191+0530: 6443.485: Total time for which application threads were stopped: 0.0000990 seconds, Stopping threads took: 0.0000157 seconds
2015-12-06T21:41:20.192+0530: 6446.486: Total time for which application threads were stopped: 0.0003764 seconds, Stopping threads took: 0.0000484 seconds
2015-12-06T21:41:23.124+0530: 6449.418: Total time for which application threads were stopped: 0.0004021 seconds, Stopping threads took: 0.0000636 seconds
2015-12-06T21:41:23.125+0530: 6449.418: Total time for which application threads were stopped: 0.0002467 seconds, Stopping threads took: 0.0000328 seconds
2015-12-06T21:41:26.125+0530: 6452.419: Total time for which application threads were stopped: 0.0002256 seconds, Stopping threads took: 0.0000290 seconds
2015-12-06T21:41:35.083+0530: 6461.377: Total time for which application threads were stopped: 0.0006828 seconds, Stopping threads took: 0.0001912 seconds
2015-12-06T21:41:37.084+0530: 6463.378: Total time for which application threads were stopped: 0.0004374 seconds, Stopping threads took: 0.0000615 seconds
2015-12-06T21:41:40.247+0530: 6466.541: Total time for which application threads were stopped: 0.0003146 seconds, Stopping threads took: 0.0000631 seconds
2015-12-06T21:41:41.247+0530: 6467.541: Total time for which application threads were stopped: 0.0002118 seconds, Stopping threads took: 0.0000329 seconds
2015-12-06T21:41:53.249+0530: 6479.543: Total time for which application threads were stopped: 0.0002695 seconds, Stopping threads took: 0.0000376 seconds
2015-12-06T21:41:54.249+0530: 6480.543: Total time for which application threads were stopped: 0.0002997 seconds, Stopping threads took: 0.0000390 seconds
2015-12-06T21:41:55.587+0530: 6481.881: Total time for which application threads were stopped: 0.0003846 seconds, Stopping threads took: 0.0000525 seconds
2015-12-06T21:42:01.589+0530: 6487.883: Total time for which application threads were stopped: 0.0004018 seconds, Stopping threads took: 0.0000590 seconds
2015-12-06T21:42:07.563+0530: 6493.857: Total time for which application threads were stopped: 0.0005272 seconds, Stopping threads took: 0.0000655 seconds
2015-12-06T21:42:10.564+0530: 6496.858: Total time for which application threads were stopped: 0.0003773 seconds, Stopping threads took: 0.0000563 seconds
2015-12-06T21:42:11.565+0530: 6497.859: Total time for which application threads were stopped: 0.0002354 seconds, Stopping threads took: 0.0000323 seconds
2015-12-06T21:42:12.565+0530: 6498.859: Total time for which application threads were stopped: 0.0005139 seconds, Stopping threads took: 0.0000593 seconds
{Heap before GC invocations=165 (full 2):
 par new generation   total 109248K, used 91787K [0x00000000e0000000, 0x00000000e8000000, 0x00000000e8000000)
  eden space 87424K,  99% used [0x00000000e0000000, 0x00000000e555fb18, 0x00000000e5560000)
  from space 21824K,  19% used [0x00000000e6ab0000, 0x00000000e6ef3300, 0x00000000e8000000)
  to   space 21824K,   0% used [0x00000000e5560000, 0x00000000e5560000, 0x00000000e6ab0000)
 concurrent mark-sweep generation total 393216K, used 33716K [0x00000000e8000000, 0x0000000100000000, 0x0000000100000000)
 Metaspace       used 41131K, capacity 41700K, committed 41964K, reserved 1087488K
  class space    used 4317K, capacity 4488K, committed 4604K, reserved 1048576K
2015-12-06T21:42:15.080+0530: 6501.374: [GC (Allocation Failure) 6501.405: [ParNew
Desired survivor size 20112992 bytes, new threshold 8 (max 8)
- age   1:    1398160 bytes,    1398160 total
- age   2:     939424 bytes,    2337584 total
- age   3:     540032 bytes,    2877616 total
- age   4:     195120 bytes,    3072736 total
- age   5:     308128 bytes,    3380864 total
- age   6:      18288 bytes,    3399152 total
- age   7:     174576 bytes,    3573728 total
- age   8:      85072 bytes,    3658800 total
: 91787K->4620K(109248K), 0.0122027 secs] 125504K->38415K(502464K), 0.0436075 secs] [Times: user=0.02 sys=0.00, real=0.05 secs] 
Heap after GC invocations=166 (full 2):
 par new generation   total 109248K, used 4620K [0x00000000e0000000, 0x00000000e8000000, 0x00000000e8000000)
  eden space 87424K,   0% used [0x00000000e0000000, 0x00000000e0000000, 0x00000000e5560000)
  from space 21824K,  21% used [0x00000000e5560000, 0x00000000e59e3090, 0x00000000e6ab0000)
  to   space 21824K,   0% used [0x00000000e6ab0000, 0x00000000e6ab0000, 0x00000000e8000000)
 concurrent mark-sweep generation total 393216K, used 33795K [0x00000000e8000000, 0x0000000100000000, 0x0000000100000000)
 Metaspace       used 41131K, capacity 41700K, committed 41964K, reserved 1087488K
  class space    used 4317K, capacity 4488K, committed 4604K, reserved 1048576K
}
2015-12-06T21:42:15.124+0530: 6501.418: Total time for which application threads were stopped: 0.0446608 seconds, Stopping threads took: 0.0001733 seconds
2015-12-06T21:42:17.125+0530: 6503.418: Total time for which application threads were stopped: 0.0004105 seconds, Stopping threads took: 0.0000571 seconds
2015-12-06T21:42:18.125+0530: 6504.419: Total time for which application threads were stopped: 0.0002126 seconds, Stopping threads took: 0.0000334 seconds
2015-12-06T21:42:19.558+0530: 6505.852: Total time for which application threads were stopped: 0.0005304 seconds, Stopping threads took: 0.0000597 seconds
2015-12-06T21:42:19.559+0530: 6505.853: Total time for which application threads were stopped: 0.0005030 seconds, Stopping threads took: 0.0001531 seconds
2015-12-06T21:42:19.560+0530: 6505.854: Total time for which application threads were stopped: 0.0005451 seconds, Stopping threads took: 0.0001439 seconds
2015-12-06T21:42:23.121+0530: 6509.415: Total time for which application threads were stopped: 0.0004892 seconds, Stopping threads took: 0.0000725 seconds
2015-12-06T21:42:23.123+0530: 6509.417: Total time for which application threads were stopped: 0.0004138 seconds, Stopping threads took: 0.0000492 seconds
2015-12-06T21:42:23.123+0530: 6509.417: Total time for which application threads were stopped: 0.0003220 seconds, Stopping threads took: 0.0000423 seconds
2015-12-06T21:42:24.124+0530: 6510.418: Total time for which application threads were stopped: 0.0004491 seconds, Stopping threads took: 0.0000593 seconds
2015-12-06T21:42:26.481+0530: 6512.775: Total time for which application threads were stopped: 0.0004179 seconds, Stopping threads took: 0.0000572 seconds
2015-12-06T21:42:31.964+0530: 6518.258: Total time for which application threads were stopped: 0.0002367 seconds, Stopping threads took: 0.0000284 seconds
2015-12-06T21:42:31.965+0530: 6518.258: Total time for which application threads were stopped: 0.0001088 seconds, Stopping threads took: 0.0000128 seconds
2015-12-06T21:42:44.966+0530: 6531.260: Total time for which application threads were stopped: 0.0004122 seconds, Stopping threads took: 0.0000565 seconds
2015-12-06T21:42:46.508+0530: 6532.801: Total time for which application threads were stopped: 0.0002651 seconds, Stopping threads took: 0.0000299 seconds
2015-12-06T21:42:47.508+0530: 6533.802: Total time for which application threads were stopped: 0.0003972 seconds, Stopping threads took: 0.0000555 seconds
2015-12-06T21:42:53.210+0530: 6539.503: Total time for which application threads were stopped: 0.0005698 seconds, Stopping threads took: 0.0000610 seconds
2015-12-06T21:42:53.210+0530: 6539.504: Total time for which application threads were stopped: 0.0003887 seconds, Stopping threads took: 0.0000389 seconds
2015-12-06T21:42:53.211+0530: 6539.504: Total time for which application threads were stopped: 0.0003772 seconds, Stopping threads took: 0.0000487 seconds
2015-12-06T21:42:53.211+0530: 6539.505: Total time for which application threads were stopped: 0.0003397 seconds, Stopping threads took: 0.0000343 seconds
2015-12-06T21:42:53.212+0530: 6539.505: Total time for which application threads were stopped: 0.0004607 seconds, Stopping threads took: 0.0001371 seconds
2015-12-06T21:43:13.329+0530: 6559.623: Total time for which application threads were stopped: 0.0004998 seconds, Stopping threads took: 0.0000593 seconds
2015-12-06T21:43:19.439+0530: 6565.733: Total time for which application threads were stopped: 0.0003588 seconds, Stopping threads took: 0.0000558 seconds
2015-12-06T21:43:19.440+0530: 6565.734: Total time for which application threads were stopped: 0.0002390 seconds, Stopping threads took: 0.0000321 seconds
2015-12-06T21:43:20.568+0530: 6566.862: Total time for which application threads were stopped: 0.0001933 seconds, Stopping threads took: 0.0000291 seconds
2015-12-06T21:43:20.569+0530: 6566.862: Total time for which application threads were stopped: 0.0003584 seconds, Stopping threads took: 0.0002081 seconds
2015-12-06T21:43:20.573+0530: 6566.867: Total time for which application threads were stopped: 0.0004763 seconds, Stopping threads took: 0.0000303 seconds
2015-12-06T21:43:24.447+0530: 6570.741: Total time for which application threads were stopped: 0.0005289 seconds, Stopping threads took: 0.0000694 seconds
2015-12-06T21:43:24.448+0530: 6570.742: Total time for which application threads were stopped: 0.0004906 seconds, Stopping threads took: 0.0001502 seconds
2015-12-06T21:43:24.449+0530: 6570.742: Total time for which application threads were stopped: 0.0003599 seconds, Stopping threads took: 0.0000886 seconds
{Heap before GC invocations=166 (full 2):
 par new generation   total 109248K, used 92044K [0x00000000e0000000, 0x00000000e8000000, 0x00000000e8000000)
  eden space 87424K, 100% used [0x00000000e0000000, 0x00000000e5560000, 0x00000000e5560000)
  from space 21824K,  21% used [0x00000000e5560000, 0x00000000e59e3090, 0x00000000e6ab0000)
  to   space 21824K,   0% used [0x00000000e6ab0000, 0x00000000e6ab0000, 0x00000000e8000000)
 concurrent mark-sweep generation total 393216K, used 33795K [0x00000000e8000000, 0x0000000100000000, 0x0000000100000000)
 Metaspace       used 41131K, capacity 41700K, committed 41964K, reserved 1087488K
  class space    used 4317K, capacity 4488K, committed 4604K, reserved 1048576K
2015-12-06T21:43:25.724+0530: 6572.018: [GC (Allocation Failure) 6572.242: [ParNew
Desired survivor size 20112992 bytes, new threshold 8 (max 8)
- age   1:    1340384 bytes,    1340384 total
- age   2:     428800 bytes,    1769184 total
- age   3:     386144 bytes,    2155328 total
- age   4:     159696 bytes,    2315024 total
- age   5:      19680 bytes,    2334704 total
- age   6:     159152 bytes,    2493856 total
- age   7:      15688 bytes,    2509544 total
- age   8:     163888 bytes,    2673432 total
: 92044K->4312K(109248K), 0.0161731 secs] 125839K->38188K(502464K), 0.4067736 secs] [Times: user=0.04 sys=0.00, real=0.40 secs] 
Heap after GC invocations=167 (full 2):
 par new generation   total 109248K, used 4312K [0x00000000e0000000, 0x00000000e8000000, 0x00000000e8000000)
  eden space 87424K,   0% used [0x00000000e0000000, 0x00000000e0000000, 0x00000000e5560000)
  from space 21824K,  19% used [0x00000000e6ab0000, 0x00000000e6ee6138, 0x00000000e8000000)
  to   space 21824K,   0% used [0x00000000e5560000, 0x00000000e5560000, 0x00000000e6ab0000)
 concurrent mark-sweep generation total 393216K, used 33876K [0x00000000e8000000, 0x0000000100000000, 0x0000000100000000)
 Metaspace       used 41131K, capacity 41700K, committed 41964K, reserved 1087488K
  class space    used 4317K, capacity 4488K, committed 4604K, reserved 1048576K
}
2015-12-06T21:43:26.131+0530: 6572.425: Total time for which application threads were stopped: 0.4077687 seconds, Stopping threads took: 0.0001655 seconds
2015-12-06T21:43:29.755+0530: 6576.049: Total time for which application threads were stopped: 0.1309663 seconds, Stopping threads took: 0.1305693 seconds
2015-12-06T21:43:29.819+0530: 6576.113: Total time for which application threads were stopped: 0.0637123 seconds, Stopping threads took: 0.0633431 seconds
2015-12-06T21:43:29.820+0530: 6576.114: Total time for which application threads were stopped: 0.0007653 seconds, Stopping threads took: 0.0004582 seconds
2015-12-06T21:43:29.964+0530: 6576.258: Total time for which application threads were stopped: 0.0010263 seconds, Stopping threads took: 0.0005213 seconds
2015-12-06T21:43:32.731+0530: 6579.025: Total time for which application threads were stopped: 0.0004293 seconds, Stopping threads took: 0.0001605 seconds
2015-12-06T21:43:32.744+0530: 6579.038: Total time for which application threads were stopped: 0.0010403 seconds, Stopping threads took: 0.0001220 seconds
2015-12-06T21:43:33.289+0530: 6579.583: Total time for which application threads were stopped: 0.0070919 seconds, Stopping threads took: 0.0063161 seconds
2015-12-06T21:43:33.373+0530: 6579.667: Total time for which application threads were stopped: 0.0004272 seconds, Stopping threads took: 0.0001582 seconds
2015-12-06T21:43:33.373+0530: 6579.667: Total time for which application threads were stopped: 0.0002130 seconds, Stopping threads took: 0.0000669 seconds
2015-12-06T21:43:33.401+0530: 6579.694: Total time for which application threads were stopped: 0.0002959 seconds, Stopping threads took: 0.0000611 seconds
2015-12-06T21:43:35.751+0530: 6582.045: Total time for which application threads were stopped: 0.0004058 seconds, Stopping threads took: 0.0000491 seconds
2015-12-06T21:43:46.735+0530: 6593.029: Total time for which application threads were stopped: 0.0005750 seconds, Stopping threads took: 0.0001682 seconds
2015-12-06T21:43:49.045+0530: 6595.339: Total time for which application threads were stopped: 0.0003598 seconds, Stopping threads took: 0.0000489 seconds
2015-12-06T21:43:49.561+0530: 6595.855: Total time for which application threads were stopped: 0.0005774 seconds, Stopping threads took: 0.0000327 seconds
2015-12-06T21:43:49.561+0530: 6595.855: Total time for which application threads were stopped: 0.0003085 seconds, Stopping threads took: 0.0000136 seconds
2015-12-06T21:43:55.562+0530: 6601.856: Total time for which application threads were stopped: 0.0002261 seconds, Stopping threads took: 0.0000311 seconds
2015-12-06T21:44:01.563+0530: 6607.857: Total time for which application threads were stopped: 0.0004644 seconds, Stopping threads took: 0.0000571 seconds
{Heap before GC invocations=167 (full 2):
 par new generation   total 109248K, used 91736K [0x00000000e0000000, 0x00000000e8000000, 0x00000000e8000000)
  eden space 87424K, 100% used [0x00000000e0000000, 0x00000000e5560000, 0x00000000e5560000)
  from space 21824K,  19% used [0x00000000e6ab0000, 0x00000000e6ee6138, 0x00000000e8000000)
  to   space 21824K,   0% used [0x00000000e5560000, 0x00000000e5560000, 0x00000000e6ab0000)
 concurrent mark-sweep generation total 393216K, used 33876K [0x00000000e8000000, 0x0000000100000000, 0x0000000100000000)
 Metaspace       used 41133K, capacity 41700K, committed 41964K, reserved 1087488K
  class space    used 4318K, capacity 4488K, committed 4604K, reserved 1048576K
2015-12-06T21:44:05.162+0530: 6611.456: [GC (Allocation Failure) 6611.456: [ParNew
Desired survivor size 20112992 bytes, new threshold 8 (max 8)
- age   1:    2049848 bytes,    2049848 total
- age   2:     483080 bytes,    2532928 total
- age   3:     388424 bytes,    2921352 total
- age   4:     372680 bytes,    3294032 total
- age   5:     156576 bytes,    3450608 total
- age   6:      18560 bytes,    3469168 total
- age   7:     158032 bytes,    3627200 total
- age   8:      15688 bytes,    3642888 total
: 91736K->4107K(109248K), 0.0119960 secs] 125612K->38131K(502464K), 0.4169806 secs] [Times: user=0.03 sys=0.00, real=0.41 secs] 
Heap after GC invocations=168 (full 2):
 par new generation   total 109248K, used 4107K [0x00000000e0000000, 0x00000000e8000000, 0x00000000e8000000)
  eden space 87424K,   0% used [0x00000000e0000000, 0x00000000e0000000, 0x00000000e5560000)
  from space 21824K,  18% used [0x00000000e5560000, 0x00000000e5962f90, 0x00000000e6ab0000)
  to   space 21824K,   0% used [0x00000000e6ab0000, 0x00000000e6ab0000, 0x00000000e8000000)
 concurrent mark-sweep generation total 393216K, used 34023K [0x00000000e8000000, 0x0000000100000000, 0x0000000100000000)
 Metaspace       used 41133K, capacity 41700K, committed 41964K, reserved 1087488K
  class space    used 4318K, capacity 4488K, committed 4604K, reserved 1048576K
}
2015-12-06T21:44:05.579+0530: 6611.873: Total time for which application threads were stopped: 0.4190066 seconds, Stopping threads took: 0.0008878 seconds
2015-12-06T21:44:07.034+0530: 6613.328: Total time for which application threads were stopped: 0.0005453 seconds, Stopping threads took: 0.0001603 seconds
2015-12-06T21:44:07.034+0530: 6613.328: Total time for which application threads were stopped: 0.0003743 seconds, Stopping threads took: 0.0001198 seconds
2015-12-06T21:44:07.035+0530: 6613.329: Total time for which application threads were stopped: 0.0003541 seconds, Stopping threads took: 0.0001134 seconds
2015-12-06T21:44:07.035+0530: 6613.329: Total time for which application threads were stopped: 0.0003456 seconds, Stopping threads took: 0.0001094 seconds
2015-12-06T21:44:07.036+0530: 6613.330: Total time for which application threads were stopped: 0.0003459 seconds, Stopping threads took: 0.0001118 seconds
2015-12-06T21:44:09.420+0530: 6615.714: Total time for which application threads were stopped: 0.0002314 seconds, Stopping threads took: 0.0000298 seconds
2015-12-06T21:44:09.420+0530: 6615.714: Total time for which application threads were stopped: 0.0001079 seconds, Stopping threads took: 0.0000116 seconds
2015-12-06T21:44:33.116+0530: 6639.410: Total time for which application threads were stopped: 0.0005210 seconds, Stopping threads took: 0.0000782 seconds
2015-12-06T21:44:37.185+0530: 6643.479: Total time for which application threads were stopped: 0.0026481 seconds, Stopping threads took: 0.0024983 seconds
2015-12-06T21:44:48.722+0530: 6655.016: Total time for which application threads were stopped: 0.0004435 seconds, Stopping threads took: 0.0002152 seconds
2015-12-06T21:44:48.722+0530: 6655.016: Total time for which application threads were stopped: 0.0001601 seconds, Stopping threads took: 0.0000324 seconds
2015-12-06T21:44:48.722+0530: 6655.016: Total time for which application threads were stopped: 0.0001582 seconds, Stopping threads took: 0.0000419 seconds
2015-12-06T21:44:48.729+0530: 6655.023: Total time for which application threads were stopped: 0.0003003 seconds, Stopping threads took: 0.0000388 seconds
2015-12-06T21:44:48.729+0530: 6655.023: Total time for which application threads were stopped: 0.0001167 seconds, Stopping threads took: 0.0000193 seconds
2015-12-06T21:44:48.782+0530: 6655.076: Total time for which application threads were stopped: 0.0010811 seconds, Stopping threads took: 0.0007586 seconds
2015-12-06T21:44:48.782+0530: 6655.076: Total time for which application threads were stopped: 0.0002866 seconds, Stopping threads took: 0.0000621 seconds
2015-12-06T21:44:48.783+0530: 6655.077: Total time for which application threads were stopped: 0.0002128 seconds, Stopping threads took: 0.0000481 seconds
2015-12-06T21:44:48.783+0530: 6655.077: Total time for which application threads were stopped: 0.0001675 seconds, Stopping threads took: 0.0000411 seconds
2015-12-06T21:44:48.783+0530: 6655.077: Total time for which application threads were stopped: 0.0001876 seconds, Stopping threads took: 0.0000574 seconds
2015-12-06T21:44:49.633+0530: 6655.927: Total time for which application threads were stopped: 0.0004026 seconds, Stopping threads took: 0.0000421 seconds
2015-12-06T21:44:49.672+0530: 6655.966: Total time for which application threads were stopped: 0.0010157 seconds, Stopping threads took: 0.0001470 seconds
2015-12-06T21:44:49.690+0530: 6655.984: Total time for which application threads were stopped: 0.0002722 seconds, Stopping threads took: 0.0000565 seconds
2015-12-06T21:44:49.690+0530: 6655.984: Total time for which application threads were stopped: 0.0001462 seconds, Stopping threads took: 0.0000175 seconds
2015-12-06T21:44:49.691+0530: 6655.985: Total time for which application threads were stopped: 0.0001635 seconds, Stopping threads took: 0.0000353 seconds
2015-12-06T21:44:49.691+0530: 6655.985: Total time for which application threads were stopped: 0.0001389 seconds, Stopping threads took: 0.0000161 seconds
2015-12-06T21:44:49.692+0530: 6655.986: Total time for which application threads were stopped: 0.0001267 seconds, Stopping threads took: 0.0000206 seconds
2015-12-06T21:44:49.730+0530: 6656.023: Total time for which application threads were stopped: 0.0016057 seconds, Stopping threads took: 0.0013841 seconds
2015-12-06T21:44:50.700+0530: 6656.994: Total time for which application threads were stopped: 0.0064259 seconds, Stopping threads took: 0.0061638 seconds
{Heap before GC invocations=168 (full 2):
 par new generation   total 109248K, used 91531K [0x00000000e0000000, 0x00000000e8000000, 0x00000000e8000000)
  eden space 87424K, 100% used [0x00000000e0000000, 0x00000000e5560000, 0x00000000e5560000)
  from space 21824K,  18% used [0x00000000e5560000, 0x00000000e5962f90, 0x00000000e6ab0000)
  to   space 21824K,   0% used [0x00000000e6ab0000, 0x00000000e6ab0000, 0x00000000e8000000)
 concurrent mark-sweep generation total 393216K, used 34023K [0x00000000e8000000, 0x0000000100000000, 0x0000000100000000)
 Metaspace       used 41137K, capacity 41700K, committed 41964K, reserved 1087488K
  class space    used 4318K, capacity 4488K, committed 4604K, reserved 1048576K
2015-12-06T21:44:50.745+0530: 6657.039: [GC (Allocation Failure) 6657.040: [ParNew
Desired survivor size 20112992 bytes, new threshold 8 (max 8)
- age   1:    1622320 bytes,    1622320 total
- age   2:     587344 bytes,    2209664 total
- age   3:     309760 bytes,    2519424 total
- age   4:     245552 bytes,    2764976 total
- age   5:     265016 bytes,    3029992 total
- age   6:     155392 bytes,    3185384 total
- age   7:      18536 bytes,    3203920 total
- age   8:     157232 bytes,    3361152 total
: 91531K->4174K(109248K), 0.0110020 secs] 125555K->38213K(502464K), 0.0114751 secs] [Times: user=0.02 sys=0.00, real=0.01 secs] 
Heap after GC invocations=169 (full 2):
 par new generation   total 109248K, used 4174K [0x00000000e0000000, 0x00000000e8000000, 0x00000000e8000000)
  eden space 87424K,   0% used [0x00000000e0000000, 0x00000000e0000000, 0x00000000e5560000)
  from space 21824K,  19% used [0x00000000e6ab0000, 0x00000000e6ec3940, 0x00000000e8000000)
  to   space 21824K,   0% used [0x00000000e5560000, 0x00000000e5560000, 0x00000000e6ab0000)
 concurrent mark-sweep generation total 393216K, used 34039K [0x00000000e8000000, 0x0000000100000000, 0x0000000100000000)
 Metaspace       used 41137K, capacity 41700K, committed 41964K, reserved 1087488K
  class space    used 4318K, capacity 4488K, committed 4604K, reserved 1048576K
}
2015-12-06T21:44:50.757+0530: 6657.051: Total time for which application threads were stopped: 0.0174151 seconds, Stopping threads took: 0.0047776 seconds
2015-12-06T21:44:50.765+0530: 6657.059: Total time for which application threads were stopped: 0.0027491 seconds, Stopping threads took: 0.0024705 seconds
2015-12-06T21:44:50.828+0530: 6657.122: Total time for which application threads were stopped: 0.0008113 seconds, Stopping threads took: 0.0001417 seconds
2015-12-06T21:44:51.921+0530: 6658.215: Total time for which application threads were stopped: 0.0928068 seconds, Stopping threads took: 0.0925349 seconds
2015-12-06T21:44:51.957+0530: 6658.251: Total time for which application threads were stopped: 0.0003163 seconds, Stopping threads took: 0.0000482 seconds
2015-12-06T21:44:51.959+0530: 6658.253: Total time for which application threads were stopped: 0.0002635 seconds, Stopping threads took: 0.0000319 seconds
2015-12-06T21:44:51.960+0530: 6658.253: Total time for which application threads were stopped: 0.0001660 seconds, Stopping threads took: 0.0000309 seconds
2015-12-06T21:44:51.990+0530: 6658.284: Total time for which application threads were stopped: 0.0003830 seconds, Stopping threads took: 0.0001158 seconds
2015-12-06T21:44:51.990+0530: 6658.284: Total time for which application threads were stopped: 0.0001947 seconds, Stopping threads took: 0.0000224 seconds
2015-12-06T21:44:51.991+0530: 6658.285: Total time for which application threads were stopped: 0.0005099 seconds, Stopping threads took: 0.0000542 seconds
2015-12-06T21:44:56.478+0530: 6662.772: Total time for which application threads were stopped: 0.0002293 seconds, Stopping threads took: 0.0000338 seconds
2015-12-06T21:45:03.479+0530: 6669.773: Total time for which application threads were stopped: 0.0003417 seconds, Stopping threads took: 0.0000469 seconds
2015-12-06T21:45:04.145+0530: 6670.439: Total time for which application threads were stopped: 0.0002419 seconds, Stopping threads took: 0.0000447 seconds
2015-12-06T21:45:04.145+0530: 6670.439: Total time for which application threads were stopped: 0.0001068 seconds, Stopping threads took: 0.0000150 seconds
2015-12-06T21:45:08.146+0530: 6674.440: Total time for which application threads were stopped: 0.0003255 seconds, Stopping threads took: 0.0000550 seconds
2015-12-06T21:45:10.147+0530: 6676.440: Total time for which application threads were stopped: 0.0004464 seconds, Stopping threads took: 0.0000585 seconds
2015-12-06T21:45:10.492+0530: 6676.786: Total time for which application threads were stopped: 0.0004058 seconds, Stopping threads took: 0.0000481 seconds
2015-12-06T21:45:10.492+0530: 6676.786: Total time for which application threads were stopped: 0.0004628 seconds, Stopping threads took: 0.0000612 seconds
2015-12-06T21:45:10.493+0530: 6676.787: Total time for which application threads were stopped: 0.0004845 seconds, Stopping threads took: 0.0000856 seconds
2015-12-06T21:45:18.527+0530: 6684.821: Total time for which application threads were stopped: 0.0330066 seconds, Stopping threads took: 0.0326298 seconds
2015-12-06T21:45:19.349+0530: 6685.643: Total time for which application threads were stopped: 0.0074963 seconds, Stopping threads took: 0.0070339 seconds
2015-12-06T21:45:19.350+0530: 6685.644: Total time for which application threads were stopped: 0.0007484 seconds, Stopping threads took: 0.0005371 seconds
2015-12-06T21:45:43.354+0530: 6709.648: Total time for which application threads were stopped: 0.0003183 seconds, Stopping threads took: 0.0000433 seconds
2015-12-06T21:45:46.355+0530: 6712.648: Total time for which application threads were stopped: 0.0004250 seconds, Stopping threads took: 0.0000584 seconds
{Heap before GC invocations=169 (full 2):
 par new generation   total 109248K, used 91598K [0x00000000e0000000, 0x00000000e8000000, 0x00000000e8000000)
  eden space 87424K, 100% used [0x00000000e0000000, 0x00000000e5560000, 0x00000000e5560000)
  from space 21824K,  19% used [0x00000000e6ab0000, 0x00000000e6ec3940, 0x00000000e8000000)
  to   space 21824K,   0% used [0x00000000e5560000, 0x00000000e5560000, 0x00000000e6ab0000)
 concurrent mark-sweep generation total 393216K, used 34039K [0x00000000e8000000, 0x0000000100000000, 0x0000000100000000)
 Metaspace       used 41137K, capacity 41700K, committed 41964K, reserved 1087488K
  class space    used 4318K, capacity 4488K, committed 4604K, reserved 1048576K
2015-12-06T21:45:48.673+0530: 6714.967: [GC (Allocation Failure) 6714.967: [ParNew
Desired survivor size 20112992 bytes, new threshold 8 (max 8)
- age   1:    2008376 bytes,    2008376 total
- age   2:     401312 bytes,    2409688 total
- age   3:     525656 bytes,    2935344 total
- age   4:      63560 bytes,    2998904 total
- age   5:      93600 bytes,    3092504 total
- age   6:     101872 bytes,    3194376 total
- age   7:     146720 bytes,    3341096 total
- age   8:      13784 bytes,    3354880 total
: 91598K->4736K(109248K), 0.0208792 secs] 125637K->38922K(502464K), 1.3281317 secs] [Times: user=0.04 sys=0.00, real=1.34 secs] 
Heap after GC invocations=170 (full 2):
 par new generation   total 109248K, used 4736K [0x00000000e0000000, 0x00000000e8000000, 0x00000000e8000000)
  eden space 87424K,   0% used [0x00000000e0000000, 0x00000000e0000000, 0x00000000e5560000)
  from space 21824K,  21% used [0x00000000e5560000, 0x00000000e5a00130, 0x00000000e6ab0000)
  to   space 21824K,   0% used [0x00000000e6ab0000, 0x00000000e6ab0000, 0x00000000e8000000)
 concurrent mark-sweep generation total 393216K, used 34186K [0x00000000e8000000, 0x0000000100000000, 0x0000000100000000)
 Metaspace       used 41137K, capacity 41700K, committed 41964K, reserved 1087488K
  class space    used 4318K, capacity 4488K, committed 4604K, reserved 1048576K
}
2015-12-06T21:45:50.002+0530: 6716.296: Total time for which application threads were stopped: 1.3296616 seconds, Stopping threads took: 0.0002337 seconds
2015-12-06T21:46:04.011+0530: 6730.305: Total time for which application threads were stopped: 0.0004949 seconds, Stopping threads took: 0.0001506 seconds
2015-12-06T21:46:06.913+0530: 6733.206: Total time for which application threads were stopped: 0.0009852 seconds, Stopping threads took: 0.0001380 seconds
2015-12-06T21:46:09.559+0530: 6735.853: Total time for which application threads were stopped: 0.0002560 seconds, Stopping threads took: 0.0000539 seconds
2015-12-06T21:46:15.881+0530: 6742.175: Total time for which application threads were stopped: 0.0006339 seconds, Stopping threads took: 0.0001947 seconds
2015-12-06T21:46:15.882+0530: 6742.176: Total time for which application threads were stopped: 0.0005294 seconds, Stopping threads took: 0.0001459 seconds
2015-12-06T21:46:42.886+0530: 6769.180: Total time for which application threads were stopped: 0.0004193 seconds, Stopping threads took: 0.0000596 seconds
2015-12-06T21:46:43.454+0530: 6769.748: Total time for which application threads were stopped: 0.0025265 seconds, Stopping threads took: 0.0019795 seconds
2015-12-06T21:46:44.918+0530: 6771.212: Total time for which application threads were stopped: 0.0015358 seconds, Stopping threads took: 0.0005833 seconds
2015-12-06T21:46:45.919+0530: 6772.213: Total time for which application threads were stopped: 0.0002967 seconds, Stopping threads took: 0.0000384 seconds
2015-12-06T21:46:51.692+0530: 6777.986: Total time for which application threads were stopped: 0.0002175 seconds, Stopping threads took: 0.0000311 seconds
2015-12-06T21:46:51.987+0530: 6778.281: Total time for which application threads were stopped: 0.0063506 seconds, Stopping threads took: 0.0061496 seconds
2015-12-06T21:46:52.540+0530: 6778.834: Total time for which application threads were stopped: 0.0023054 seconds, Stopping threads took: 0.0020574 seconds
2015-12-06T21:46:52.541+0530: 6778.834: Total time for which application threads were stopped: 0.0001585 seconds, Stopping threads took: 0.0000177 seconds
2015-12-06T21:46:52.581+0530: 6778.875: Total time for which application threads were stopped: 0.0026710 seconds, Stopping threads took: 0.0017946 seconds
2015-12-06T21:46:53.248+0530: 6779.542: Total time for which application threads were stopped: 0.0004667 seconds, Stopping threads took: 0.0000829 seconds
2015-12-06T21:46:53.264+0530: 6779.558: Total time for which application threads were stopped: 0.0004197 seconds, Stopping threads took: 0.0002295 seconds
2015-12-06T21:46:53.264+0530: 6779.558: Total time for which application threads were stopped: 0.0001529 seconds, Stopping threads took: 0.0000453 seconds
2015-12-06T21:46:53.264+0530: 6779.558: Total time for which application threads were stopped: 0.0001150 seconds, Stopping threads took: 0.0000160 seconds
2015-12-06T21:46:53.264+0530: 6779.558: Total time for which application threads were stopped: 0.0001352 seconds, Stopping threads took: 0.0000380 seconds
2015-12-06T21:46:53.392+0530: 6779.686: Total time for which application threads were stopped: 0.0008724 seconds, Stopping threads took: 0.0001026 seconds
2015-12-06T21:46:54.398+0530: 6780.692: Total time for which application threads were stopped: 0.0003193 seconds, Stopping threads took: 0.0001426 seconds
2015-12-06T21:47:00.294+0530: 6786.588: Total time for which application threads were stopped: 0.0002342 seconds, Stopping threads took: 0.0000335 seconds
2015-12-06T21:47:05.366+0530: 6791.660: Total time for which application threads were stopped: 0.0004038 seconds, Stopping threads took: 0.0000585 seconds
{Heap before GC invocations=170 (full 2):
 par new generation   total 109248K, used 92160K [0x00000000e0000000, 0x00000000e8000000, 0x00000000e8000000)
  eden space 87424K, 100% used [0x00000000e0000000, 0x00000000e5560000, 0x00000000e5560000)
  from space 21824K,  21% used [0x00000000e5560000, 0x00000000e5a00130, 0x00000000e6ab0000)
  to   space 21824K,   0% used [0x00000000e6ab0000, 0x00000000e6ab0000, 0x00000000e8000000)
 concurrent mark-sweep generation total 393216K, used 34186K [0x00000000e8000000, 0x0000000100000000, 0x0000000100000000)
 Metaspace       used 41139K, capacity 41700K, committed 41964K, reserved 1087488K
  class space    used 4318K, capacity 4488K, committed 4604K, reserved 1048576K
2015-12-06T21:47:07.763+0530: 6794.057: [GC (Allocation Failure) 6794.330: [ParNew
Desired survivor size 20112992 bytes, new threshold 8 (max 8)
- age   1:    1557464 bytes,    1557464 total
- age   2:     787088 bytes,    2344552 total
- age   3:     165888 bytes,    2510440 total
- age   4:     246352 bytes,    2756792 total
- age   5:      61960 bytes,    2818752 total
- age   6:      92800 bytes,    2911552 total
- age   7:     101848 bytes,    3013400 total
- age   8:     146720 bytes,    3160120 total
: 92160K->3659K(109248K), 0.0180986 secs] 126346K->37859K(502464K), 0.2912681 secs] [Times: user=0.04 sys=0.00, real=0.29 secs] 
Heap after GC invocations=171 (full 2):
 par new generation   total 109248K, used 3659K [0x00000000e0000000, 0x00000000e8000000, 0x00000000e8000000)
  eden space 87424K,   0% used [0x00000000e0000000, 0x00000000e0000000, 0x00000000e5560000)
  from space 21824K,  16% used [0x00000000e6ab0000, 0x00000000e6e42e20, 0x00000000e8000000)
  to   space 21824K,   0% used [0x00000000e5560000, 0x00000000e5560000, 0x00000000e6ab0000)
 concurrent mark-sweep generation total 393216K, used 34200K [0x00000000e8000000, 0x0000000100000000, 0x0000000100000000)
 Metaspace       used 41139K, capacity 41700K, committed 41964K, reserved 1087488K
  class space    used 4318K, capacity 4488K, committed 4604K, reserved 1048576K
}
2015-12-06T21:47:08.055+0530: 6794.348: Total time for which application threads were stopped: 0.2919084 seconds, Stopping threads took: 0.0000645 seconds
2015-12-06T21:47:14.254+0530: 6800.548: Total time for which application threads were stopped: 0.0009219 seconds, Stopping threads took: 0.0001118 seconds
2015-12-06T21:47:17.753+0530: 6804.047: Total time for which application threads were stopped: 0.0004569 seconds, Stopping threads took: 0.0000581 seconds
2015-12-06T21:47:17.753+0530: 6804.047: Total time for which application threads were stopped: 0.0002647 seconds, Stopping threads took: 0.0000328 seconds
2015-12-06T21:47:29.146+0530: 6815.440: Total time for which application threads were stopped: 0.0003807 seconds, Stopping threads took: 0.0000462 seconds
2015-12-06T21:47:29.146+0530: 6815.440: Total time for which application threads were stopped: 0.0002670 seconds, Stopping threads took: 0.0000339 seconds
2015-12-06T21:47:41.196+0530: 6827.490: Total time for which application threads were stopped: 0.0004258 seconds, Stopping threads took: 0.0000636 seconds
2015-12-06T21:47:42.950+0530: 6829.244: Total time for which application threads were stopped: 0.0004151 seconds, Stopping threads took: 0.0000672 seconds
2015-12-06T21:47:42.952+0530: 6829.246: Total time for which application threads were stopped: 0.0004942 seconds, Stopping threads took: 0.0000746 seconds
2015-12-06T21:47:42.953+0530: 6829.247: Total time for which application threads were stopped: 0.0003500 seconds, Stopping threads took: 0.0001103 seconds
2015-12-06T21:47:42.954+0530: 6829.248: Total time for which application threads were stopped: 0.0002286 seconds, Stopping threads took: 0.0000747 seconds
2015-12-06T21:47:42.958+0530: 6829.252: Total time for which application threads were stopped: 0.0003059 seconds, Stopping threads took: 0.0000394 seconds
2015-12-06T21:47:43.958+0530: 6830.252: Total time for which application threads were stopped: 0.0004651 seconds, Stopping threads took: 0.0000584 seconds
2015-12-06T21:47:44.430+0530: 6830.724: Total time for which application threads were stopped: 0.0005256 seconds, Stopping threads took: 0.0000530 seconds
2015-12-06T21:47:44.431+0530: 6830.725: Total time for which application threads were stopped: 0.0003249 seconds, Stopping threads took: 0.0000403 seconds
2015-12-06T21:47:44.431+0530: 6830.725: Total time for which application threads were stopped: 0.0002950 seconds, Stopping threads took: 0.0000328 seconds
2015-12-06T21:47:44.432+0530: 6830.725: Total time for which application threads were stopped: 0.0002936 seconds, Stopping threads took: 0.0000313 seconds
2015-12-06T21:48:00.393+0530: 6846.687: Total time for which application threads were stopped: 0.0973948 seconds, Stopping threads took: 0.0968029 seconds
2015-12-06T21:48:00.394+0530: 6846.687: Total time for which application threads were stopped: 0.0006385 seconds, Stopping threads took: 0.0000929 seconds
2015-12-06T21:48:00.601+0530: 6846.895: Total time for which application threads were stopped: 0.2069577 seconds, Stopping threads took: 0.2067129 seconds
2015-12-06T21:48:00.693+0530: 6846.987: Total time for which application threads were stopped: 0.0919417 seconds, Stopping threads took: 0.0916004 seconds
2015-12-06T21:48:04.274+0530: 6850.568: Total time for which application threads were stopped: 0.0006077 seconds, Stopping threads took: 0.0001354 seconds
2015-12-06T21:48:05.187+0530: 6851.480: Total time for which application threads were stopped: 0.0002699 seconds, Stopping threads took: 0.0000342 seconds
2015-12-06T21:48:54.193+0530: 6900.487: Total time for which application threads were stopped: 0.0002454 seconds, Stopping threads took: 0.0000390 seconds
{Heap before GC invocations=171 (full 2):
 par new generation   total 109248K, used 91070K [0x00000000e0000000, 0x00000000e8000000, 0x00000000e8000000)
  eden space 87424K,  99% used [0x00000000e0000000, 0x00000000e555caf8, 0x00000000e5560000)
  from space 21824K,  16% used [0x00000000e6ab0000, 0x00000000e6e42e20, 0x00000000e8000000)
  to   space 21824K,   0% used [0x00000000e5560000, 0x00000000e5560000, 0x00000000e6ab0000)
 concurrent mark-sweep generation total 393216K, used 34200K [0x00000000e8000000, 0x0000000100000000, 0x0000000100000000)
 Metaspace       used 41144K, capacity 41700K, committed 41964K, reserved 1087488K
  class space    used 4319K, capacity 4488K, committed 4604K, reserved 1048576K
2015-12-06T21:48:59.233+0530: 6905.527: [GC (Allocation Failure) 6905.527: [ParNew
Desired survivor size 20112992 bytes, new threshold 8 (max 8)
- age   1:    1314832 bytes,    1314832 total
- age   2:     531600 bytes,    1846432 total
- age   3:     382080 bytes,    2228512 total
- age   4:      49496 bytes,    2278008 total
- age   5:     154584 bytes,    2432592 total
- age   6:      21280 bytes,    2453872 total
- age   7:      83296 bytes,    2537168 total
- age   8:      93136 bytes,    2630304 total
: 91070K->4084K(109248K), 0.0233415 secs] 125270K->38428K(502464K), 0.8828281 secs] [Times: user=0.04 sys=0.00, real=0.89 secs] 
Heap after GC invocations=172 (full 2):
 par new generation   total 109248K, used 4084K [0x00000000e0000000, 0x00000000e8000000, 0x00000000e8000000)
  eden space 87424K,   0% used [0x00000000e0000000, 0x00000000e0000000, 0x00000000e5560000)
  from space 21824K,  18% used [0x00000000e5560000, 0x00000000e595d230, 0x00000000e6ab0000)
  to   space 21824K,   0% used [0x00000000e6ab0000, 0x00000000e6ab0000, 0x00000000e8000000)
 concurrent mark-sweep generation total 393216K, used 34343K [0x00000000e8000000, 0x0000000100000000, 0x0000000100000000)
 Metaspace       used 41144K, capacity 41700K, committed 41964K, reserved 1087488K
  class space    used 4319K, capacity 4488K, committed 4604K, reserved 1048576K
}
2015-12-06T21:49:00.116+0530: 6906.410: Total time for which application threads were stopped: 0.8836511 seconds, Stopping threads took: 0.0000435 seconds
2015-12-06T21:49:14.958+0530: 6921.252: Total time for which application threads were stopped: 0.0006444 seconds, Stopping threads took: 0.0000611 seconds
2015-12-06T21:49:14.959+0530: 6921.252: Total time for which application threads were stopped: 0.0004241 seconds, Stopping threads took: 0.0001278 seconds
2015-12-06T21:49:14.959+0530: 6921.253: Total time for which application threads were stopped: 0.0003427 seconds, Stopping threads took: 0.0001194 seconds
2015-12-06T21:49:14.959+0530: 6921.253: Total time for which application threads were stopped: 0.0002997 seconds, Stopping threads took: 0.0000832 seconds
2015-12-06T21:49:14.960+0530: 6921.254: Total time for which application threads were stopped: 0.0003963 seconds, Stopping threads took: 0.0001465 seconds
2015-12-06T21:49:19.713+0530: 6926.007: Total time for which application threads were stopped: 0.0002297 seconds, Stopping threads took: 0.0000648 seconds
2015-12-06T21:49:19.713+0530: 6926.007: Total time for which application threads were stopped: 0.0001690 seconds, Stopping threads took: 0.0000355 seconds
2015-12-06T21:49:43.717+0530: 6950.010: Total time for which application threads were stopped: 0.0003200 seconds, Stopping threads took: 0.0000539 seconds
2015-12-06T21:50:19.722+0530: 6986.016: Total time for which application threads were stopped: 0.0003077 seconds, Stopping threads took: 0.0000533 seconds
2015-12-06T21:50:29.339+0530: 6995.633: Total time for which application threads were stopped: 0.0001940 seconds, Stopping threads took: 0.0000218 seconds
2015-12-06T21:50:29.340+0530: 6995.634: Total time for which application threads were stopped: 0.0001006 seconds, Stopping threads took: 0.0000128 seconds
2015-12-06T21:50:29.369+0530: 6995.663: Total time for which application threads were stopped: 0.0010367 seconds, Stopping threads took: 0.0000286 seconds
2015-12-06T21:50:29.459+0530: 6995.753: Total time for which application threads were stopped: 0.0003128 seconds, Stopping threads took: 0.0001448 seconds
2015-12-06T21:50:29.460+0530: 6995.753: Total time for which application threads were stopped: 0.0000967 seconds, Stopping threads took: 0.0000186 seconds
2015-12-06T21:50:29.461+0530: 6995.755: Total time for which application threads were stopped: 0.0002268 seconds, Stopping threads took: 0.0000549 seconds
2015-12-06T21:50:29.630+0530: 6995.924: Total time for which application threads were stopped: 0.0010017 seconds, Stopping threads took: 0.0002398 seconds
2015-12-06T21:50:29.631+0530: 6995.925: Total time for which application threads were stopped: 0.0005460 seconds, Stopping threads took: 0.0001195 seconds
2015-12-06T21:50:29.632+0530: 6995.926: Total time for which application threads were stopped: 0.0005517 seconds, Stopping threads took: 0.0002063 seconds
2015-12-06T21:50:29.655+0530: 6995.949: Total time for which application threads were stopped: 0.0117557 seconds, Stopping threads took: 0.0113965 seconds
{Heap before GC invocations=172 (full 2):
 par new generation   total 109248K, used 91508K [0x00000000e0000000, 0x00000000e8000000, 0x00000000e8000000)
  eden space 87424K, 100% used [0x00000000e0000000, 0x00000000e5560000, 0x00000000e5560000)
  from space 21824K,  18% used [0x00000000e5560000, 0x00000000e595d230, 0x00000000e6ab0000)
  to   space 21824K,   0% used [0x00000000e6ab0000, 0x00000000e6ab0000, 0x00000000e8000000)
 concurrent mark-sweep generation total 393216K, used 34343K [0x00000000e8000000, 0x0000000100000000, 0x0000000100000000)
 Metaspace       used 41609K, capacity 42128K, committed 42476K, reserved 1087488K
  class space    used 4375K, capacity 4522K, committed 4604K, reserved 1048576K
2015-12-06T21:50:29.718+0530: 6996.012: [GC (Allocation Failure) 6996.012: [ParNew
Desired survivor size 20112992 bytes, new threshold 8 (max 8)
- age   1:    4156840 bytes,    4156840 total
- age   2:     547488 bytes,    4704328 total
- age   3:     513728 bytes,    5218056 total
- age   4:     373288 bytes,    5591344 total
- age   5:      44072 bytes,    5635416 total
- age   6:     148168 bytes,    5783584 total
- age   7:      18184 bytes,    5801768 total
- age   8:      83296 bytes,    5885064 total
: 91508K->6475K(109248K), 0.0349182 secs] 125852K->40910K(502464K), 0.0351481 secs] [Times: user=0.06 sys=0.00, real=0.03 secs] 
Heap after GC invocations=173 (full 2):
 par new generation   total 109248K, used 6475K [0x00000000e0000000, 0x00000000e8000000, 0x00000000e8000000)
  eden space 87424K,   0% used [0x00000000e0000000, 0x00000000e0000000, 0x00000000e5560000)
  from space 21824K,  29% used [0x00000000e6ab0000, 0x00000000e7102f68, 0x00000000e8000000)
  to   space 21824K,   0% used [0x00000000e5560000, 0x00000000e5560000, 0x00000000e6ab0000)
 concurrent mark-sweep generation total 393216K, used 34434K [0x00000000e8000000, 0x0000000100000000, 0x0000000100000000)
 Metaspace       used 41609K, capacity 42128K, committed 42476K, reserved 1087488K
  class space    used 4375K, capacity 4522K, committed 4604K, reserved 1048576K
}
2015-12-06T21:50:29.753+0530: 6996.047: Total time for which application threads were stopped: 0.0377427 seconds, Stopping threads took: 0.0016733 seconds
{Heap before GC invocations=173 (full 2):
 par new generation   total 109248K, used 93873K [0x00000000e0000000, 0x00000000e8000000, 0x00000000e8000000)
  eden space 87424K,  99% used [0x00000000e0000000, 0x00000000e5559578, 0x00000000e5560000)
  from space 21824K,  29% used [0x00000000e6ab0000, 0x00000000e7102f68, 0x00000000e8000000)
  to   space 21824K,   0% used [0x00000000e5560000, 0x00000000e5560000, 0x00000000e6ab0000)
 concurrent mark-sweep generation total 393216K, used 34434K [0x00000000e8000000, 0x0000000100000000, 0x0000000100000000)
 Metaspace       used 41627K, capacity 42158K, committed 42476K, reserved 1087488K
  class space    used 4378K, capacity 4527K, committed 4604K, reserved 1048576K
2015-12-06T21:50:29.811+0530: 6996.105: [GC (Allocation Failure) 6996.105: [ParNew
Desired survivor size 20112992 bytes, new threshold 8 (max 8)
- age   1:    1183280 bytes,    1183280 total
- age   2:    3620976 bytes,    4804256 total
- age   3:     545888 bytes,    5350144 total
- age   4:     513728 bytes,    5863872 total
- age   5:     373288 bytes,    6237160 total
- age   6:      44072 bytes,    6281232 total
- age   7:     148168 bytes,    6429400 total
- age   8:      18184 bytes,    6447584 total
: 93873K->8994K(109248K), 0.0344411 secs] 128307K->43510K(502464K), 0.0347778 secs] [Times: user=0.04 sys=0.00, real=0.04 secs] 
Heap after GC invocations=174 (full 2):
 par new generation   total 109248K, used 8994K [0x00000000e0000000, 0x00000000e8000000, 0x00000000e8000000)
  eden space 87424K,   0% used [0x00000000e0000000, 0x00000000e0000000, 0x00000000e5560000)
  from space 21824K,  41% used [0x00000000e5560000, 0x00000000e5e28880, 0x00000000e6ab0000)
  to   space 21824K,   0% used [0x00000000e6ab0000, 0x00000000e6ab0000, 0x00000000e8000000)
 concurrent mark-sweep generation total 393216K, used 34515K [0x00000000e8000000, 0x0000000100000000, 0x0000000100000000)
 Metaspace       used 41627K, capacity 42158K, committed 42476K, reserved 1087488K
  class space    used 4378K, capacity 4527K, committed 4604K, reserved 1048576K
}
2015-12-06T21:50:29.846+0530: 6996.140: Total time for which application threads were stopped: 0.0470068 seconds, Stopping threads took: 0.0117084 seconds
{Heap before GC invocations=174 (full 2):
 par new generation   total 109248K, used 96415K [0x00000000e0000000, 0x00000000e8000000, 0x00000000e8000000)
  eden space 87424K,  99% used [0x00000000e0000000, 0x00000000e555f540, 0x00000000e5560000)
  from space 21824K,  41% used [0x00000000e5560000, 0x00000000e5e28880, 0x00000000e6ab0000)
  to   space 21824K,   0% used [0x00000000e6ab0000, 0x00000000e6ab0000, 0x00000000e8000000)
 concurrent mark-sweep generation total 393216K, used 34515K [0x00000000e8000000, 0x0000000100000000, 0x0000000100000000)
 Metaspace       used 41644K, capacity 42182K, committed 42476K, reserved 1087488K
  class space    used 4380K, capacity 4531K, committed 4604K, reserved 1048576K
2015-12-06T21:50:29.897+0530: 6996.191: [GC (Allocation Failure) 6996.192: [ParNew
Desired survivor size 20112992 bytes, new threshold 8 (max 8)
- age   1:    1046912 bytes,    1046912 total
- age   2:     629104 bytes,    1676016 total
- age   3:    3620976 bytes,    5296992 total
- age   4:     545888 bytes,    5842880 total
- age   5:     513728 bytes,    6356608 total
- age   6:     373288 bytes,    6729896 total
- age   7:      44072 bytes,    6773968 total
- age   8:     148168 bytes,    6922136 total
: 96415K->7842K(109248K), 0.0322751 secs] 130931K->42376K(502464K), 0.0325969 secs] [Times: user=0.06 sys=0.01, real=0.03 secs] 
Heap after GC invocations=175 (full 2):
 par new generation   total 109248K, used 7842K [0x00000000e0000000, 0x00000000e8000000, 0x00000000e8000000)
  eden space 87424K,   0% used [0x00000000e0000000, 0x00000000e0000000, 0x00000000e5560000)
  from space 21824K,  35% used [0x00000000e6ab0000, 0x00000000e72588f0, 0x00000000e8000000)
  to   space 21824K,   0% used [0x00000000e5560000, 0x00000000e5560000, 0x00000000e6ab0000)
 concurrent mark-sweep generation total 393216K, used 34533K [0x00000000e8000000, 0x0000000100000000, 0x0000000100000000)
 Metaspace       used 41644K, capacity 42182K, committed 42476K, reserved 1087488K
  class space    used 4380K, capacity 4531K, committed 4604K, reserved 1048576K
}
2015-12-06T21:50:29.930+0530: 6996.224: Total time for which application threads were stopped: 0.0332285 seconds, Stopping threads took: 0.0001114 seconds
{Heap before GC invocations=175 (full 2):
 par new generation   total 109248K, used 95240K [0x00000000e0000000, 0x00000000e8000000, 0x00000000e8000000)
  eden space 87424K,  99% used [0x00000000e0000000, 0x00000000e55598f0, 0x00000000e5560000)
  from space 21824K,  35% used [0x00000000e6ab0000, 0x00000000e72588f0, 0x00000000e8000000)
  to   space 21824K,   0% used [0x00000000e5560000, 0x00000000e5560000, 0x00000000e6ab0000)
 concurrent mark-sweep generation total 393216K, used 34533K [0x00000000e8000000, 0x0000000100000000, 0x0000000100000000)
 Metaspace       used 41692K, capacity 42254K, committed 42476K, reserved 1087488K
  class space    used 4387K, capacity 4543K, committed 4604K, reserved 1048576K
2015-12-06T21:50:29.979+0530: 6996.273: [GC (Allocation Failure) 6996.273: [ParNew
Desired survivor size 20112992 bytes, new threshold 8 (max 8)
- age   1:    1089936 bytes,    1089936 total
- age   2:      51856 bytes,    1141792 total
- age   3:     628960 bytes,    1770752 total
- age   4:    3620976 bytes,    5391728 total
- age   5:     545888 bytes,    5937616 total
- age   6:     513728 bytes,    6451344 total
- age   7:     373288 bytes,    6824632 total
- age   8:      44072 bytes,    6868704 total
: 95240K->8911K(109248K), 0.0279970 secs] 129774K->43590K(502464K), 0.0282905 secs] [Times: user=0.06 sys=0.00, real=0.03 secs] 
Heap after GC invocations=176 (full 2):
 par new generation   total 109248K, used 8911K [0x00000000e0000000, 0x00000000e8000000, 0x00000000e8000000)
  eden space 87424K,   0% used [0x00000000e0000000, 0x00000000e0000000, 0x00000000e5560000)
  from space 21824K,  40% used [0x00000000e5560000, 0x00000000e5e13fe0, 0x00000000e6ab0000)
  to   space 21824K,   0% used [0x00000000e6ab0000, 0x00000000e6ab0000, 0x00000000e8000000)
 concurrent mark-sweep generation total 393216K, used 34678K [0x00000000e8000000, 0x0000000100000000, 0x0000000100000000)
 Metaspace       used 41692K, capacity 42254K, committed 42476K, reserved 1087488K
  class space    used 4387K, capacity 4543K, committed 4604K, reserved 1048576K
}
2015-12-06T21:50:30.008+0530: 6996.302: Total time for which application threads were stopped: 0.0289821 seconds, Stopping threads took: 0.0002388 seconds
{Heap before GC invocations=176 (full 2):
 par new generation   total 109248K, used 96335K [0x00000000e0000000, 0x00000000e8000000, 0x00000000e8000000)
  eden space 87424K, 100% used [0x00000000e0000000, 0x00000000e5560000, 0x00000000e5560000)
  from space 21824K,  40% used [0x00000000e5560000, 0x00000000e5e13fe0, 0x00000000e6ab0000)
  to   space 21824K,   0% used [0x00000000e6ab0000, 0x00000000e6ab0000, 0x00000000e8000000)
 concurrent mark-sweep generation total 393216K, used 34678K [0x00000000e8000000, 0x0000000100000000, 0x0000000100000000)
 Metaspace       used 41714K, capacity 42290K, committed 42476K, reserved 1087488K
  class space    used 4390K, capacity 4549K, committed 4604K, reserved 1048576K
2015-12-06T21:50:30.073+0530: 6996.367: [GC (Allocation Failure) 6996.367: [ParNew
Desired survivor size 20112992 bytes, new threshold 8 (max 8)
- age   1:     863576 bytes,     863576 total
- age   2:      99432 bytes,     963008 total
- age   3:      51368 bytes,    1014376 total
- age   4:     628960 bytes,    1643336 total
- age   5:    3620784 bytes,    5264120 total
- age   6:     545888 bytes,    5810008 total
- age   7:     513728 bytes,    6323736 total
- age   8:     373288 bytes,    6697024 total
: 96335K->9001K(109248K), 0.0688311 secs] 131014K->43723K(502464K), 0.0692079 secs] [Times: user=0.06 sys=0.00, real=0.07 secs] 
Heap after GC invocations=177 (full 2):
 par new generation   total 109248K, used 9001K [0x00000000e0000000, 0x00000000e8000000, 0x00000000e8000000)
  eden space 87424K,   0% used [0x00000000e0000000, 0x00000000e0000000, 0x00000000e5560000)
  from space 21824K,  41% used [0x00000000e6ab0000, 0x00000000e737a678, 0x00000000e8000000)
  to   space 21824K,   0% used [0x00000000e5560000, 0x00000000e5560000, 0x00000000e6ab0000)
 concurrent mark-sweep generation total 393216K, used 34722K [0x00000000e8000000, 0x0000000100000000, 0x0000000100000000)
 Metaspace       used 41714K, capacity 42290K, committed 42476K, reserved 1087488K
  class space    used 4390K, capacity 4549K, committed 4604K, reserved 1048576K
}
2015-12-06T21:50:30.143+0530: 6996.437: Total time for which application threads were stopped: 0.0756952 seconds, Stopping threads took: 0.0060140 seconds
{Heap before GC invocations=177 (full 2):
 par new generation   total 109248K, used 96425K [0x00000000e0000000, 0x00000000e8000000, 0x00000000e8000000)
  eden space 87424K, 100% used [0x00000000e0000000, 0x00000000e5560000, 0x00000000e5560000)
  from space 21824K,  41% used [0x00000000e6ab0000, 0x00000000e737a678, 0x00000000e8000000)
  to   space 21824K,   0% used [0x00000000e5560000, 0x00000000e5560000, 0x00000000e6ab0000)
 concurrent mark-sweep generation total 393216K, used 34722K [0x00000000e8000000, 0x0000000100000000, 0x0000000100000000)
 Metaspace       used 41730K, capacity 42314K, committed 42476K, reserved 1087488K
  class space    used 4392K, capacity 4553K, committed 4604K, reserved 1048576K
2015-12-06T21:50:30.222+0530: 6996.515: [GC (Allocation Failure) 6996.516: [ParNew
Desired survivor size 20112992 bytes, new threshold 8 (max 8)
- age   1:    1493552 bytes,    1493552 total
- age   2:     126152 bytes,    1619704 total
- age   3:      99216 bytes,    1718920 total
- age   4:      50824 bytes,    1769744 total
- age   5:     628960 bytes,    2398704 total
- age   6:    3620648 bytes,    6019352 total
- age   7:     545888 bytes,    6565240 total
- age   8:     513728 bytes,    7078968 total
: 96425K->8631K(109248K), 0.0261351 secs] 131147K->43719K(502464K), 0.0264812 secs] [Times: user=0.04 sys=0.00, real=0.02 secs] 
Heap after GC invocations=178 (full 2):
 par new generation   total 109248K, used 8631K [0x00000000e0000000, 0x00000000e8000000, 0x00000000e8000000)
  eden space 87424K,   0% used [0x00000000e0000000, 0x00000000e0000000, 0x00000000e5560000)
  from space 21824K,  39% used [0x00000000e5560000, 0x00000000e5dcdee0, 0x00000000e6ab0000)
  to   space 21824K,   0% used [0x00000000e6ab0000, 0x00000000e6ab0000, 0x00000000e8000000)
 concurrent mark-sweep generation total 393216K, used 35088K [0x00000000e8000000, 0x0000000100000000, 0x0000000100000000)
 Metaspace       used 41730K, capacity 42314K, committed 42476K, reserved 1087488K
  class space    used 4392K, capacity 4553K, committed 4604K, reserved 1048576K
}
2015-12-06T21:50:30.248+0530: 6996.542: Total time for which application threads were stopped: 0.0490248 seconds, Stopping threads took: 0.0219623 seconds
{Heap before GC invocations=178 (full 2):
 par new generation   total 109248K, used 96055K [0x00000000e0000000, 0x00000000e8000000, 0x00000000e8000000)
  eden space 87424K, 100% used [0x00000000e0000000, 0x00000000e5560000, 0x00000000e5560000)
  from space 21824K,  39% used [0x00000000e5560000, 0x00000000e5dcdee0, 0x00000000e6ab0000)
  to   space 21824K,   0% used [0x00000000e6ab0000, 0x00000000e6ab0000, 0x00000000e8000000)
 concurrent mark-sweep generation total 393216K, used 35088K [0x00000000e8000000, 0x0000000100000000, 0x0000000100000000)
 Metaspace       used 41757K, capacity 42356K, committed 42476K, reserved 1087488K
  class space    used 4396K, capacity 4560K, committed 4604K, reserved 1048576K
2015-12-06T21:50:30.330+0530: 6996.623: [GC (Allocation Failure) 6996.624: [ParNew
Desired survivor size 20112992 bytes, new threshold 8 (max 8)
- age   1:    1224080 bytes,    1224080 total
- age   2:      98304 bytes,    1322384 total
- age   3:     125288 bytes,    1447672 total
- age   4:      98216 bytes,    1545888 total
- age   5:      50152 bytes,    1596040 total
- age   6:     628768 bytes,    2224808 total
- age   7:    3620584 bytes,    5845392 total
- age   8:     545888 bytes,    6391280 total
: 96055K->9071K(109248K), 0.0369716 secs] 131143K->44665K(502464K), 0.0373655 secs] [Times: user=0.05 sys=0.00, real=0.04 secs] 
Heap after GC invocations=179 (full 2):
 par new generation   total 109248K, used 9071K [0x00000000e0000000, 0x00000000e8000000, 0x00000000e8000000)
  eden space 87424K,   0% used [0x00000000e0000000, 0x00000000e0000000, 0x00000000e5560000)
  from space 21824K,  41% used [0x00000000e6ab0000, 0x00000000e738bfd0, 0x00000000e8000000)
  to   space 21824K,   0% used [0x00000000e5560000, 0x00000000e5560000, 0x00000000e6ab0000)
 concurrent mark-sweep generation total 393216K, used 35593K [0x00000000e8000000, 0x0000000100000000, 0x0000000100000000)
 Metaspace       used 41757K, capacity 42356K, committed 42476K, reserved 1087488K
  class space    used 4396K, capacity 4560K, committed 4604K, reserved 1048576K
}
2015-12-06T21:50:30.367+0530: 6996.661: Total time for which application threads were stopped: 0.0482568 seconds, Stopping threads took: 0.0103598 seconds
{Heap before GC invocations=179 (full 2):
 par new generation   total 109248K, used 96495K [0x00000000e0000000, 0x00000000e8000000, 0x00000000e8000000)
  eden space 87424K, 100% used [0x00000000e0000000, 0x00000000e5560000, 0x00000000e5560000)
  from space 21824K,  41% used [0x00000000e6ab0000, 0x00000000e738bfd0, 0x00000000e8000000)
  to   space 21824K,   0% used [0x00000000e5560000, 0x00000000e5560000, 0x00000000e6ab0000)
 concurrent mark-sweep generation total 393216K, used 35593K [0x00000000e8000000, 0x0000000100000000, 0x0000000100000000)
 Metaspace       used 41765K, capacity 42362K, committed 42476K, reserved 1087488K
  class space    used 4397K, capacity 4561K, committed 4604K, reserved 1048576K
2015-12-06T21:50:30.464+0530: 6996.758: [GC (Allocation Failure) 6996.758: [ParNew
Desired survivor size 20112992 bytes, new threshold 8 (max 8)
- age   1:    1787000 bytes,    1787000 total
- age   2:     107136 bytes,    1894136 total
- age   3:      97848 bytes,    1991984 total
- age   4:     125072 bytes,    2117056 total
- age   5:      98024 bytes,    2215080 total
- age   6:      49912 bytes,    2264992 total
- age   7:     627920 bytes,    2892912 total
- age   8:    3620048 bytes,    6512960 total
: 96495K->7705K(109248K), 0.0311910 secs] 132089K->43836K(502464K), 0.0314708 secs] [Times: user=0.06 sys=0.01, real=0.03 secs] 
Heap after GC invocations=180 (full 2):
 par new generation   total 109248K, used 7705K [0x00000000e0000000, 0x00000000e8000000, 0x00000000e8000000)
  eden space 87424K,   0% used [0x00000000e0000000, 0x00000000e0000000, 0x00000000e5560000)
  from space 21824K,  35% used [0x00000000e5560000, 0x00000000e5ce6440, 0x00000000e6ab0000)
  to   space 21824K,   0% used [0x00000000e6ab0000, 0x00000000e6ab0000, 0x00000000e8000000)
 concurrent mark-sweep generation total 393216K, used 36131K [0x00000000e8000000, 0x0000000100000000, 0x0000000100000000)
 Metaspace       used 41765K, capacity 42362K, committed 42476K, reserved 1087488K
  class space    used 4397K, capacity 4561K, committed 4604K, reserved 1048576K
}
2015-12-06T21:50:30.495+0530: 6996.789: Total time for which application threads were stopped: 0.0400890 seconds, Stopping threads took: 0.0081062 seconds
2015-12-06T21:50:31.041+0530: 6997.335: Total time for which application threads were stopped: 0.0002240 seconds, Stopping threads took: 0.0000322 seconds
2015-12-06T21:50:31.042+0530: 6997.336: Total time for which application threads were stopped: 0.0001259 seconds, Stopping threads took: 0.0000165 seconds
{Heap before GC invocations=180 (full 2):
 par new generation   total 109248K, used 95125K [0x00000000e0000000, 0x00000000e8000000, 0x00000000e8000000)
  eden space 87424K,  99% used [0x00000000e0000000, 0x00000000e555f270, 0x00000000e5560000)
  from space 21824K,  35% used [0x00000000e5560000, 0x00000000e5ce6440, 0x00000000e6ab0000)
  to   space 21824K,   0% used [0x00000000e6ab0000, 0x00000000e6ab0000, 0x00000000e8000000)
 concurrent mark-sweep generation total 393216K, used 36131K [0x00000000e8000000, 0x0000000100000000, 0x0000000100000000)
 Metaspace       used 41767K, capacity 42362K, committed 42476K, reserved 1087488K
  class space    used 4397K, capacity 4561K, committed 4604K, reserved 1048576K
2015-12-06T21:50:31.365+0530: 6997.659: [GC (Allocation Failure) 6997.659: [ParNew
Desired survivor size 20112992 bytes, new threshold 8 (max 8)
- age   1:    2402376 bytes,    2402376 total
- age   2:     293344 bytes,    2695720 total
- age   3:     105696 bytes,    2801416 total
- age   4:      97272 bytes,    2898688 total
- age   5:     124520 bytes,    3023208 total
- age   6:      97328 bytes,    3120536 total
- age   7:      49312 bytes,    3169848 total
- age   8:      40480 bytes,    3210328 total
: 95125K->5733K(109248K), 0.0142417 secs] 131257K->43217K(502464K), 0.0147453 secs] [Times: user=0.04 sys=0.00, real=0.01 secs] 
Heap after GC invocations=181 (full 2):
 par new generation   total 109248K, used 5733K [0x00000000e0000000, 0x00000000e8000000, 0x00000000e8000000)
  eden space 87424K,   0% used [0x00000000e0000000, 0x00000000e0000000, 0x00000000e5560000)
  from space 21824K,  26% used [0x00000000e6ab0000, 0x00000000e7049580, 0x00000000e8000000)
  to   space 21824K,   0% used [0x00000000e5560000, 0x00000000e5560000, 0x00000000e6ab0000)
 concurrent mark-sweep generation total 393216K, used 37484K [0x00000000e8000000, 0x0000000100000000, 0x0000000100000000)
 Metaspace       used 41767K, capacity 42362K, committed 42476K, reserved 1087488K
  class space    used 4397K, capacity 4561K, committed 4604K, reserved 1048576K
}
2015-12-06T21:50:31.380+0530: 6997.674: Total time for which application threads were stopped: 0.0163448 seconds, Stopping threads took: 0.0010010 seconds
2015-12-06T21:50:31.421+0530: 6997.715: Total time for which application threads were stopped: 0.0003636 seconds, Stopping threads took: 0.0000898 seconds
{Heap before GC invocations=181 (full 2):
 par new generation   total 109248K, used 93157K [0x00000000e0000000, 0x00000000e8000000, 0x00000000e8000000)
  eden space 87424K, 100% used [0x00000000e0000000, 0x00000000e5560000, 0x00000000e5560000)
  from space 21824K,  26% used [0x00000000e6ab0000, 0x00000000e7049580, 0x00000000e8000000)
  to   space 21824K,   0% used [0x00000000e5560000, 0x00000000e5560000, 0x00000000e6ab0000)
 concurrent mark-sweep generation total 393216K, used 37484K [0x00000000e8000000, 0x0000000100000000, 0x0000000100000000)
 Metaspace       used 41770K, capacity 42362K, committed 42476K, reserved 1087488K
  class space    used 4397K, capacity 4561K, committed 4604K, reserved 1048576K
2015-12-06T21:50:31.458+0530: 6997.752: [GC (Allocation Failure) 6997.752: [ParNew
Desired survivor size 20112992 bytes, new threshold 8 (max 8)
- age   1:    4583552 bytes,    4583552 total
- age   2:    2154384 bytes,    6737936 total
- age   3:     293344 bytes,    7031280 total
- age   4:     105696 bytes,    7136976 total
- age   5:      97272 bytes,    7234248 total
- age   6:     124520 bytes,    7358768 total
- age   7:      97328 bytes,    7456096 total
- age   8:      49312 bytes,    7505408 total
: 93157K->8084K(109248K), 0.0204362 secs] 130641K->45610K(502464K), 0.0208911 secs] [Times: user=0.04 sys=0.00, real=0.02 secs] 
Heap after GC invocations=182 (full 2):
 par new generation   total 109248K, used 8084K [0x00000000e0000000, 0x00000000e8000000, 0x00000000e8000000)
  eden space 87424K,   0% used [0x00000000e0000000, 0x00000000e0000000, 0x00000000e5560000)
  from space 21824K,  37% used [0x00000000e5560000, 0x00000000e5d45280, 0x00000000e6ab0000)
  to   space 21824K,   0% used [0x00000000e6ab0000, 0x00000000e6ab0000, 0x00000000e8000000)
 concurrent mark-sweep generation total 393216K, used 37525K [0x00000000e8000000, 0x0000000100000000, 0x0000000100000000)
 Metaspace       used 41770K, capacity 42362K, committed 42476K, reserved 1087488K
  class space    used 4397K, capacity 4561K, committed 4604K, reserved 1048576K
}
2015-12-06T21:50:31.479+0530: 6997.773: Total time for which application threads were stopped: 0.0240045 seconds, Stopping threads took: 0.0023685 seconds
{Heap before GC invocations=182 (full 2):
 par new generation   total 109248K, used 95508K [0x00000000e0000000, 0x00000000e8000000, 0x00000000e8000000)
  eden space 87424K, 100% used [0x00000000e0000000, 0x00000000e5560000, 0x00000000e5560000)
  from space 21824K,  37% used [0x00000000e5560000, 0x00000000e5d45280, 0x00000000e6ab0000)
  to   space 21824K,   0% used [0x00000000e6ab0000, 0x00000000e6ab0000, 0x00000000e8000000)
 concurrent mark-sweep generation total 393216K, used 37525K [0x00000000e8000000, 0x0000000100000000, 0x0000000100000000)
 Metaspace       used 41770K, capacity 42362K, committed 42476K, reserved 1087488K
  class space    used 4397K, capacity 4561K, committed 4604K, reserved 1048576K
2015-12-06T21:50:31.503+0530: 6997.797: [GC (Allocation Failure) 6997.797: [ParNew
Desired survivor size 20112992 bytes, new threshold 8 (max 8)
- age   1:    1138368 bytes,    1138368 total
- age   2:    3494528 bytes,    4632896 total
- age   3:    2154384 bytes,    6787280 total
- age   4:     293344 bytes,    7080624 total
- age   5:     105696 bytes,    7186320 total
- age   6:      97272 bytes,    7283592 total
- age   7:     124520 bytes,    7408112 total
- age   8:      97328 bytes,    7505440 total
: 95508K->9003K(109248K), 0.0128626 secs] 133034K->46580K(502464K), 0.0131977 secs] [Times: user=0.04 sys=0.00, real=0.01 secs] 
Heap after GC invocations=183 (full 2):
 par new generation   total 109248K, used 9003K [0x00000000e0000000, 0x00000000e8000000, 0x00000000e8000000)
  eden space 87424K,   0% used [0x00000000e0000000, 0x00000000e0000000, 0x00000000e5560000)
  from space 21824K,  41% used [0x00000000e6ab0000, 0x00000000e737aea0, 0x00000000e8000000)
  to   space 21824K,   0% used [0x00000000e5560000, 0x00000000e5560000, 0x00000000e6ab0000)
 concurrent mark-sweep generation total 393216K, used 37576K [0x00000000e8000000, 0x0000000100000000, 0x0000000100000000)
 Metaspace       used 41770K, capacity 42362K, committed 42476K, reserved 1087488K
  class space    used 4397K, capacity 4561K, committed 4604K, reserved 1048576K
}
2015-12-06T21:50:31.517+0530: 6997.810: Total time for which application threads were stopped: 0.0137495 seconds, Stopping threads took: 0.0001373 seconds
{Heap before GC invocations=183 (full 2):
 par new generation   total 109248K, used 96427K [0x00000000e0000000, 0x00000000e8000000, 0x00000000e8000000)
  eden space 87424K, 100% used [0x00000000e0000000, 0x00000000e5560000, 0x00000000e5560000)
  from space 21824K,  41% used [0x00000000e6ab0000, 0x00000000e737aea0, 0x00000000e8000000)
  to   space 21824K,   0% used [0x00000000e5560000, 0x00000000e5560000, 0x00000000e6ab0000)
 concurrent mark-sweep generation total 393216K, used 37576K [0x00000000e8000000, 0x0000000100000000, 0x0000000100000000)
 Metaspace       used 41770K, capacity 42362K, committed 42476K, reserved 1087488K
  class space    used 4397K, capacity 4561K, committed 4604K, reserved 1048576K
2015-12-06T21:50:31.556+0530: 6997.850: [GC (Allocation Failure) 6997.851: [ParNew
Desired survivor size 20112992 bytes, new threshold 8 (max 8)
- age   1:     900768 bytes,     900768 total
- age   2:      43528 bytes,     944296 total
- age   3:    3494376 bytes,    4438672 total
- age   4:    2154384 bytes,    6593056 total
- age   5:     293344 bytes,    6886400 total
- age   6:     105696 bytes,    6992096 total
- age   7:      97272 bytes,    7089368 total
- age   8:     124520 bytes,    7213888 total
: 96427K->8747K(109248K), 0.0402309 secs] 134004K->46421K(502464K), 0.0407171 secs] [Times: user=0.06 sys=0.00, real=0.04 secs] 
Heap after GC invocations=184 (full 2):
 par new generation   total 109248K, used 8747K [0x00000000e0000000, 0x00000000e8000000, 0x00000000e8000000)
  eden space 87424K,   0% used [0x00000000e0000000, 0x00000000e0000000, 0x00000000e5560000)
  from space 21824K,  40% used [0x00000000e5560000, 0x00000000e5deace8, 0x00000000e6ab0000)
  to   space 21824K,   0% used [0x00000000e6ab0000, 0x00000000e6ab0000, 0x00000000e8000000)
 concurrent mark-sweep generation total 393216K, used 37674K [0x00000000e8000000, 0x0000000100000000, 0x0000000100000000)
 Metaspace       used 41770K, capacity 42362K, committed 42476K, reserved 1087488K
  class space    used 4397K, capacity 4561K, committed 4604K, reserved 1048576K
}
2015-12-06T21:50:31.597+0530: 6997.891: Total time for which application threads were stopped: 0.0505991 seconds, Stopping threads took: 0.0090269 seconds
{Heap before GC invocations=184 (full 2):
 par new generation   total 109248K, used 96171K [0x00000000e0000000, 0x00000000e8000000, 0x00000000e8000000)
  eden space 87424K, 100% used [0x00000000e0000000, 0x00000000e5560000, 0x00000000e5560000)
  from space 21824K,  40% used [0x00000000e5560000, 0x00000000e5deace8, 0x00000000e6ab0000)
  to   space 21824K,   0% used [0x00000000e6ab0000, 0x00000000e6ab0000, 0x00000000e8000000)
 concurrent mark-sweep generation total 393216K, used 37674K [0x00000000e8000000, 0x0000000100000000, 0x0000000100000000)
 Metaspace       used 41770K, capacity 42362K, committed 42476K, reserved 1087488K
  class space    used 4397K, capacity 4561K, committed 4604K, reserved 1048576K
2015-12-06T21:50:31.655+0530: 6997.949: [GC (Allocation Failure) 6997.949: [ParNew
Desired survivor size 20112992 bytes, new threshold 8 (max 8)
- age   1:    1655704 bytes,    1655704 total
- age   2:      63704 bytes,    1719408 total
- age   3:      43528 bytes,    1762936 total
- age   4:    3494376 bytes,    5257312 total
- age   5:    2154384 bytes,    7411696 total
- age   6:     293344 bytes,    7705040 total
- age   7:     105696 bytes,    7810736 total
- age   8:      97272 bytes,    7908008 total
: 96171K->12307K(109248K), 0.0357023 secs] 133845K->50106K(502464K), 0.0360474 secs] [Times: user=0.09 sys=0.00, real=0.03 secs] 
Heap after GC invocations=185 (full 2):
 par new generation   total 109248K, used 12307K [0x00000000e0000000, 0x00000000e8000000, 0x00000000e8000000)
  eden space 87424K,   0% used [0x00000000e0000000, 0x00000000e0000000, 0x00000000e5560000)
  from space 21824K,  56% used [0x00000000e6ab0000, 0x00000000e76b4fa8, 0x00000000e8000000)
  to   space 21824K,   0% used [0x00000000e5560000, 0x00000000e5560000, 0x00000000e6ab0000)
 concurrent mark-sweep generation total 393216K, used 37798K [0x00000000e8000000, 0x0000000100000000, 0x0000000100000000)
 Metaspace       used 41770K, capacity 42362K, committed 42476K, reserved 1087488K
  class space    used 4397K, capacity 4561K, committed 4604K, reserved 1048576K
}
2015-12-06T21:50:31.691+0530: 6997.985: Total time for which application threads were stopped: 0.0649008 seconds, Stopping threads took: 0.0283248 seconds
{Heap before GC invocations=185 (full 2):
 par new generation   total 109248K, used 99731K [0x00000000e0000000, 0x00000000e8000000, 0x00000000e8000000)
  eden space 87424K, 100% used [0x00000000e0000000, 0x00000000e5560000, 0x00000000e5560000)
  from space 21824K,  56% used [0x00000000e6ab0000, 0x00000000e76b4fa8, 0x00000000e8000000)
  to   space 21824K,   0% used [0x00000000e5560000, 0x00000000e5560000, 0x00000000e6ab0000)
 concurrent mark-sweep generation total 393216K, used 37798K [0x00000000e8000000, 0x0000000100000000, 0x0000000100000000)
 Metaspace       used 41771K, capacity 42362K, committed 42476K, reserved 1087488K
  class space    used 4397K, capacity 4561K, committed 4604K, reserved 1048576K
2015-12-06T21:50:31.770+0530: 6998.064: [GC (Allocation Failure) 6998.064: [ParNew
Desired survivor size 20112992 bytes, new threshold 8 (max 8)
- age   1:    1200248 bytes,    1200248 total
- age   2:     120928 bytes,    1321176 total
- age   3:      63000 bytes,    1384176 total
- age   4:      43256 bytes,    1427432 total
- age   5:    3494104 bytes,    4921536 total
- age   6:    2154384 bytes,    7075920 total
- age   7:     293344 bytes,    7369264 total
- age   8:     105696 bytes,    7474960 total
: 99731K->8300K(109248K), 0.0247748 secs] 137530K->46195K(502464K), 0.0251530 secs] [Times: user=0.03 sys=0.00, real=0.03 secs] 
Heap after GC invocations=186 (full 2):
 par new generation   total 109248K, used 8300K [0x00000000e0000000, 0x00000000e8000000, 0x00000000e8000000)
  eden space 87424K,   0% used [0x00000000e0000000, 0x00000000e0000000, 0x00000000e5560000)
  from space 21824K,  38% used [0x00000000e5560000, 0x00000000e5d7b070, 0x00000000e6ab0000)
  to   space 21824K,   0% used [0x00000000e6ab0000, 0x00000000e6ab0000, 0x00000000e8000000)
 concurrent mark-sweep generation total 393216K, used 37895K [0x00000000e8000000, 0x0000000100000000, 0x0000000100000000)
 Metaspace       used 41771K, capacity 42362K, committed 42476K, reserved 1087488K
  class space    used 4397K, capacity 4561K, committed 4604K, reserved 1048576K
}
2015-12-06T21:50:31.795+0530: 6998.089: Total time for which application threads were stopped: 0.0465116 seconds, Stopping threads took: 0.0207773 seconds
{Heap before GC invocations=186 (full 2):
 par new generation   total 109248K, used 95724K [0x00000000e0000000, 0x00000000e8000000, 0x00000000e8000000)
  eden space 87424K, 100% used [0x00000000e0000000, 0x00000000e5560000, 0x00000000e5560000)
  from space 21824K,  38% used [0x00000000e5560000, 0x00000000e5d7b070, 0x00000000e6ab0000)
  to   space 21824K,   0% used [0x00000000e6ab0000, 0x00000000e6ab0000, 0x00000000e8000000)
 concurrent mark-sweep generation total 393216K, used 37895K [0x00000000e8000000, 0x0000000100000000, 0x0000000100000000)
 Metaspace       used 41772K, capacity 42362K, committed 42476K, reserved 1087488K
  class space    used 4397K, capacity 4561K, committed 4604K, reserved 1048576K
2015-12-06T21:50:31.834+0530: 6998.128: [GC (Allocation Failure) 6998.128: [ParNew
Desired survivor size 20112992 bytes, new threshold 8 (max 8)
- age   1:    1223416 bytes,    1223416 total
- age   2:     102848 bytes,    1326264 total
- age   3:     120496 bytes,    1446760 total
- age   4:      62240 bytes,    1509000 total
- age   5:      43256 bytes,    1552256 total
- age   6:    3494104 bytes,    5046360 total
- age   7:    2154384 bytes,    7200744 total
- age   8:     293344 bytes,    7494088 total
: 95724K->11194K(109248K), 0.0711273 secs] 133619K->49196K(502464K), 0.0714678 secs] [Times: user=0.08 sys=0.00, real=0.07 secs] 
Heap after GC invocations=187 (full 2):
 par new generation   total 109248K, used 11194K [0x00000000e0000000, 0x00000000e8000000, 0x00000000e8000000)
  eden space 87424K,   0% used [0x00000000e0000000, 0x00000000e0000000, 0x00000000e5560000)
  from space 21824K,  51% used [0x00000000e6ab0000, 0x00000000e759eba8, 0x00000000e8000000)
  to   space 21824K,   0% used [0x00000000e5560000, 0x00000000e5560000, 0x00000000e6ab0000)
 concurrent mark-sweep generation total 393216K, used 38001K [0x00000000e8000000, 0x0000000100000000, 0x0000000100000000)
 Metaspace       used 41772K, capacity 42362K, committed 42476K, reserved 1087488K
  class space    used 4397K, capacity 4561K, committed 4604K, reserved 1048576K
}
2015-12-06T21:50:31.906+0530: 6998.200: Total time for which application threads were stopped: 0.0721618 seconds, Stopping threads took: 0.0001304 seconds
{Heap before GC invocations=187 (full 2):
 par new generation   total 109248K, used 98618K [0x00000000e0000000, 0x00000000e8000000, 0x00000000e8000000)
  eden space 87424K, 100% used [0x00000000e0000000, 0x00000000e5560000, 0x00000000e5560000)
  from space 21824K,  51% used [0x00000000e6ab0000, 0x00000000e759eba8, 0x00000000e8000000)
  to   space 21824K,   0% used [0x00000000e5560000, 0x00000000e5560000, 0x00000000e6ab0000)
 concurrent mark-sweep generation total 393216K, used 38001K [0x00000000e8000000, 0x0000000100000000, 0x0000000100000000)
 Metaspace       used 41772K, capacity 42362K, committed 42476K, reserved 1087488K
  class space    used 4397K, capacity 4561K, committed 4604K, reserved 1048576K
2015-12-06T21:50:31.998+0530: 6998.292: [GC (Allocation Failure) 6998.292: [ParNew
Desired survivor size 20112992 bytes, new threshold 8 (max 8)
- age   1:    1235008 bytes,    1235008 total
- age   2:      89424 bytes,    1324432 total
- age   3:     101720 bytes,    1426152 total
- age   4:     120232 bytes,    1546384 total
- age   5:      62024 bytes,    1608408 total
- age   6:      42680 bytes,    1651088 total
- age   7:    3492208 bytes,    5143296 total
- age   8:    2154384 bytes,    7297680 total
: 98618K->8572K(109248K), 0.0389092 secs] 136620K->46863K(502464K), 0.0393609 secs] [Times: user=0.04 sys=0.00, real=0.04 secs] 
Heap after GC invocations=188 (full 2):
 par new generation   total 109248K, used 8572K [0x00000000e0000000, 0x00000000e8000000, 0x00000000e8000000)
  eden space 87424K,   0% used [0x00000000e0000000, 0x00000000e0000000, 0x00000000e5560000)
  from space 21824K,  39% used [0x00000000e5560000, 0x00000000e5dbf0c0, 0x00000000e6ab0000)
  to   space 21824K,   0% used [0x00000000e6ab0000, 0x00000000e6ab0000, 0x00000000e8000000)
 concurrent mark-sweep generation total 393216K, used 38291K [0x00000000e8000000, 0x0000000100000000, 0x0000000100000000)
 Metaspace       used 41772K, capacity 42362K, committed 42476K, reserved 1087488K
  class space    used 4397K, capacity 4561K, committed 4604K, reserved 1048576K
}
2015-12-06T21:50:32.037+0530: 6998.331: Total time for which application threads were stopped: 0.0723411 seconds, Stopping threads took: 0.0323679 seconds
{Heap before GC invocations=188 (full 2):
 par new generation   total 109248K, used 95996K [0x00000000e0000000, 0x00000000e8000000, 0x00000000e8000000)
  eden space 87424K, 100% used [0x00000000e0000000, 0x00000000e5560000, 0x00000000e5560000)
  from space 21824K,  39% used [0x00000000e5560000, 0x00000000e5dbf0c0, 0x00000000e6ab0000)
  to   space 21824K,   0% used [0x00000000e6ab0000, 0x00000000e6ab0000, 0x00000000e8000000)
 concurrent mark-sweep generation total 393216K, used 38291K [0x00000000e8000000, 0x0000000100000000, 0x0000000100000000)
 Metaspace       used 41774K, capacity 42362K, committed 42476K, reserved 1087488K
  class space    used 4398K, capacity 4561K, committed 4604K, reserved 1048576K
2015-12-06T21:50:32.171+0530: 6998.465: [GC (Allocation Failure) 6998.465: [ParNew
Desired survivor size 20112992 bytes, new threshold 8 (max 8)
- age   1:    1183792 bytes,    1183792 total
- age   2:     298392 bytes,    1482184 total
- age   3:      88008 bytes,    1570192 total
- age   4:     101336 bytes,    1671528 total
- age   5:     119632 bytes,    1791160 total
- age   6:      60944 bytes,    1852104 total
- age   7:      41672 bytes,    1893776 total
- age   8:    2367064 bytes,    4260840 total
: 95996K->7752K(109248K), 0.0342254 secs] 134287K->48158K(502464K), 0.0345359 secs] [Times: user=0.05 sys=0.00, real=0.04 secs] 
Heap after GC invocations=189 (full 2):
 par new generation   total 109248K, used 7752K [0x00000000e0000000, 0x00000000e8000000, 0x00000000e8000000)
  eden space 87424K,   0% used [0x00000000e0000000, 0x00000000e0000000, 0x00000000e5560000)
  from space 21824K,  35% used [0x00000000e6ab0000, 0x00000000e7242318, 0x00000000e8000000)
  to   space 21824K,   0% used [0x00000000e5560000, 0x00000000e5560000, 0x00000000e6ab0000)
 concurrent mark-sweep generation total 393216K, used 40405K [0x00000000e8000000, 0x0000000100000000, 0x0000000100000000)
 Metaspace       used 41774K, capacity 42362K, committed 42476K, reserved 1087488K
  class space    used 4398K, capacity 4561K, committed 4604K, reserved 1048576K
}
2015-12-06T21:50:32.206+0530: 6998.500: Total time for which application threads were stopped: 0.0350524 seconds, Stopping threads took: 0.0000431 seconds
2015-12-06T21:50:32.743+0530: 6999.037: Total time for which application threads were stopped: 0.0002640 seconds, Stopping threads took: 0.0000331 seconds
2015-12-06T21:50:32.744+0530: 6999.038: Total time for which application threads were stopped: 0.0001609 seconds, Stopping threads took: 0.0000194 seconds
2015-12-06T21:50:32.744+0530: 6999.038: Total time for which application threads were stopped: 0.0001335 seconds, Stopping threads took: 0.0000168 seconds
2015-12-06T21:50:32.744+0530: 6999.038: Total time for which application threads were stopped: 0.0001582 seconds, Stopping threads took: 0.0000441 seconds
2015-12-06T21:50:32.744+0530: 6999.038: Total time for which application threads were stopped: 0.0001133 seconds, Stopping threads took: 0.0000192 seconds
2015-12-06T21:50:32.745+0530: 6999.038: Total time for which application threads were stopped: 0.0001109 seconds, Stopping threads took: 0.0000216 seconds
2015-12-06T21:50:32.745+0530: 6999.039: Total time for which application threads were stopped: 0.0001036 seconds, Stopping threads took: 0.0000241 seconds
2015-12-06T21:50:33.173+0530: 6999.467: Total time for which application threads were stopped: 0.0004463 seconds, Stopping threads took: 0.0001955 seconds
2015-12-06T21:50:33.176+0530: 6999.470: Total time for which application threads were stopped: 0.0004364 seconds, Stopping threads took: 0.0001880 seconds
2015-12-06T21:50:33.182+0530: 6999.475: Total time for which application threads were stopped: 0.0003041 seconds, Stopping threads took: 0.0000392 seconds
{Heap before GC invocations=189 (full 2):
 par new generation   total 109248K, used 95176K [0x00000000e0000000, 0x00000000e8000000, 0x00000000e8000000)
  eden space 87424K, 100% used [0x00000000e0000000, 0x00000000e5560000, 0x00000000e5560000)
  from space 21824K,  35% used [0x00000000e6ab0000, 0x00000000e7242318, 0x00000000e8000000)
  to   space 21824K,   0% used [0x00000000e5560000, 0x00000000e5560000, 0x00000000e6ab0000)
 concurrent mark-sweep generation total 393216K, used 40405K [0x00000000e8000000, 0x0000000100000000, 0x0000000100000000)
 Metaspace       used 41821K, capacity 42426K, committed 42476K, reserved 1087488K
  class space    used 4398K, capacity 4561K, committed 4604K, reserved 1048576K
2015-12-06T21:50:33.258+0530: 6999.552: [GC (Allocation Failure) 6999.552: [ParNew
Desired survivor size 20112992 bytes, new threshold 8 (max 8)
- age   1:    4785424 bytes,    4785424 total
- age   2:     984760 bytes,    5770184 total
- age   3:     298392 bytes,    6068576 total
- age   4:      88008 bytes,    6156584 total
- age   5:     101336 bytes,    6257920 total
- age   6:     119632 bytes,    6377552 total
- age   7:      60944 bytes,    6438496 total
- age   8:      41672 bytes,    6480168 total
: 95176K->7574K(109248K), 0.0286920 secs] 135582K->48632K(502464K), 0.0291266 secs] [Times: user=0.04 sys=0.00, real=0.03 secs] 
Heap after GC invocations=190 (full 2):
 par new generation   total 109248K, used 7574K [0x00000000e0000000, 0x00000000e8000000, 0x00000000e8000000)
  eden space 87424K,   0% used [0x00000000e0000000, 0x00000000e0000000, 0x00000000e5560000)
  from space 21824K,  34% used [0x00000000e5560000, 0x00000000e5cc5b58, 0x00000000e6ab0000)
  to   space 21824K,   0% used [0x00000000e6ab0000, 0x00000000e6ab0000, 0x00000000e8000000)
 concurrent mark-sweep generation total 393216K, used 41057K [0x00000000e8000000, 0x0000000100000000, 0x0000000100000000)
 Metaspace       used 41821K, capacity 42426K, committed 42476K, reserved 1087488K
  class space    used 4398K, capacity 4561K, committed 4604K, reserved 1048576K
}
2015-12-06T21:50:33.287+0530: 6999.581: Total time for which application threads were stopped: 0.0416191 seconds, Stopping threads took: 0.0117602 seconds
{Heap before GC invocations=190 (full 2):
 par new generation   total 109248K, used 94998K [0x00000000e0000000, 0x00000000e8000000, 0x00000000e8000000)
  eden space 87424K, 100% used [0x00000000e0000000, 0x00000000e5560000, 0x00000000e5560000)
  from space 21824K,  34% used [0x00000000e5560000, 0x00000000e5cc5b58, 0x00000000e6ab0000)
  to   space 21824K,   0% used [0x00000000e6ab0000, 0x00000000e6ab0000, 0x00000000e8000000)
 concurrent mark-sweep generation total 393216K, used 41057K [0x00000000e8000000, 0x0000000100000000, 0x0000000100000000)
 Metaspace       used 41822K, capacity 42426K, committed 42476K, reserved 1087488K
  class space    used 4398K, capacity 4561K, committed 4604K, reserved 1048576K
2015-12-06T21:50:33.316+0530: 6999.610: [GC (Allocation Failure) 6999.610: [ParNew
Desired survivor size 20112992 bytes, new threshold 8 (max 8)
- age   1:     363976 bytes,     363976 total
- age   2:    4530064 bytes,    4894040 total
- age   3:     984760 bytes,    5878800 total
- age   4:     298392 bytes,    6177192 total
- age   5:      88008 bytes,    6265200 total
- age   6:     101336 bytes,    6366536 total
- age   7:     119632 bytes,    6486168 total
- age   8:      60944 bytes,    6547112 total
: 94998K->10614K(109248K), 0.0199902 secs] 136056K->51715K(502464K), 0.0203198 secs] [Times: user=0.04 sys=0.00, real=0.02 secs] 
Heap after GC invocations=191 (full 2):
 par new generation   total 109248K, used 10614K [0x00000000e0000000, 0x00000000e8000000, 0x00000000e8000000)
  eden space 87424K,   0% used [0x00000000e0000000, 0x00000000e0000000, 0x00000000e5560000)
  from space 21824K,  48% used [0x00000000e6ab0000, 0x00000000e750da40, 0x00000000e8000000)
  to   space 21824K,   0% used [0x00000000e5560000, 0x00000000e5560000, 0x00000000e6ab0000)
 concurrent mark-sweep generation total 393216K, used 41100K [0x00000000e8000000, 0x0000000100000000, 0x0000000100000000)
 Metaspace       used 41822K, capacity 42426K, committed 42476K, reserved 1087488K
  class space    used 4398K, capacity 4561K, committed 4604K, reserved 1048576K
}
2015-12-06T21:50:33.337+0530: 6999.630: Total time for which application threads were stopped: 0.0209970 seconds, Stopping threads took: 0.0001879 seconds
{Heap before GC invocations=191 (full 2):
 par new generation   total 109248K, used 98038K [0x00000000e0000000, 0x00000000e8000000, 0x00000000e8000000)
  eden space 87424K, 100% used [0x00000000e0000000, 0x00000000e5560000, 0x00000000e5560000)
  from space 21824K,  48% used [0x00000000e6ab0000, 0x00000000e750da40, 0x00000000e8000000)
  to   space 21824K,   0% used [0x00000000e5560000, 0x00000000e5560000, 0x00000000e6ab0000)
 concurrent mark-sweep generation total 393216K, used 41100K [0x00000000e8000000, 0x0000000100000000, 0x0000000100000000)
 Metaspace       used 41822K, capacity 42426K, committed 42476K, reserved 1087488K
  class space    used 4398K, capacity 4561K, committed 4604K, reserved 1048576K
2015-12-06T21:50:33.383+0530: 6999.677: [GC (Allocation Failure) 6999.677: [ParNew
Desired survivor size 20112992 bytes, new threshold 8 (max 8)
- age   1:    1025520 bytes,    1025520 total
- age   2:      41248 bytes,    1066768 total
- age   3:    4528000 bytes,    5594768 total
- age   4:     984760 bytes,    6579528 total
- age   5:     298392 bytes,    6877920 total
- age   6:      88008 bytes,    6965928 total
- age   7:     101336 bytes,    7067264 total
- age   8:     119632 bytes,    7186896 total
: 98038K->8774K(109248K), 0.0365822 secs] 139139K->49936K(502464K), 0.0370713 secs] [Times: user=0.05 sys=0.00, real=0.03 secs] 
Heap after GC invocations=192 (full 2):
 par new generation   total 109248K, used 8774K [0x00000000e0000000, 0x00000000e8000000, 0x00000000e8000000)
  eden space 87424K,   0% used [0x00000000e0000000, 0x00000000e0000000, 0x00000000e5560000)
  from space 21824K,  40% used [0x00000000e5560000, 0x00000000e5df18a0, 0x00000000e6ab0000)
  to   space 21824K,   0% used [0x00000000e6ab0000, 0x00000000e6ab0000, 0x00000000e8000000)
 concurrent mark-sweep generation total 393216K, used 41161K [0x00000000e8000000, 0x0000000100000000, 0x0000000100000000)
 Metaspace       used 41822K, capacity 42426K, committed 42476K, reserved 1087488K
  class space    used 4398K, capacity 4561K, committed 4604K, reserved 1048576K
}
2015-12-06T21:50:33.420+0530: 6999.714: Total time for which application threads were stopped: 0.0550803 seconds, Stopping threads took: 0.0173112 seconds
{Heap before GC invocations=192 (full 2):
 par new generation   total 109248K, used 96198K [0x00000000e0000000, 0x00000000e8000000, 0x00000000e8000000)
  eden space 87424K, 100% used [0x00000000e0000000, 0x00000000e5560000, 0x00000000e5560000)
  from space 21824K,  40% used [0x00000000e5560000, 0x00000000e5df18a0, 0x00000000e6ab0000)
  to   space 21824K,   0% used [0x00000000e6ab0000, 0x00000000e6ab0000, 0x00000000e8000000)
 concurrent mark-sweep generation total 393216K, used 41161K [0x00000000e8000000, 0x0000000100000000, 0x0000000100000000)
 Metaspace       used 41822K, capacity 42426K, committed 42476K, reserved 1087488K
  class space    used 4398K, capacity 4561K, committed 4604K, reserved 1048576K
2015-12-06T21:50:33.454+0530: 6999.748: [GC (Allocation Failure) 6999.748: [ParNew
Desired survivor size 20112992 bytes, new threshold 8 (max 8)
- age   1:     823480 bytes,     823480 total
- age   2:      55184 bytes,     878664 total
- age   3:      40952 bytes,     919616 total
- age   4:    4528000 bytes,    5447616 total
- age   5:     984760 bytes,    6432376 total
- age   6:     298392 bytes,    6730768 total
- age   7:      88008 bytes,    6818776 total
- age   8:     101336 bytes,    6920112 total
: 96198K->8992K(109248K), 0.0427670 secs] 137360K->50273K(502464K), 0.0431333 secs] [Times: user=0.05 sys=0.00, real=0.04 secs] 
Heap after GC invocations=193 (full 2):
 par new generation   total 109248K, used 8992K [0x00000000e0000000, 0x00000000e8000000, 0x00000000e8000000)
  eden space 87424K,   0% used [0x00000000e0000000, 0x00000000e0000000, 0x00000000e5560000)
  from space 21824K,  41% used [0x00000000e6ab0000, 0x00000000e7378230, 0x00000000e8000000)
  to   space 21824K,   0% used [0x00000000e5560000, 0x00000000e5560000, 0x00000000e6ab0000)
 concurrent mark-sweep generation total 393216K, used 41281K [0x00000000e8000000, 0x0000000100000000, 0x0000000100000000)
 Metaspace       used 41822K, capacity 42426K, committed 42476K, reserved 1087488K
  class space    used 4398K, capacity 4561K, committed 4604K, reserved 1048576K
}
2015-12-06T21:50:33.498+0530: 6999.791: Total time for which application threads were stopped: 0.0441203 seconds, Stopping threads took: 0.0004972 seconds
{Heap before GC invocations=193 (full 2):
 par new generation   total 109248K, used 96416K [0x00000000e0000000, 0x00000000e8000000, 0x00000000e8000000)
  eden space 87424K, 100% used [0x00000000e0000000, 0x00000000e5560000, 0x00000000e5560000)
  from space 21824K,  41% used [0x00000000e6ab0000, 0x00000000e7378230, 0x00000000e8000000)
  to   space 21824K,   0% used [0x00000000e5560000, 0x00000000e5560000, 0x00000000e6ab0000)
 concurrent mark-sweep generation total 393216K, used 41281K [0x00000000e8000000, 0x0000000100000000, 0x0000000100000000)
 Metaspace       used 41822K, capacity 42426K, committed 42476K, reserved 1087488K
  class space    used 4398K, capacity 4561K, committed 4604K, reserved 1048576K
2015-12-06T21:50:33.588+0530: 6999.882: [GC (Allocation Failure) 6999.883: [ParNew
Desired survivor size 20112992 bytes, new threshold 8 (max 8)
- age   1:     876400 bytes,     876400 total
- age   2:     105736 bytes,     982136 total
- age   3:      55184 bytes,    1037320 total
- age   4:      40952 bytes,    1078272 total
- age   5:    4528000 bytes,    5606272 total
- age   6:     984760 bytes,    6591032 total
- age   7:     298392 bytes,    6889424 total
- age   8:      88008 bytes,    6977432 total
: 96416K->9074K(109248K), 0.0413146 secs] 137697K->50456K(502464K), 0.0416697 secs] [Times: user=0.05 sys=0.00, real=0.04 secs] 
Heap after GC invocations=194 (full 2):
 par new generation   total 109248K, used 9074K [0x00000000e0000000, 0x00000000e8000000, 0x00000000e8000000)
  eden space 87424K,   0% used [0x00000000e0000000, 0x00000000e0000000, 0x00000000e5560000)
  from space 21824K,  41% used [0x00000000e5560000, 0x00000000e5e3c8b8, 0x00000000e6ab0000)
  to   space 21824K,   0% used [0x00000000e6ab0000, 0x00000000e6ab0000, 0x00000000e8000000)
 concurrent mark-sweep generation total 393216K, used 41382K [0x00000000e8000000, 0x0000000100000000, 0x0000000100000000)
 Metaspace       used 41822K, capacity 42426K, committed 42476K, reserved 1087488K
  class space    used 4398K, capacity 4561K, committed 4604K, reserved 1048576K
}
2015-12-06T21:50:33.630+0530: 6999.924: Total time for which application threads were stopped: 0.0654906 seconds, Stopping threads took: 0.0231888 seconds
{Heap before GC invocations=194 (full 2):
 par new generation   total 109248K, used 96498K [0x00000000e0000000, 0x00000000e8000000, 0x00000000e8000000)
  eden space 87424K, 100% used [0x00000000e0000000, 0x00000000e5560000, 0x00000000e5560000)
  from space 21824K,  41% used [0x00000000e5560000, 0x00000000e5e3c8b8, 0x00000000e6ab0000)
  to   space 21824K,   0% used [0x00000000e6ab0000, 0x00000000e6ab0000, 0x00000000e8000000)
 concurrent mark-sweep generation total 393216K, used 41382K [0x00000000e8000000, 0x0000000100000000, 0x0000000100000000)
 Metaspace       used 41822K, capacity 42426K, committed 42476K, reserved 1087488K
  class space    used 4398K, capacity 4561K, committed 4604K, reserved 1048576K
2015-12-06T21:50:33.714+0530: 7000.008: [GC (Allocation Failure) 7000.008: [ParNew
Desired survivor size 20112992 bytes, new threshold 8 (max 8)
- age   1:     509152 bytes,     509152 total
- age   2:     110760 bytes,     619912 total
- age   3:     104816 bytes,     724728 total
- age   4:      53664 bytes,     778392 total
- age   5:      40952 bytes,     819344 total
- age   6:    4528000 bytes,    5347344 total
- age   7:     984760 bytes,    6332104 total
- age   8:     298392 bytes,    6630496 total
: 96498K->8908K(109248K), 0.0271041 secs] 137880K->50378K(502464K), 0.0275086 secs] [Times: user=0.04 sys=0.00, real=0.03 secs] 
Heap after GC invocations=195 (full 2):
 par new generation   total 109248K, used 8908K [0x00000000e0000000, 0x00000000e8000000, 0x00000000e8000000)
  eden space 87424K,   0% used [0x00000000e0000000, 0x00000000e0000000, 0x00000000e5560000)
  from space 21824K,  40% used [0x00000000e6ab0000, 0x00000000e73632b0, 0x00000000e8000000)
  to   space 21824K,   0% used [0x00000000e5560000, 0x00000000e5560000, 0x00000000e6ab0000)
 concurrent mark-sweep generation total 393216K, used 41470K [0x00000000e8000000, 0x0000000100000000, 0x0000000100000000)
 Metaspace       used 41822K, capacity 42426K, committed 42476K, reserved 1087488K
  class space    used 4398K, capacity 4561K, committed 4604K, reserved 1048576K
}
2015-12-06T21:50:33.741+0530: 7000.035: Total time for which application threads were stopped: 0.0281972 seconds, Stopping threads took: 0.0000985 seconds
{Heap before GC invocations=195 (full 2):
 par new generation   total 109248K, used 96332K [0x00000000e0000000, 0x00000000e8000000, 0x00000000e8000000)
  eden space 87424K, 100% used [0x00000000e0000000, 0x00000000e5560000, 0x00000000e5560000)
  from space 21824K,  40% used [0x00000000e6ab0000, 0x00000000e73632b0, 0x00000000e8000000)
  to   space 21824K,   0% used [0x00000000e5560000, 0x00000000e5560000, 0x00000000e6ab0000)
 concurrent mark-sweep generation total 393216K, used 41470K [0x00000000e8000000, 0x0000000100000000, 0x0000000100000000)
 Metaspace       used 41822K, capacity 42426K, committed 42476K, reserved 1087488K
  class space    used 4398K, capacity 4561K, committed 4604K, reserved 1048576K
2015-12-06T21:50:33.882+0530: 7000.176: [GC (Allocation Failure) 7000.176: [ParNew
Desired survivor size 20112992 bytes, new threshold 8 (max 8)
- age   1:     910856 bytes,     910856 total
- age   2:      96888 bytes,    1007744 total
- age   3:     110760 bytes,    1118504 total
- age   4:     104816 bytes,    1223320 total
- age   5:      53664 bytes,    1276984 total
- age   6:      40952 bytes,    1317936 total
- age   7:    4528000 bytes,    5845936 total
- age   8:     984760 bytes,    6830696 total
: 96332K->8297K(109248K), 0.0464189 secs] 137802K->50062K(502464K), 0.0467026 secs] [Times: user=0.06 sys=0.00, real=0.04 secs] 
Heap after GC invocations=196 (full 2):
 par new generation   total 109248K, used 8297K [0x00000000e0000000, 0x00000000e8000000, 0x00000000e8000000)
  eden space 87424K,   0% used [0x00000000e0000000, 0x00000000e0000000, 0x00000000e5560000)
  from space 21824K,  38% used [0x00000000e5560000, 0x00000000e5d7a650, 0x00000000e6ab0000)
  to   space 21824K,   0% used [0x00000000e6ab0000, 0x00000000e6ab0000, 0x00000000e8000000)
 concurrent mark-sweep generation total 393216K, used 41765K [0x00000000e8000000, 0x0000000100000000, 0x0000000100000000)
 Metaspace       used 41822K, capacity 42426K, committed 42476K, reserved 1087488K
  class space    used 4398K, capacity 4561K, committed 4604K, reserved 1048576K
}
2015-12-06T21:50:33.929+0530: 7000.222: Total time for which application threads were stopped: 0.0658733 seconds, Stopping threads took: 0.0185835 seconds
{Heap before GC invocations=196 (full 2):
 par new generation   total 109248K, used 95721K [0x00000000e0000000, 0x00000000e8000000, 0x00000000e8000000)
  eden space 87424K, 100% used [0x00000000e0000000, 0x00000000e5560000, 0x00000000e5560000)
  from space 21824K,  38% used [0x00000000e5560000, 0x00000000e5d7a650, 0x00000000e6ab0000)
  to   space 21824K,   0% used [0x00000000e6ab0000, 0x00000000e6ab0000, 0x00000000e8000000)
 concurrent mark-sweep generation total 393216K, used 41765K [0x00000000e8000000, 0x0000000100000000, 0x0000000100000000)
 Metaspace       used 41822K, capacity 42426K, committed 42476K, reserved 1087488K
  class space    used 4398K, capacity 4561K, committed 4604K, reserved 1048576K
2015-12-06T21:50:33.997+0530: 7000.291: [GC (Allocation Failure) 7000.292: [ParNew
Desired survivor size 20112992 bytes, new threshold 8 (max 8)
- age   1:     658232 bytes,     658232 total
- age   2:      82952 bytes,     741184 total
- age   3:      96000 bytes,     837184 total
- age   4:     110472 bytes,     947656 total
- age   5:     104384 bytes,    1052040 total
- age   6:      53088 bytes,    1105128 total
- age   7:      40232 bytes,    1145360 total
- age   8:    4526952 bytes,    5672312 total
: 95721K->8749K(109248K), 0.0183177 secs] 137486K->51480K(502464K), 0.0187063 secs] [Times: user=0.05 sys=0.00, real=0.02 secs] 
Heap after GC invocations=197 (full 2):
 par new generation   total 109248K, used 8749K [0x00000000e0000000, 0x00000000e8000000, 0x00000000e8000000)
  eden space 87424K,   0% used [0x00000000e0000000, 0x00000000e0000000, 0x00000000e5560000)
  from space 21824K,  40% used [0x00000000e6ab0000, 0x00000000e733b480, 0x00000000e8000000)
  to   space 21824K,   0% used [0x00000000e5560000, 0x00000000e5560000, 0x00000000e6ab0000)
 concurrent mark-sweep generation total 393216K, used 42731K [0x00000000e8000000, 0x0000000100000000, 0x0000000100000000)
 Metaspace       used 41822K, capacity 42426K, committed 42476K, reserved 1087488K
  class space    used 4398K, capacity 4561K, committed 4604K, reserved 1048576K
}
2015-12-06T21:50:34.016+0530: 7000.310: Total time for which application threads were stopped: 0.0196504 seconds, Stopping threads took: 0.0004118 seconds
2015-12-06T21:50:34.524+0530: 7000.818: Total time for which application threads were stopped: 0.0005380 seconds, Stopping threads took: 0.0000710 seconds
2015-12-06T21:50:34.525+0530: 7000.819: Total time for which application threads were stopped: 0.0005813 seconds, Stopping threads took: 0.0002879 seconds
2015-12-06T21:50:34.528+0530: 7000.822: Total time for which application threads were stopped: 0.0032554 seconds, Stopping threads took: 0.0029306 seconds
2015-12-06T21:50:34.529+0530: 7000.823: Total time for which application threads were stopped: 0.0003529 seconds, Stopping threads took: 0.0001382 seconds
2015-12-06T21:50:34.529+0530: 7000.823: Total time for which application threads were stopped: 0.0002279 seconds, Stopping threads took: 0.0000336 seconds
2015-12-06T21:50:34.952+0530: 7001.246: Total time for which application threads were stopped: 0.0004733 seconds, Stopping threads took: 0.0000505 seconds
2015-12-06T21:50:34.956+0530: 7001.250: Total time for which application threads were stopped: 0.0002800 seconds, Stopping threads took: 0.0000505 seconds
2015-12-06T21:50:35.505+0530: 7001.799: Total time for which application threads were stopped: 0.0008260 seconds, Stopping threads took: 0.0001671 seconds
{Heap before GC invocations=197 (full 2):
 par new generation   total 109248K, used 96169K [0x00000000e0000000, 0x00000000e8000000, 0x00000000e8000000)
  eden space 87424K,  99% used [0x00000000e0000000, 0x00000000e555f170, 0x00000000e5560000)
  from space 21824K,  40% used [0x00000000e6ab0000, 0x00000000e733b480, 0x00000000e8000000)
  to   space 21824K,   0% used [0x00000000e5560000, 0x00000000e5560000, 0x00000000e6ab0000)
 concurrent mark-sweep generation total 393216K, used 42731K [0x00000000e8000000, 0x0000000100000000, 0x0000000100000000)
 Metaspace       used 41837K, capacity 42458K, committed 42476K, reserved 1087488K
  class space    used 4400K, capacity 4593K, committed 4604K, reserved 1048576K
2015-12-06T21:50:35.554+0530: 7001.848: [GC (Allocation Failure) 7001.848: [ParNew
Desired survivor size 20112992 bytes, new threshold 8 (max 8)
- age   1:    5661224 bytes,    5661224 total
- age   2:     116288 bytes,    5777512 total
- age   3:      82448 bytes,    5859960 total
- age   4:      94408 bytes,    5954368 total
- age   5:     109896 bytes,    6064264 total
- age   6:     103784 bytes,    6168048 total
- age   7:      52320 bytes,    6220368 total
- age   8:      39344 bytes,    6259712 total
: 96169K->7818K(109248K), 0.0305499 secs] 138900K->52192K(502464K), 0.0308699 secs] [Times: user=0.05 sys=0.00, real=0.03 secs] 
Heap after GC invocations=198 (full 2):
 par new generation   total 109248K, used 7818K [0x00000000e0000000, 0x00000000e8000000, 0x00000000e8000000)
  eden space 87424K,   0% used [0x00000000e0000000, 0x00000000e0000000, 0x00000000e5560000)
  from space 21824K,  35% used [0x00000000e5560000, 0x00000000e5d02958, 0x00000000e6ab0000)
  to   space 21824K,   0% used [0x00000000e6ab0000, 0x00000000e6ab0000, 0x00000000e8000000)
 concurrent mark-sweep generation total 393216K, used 44373K [0x00000000e8000000, 0x0000000100000000, 0x0000000100000000)
 Metaspace       used 41837K, capacity 42458K, committed 42476K, reserved 1087488K
  class space    used 4400K, capacity 4593K, committed 4604K, reserved 1048576K
}
2015-12-06T21:50:35.585+0530: 7001.879: Total time for which application threads were stopped: 0.0334218 seconds, Stopping threads took: 0.0018356 seconds
{Heap before GC invocations=198 (full 2):
 par new generation   total 109248K, used 95242K [0x00000000e0000000, 0x00000000e8000000, 0x00000000e8000000)
  eden space 87424K, 100% used [0x00000000e0000000, 0x00000000e5560000, 0x00000000e5560000)
  from space 21824K,  35% used [0x00000000e5560000, 0x00000000e5d02958, 0x00000000e6ab0000)
  to   space 21824K,   0% used [0x00000000e6ab0000, 0x00000000e6ab0000, 0x00000000e8000000)
 concurrent mark-sweep generation total 393216K, used 44373K [0x00000000e8000000, 0x0000000100000000, 0x0000000100000000)
 Metaspace       used 41837K, capacity 42458K, committed 42476K, reserved 1087488K
  class space    used 4400K, capacity 4593K, committed 4604K, reserved 1048576K
2015-12-06T21:50:35.609+0530: 7001.903: [GC (Allocation Failure) 7001.903: [ParNew
Desired survivor size 20112992 bytes, new threshold 8 (max 8)
- age   1:    1476248 bytes,    1476248 total
- age   2:    5189200 bytes,    6665448 total
- age   3:     116288 bytes,    6781736 total
- age   4:      82448 bytes,    6864184 total
- age   5:      94408 bytes,    6958592 total
- age   6:     109896 bytes,    7068488 total
- age   7:     103784 bytes,    7172272 total
- age   8:      52320 bytes,    7224592 total
: 95242K->9267K(109248K), 0.0592459 secs] 139616K->53681K(502464K), 0.0594737 secs] [Times: user=0.07 sys=0.01, real=0.06 secs] 
Heap after GC invocations=199 (full 2):
 par new generation   total 109248K, used 9267K [0x00000000e0000000, 0x00000000e8000000, 0x00000000e8000000)
  eden space 87424K,   0% used [0x00000000e0000000, 0x00000000e0000000, 0x00000000e5560000)
  from space 21824K,  42% used [0x00000000e6ab0000, 0x00000000e73bcc80, 0x00000000e8000000)
  to   space 21824K,   0% used [0x00000000e5560000, 0x00000000e5560000, 0x00000000e6ab0000)
 concurrent mark-sweep generation total 393216K, used 44414K [0x00000000e8000000, 0x0000000100000000, 0x0000000100000000)
 Metaspace       used 41837K, capacity 42458K, committed 42476K, reserved 1087488K
  class space    used 4400K, capacity 4593K, committed 4604K, reserved 1048576K
}
2015-12-06T21:50:35.669+0530: 7001.963: Total time for which application threads were stopped: 0.0606002 seconds, Stopping threads took: 0.0006697 seconds
{Heap before GC invocations=199 (full 2):
 par new generation   total 109248K, used 96691K [0x00000000e0000000, 0x00000000e8000000, 0x00000000e8000000)
  eden space 87424K, 100% used [0x00000000e0000000, 0x00000000e5560000, 0x00000000e5560000)
  from space 21824K,  42% used [0x00000000e6ab0000, 0x00000000e73bcc80, 0x00000000e8000000)
  to   space 21824K,   0% used [0x00000000e5560000, 0x00000000e5560000, 0x00000000e6ab0000)
 concurrent mark-sweep generation total 393216K, used 44414K [0x00000000e8000000, 0x0000000100000000, 0x0000000100000000)
 Metaspace       used 41837K, capacity 42458K, committed 42476K, reserved 1087488K
  class space    used 4400K, capacity 4593K, committed 4604K, reserved 1048576K
2015-12-06T21:50:35.693+0530: 7001.987: [GC (Allocation Failure) 7001.987: [ParNew
Desired survivor size 20112992 bytes, new threshold 8 (max 8)
- age   1:     638392 bytes,     638392 total
- age   2:     969600 bytes,    1607992 total
- age   3:    5189200 bytes,    6797192 total
- age   4:     116288 bytes,    6913480 total
- age   5:      82448 bytes,    6995928 total
- age   6:      94408 bytes,    7090336 total
- age   7:     109896 bytes,    7200232 total
- age   8:     103784 bytes,    7304016 total
: 96691K->8931K(109248K), 0.0476797 secs] 141105K->53399K(502464K), 0.0480068 secs] [Times: user=0.03 sys=0.00, real=0.05 secs] 
Heap after GC invocations=200 (full 2):
 par new generation   total 109248K, used 8931K [0x00000000e0000000, 0x00000000e8000000, 0x00000000e8000000)
  eden space 87424K,   0% used [0x00000000e0000000, 0x00000000e0000000, 0x00000000e5560000)
  from space 21824K,  40% used [0x00000000e5560000, 0x00000000e5e18e58, 0x00000000e6ab0000)
  to   space 21824K,   0% used [0x00000000e6ab0000, 0x00000000e6ab0000, 0x00000000e8000000)
 concurrent mark-sweep generation total 393216K, used 44467K [0x00000000e8000000, 0x0000000100000000, 0x0000000100000000)
 Metaspace       used 41837K, capacity 42458K, committed 42476K, reserved 1087488K
  class space    used 4400K, capacity 4593K, committed 4604K, reserved 1048576K
}
2015-12-06T21:50:35.742+0530: 7002.036: Total time for which application threads were stopped: 0.0546060 seconds, Stopping threads took: 0.0061058 seconds
{Heap before GC invocations=200 (full 2):
 par new generation   total 109248K, used 96355K [0x00000000e0000000, 0x00000000e8000000, 0x00000000e8000000)
  eden space 87424K, 100% used [0x00000000e0000000, 0x00000000e5560000, 0x00000000e5560000)
  from space 21824K,  40% used [0x00000000e5560000, 0x00000000e5e18e58, 0x00000000e6ab0000)
  to   space 21824K,   0% used [0x00000000e6ab0000, 0x00000000e6ab0000, 0x00000000e8000000)
 concurrent mark-sweep generation total 393216K, used 44467K [0x00000000e8000000, 0x0000000100000000, 0x0000000100000000)
 Metaspace       used 41837K, capacity 42458K, committed 42476K, reserved 1087488K
  class space    used 4400K, capacity 4593K, committed 4604K, reserved 1048576K
2015-12-06T21:50:35.776+0530: 7002.070: [GC (Allocation Failure) 7002.070: [ParNew
Desired survivor size 20112992 bytes, new threshold 8 (max 8)
- age   1:     429464 bytes,     429464 total
- age   2:     246912 bytes,     676376 total
- age   3:     969328 bytes,    1645704 total
- age   4:    5189200 bytes,    6834904 total
- age   5:     116288 bytes,    6951192 total
- age   6:      82448 bytes,    7033640 total
- age   7:      94408 bytes,    7128048 total
- age   8:     109896 bytes,    7237944 total
: 96355K->9513K(109248K), 0.0177828 secs] 140823K->54084K(502464K), 0.0180651 secs] [Times: user=0.04 sys=0.00, real=0.02 secs] 
Heap after GC invocations=201 (full 2):
 par new generation   total 109248K, used 9513K [0x00000000e0000000, 0x00000000e8000000, 0x00000000e8000000)
  eden space 87424K,   0% used [0x00000000e0000000, 0x00000000e0000000, 0x00000000e5560000)
  from space 21824K,  43% used [0x00000000e6ab0000, 0x00000000e73fa430, 0x00000000e8000000)
  to   space 21824K,   0% used [0x00000000e5560000, 0x00000000e5560000, 0x00000000e6ab0000)
 concurrent mark-sweep generation total 393216K, used 44571K [0x00000000e8000000, 0x0000000100000000, 0x0000000100000000)
 Metaspace       used 41837K, capacity 42458K, committed 42476K, reserved 1087488K
  class space    used 4400K, capacity 4593K, committed 4604K, reserved 1048576K
}
2015-12-06T21:50:35.794+0530: 7002.088: Total time for which application threads were stopped: 0.0186760 seconds, Stopping threads took: 0.0001581 seconds
{Heap before GC invocations=201 (full 2):
 par new generation   total 109248K, used 96937K [0x00000000e0000000, 0x00000000e8000000, 0x00000000e8000000)
  eden space 87424K, 100% used [0x00000000e0000000, 0x00000000e5560000, 0x00000000e5560000)
  from space 21824K,  43% used [0x00000000e6ab0000, 0x00000000e73fa430, 0x00000000e8000000)
  to   space 21824K,   0% used [0x00000000e5560000, 0x00000000e5560000, 0x00000000e6ab0000)
 concurrent mark-sweep generation total 393216K, used 44571K [0x00000000e8000000, 0x0000000100000000, 0x0000000100000000)
 Metaspace       used 41837K, capacity 42458K, committed 42476K, reserved 1087488K
  class space    used 4400K, capacity 4593K, committed 4604K, reserved 1048576K
2015-12-06T21:50:35.834+0530: 7002.127: [GC (Allocation Failure) 7002.128: [ParNew
Desired survivor size 20112992 bytes, new threshold 8 (max 8)
- age   1:    1061784 bytes,    1061784 total
- age   2:      85336 bytes,    1147120 total
- age   3:     246768 bytes,    1393888 total
- age   4:     969112 bytes,    2363000 total
- age   5:    5189200 bytes,    7552200 total
- age   6:     116288 bytes,    7668488 total
- age   7:      82448 bytes,    7750936 total
- age   8:      94408 bytes,    7845344 total
: 96937K->10590K(109248K), 0.0465532 secs] 141508K->55271K(502464K), 0.0469384 secs] [Times: user=0.05 sys=0.00, real=0.04 secs] 
Heap after GC invocations=202 (full 2):
 par new generation   total 109248K, used 10590K [0x00000000e0000000, 0x00000000e8000000, 0x00000000e8000000)
  eden space 87424K,   0% used [0x00000000e0000000, 0x00000000e0000000, 0x00000000e5560000)
  from space 21824K,  48% used [0x00000000e5560000, 0x00000000e5fb7940, 0x00000000e6ab0000)
  to   space 21824K,   0% used [0x00000000e6ab0000, 0x00000000e6ab0000, 0x00000000e8000000)
 concurrent mark-sweep generation total 393216K, used 44680K [0x00000000e8000000, 0x0000000100000000, 0x0000000100000000)
 Metaspace       used 41837K, capacity 42458K, committed 42476K, reserved 1087488K
  class space    used 4400K, capacity 4593K, committed 4604K, reserved 1048576K
}
2015-12-06T21:50:35.881+0530: 7002.175: Total time for which application threads were stopped: 0.0515365 seconds, Stopping threads took: 0.0040497 seconds
{Heap before GC invocations=202 (full 2):
 par new generation   total 109248K, used 98014K [0x00000000e0000000, 0x00000000e8000000, 0x00000000e8000000)
  eden space 87424K, 100% used [0x00000000e0000000, 0x00000000e5560000, 0x00000000e5560000)
  from space 21824K,  48% used [0x00000000e5560000, 0x00000000e5fb7940, 0x00000000e6ab0000)
  to   space 21824K,   0% used [0x00000000e6ab0000, 0x00000000e6ab0000, 0x00000000e8000000)
 concurrent mark-sweep generation total 393216K, used 44680K [0x00000000e8000000, 0x0000000100000000, 0x0000000100000000)
 Metaspace       used 41837K, capacity 42458K, committed 42476K, reserved 1087488K
  class space    used 4400K, capacity 4593K, committed 4604K, reserved 1048576K
2015-12-06T21:50:35.958+0530: 7002.252: [GC (Allocation Failure) 7002.252: [ParNew
Desired survivor size 20112992 bytes, new threshold 8 (max 8)
- age   1:    1605200 bytes,    1605200 total
- age   2:      99472 bytes,    1704672 total
- age   3:      85120 bytes,    1789792 total
- age   4:     246496 bytes,    2036288 total
- age   5:     969224 bytes,    3005512 total
- age   6:    5189320 bytes,    8194832 total
- age   7:     116288 bytes,    8311120 total
- age   8:      82448 bytes,    8393568 total
: 98014K->9830K(109248K), 0.0240892 secs] 142695K->54605K(502464K), 0.0243778 secs] [Times: user=0.04 sys=0.00, real=0.03 secs] 
Heap after GC invocations=203 (full 2):
 par new generation   total 109248K, used 9830K [0x00000000e0000000, 0x00000000e8000000, 0x00000000e8000000)
  eden space 87424K,   0% used [0x00000000e0000000, 0x00000000e0000000, 0x00000000e5560000)
  from space 21824K,  45% used [0x00000000e6ab0000, 0x00000000e74498f0, 0x00000000e8000000)
  to   space 21824K,   0% used [0x00000000e5560000, 0x00000000e5560000, 0x00000000e6ab0000)
 concurrent mark-sweep generation total 393216K, used 44775K [0x00000000e8000000, 0x0000000100000000, 0x0000000100000000)
 Metaspace       used 41837K, capacity 42458K, committed 42476K, reserved 1087488K
  class space    used 4400K, capacity 4593K, committed 4604K, reserved 1048576K
}
2015-12-06T21:50:35.982+0530: 7002.276: Total time for which application threads were stopped: 0.0393177 seconds, Stopping threads took: 0.0144634 seconds
{Heap before GC invocations=203 (full 2):
 par new generation   total 109248K, used 97254K [0x00000000e0000000, 0x00000000e8000000, 0x00000000e8000000)
  eden space 87424K, 100% used [0x00000000e0000000, 0x00000000e5560000, 0x00000000e5560000)
  from space 21824K,  45% used [0x00000000e6ab0000, 0x00000000e74498f0, 0x00000000e8000000)
  to   space 21824K,   0% used [0x00000000e5560000, 0x00000000e5560000, 0x00000000e6ab0000)
 concurrent mark-sweep generation total 393216K, used 44775K [0x00000000e8000000, 0x0000000100000000, 0x0000000100000000)
 Metaspace       used 41837K, capacity 42458K, committed 42476K, reserved 1087488K
  class space    used 4400K, capacity 4593K, committed 4604K, reserved 1048576K
2015-12-06T21:50:36.069+0530: 7002.363: [GC (Allocation Failure) 7002.363: [ParNew
Desired survivor size 20112992 bytes, new threshold 8 (max 8)
- age   1:     769264 bytes,     769264 total
- age   2:      99968 bytes,     869232 total
- age   3:      99256 bytes,     968488 total
- age   4:      84848 bytes,    1053336 total
- age   5:     246008 bytes,    1299344 total
- age   6:     969112 bytes,    2268456 total
- age   7:    5189200 bytes,    7457656 total
- age   8:     116288 bytes,    7573944 total
: 97254K->8913K(109248K), 0.0286632 secs] 142029K->53770K(502464K), 0.0289707 secs] [Times: user=0.06 sys=0.00, real=0.03 secs] 
Heap after GC invocations=204 (full 2):
 par new generation   total 109248K, used 8913K [0x00000000e0000000, 0x00000000e8000000, 0x00000000e8000000)
  eden space 87424K,   0% used [0x00000000e0000000, 0x00000000e0000000, 0x00000000e5560000)
  from space 21824K,  40% used [0x00000000e5560000, 0x00000000e5e14480, 0x00000000e6ab0000)
  to   space 21824K,   0% used [0x00000000e6ab0000, 0x00000000e6ab0000, 0x00000000e8000000)
 concurrent mark-sweep generation total 393216K, used 44857K [0x00000000e8000000, 0x0000000100000000, 0x0000000100000000)
 Metaspace       used 41837K, capacity 42458K, committed 42476K, reserved 1087488K
  class space    used 4400K, capacity 4593K, committed 4604K, reserved 1048576K
}
2015-12-06T21:50:36.098+0530: 7002.392: Total time for which application threads were stopped: 0.0369664 seconds, Stopping threads took: 0.0075751 seconds
{Heap before GC invocations=204 (full 2):
 par new generation   total 109248K, used 96337K [0x00000000e0000000, 0x00000000e8000000, 0x00000000e8000000)
  eden space 87424K, 100% used [0x00000000e0000000, 0x00000000e5560000, 0x00000000e5560000)
  from space 21824K,  40% used [0x00000000e5560000, 0x00000000e5e14480, 0x00000000e6ab0000)
  to   space 21824K,   0% used [0x00000000e6ab0000, 0x00000000e6ab0000, 0x00000000e8000000)
 concurrent mark-sweep generation total 393216K, used 44857K [0x00000000e8000000, 0x0000000100000000, 0x0000000100000000)
 Metaspace       used 41842K, capacity 42458K, committed 42476K, reserved 1087488K
  class space    used 4400K, capacity 4593K, committed 4604K, reserved 1048576K
2015-12-06T21:50:36.210+0530: 7002.503: [GC (Allocation Failure) 7002.504: [ParNew
Desired survivor size 20112992 bytes, new threshold 8 (max 8)
- age   1:    1207760 bytes,    1207760 total
- age   2:      84608 bytes,    1292368 total
- age   3:      99488 bytes,    1391856 total
- age   4:      98384 bytes,    1490240 total
- age   5:      84512 bytes,    1574752 total
- age   6:     245504 bytes,    1820256 total
- age   7:     967792 bytes,    2788048 total
- age   8:    4624704 bytes,    7412752 total
: 96337K->9162K(109248K), 0.0210195 secs] 141194K->54137K(502464K), 0.0213449 secs] [Times: user=0.05 sys=0.00, real=0.02 secs] 
Heap after GC invocations=205 (full 2):
 par new generation   total 109248K, used 9162K [0x00000000e0000000, 0x00000000e8000000, 0x00000000e8000000)
  eden space 87424K,   0% used [0x00000000e0000000, 0x00000000e0000000, 0x00000000e5560000)
  from space 21824K,  41% used [0x00000000e6ab0000, 0x00000000e73a29d8, 0x00000000e8000000)
  to   space 21824K,   0% used [0x00000000e5560000, 0x00000000e5560000, 0x00000000e6ab0000)
 concurrent mark-sweep generation total 393216K, used 44974K [0x00000000e8000000, 0x0000000100000000, 0x0000000100000000)
 Metaspace       used 41842K, capacity 42458K, committed 42476K, reserved 1087488K
  class space    used 4400K, capacity 4593K, committed 4604K, reserved 1048576K
}
2015-12-06T21:50:36.231+0530: 7002.525: Total time for which application threads were stopped: 0.0275695 seconds, Stopping threads took: 0.0056694 seconds
2015-12-06T21:50:36.982+0530: 7003.276: Total time for which application threads were stopped: 0.0003739 seconds, Stopping threads took: 0.0000801 seconds
2015-12-06T21:50:37.001+0530: 7003.295: Total time for which application threads were stopped: 0.0003646 seconds, Stopping threads took: 0.0000593 seconds
2015-12-06T21:50:37.003+0530: 7003.297: Total time for which application threads were stopped: 0.0003485 seconds, Stopping threads took: 0.0001202 seconds
{Heap before GC invocations=205 (full 2):
 par new generation   total 109248K, used 96586K [0x00000000e0000000, 0x00000000e8000000, 0x00000000e8000000)
  eden space 87424K, 100% used [0x00000000e0000000, 0x00000000e5560000, 0x00000000e5560000)
  from space 21824K,  41% used [0x00000000e6ab0000, 0x00000000e73a29d8, 0x00000000e8000000)
  to   space 21824K,   0% used [0x00000000e5560000, 0x00000000e5560000, 0x00000000e6ab0000)
 concurrent mark-sweep generation total 393216K, used 44974K [0x00000000e8000000, 0x0000000100000000, 0x0000000100000000)
 Metaspace       used 41852K, capacity 42458K, committed 42476K, reserved 1087488K
  class space    used 4400K, capacity 4593K, committed 4604K, reserved 1048576K
2015-12-06T21:50:37.061+0530: 7003.355: [GC (Allocation Failure) 7003.355: [ParNew
Desired survivor size 20112992 bytes, new threshold 8 (max 8)
- age   1:    2099888 bytes,    2099888 total
- age   2:     615584 bytes,    2715472 total
- age   3:      83960 bytes,    2799432 total
- age   4:      98552 bytes,    2897984 total
- age   5:      97688 bytes,    2995672 total
- age   6:      83672 bytes,    3079344 total
- age   7:      49008 bytes,    3128352 total
- age   8:      41392 bytes,    3169744 total
: 96586K->7261K(109248K), 0.0366857 secs] 141561K->55618K(502464K), 0.0369325 secs] [Times: user=0.06 sys=0.00, real=0.03 secs] 
Heap after GC invocations=206 (full 2):
 par new generation   total 109248K, used 7261K [0x00000000e0000000, 0x00000000e8000000, 0x00000000e8000000)
  eden space 87424K,   0% used [0x00000000e0000000, 0x00000000e0000000, 0x00000000e5560000)
  from space 21824K,  33% used [0x00000000e5560000, 0x00000000e5c77720, 0x00000000e6ab0000)
  to   space 21824K,   0% used [0x00000000e6ab0000, 0x00000000e6ab0000, 0x00000000e8000000)
 concurrent mark-sweep generation total 393216K, used 48356K [0x00000000e8000000, 0x0000000100000000, 0x0000000100000000)
 Metaspace       used 41852K, capacity 42458K, committed 42476K, reserved 1087488K
  class space    used 4400K, capacity 4593K, committed 4604K, reserved 1048576K
}
2015-12-06T21:50:37.098+0530: 7003.392: Total time for which application threads were stopped: 0.0377168 seconds, Stopping threads took: 0.0000393 seconds
{Heap before GC invocations=206 (full 2):
 par new generation   total 109248K, used 94685K [0x00000000e0000000, 0x00000000e8000000, 0x00000000e8000000)
  eden space 87424K, 100% used [0x00000000e0000000, 0x00000000e5560000, 0x00000000e5560000)
  from space 21824K,  33% used [0x00000000e5560000, 0x00000000e5c77720, 0x00000000e6ab0000)
  to   space 21824K,   0% used [0x00000000e6ab0000, 0x00000000e6ab0000, 0x00000000e8000000)
 concurrent mark-sweep generation total 393216K, used 48356K [0x00000000e8000000, 0x0000000100000000, 0x0000000100000000)
 Metaspace       used 41852K, capacity 42458K, committed 42476K, reserved 1087488K
  class space    used 4400K, capacity 4593K, committed 4604K, reserved 1048576K
2015-12-06T21:50:37.710+0530: 7004.003: [GC (Allocation Failure) 7004.004: [ParNew
Desired survivor size 20112992 bytes, new threshold 8 (max 8)
- age   1:    4116632 bytes,    4116632 total
- age   2:    2050064 bytes,    6166696 total
- age   3:     404008 bytes,    6570704 total
- age   4:      83960 bytes,    6654664 total
- age   5:      98552 bytes,    6753216 total
- age   6:      97688 bytes,    6850904 total
- age   7:      83672 bytes,    6934576 total
- age   8:      49008 bytes,    6983584 total
: 94685K->7979K(109248K), 0.0356174 secs] 143042K->56378K(502464K), 0.0359682 secs] [Times: user=0.04 sys=0.00, real=0.04 secs] 
Heap after GC invocations=207 (full 2):
 par new generation   total 109248K, used 7979K [0x00000000e0000000, 0x00000000e8000000, 0x00000000e8000000)
  eden space 87424K,   0% used [0x00000000e0000000, 0x00000000e0000000, 0x00000000e5560000)
  from space 21824K,  36% used [0x00000000e6ab0000, 0x00000000e727ac80, 0x00000000e8000000)
  to   space 21824K,   0% used [0x00000000e5560000, 0x00000000e5560000, 0x00000000e6ab0000)
 concurrent mark-sweep generation total 393216K, used 48399K [0x00000000e8000000, 0x0000000100000000, 0x0000000100000000)
 Metaspace       used 41852K, capacity 42458K, committed 42476K, reserved 1087488K
  class space    used 4400K, capacity 4593K, committed 4604K, reserved 1048576K
}
2015-12-06T21:50:37.746+0530: 7004.040: Total time for which application threads were stopped: 0.0483346 seconds, Stopping threads took: 0.0116833 seconds
{Heap before GC invocations=207 (full 2):
 par new generation   total 109248K, used 95391K [0x00000000e0000000, 0x00000000e8000000, 0x00000000e8000000)
  eden space 87424K,  99% used [0x00000000e0000000, 0x00000000e555d260, 0x00000000e5560000)
  from space 21824K,  36% used [0x00000000e6ab0000, 0x00000000e727ac80, 0x00000000e8000000)
  to   space 21824K,   0% used [0x00000000e5560000, 0x00000000e5560000, 0x00000000e6ab0000)
 concurrent mark-sweep generation total 393216K, used 48399K [0x00000000e8000000, 0x0000000100000000, 0x0000000100000000)
 Metaspace       used 41852K, capacity 42458K, committed 42476K, reserved 1087488K
  class space    used 4400K, capacity 4593K, committed 4604K, reserved 1048576K
2015-12-06T21:50:37.792+0530: 7004.086: [GC (Allocation Failure) 7004.088: [ParNew
Desired survivor size 20112992 bytes, new threshold 8 (max 8)
- age   1:     695728 bytes,     695728 total
- age   2:    3495552 bytes,    4191280 total
- age   3:    2050064 bytes,    6241344 total
- age   4:     404008 bytes,    6645352 total
- age   5:      83960 bytes,    6729312 total
- age   6:      98552 bytes,    6827864 total
- age   7:      97688 bytes,    6925552 total
- age   8:      83672 bytes,    7009224 total
: 95391K->8527K(109248K), 0.0257775 secs] 143791K->56976K(502464K), 0.0275010 secs] [Times: user=0.05 sys=0.00, real=0.04 secs] 
Heap after GC invocations=208 (full 2):
 par new generation   total 109248K, used 8527K [0x00000000e0000000, 0x00000000e8000000, 0x00000000e8000000)
  eden space 87424K,   0% used [0x00000000e0000000, 0x00000000e0000000, 0x00000000e5560000)
  from space 21824K,  39% used [0x00000000e5560000, 0x00000000e5db3d70, 0x00000000e6ab0000)
  to   space 21824K,   0% used [0x00000000e6ab0000, 0x00000000e6ab0000, 0x00000000e8000000)
 concurrent mark-sweep generation total 393216K, used 48449K [0x00000000e8000000, 0x0000000100000000, 0x0000000100000000)
 Metaspace       used 41852K, capacity 42458K, committed 42476K, reserved 1087488K
  class space    used 4400K, capacity 4593K, committed 4604K, reserved 1048576K
}
2015-12-06T21:50:37.830+0530: 7004.124: Total time for which application threads were stopped: 0.0561383 seconds, Stopping threads took: 0.0182868 seconds
{Heap before GC invocations=208 (full 2):
 par new generation   total 109248K, used 95951K [0x00000000e0000000, 0x00000000e8000000, 0x00000000e8000000)
  eden space 87424K, 100% used [0x00000000e0000000, 0x00000000e5560000, 0x00000000e5560000)
  from space 21824K,  39% used [0x00000000e5560000, 0x00000000e5db3d70, 0x00000000e6ab0000)
  to   space 21824K,   0% used [0x00000000e6ab0000, 0x00000000e6ab0000, 0x00000000e8000000)
 concurrent mark-sweep generation total 393216K, used 48449K [0x00000000e8000000, 0x0000000100000000, 0x0000000100000000)
 Metaspace       used 41852K, capacity 42458K, committed 42476K, reserved 1087488K
  class space    used 4400K, capacity 4593K, committed 4604K, reserved 1048576K
2015-12-06T21:50:37.874+0530: 7004.167: [GC (Allocation Failure) 7004.168: [ParNew
Desired survivor size 20112992 bytes, new threshold 8 (max 8)
- age   1:     997792 bytes,     997792 total
- age   2:      42536 bytes,    1040328 total
- age   3:    3495552 bytes,    4535880 total
- age   4:    2050064 bytes,    6585944 total
- age   5:     404008 bytes,    6989952 total
- age   6:      83960 bytes,    7073912 total
- age   7:      98552 bytes,    7172464 total
- age   8:      97688 bytes,    7270152 total
: 95951K->9832K(109248K), 0.0347387 secs] 144400K->58365K(502464K), 0.0355484 secs] [Times: user=0.05 sys=0.00, real=0.03 secs] 
Heap after GC invocations=209 (full 2):
 par new generation   total 109248K, used 9832K [0x00000000e0000000, 0x00000000e8000000, 0x00000000e8000000)
  eden space 87424K,   0% used [0x00000000e0000000, 0x00000000e0000000, 0x00000000e5560000)
  from space 21824K,  45% used [0x00000000e6ab0000, 0x00000000e744a1a0, 0x00000000e8000000)
  to   space 21824K,   0% used [0x00000000e5560000, 0x00000000e5560000, 0x00000000e6ab0000)
 concurrent mark-sweep generation total 393216K, used 48533K [0x00000000e8000000, 0x0000000100000000, 0x0000000100000000)
 Metaspace       used 41852K, capacity 42458K, committed 42476K, reserved 1087488K
  class space    used 4400K, capacity 4593K, committed 4604K, reserved 1048576K
}
2015-12-06T21:50:37.909+0530: 7004.203: Total time for which application threads were stopped: 0.0383795 seconds, Stopping threads took: 0.0023050 seconds
{Heap before GC invocations=209 (full 2):
 par new generation   total 109248K, used 97256K [0x00000000e0000000, 0x00000000e8000000, 0x00000000e8000000)
  eden space 87424K, 100% used [0x00000000e0000000, 0x00000000e5560000, 0x00000000e5560000)
  from space 21824K,  45% used [0x00000000e6ab0000, 0x00000000e744a1a0, 0x00000000e8000000)
  to   space 21824K,   0% used [0x00000000e5560000, 0x00000000e5560000, 0x00000000e6ab0000)
 concurrent mark-sweep generation total 393216K, used 48533K [0x00000000e8000000, 0x0000000100000000, 0x0000000100000000)
 Metaspace       used 41852K, capacity 42458K, committed 42476K, reserved 1087488K
  class space    used 4400K, capacity 4593K, committed 4604K, reserved 1048576K
2015-12-06T21:50:37.990+0530: 7004.283: [GC (Allocation Failure) 7004.284: [ParNew
Desired survivor size 20112992 bytes, new threshold 8 (max 8)
- age   1:     945208 bytes,     945208 total
- age   2:      62896 bytes,    1008104 total
- age   3:      42536 bytes,    1050640 total
- age   4:    3494952 bytes,    4545592 total
- age   5:    2049752 bytes,    6595344 total
- age   6:     404008 bytes,    6999352 total
- age   7:      83960 bytes,    7083312 total
- age   8:      98552 bytes,    7181864 total
: 97256K->8602K(109248K), 0.0213524 secs] 145789K->57233K(502464K), 0.0216412 secs] [Times: user=0.05 sys=0.00, real=0.02 secs] 
Heap after GC invocations=210 (full 2):
 par new generation   total 109248K, used 8602K [0x00000000e0000000, 0x00000000e8000000, 0x00000000e8000000)
  eden space 87424K,   0% used [0x00000000e0000000, 0x00000000e0000000, 0x00000000e5560000)
  from space 21824K,  39% used [0x00000000e5560000, 0x00000000e5dc6900, 0x00000000e6ab0000)
  to   space 21824K,   0% used [0x00000000e6ab0000, 0x00000000e6ab0000, 0x00000000e8000000)
 concurrent mark-sweep generation total 393216K, used 48630K [0x00000000e8000000, 0x0000000100000000, 0x0000000100000000)
 Metaspace       used 41852K, capacity 42458K, committed 42476K, reserved 1087488K
  class space    used 4400K, capacity 4593K, committed 4604K, reserved 1048576K
}
2015-12-06T21:50:38.011+0530: 7004.305: Total time for which application threads were stopped: 0.0272085 seconds, Stopping threads took: 0.0050738 seconds
{Heap before GC invocations=210 (full 2):
 par new generation   total 109248K, used 96026K [0x00000000e0000000, 0x00000000e8000000, 0x00000000e8000000)
  eden space 87424K, 100% used [0x00000000e0000000, 0x00000000e5560000, 0x00000000e5560000)
  from space 21824K,  39% used [0x00000000e5560000, 0x00000000e5dc6900, 0x00000000e6ab0000)
  to   space 21824K,   0% used [0x00000000e6ab0000, 0x00000000e6ab0000, 0x00000000e8000000)
 concurrent mark-sweep generation total 393216K, used 48630K [0x00000000e8000000, 0x0000000100000000, 0x0000000100000000)
 Metaspace       used 41852K, capacity 42458K, committed 42476K, reserved 1087488K
  class space    used 4400K, capacity 4593K, committed 4604K, reserved 1048576K
2015-12-06T21:50:38.097+0530: 7004.391: [GC (Allocation Failure) 7004.395: [ParNew
Desired survivor size 20112992 bytes, new threshold 8 (max 8)
- age   1:    1045248 bytes,    1045248 total
- age   2:     209568 bytes,    1254816 total
- age   3:      62624 bytes,    1317440 total
- age   4:      42264 bytes,    1359704 total
- age   5:    3494952 bytes,    4854656 total
- age   6:    2049752 bytes,    6904408 total
- age   7:     404008 bytes,    7308416 total
- age   8:      83960 bytes,    7392376 total
: 96026K->11087K(109248K), 0.0332002 secs] 144657K->59816K(502464K), 0.0374641 secs] [Times: user=0.05 sys=0.00, real=0.04 secs] 
Heap after GC invocations=211 (full 2):
 par new generation   total 109248K, used 11087K [0x00000000e0000000, 0x00000000e8000000, 0x00000000e8000000)
  eden space 87424K,   0% used [0x00000000e0000000, 0x00000000e0000000, 0x00000000e5560000)
  from space 21824K,  50% used [0x00000000e6ab0000, 0x00000000e7583c48, 0x00000000e8000000)
  to   space 21824K,   0% used [0x00000000e5560000, 0x00000000e5560000, 0x00000000e6ab0000)
 concurrent mark-sweep generation total 393216K, used 48729K [0x00000000e8000000, 0x0000000100000000, 0x0000000100000000)
 Metaspace       used 41852K, capacity 42458K, committed 42476K, reserved 1087488K
  class space    used 4400K, capacity 4593K, committed 4604K, reserved 1048576K
}
2015-12-06T21:50:38.135+0530: 7004.429: Total time for which application threads were stopped: 0.0444494 seconds, Stopping threads took: 0.0063944 seconds
{Heap before GC invocations=211 (full 2):
 par new generation   total 109248K, used 98511K [0x00000000e0000000, 0x00000000e8000000, 0x00000000e8000000)
  eden space 87424K,  99% used [0x00000000e0000000, 0x00000000e555fff8, 0x00000000e5560000)
  from space 21824K,  50% used [0x00000000e6ab0000, 0x00000000e7583c48, 0x00000000e8000000)
  to   space 21824K,   0% used [0x00000000e5560000, 0x00000000e5560000, 0x00000000e6ab0000)
 concurrent mark-sweep generation total 393216K, used 48729K [0x00000000e8000000, 0x0000000100000000, 0x0000000100000000)
 Metaspace       used 41852K, capacity 42458K, committed 42476K, reserved 1087488K
  class space    used 4400K, capacity 4593K, committed 4604K, reserved 1048576K
2015-12-06T21:50:38.202+0530: 7004.496: [GC (Allocation Failure) 7004.496: [ParNew
Desired survivor size 20112992 bytes, new threshold 8 (max 8)
- age   1:     816648 bytes,     816648 total
- age   2:     104360 bytes,     921008 total
- age   3:     209136 bytes,    1130144 total
- age   4:      61648 bytes,    1191792 total
- age   5:      41992 bytes,    1233784 total
- age   6:    3494952 bytes,    4728736 total
- age   7:    2049752 bytes,    6778488 total
- age   8:     404008 bytes,    7182496 total
: 98511K->8471K(109248K), 0.0318517 secs] 147240K->57285K(502464K), 0.0321796 secs] [Times: user=0.05 sys=0.00, real=0.03 secs] 
Heap after GC invocations=212 (full 2):
 par new generation   total 109248K, used 8471K [0x00000000e0000000, 0x00000000e8000000, 0x00000000e8000000)
  eden space 87424K,   0% used [0x00000000e0000000, 0x00000000e0000000, 0x00000000e5560000)
  from space 21824K,  38% used [0x00000000e5560000, 0x00000000e5da5e40, 0x00000000e6ab0000)
  to   space 21824K,   0% used [0x00000000e6ab0000, 0x00000000e6ab0000, 0x00000000e8000000)
 concurrent mark-sweep generation total 393216K, used 48813K [0x00000000e8000000, 0x0000000100000000, 0x0000000100000000)
 Metaspace       used 41852K, capacity 42458K, committed 42476K, reserved 1087488K
  class space    used 4400K, capacity 4593K, committed 4604K, reserved 1048576K
}
2015-12-06T21:50:38.234+0530: 7004.528: Total time for which application threads were stopped: 0.0492087 seconds, Stopping threads took: 0.0163960 seconds
{Heap before GC invocations=212 (full 2):
 par new generation   total 109248K, used 95895K [0x00000000e0000000, 0x00000000e8000000, 0x00000000e8000000)
  eden space 87424K, 100% used [0x00000000e0000000, 0x00000000e5560000, 0x00000000e5560000)
  from space 21824K,  38% used [0x00000000e5560000, 0x00000000e5da5e40, 0x00000000e6ab0000)
  to   space 21824K,   0% used [0x00000000e6ab0000, 0x00000000e6ab0000, 0x00000000e8000000)
 concurrent mark-sweep generation total 393216K, used 48813K [0x00000000e8000000, 0x0000000100000000, 0x0000000100000000)
 Metaspace       used 41852K, capacity 42458K, committed 42476K, reserved 1087488K
  class space    used 4400K, capacity 4593K, committed 4604K, reserved 1048576K
2015-12-06T21:50:38.294+0530: 7004.587: [GC (Allocation Failure) 7004.588: [ParNew
Desired survivor size 20112992 bytes, new threshold 8 (max 8)
- age   1:    1241872 bytes,    1241872 total
- age   2:      92936 bytes,    1334808 total
- age   3:     103808 bytes,    1438616 total
- age   4:     208896 bytes,    1647512 total
- age   5:      61288 bytes,    1708800 total
- age   6:      41800 bytes,    1750600 total
- age   7:    3494512 bytes,    5245112 total
- age   8:    2049752 bytes,    7294864 total
: 95895K->10688K(109248K), 0.0223424 secs] 144709K->59900K(502464K), 0.0226428 secs] [Times: user=0.07 sys=0.00, real=0.02 secs] 
Heap after GC invocations=213 (full 2):
 par new generation   total 109248K, used 10688K [0x00000000e0000000, 0x00000000e8000000, 0x00000000e8000000)
  eden space 87424K,   0% used [0x00000000e0000000, 0x00000000e0000000, 0x00000000e5560000)
  from space 21824K,  48% used [0x00000000e6ab0000, 0x00000000e75202b0, 0x00000000e8000000)
  to   space 21824K,   0% used [0x00000000e5560000, 0x00000000e5560000, 0x00000000e6ab0000)
 concurrent mark-sweep generation total 393216K, used 49211K [0x00000000e8000000, 0x0000000100000000, 0x0000000100000000)
 Metaspace       used 41852K, capacity 42458K, committed 42476K, reserved 1087488K
  class space    used 4400K, capacity 4593K, committed 4604K, reserved 1048576K
}
2015-12-06T21:50:38.316+0530: 7004.610: Total time for which application threads were stopped: 0.0302023 seconds, Stopping threads took: 0.0071291 seconds
{Heap before GC invocations=213 (full 2):
 par new generation   total 109248K, used 98112K [0x00000000e0000000, 0x00000000e8000000, 0x00000000e8000000)
  eden space 87424K, 100% used [0x00000000e0000000, 0x00000000e5560000, 0x00000000e5560000)
  from space 21824K,  48% used [0x00000000e6ab0000, 0x00000000e75202b0, 0x00000000e8000000)
  to   space 21824K,   0% used [0x00000000e5560000, 0x00000000e5560000, 0x00000000e6ab0000)
 concurrent mark-sweep generation total 393216K, used 49211K [0x00000000e8000000, 0x0000000100000000, 0x0000000100000000)
 Metaspace       used 41853K, capacity 42458K, committed 42476K, reserved 1087488K
  class space    used 4400K, capacity 4593K, committed 4604K, reserved 1048576K
2015-12-06T21:50:38.447+0530: 7004.741: [GC (Allocation Failure) 7004.741: [ParNew
Desired survivor size 20112992 bytes, new threshold 8 (max 8)
- age   1:    1155144 bytes,    1155144 total
- age   2:     115960 bytes,    1271104 total
- age   3:      91400 bytes,    1362504 total
- age   4:     103328 bytes,    1465832 total
- age   5:     207568 bytes,    1673400 total
- age   6:      60664 bytes,    1734064 total
- age   7:      40672 bytes,    1774736 total
- age   8:    2928552 bytes,    4703288 total
: 98112K->7347K(109248K), 0.0191700 secs] 147324K->58566K(502464K), 0.0195149 secs] [Times: user=0.05 sys=0.01, real=0.02 secs] 
Heap after GC invocations=214 (full 2):
 par new generation   total 109248K, used 7347K [0x00000000e0000000, 0x00000000e8000000, 0x00000000e8000000)
  eden space 87424K,   0% used [0x00000000e0000000, 0x00000000e0000000, 0x00000000e5560000)
  from space 21824K,  33% used [0x00000000e5560000, 0x00000000e5c8ccd8, 0x00000000e6ab0000)
  to   space 21824K,   0% used [0x00000000e6ab0000, 0x00000000e6ab0000, 0x00000000e8000000)
 concurrent mark-sweep generation total 393216K, used 51219K [0x00000000e8000000, 0x0000000100000000, 0x0000000100000000)
 Metaspace       used 41853K, capacity 42458K, committed 42476K, reserved 1087488K
  class space    used 4400K, capacity 4593K, committed 4604K, reserved 1048576K
}
2015-12-06T21:50:38.467+0530: 7004.761: Total time for which application threads were stopped: 0.0201561 seconds, Stopping threads took: 0.0000632 seconds
2015-12-06T21:50:39.149+0530: 7005.442: Total time for which application threads were stopped: 0.0003154 seconds, Stopping threads took: 0.0000380 seconds
2015-12-06T21:50:39.172+0530: 7005.466: Total time for which application threads were stopped: 0.0003098 seconds, Stopping threads took: 0.0000461 seconds
2015-12-06T21:50:39.173+0530: 7005.466: Total time for which application threads were stopped: 0.0002825 seconds, Stopping threads took: 0.0000351 seconds
2015-12-06T21:50:39.351+0530: 7005.645: Total time for which application threads were stopped: 0.0003972 seconds, Stopping threads took: 0.0000703 seconds
2015-12-06T21:50:39.352+0530: 7005.646: Total time for which application threads were stopped: 0.0002884 seconds, Stopping threads took: 0.0000685 seconds
2015-12-06T21:50:39.353+0530: 7005.646: Total time for which application threads were stopped: 0.0004505 seconds, Stopping threads took: 0.0000308 seconds
2015-12-06T21:50:39.360+0530: 7005.654: Total time for which application threads were stopped: 0.0005022 seconds, Stopping threads took: 0.0000543 seconds
2015-12-06T21:50:39.369+0530: 7005.663: Total time for which application threads were stopped: 0.0004799 seconds, Stopping threads took: 0.0001819 seconds
2015-12-06T21:50:39.370+0530: 7005.664: Total time for which application threads were stopped: 0.0002525 seconds, Stopping threads took: 0.0000543 seconds
2015-12-06T21:50:39.372+0530: 7005.666: Total time for which application threads were stopped: 0.0003621 seconds, Stopping threads took: 0.0000420 seconds
2015-12-06T21:50:39.372+0530: 7005.666: Total time for which application threads were stopped: 0.0002400 seconds, Stopping threads took: 0.0000204 seconds
2015-12-06T21:50:39.374+0530: 7005.668: Total time for which application threads were stopped: 0.0019954 seconds, Stopping threads took: 0.0016941 seconds
2015-12-06T21:50:51.759+0530: 7018.053: Total time for which application threads were stopped: 0.0002467 seconds, Stopping threads took: 0.0000469 seconds
2015-12-06T21:50:51.760+0530: 7018.054: Total time for which application threads were stopped: 0.0001464 seconds, Stopping threads took: 0.0000199 seconds
2015-12-06T21:50:51.772+0530: 7018.066: Total time for which application threads were stopped: 0.0002239 seconds, Stopping threads took: 0.0000432 seconds
2015-12-06T21:50:51.772+0530: 7018.066: Total time for which application threads were stopped: 0.0001279 seconds, Stopping threads took: 0.0000351 seconds
2015-12-06T21:50:51.772+0530: 7018.066: Total time for which application threads were stopped: 0.0000979 seconds, Stopping threads took: 0.0000122 seconds
2015-12-06T21:50:51.774+0530: 7018.068: Total time for which application threads were stopped: 0.0001820 seconds, Stopping threads took: 0.0000272 seconds
2015-12-06T21:50:51.774+0530: 7018.068: Total time for which application threads were stopped: 0.0001119 seconds, Stopping threads took: 0.0000138 seconds
2015-12-06T21:50:51.774+0530: 7018.068: Total time for which application threads were stopped: 0.0001041 seconds, Stopping threads took: 0.0000113 seconds
2015-12-06T21:52:18.530+0530: 7104.823: Total time for which application threads were stopped: 0.0003177 seconds, Stopping threads took: 0.0000869 seconds
2015-12-06T21:52:18.531+0530: 7104.825: Total time for which application threads were stopped: 0.0002542 seconds, Stopping threads took: 0.0000237 seconds
2015-12-06T21:52:18.533+0530: 7104.827: Total time for which application threads were stopped: 0.0004647 seconds, Stopping threads took: 0.0000414 seconds
2015-12-06T21:52:18.536+0530: 7104.830: Total time for which application threads were stopped: 0.0003062 seconds, Stopping threads took: 0.0000521 seconds
2015-12-06T21:52:18.551+0530: 7104.845: Total time for which application threads were stopped: 0.0002057 seconds, Stopping threads took: 0.0000341 seconds
2015-12-06T21:52:18.561+0530: 7104.855: Total time for which application threads were stopped: 0.0003455 seconds, Stopping threads took: 0.0000649 seconds
2015-12-06T21:52:18.575+0530: 7104.869: Total time for which application threads were stopped: 0.0002740 seconds, Stopping threads took: 0.0000509 seconds
2015-12-06T21:52:18.576+0530: 7104.870: Total time for which application threads were stopped: 0.0002876 seconds, Stopping threads took: 0.0000588 seconds
2015-12-06T21:52:18.579+0530: 7104.873: Total time for which application threads were stopped: 0.0003147 seconds, Stopping threads took: 0.0000302 seconds
2015-12-06T21:52:18.581+0530: 7104.875: Total time for which application threads were stopped: 0.0003031 seconds, Stopping threads took: 0.0000301 seconds
2015-12-06T21:52:18.586+0530: 7104.880: Total time for which application threads were stopped: 0.0003400 seconds, Stopping threads took: 0.0000421 seconds
2015-12-06T21:52:18.770+0530: 7105.063: Total time for which application threads were stopped: 0.0012340 seconds, Stopping threads took: 0.0008590 seconds
2015-12-06T21:52:18.771+0530: 7105.065: Total time for which application threads were stopped: 0.0003714 seconds, Stopping threads took: 0.0000587 seconds
2015-12-06T21:52:18.774+0530: 7105.068: Total time for which application threads were stopped: 0.0010086 seconds, Stopping threads took: 0.0006224 seconds
2015-12-06T21:52:18.775+0530: 7105.069: Total time for which application threads were stopped: 0.0002729 seconds, Stopping threads took: 0.0000751 seconds
2015-12-06T21:52:18.775+0530: 7105.069: Total time for which application threads were stopped: 0.0002087 seconds, Stopping threads took: 0.0000342 seconds
2015-12-06T21:52:18.787+0530: 7105.081: Total time for which application threads were stopped: 0.0014790 seconds, Stopping threads took: 0.0002322 seconds
2015-12-06T21:52:18.790+0530: 7105.084: Total time for which application threads were stopped: 0.0003036 seconds, Stopping threads took: 0.0000310 seconds
2015-12-06T21:52:22.385+0530: 7108.679: Total time for which application threads were stopped: 0.0006490 seconds, Stopping threads took: 0.0001193 seconds
2015-12-06T21:52:22.385+0530: 7108.679: Total time for which application threads were stopped: 0.0004384 seconds, Stopping threads took: 0.0001149 seconds
2015-12-06T21:52:22.386+0530: 7108.680: Total time for which application threads were stopped: 0.0002806 seconds, Stopping threads took: 0.0000608 seconds
2015-12-06T21:52:24.069+0530: 7110.363: Total time for which application threads were stopped: 0.0006744 seconds, Stopping threads took: 0.0001608 seconds
2015-12-06T21:52:24.070+0530: 7110.364: Total time for which application threads were stopped: 0.0003117 seconds, Stopping threads took: 0.0000385 seconds
2015-12-06T21:52:24.158+0530: 7110.452: Total time for which application threads were stopped: 0.0006085 seconds, Stopping threads took: 0.0001494 seconds
2015-12-06T21:52:28.264+0530: 7114.557: Total time for which application threads were stopped: 0.0002232 seconds, Stopping threads took: 0.0000510 seconds
2015-12-06T21:52:59.308+0530: 7145.601: Total time for which application threads were stopped: 0.0002592 seconds, Stopping threads took: 0.0000305 seconds
2015-12-06T21:52:59.502+0530: 7145.796: Total time for which application threads were stopped: 0.0002013 seconds, Stopping threads took: 0.0000288 seconds
2015-12-06T21:53:00.503+0530: 7146.797: Total time for which application threads were stopped: 0.0003583 seconds, Stopping threads took: 0.0000556 seconds
2015-12-06T21:53:25.507+0530: 7171.801: Total time for which application threads were stopped: 0.0002118 seconds, Stopping threads took: 0.0000331 seconds
2015-12-06T21:53:44.510+0530: 7190.804: Total time for which application threads were stopped: 0.0002115 seconds, Stopping threads took: 0.0000293 seconds
2015-12-06T21:53:45.048+0530: 7191.342: Total time for which application threads were stopped: 0.0003334 seconds, Stopping threads took: 0.0001486 seconds
2015-12-06T21:53:45.048+0530: 7191.342: Total time for which application threads were stopped: 0.0001216 seconds, Stopping threads took: 0.0000177 seconds
2015-12-06T21:53:45.050+0530: 7191.343: Total time for which application threads were stopped: 0.0001536 seconds, Stopping threads took: 0.0000354 seconds
2015-12-06T21:53:45.051+0530: 7191.344: Total time for which application threads were stopped: 0.0002909 seconds, Stopping threads took: 0.0000298 seconds
2015-12-06T21:53:45.226+0530: 7191.520: Total time for which application threads were stopped: 0.0003611 seconds, Stopping threads took: 0.0000296 seconds
2015-12-06T21:53:45.257+0530: 7191.551: Total time for which application threads were stopped: 0.0002057 seconds, Stopping threads took: 0.0000273 seconds
2015-12-06T21:53:45.273+0530: 7191.567: Total time for which application threads were stopped: 0.0004128 seconds, Stopping threads took: 0.0000312 seconds
2015-12-06T21:53:45.326+0530: 7191.619: Total time for which application threads were stopped: 0.0002080 seconds, Stopping threads took: 0.0000282 seconds
2015-12-06T21:53:46.326+0530: 7192.620: Total time for which application threads were stopped: 0.0003217 seconds, Stopping threads took: 0.0000379 seconds
2015-12-06T21:54:54.768+0530: 7261.062: Total time for which application threads were stopped: 0.0004425 seconds, Stopping threads took: 0.0000753 seconds
2015-12-06T21:54:54.865+0530: 7261.159: Total time for which application threads were stopped: 0.0004856 seconds, Stopping threads took: 0.0000814 seconds
2015-12-06T21:54:54.873+0530: 7261.167: Total time for which application threads were stopped: 0.0042694 seconds, Stopping threads took: 0.0040794 seconds
2015-12-06T21:54:54.874+0530: 7261.168: Total time for which application threads were stopped: 0.0004002 seconds, Stopping threads took: 0.0001341 seconds
2015-12-06T21:54:54.878+0530: 7261.172: Total time for which application threads were stopped: 0.0002767 seconds, Stopping threads took: 0.0000628 seconds
2015-12-06T21:54:54.881+0530: 7261.175: Total time for which application threads were stopped: 0.0002464 seconds, Stopping threads took: 0.0000583 seconds
2015-12-06T21:54:54.883+0530: 7261.177: Total time for which application threads were stopped: 0.0011161 seconds, Stopping threads took: 0.0000426 seconds
2015-12-06T21:54:54.962+0530: 7261.255: Total time for which application threads were stopped: 0.0002948 seconds, Stopping threads took: 0.0000390 seconds
2015-12-06T21:54:54.968+0530: 7261.262: Total time for which application threads were stopped: 0.0002354 seconds, Stopping threads took: 0.0000609 seconds
2015-12-06T21:54:54.970+0530: 7261.264: Total time for which application threads were stopped: 0.0002131 seconds, Stopping threads took: 0.0000531 seconds
2015-12-06T21:54:54.970+0530: 7261.264: Total time for which application threads were stopped: 0.0001058 seconds, Stopping threads took: 0.0000321 seconds
2015-12-06T21:54:54.970+0530: 7261.264: Total time for which application threads were stopped: 0.0001140 seconds, Stopping threads took: 0.0000352 seconds
2015-12-06T21:54:54.980+0530: 7261.274: Total time for which application threads were stopped: 0.0002496 seconds, Stopping threads took: 0.0000513 seconds
2015-12-06T21:54:54.981+0530: 7261.275: Total time for which application threads were stopped: 0.0002355 seconds, Stopping threads took: 0.0000284 seconds
2015-12-06T21:54:54.981+0530: 7261.275: Total time for which application threads were stopped: 0.0001725 seconds, Stopping threads took: 0.0000249 seconds
2015-12-06T21:54:55.982+0530: 7262.276: Total time for which application threads were stopped: 0.0003820 seconds, Stopping threads took: 0.0000559 seconds
2015-12-06T21:55:27.438+0530: 7293.732: Total time for which application threads were stopped: 0.0002715 seconds, Stopping threads took: 0.0000333 seconds
2015-12-06T21:55:27.442+0530: 7293.735: Total time for which application threads were stopped: 0.0021295 seconds, Stopping threads took: 0.0017112 seconds
2015-12-06T21:55:27.442+0530: 7293.736: Total time for which application threads were stopped: 0.0003742 seconds, Stopping threads took: 0.0000793 seconds
2015-12-06T21:55:27.443+0530: 7293.736: Total time for which application threads were stopped: 0.0001436 seconds, Stopping threads took: 0.0000259 seconds
2015-12-06T21:55:27.445+0530: 7293.739: Total time for which application threads were stopped: 0.0003632 seconds, Stopping threads took: 0.0000365 seconds
2015-12-06T21:55:27.454+0530: 7293.748: Total time for which application threads were stopped: 0.0002846 seconds, Stopping threads took: 0.0001002 seconds
2015-12-06T21:55:27.463+0530: 7293.757: Total time for which application threads were stopped: 0.0002180 seconds, Stopping threads took: 0.0000321 seconds
2015-12-06T21:55:27.463+0530: 7293.757: Total time for which application threads were stopped: 0.0001377 seconds, Stopping threads took: 0.0000405 seconds
2015-12-06T21:55:27.464+0530: 7293.758: Total time for which application threads were stopped: 0.0001223 seconds, Stopping threads took: 0.0000169 seconds
2015-12-06T21:55:27.464+0530: 7293.758: Total time for which application threads were stopped: 0.0001105 seconds, Stopping threads took: 0.0000150 seconds
2015-12-06T21:55:27.465+0530: 7293.759: Total time for which application threads were stopped: 0.0001302 seconds, Stopping threads took: 0.0000169 seconds
2015-12-06T21:55:27.465+0530: 7293.759: Total time for which application threads were stopped: 0.0001048 seconds, Stopping threads took: 0.0000152 seconds
2015-12-06T21:55:27.465+0530: 7293.759: Total time for which application threads were stopped: 0.0001066 seconds, Stopping threads took: 0.0000148 seconds
2015-12-06T21:55:27.466+0530: 7293.759: Total time for which application threads were stopped: 0.0000993 seconds, Stopping threads took: 0.0000135 seconds
2015-12-06T21:55:27.466+0530: 7293.760: Total time for which application threads were stopped: 0.0000941 seconds, Stopping threads took: 0.0000136 seconds
2015-12-06T21:55:27.466+0530: 7293.760: Total time for which application threads were stopped: 0.0000982 seconds, Stopping threads took: 0.0000154 seconds
2015-12-06T21:55:27.466+0530: 7293.760: Total time for which application threads were stopped: 0.0000977 seconds, Stopping threads took: 0.0000151 seconds
2015-12-06T21:55:28.467+0530: 7294.761: Total time for which application threads were stopped: 0.0003702 seconds, Stopping threads took: 0.0000634 seconds
2015-12-06T21:56:53.308+0530: 7379.602: Total time for which application threads were stopped: 0.0017006 seconds, Stopping threads took: 0.0000290 seconds
2015-12-06T21:56:53.329+0530: 7379.623: Total time for which application threads were stopped: 0.0002617 seconds, Stopping threads took: 0.0000567 seconds
{Heap before GC invocations=214 (full 2):
 par new generation   total 109248K, used 94771K [0x00000000e0000000, 0x00000000e8000000, 0x00000000e8000000)
  eden space 87424K, 100% used [0x00000000e0000000, 0x00000000e5560000, 0x00000000e5560000)
  from space 21824K,  33% used [0x00000000e5560000, 0x00000000e5c8ccd8, 0x00000000e6ab0000)
  to   space 21824K,   0% used [0x00000000e6ab0000, 0x00000000e6ab0000, 0x00000000e8000000)
 concurrent mark-sweep generation total 393216K, used 51219K [0x00000000e8000000, 0x0000000100000000, 0x0000000100000000)
 Metaspace       used 44288K, capacity 44960K, committed 45036K, reserved 1089536K
  class space    used 4662K, capacity 4834K, committed 4860K, reserved 1048576K
2015-12-06T21:56:53.336+0530: 7379.630: [GC (Allocation Failure) 7379.630: [ParNew
Desired survivor size 20112992 bytes, new threshold 8 (max 8)
- age   1:    4733048 bytes,    4733048 total
- age   2:    1082456 bytes,    5815504 total
- age   3:     115816 bytes,    5931320 total
- age   4:      90944 bytes,    6022264 total
- age   5:     103160 bytes,    6125424 total
- age   6:     186600 bytes,    6312024 total
- age   7:      60376 bytes,    6372400 total
- age   8:      40360 bytes,    6412760 total
: 94771K->7692K(109248K), 0.0109508 secs] 145990K->59560K(502464K), 0.0112563 secs] [Times: user=0.03 sys=0.00, real=0.01 secs] 
Heap after GC invocations=215 (full 2):
 par new generation   total 109248K, used 7692K [0x00000000e0000000, 0x00000000e8000000, 0x00000000e8000000)
  eden space 87424K,   0% used [0x00000000e0000000, 0x00000000e0000000, 0x00000000e5560000)
  from space 21824K,  35% used [0x00000000e6ab0000, 0x00000000e7233240, 0x00000000e8000000)
  to   space 21824K,   0% used [0x00000000e5560000, 0x00000000e5560000, 0x00000000e6ab0000)
 concurrent mark-sweep generation total 393216K, used 51868K [0x00000000e8000000, 0x0000000100000000, 0x0000000100000000)
 Metaspace       used 44288K, capacity 44960K, committed 45036K, reserved 1089536K
  class space    used 4662K, capacity 4834K, committed 4860K, reserved 1048576K
}
2015-12-06T21:56:53.347+0530: 7379.641: Total time for which application threads were stopped: 0.0117824 seconds, Stopping threads took: 0.0000378 seconds
2015-12-06T21:56:53.348+0530: 7379.642: Total time for which application threads were stopped: 0.0002541 seconds, Stopping threads took: 0.0000475 seconds
2015-12-06T21:56:53.351+0530: 7379.645: Total time for which application threads were stopped: 0.0002926 seconds, Stopping threads took: 0.0000372 seconds
2015-12-06T21:56:53.543+0530: 7379.837: Total time for which application threads were stopped: 0.0006614 seconds, Stopping threads took: 0.0002248 seconds
2015-12-06T21:56:53.546+0530: 7379.840: Total time for which application threads were stopped: 0.0013227 seconds, Stopping threads took: 0.0009158 seconds
2015-12-06T21:56:53.557+0530: 7379.851: Total time for which application threads were stopped: 0.0089153 seconds, Stopping threads took: 0.0084176 seconds
2015-12-06T21:56:53.854+0530: 7380.147: Total time for which application threads were stopped: 0.0021299 seconds, Stopping threads took: 0.0016356 seconds
{Heap before GC invocations=215 (full 2):
 par new generation   total 109248K, used 95116K [0x00000000e0000000, 0x00000000e8000000, 0x00000000e8000000)
  eden space 87424K, 100% used [0x00000000e0000000, 0x00000000e5560000, 0x00000000e5560000)
  from space 21824K,  35% used [0x00000000e6ab0000, 0x00000000e7233240, 0x00000000e8000000)
  to   space 21824K,   0% used [0x00000000e5560000, 0x00000000e5560000, 0x00000000e6ab0000)
 concurrent mark-sweep generation total 393216K, used 51868K [0x00000000e8000000, 0x0000000100000000, 0x0000000100000000)
 Metaspace       used 44298K, capacity 45024K, committed 45292K, reserved 1089536K
  class space    used 4663K, capacity 4834K, committed 4860K, reserved 1048576K
2015-12-06T21:56:53.902+0530: 7380.196: [GC (Allocation Failure) 7380.196: [ParNew
Desired survivor size 20112992 bytes, new threshold 8 (max 8)
- age   1:    4411032 bytes,    4411032 total
- age   2:    2675448 bytes,    7086480 total
- age   3:     512296 bytes,    7598776 total
- age   4:     115816 bytes,    7714592 total
- age   5:      90944 bytes,    7805536 total
- age   6:     103160 bytes,    7908696 total
- age   7:     186600 bytes,    8095296 total
- age   8:      60376 bytes,    8155672 total
: 95116K->10492K(109248K), 0.0119527 secs] 146984K->62402K(502464K), 0.0121249 secs] [Times: user=0.04 sys=0.01, real=0.01 secs] 
Heap after GC invocations=216 (full 2):
 par new generation   total 109248K, used 10492K [0x00000000e0000000, 0x00000000e8000000, 0x00000000e8000000)
  eden space 87424K,   0% used [0x00000000e0000000, 0x00000000e0000000, 0x00000000e5560000)
  from space 21824K,  48% used [0x00000000e5560000, 0x00000000e5f9f2c0, 0x00000000e6ab0000)
  to   space 21824K,   0% used [0x00000000e6ab0000, 0x00000000e6ab0000, 0x00000000e8000000)
 concurrent mark-sweep generation total 393216K, used 51910K [0x00000000e8000000, 0x0000000100000000, 0x0000000100000000)
 Metaspace       used 44298K, capacity 45024K, committed 45292K, reserved 1089536K
  class space    used 4663K, capacity 4834K, committed 4860K, reserved 1048576K
}
2015-12-06T21:56:53.914+0530: 7380.208: Total time for which application threads were stopped: 0.0127367 seconds, Stopping threads took: 0.0000835 seconds
{Heap before GC invocations=216 (full 2):
 par new generation   total 109248K, used 97901K [0x00000000e0000000, 0x00000000e8000000, 0x00000000e8000000)
  eden space 87424K,  99% used [0x00000000e0000000, 0x00000000e555c4a8, 0x00000000e5560000)
  from space 21824K,  48% used [0x00000000e5560000, 0x00000000e5f9f2c0, 0x00000000e6ab0000)
  to   space 21824K,   0% used [0x00000000e6ab0000, 0x00000000e6ab0000, 0x00000000e8000000)
 concurrent mark-sweep generation total 393216K, used 51910K [0x00000000e8000000, 0x0000000100000000, 0x0000000100000000)
 Metaspace       used 44298K, capacity 45024K, committed 45292K, reserved 1089536K
  class space    used 4663K, capacity 4834K, committed 4860K, reserved 1048576K
2015-12-06T21:56:53.958+0530: 7380.252: [GC (Allocation Failure) 7380.252: [ParNew
Desired survivor size 20112992 bytes, new threshold 8 (max 8)
- age   1:    1063968 bytes,    1063968 total
- age   2:    4251064 bytes,    5315032 total
- age   3:    2674360 bytes,    7989392 total
- age   4:     512296 bytes,    8501688 total
- age   5:     115816 bytes,    8617504 total
- age   6:      90944 bytes,    8708448 total
- age   7:     103160 bytes,    8811608 total
- age   8:     186600 bytes,    8998208 total
: 97901K->10745K(109248K), 0.0301259 secs] 149811K->62716K(502464K), 0.0305834 secs] [Times: user=0.05 sys=0.00, real=0.03 secs] 
Heap after GC invocations=217 (full 2):
 par new generation   total 109248K, used 10745K [0x00000000e0000000, 0x00000000e8000000, 0x00000000e8000000)
  eden space 87424K,   0% used [0x00000000e0000000, 0x00000000e0000000, 0x00000000e5560000)
  from space 21824K,  49% used [0x00000000e6ab0000, 0x00000000e752e6d0, 0x00000000e8000000)
  to   space 21824K,   0% used [0x00000000e5560000, 0x00000000e5560000, 0x00000000e6ab0000)
 concurrent mark-sweep generation total 393216K, used 51970K [0x00000000e8000000, 0x0000000100000000, 0x0000000100000000)
 Metaspace       used 44298K, capacity 45024K, committed 45292K, reserved 1089536K
  class space    used 4663K, capacity 4834K, committed 4860K, reserved 1048576K
}
2015-12-06T21:56:53.988+0530: 7380.282: Total time for which application threads were stopped: 0.0337644 seconds, Stopping threads took: 0.0023714 seconds
{Heap before GC invocations=217 (full 2):
 par new generation   total 109248K, used 98169K [0x00000000e0000000, 0x00000000e8000000, 0x00000000e8000000)
  eden space 87424K, 100% used [0x00000000e0000000, 0x00000000e5560000, 0x00000000e5560000)
  from space 21824K,  49% used [0x00000000e6ab0000, 0x00000000e752e6d0, 0x00000000e8000000)
  to   space 21824K,   0% used [0x00000000e5560000, 0x00000000e5560000, 0x00000000e6ab0000)
 concurrent mark-sweep generation total 393216K, used 51970K [0x00000000e8000000, 0x0000000100000000, 0x0000000100000000)
 Metaspace       used 44299K, capacity 45024K, committed 45292K, reserved 1089536K
  class space    used 4663K, capacity 4834K, committed 4860K, reserved 1048576K
2015-12-06T21:56:54.048+0530: 7380.342: [GC (Allocation Failure) 7380.342: [ParNew
Desired survivor size 20112992 bytes, new threshold 8 (max 8)
- age   1:    1026672 bytes,    1026672 total
- age   2:     433936 bytes,    1460608 total
- age   3:    4250912 bytes,    5711520 total
- age   4:    2674144 bytes,    8385664 total
- age   5:     512296 bytes,    8897960 total
- age   6:     115816 bytes,    9013776 total
- age   7:      90944 bytes,    9104720 total
- age   8:     103160 bytes,    9207880 total
: 98169K->13413K(109248K), 0.0456029 secs] 150140K->65570K(502464K), 0.0460084 secs] [Times: user=0.09 sys=0.00, real=0.05 secs] 
Heap after GC invocations=218 (full 2):
 par new generation   total 109248K, used 13413K [0x00000000e0000000, 0x00000000e8000000, 0x00000000e8000000)
  eden space 87424K,   0% used [0x00000000e0000000, 0x00000000e0000000, 0x00000000e5560000)
  from space 21824K,  61% used [0x00000000e5560000, 0x00000000e62797a8, 0x00000000e6ab0000)
  to   space 21824K,   0% used [0x00000000e6ab0000, 0x00000000e6ab0000, 0x00000000e8000000)
 concurrent mark-sweep generation total 393216K, used 52156K [0x00000000e8000000, 0x0000000100000000, 0x0000000100000000)
 Metaspace       used 44299K, capacity 45024K, committed 45292K, reserved 1089536K
  class space    used 4663K, capacity 4834K, committed 4860K, reserved 1048576K
}
2015-12-06T21:56:54.094+0530: 7380.388: Total time for which application threads were stopped: 0.0761026 seconds, Stopping threads took: 0.0294168 seconds
{Heap before GC invocations=218 (full 2):
 par new generation   total 109248K, used 100826K [0x00000000e0000000, 0x00000000e8000000, 0x00000000e8000000)
  eden space 87424K,  99% used [0x00000000e0000000, 0x00000000e555d318, 0x00000000e5560000)
  from space 21824K,  61% used [0x00000000e5560000, 0x00000000e62797a8, 0x00000000e6ab0000)
  to   space 21824K,   0% used [0x00000000e6ab0000, 0x00000000e6ab0000, 0x00000000e8000000)
 concurrent mark-sweep generation total 393216K, used 52156K [0x00000000e8000000, 0x0000000100000000, 0x0000000100000000)
 Metaspace       used 44299K, capacity 45024K, committed 45292K, reserved 1089536K
  class space    used 4663K, capacity 4834K, committed 4860K, reserved 1048576K
2015-12-06T21:56:54.158+0530: 7380.452: [GC (Allocation Failure) 7380.452: [ParNew
Desired survivor size 20112992 bytes, new threshold 8 (max 8)
- age   1:     917848 bytes,     917848 total
- age   2:      61936 bytes,     979784 total
- age   3:     433792 bytes,    1413576 total
- age   4:    4250912 bytes,    5664488 total
- age   5:    2674144 bytes,    8338632 total
- age   6:     512296 bytes,    8850928 total
- age   7:     115816 bytes,    8966744 total
- age   8:      90944 bytes,    9057688 total
: 100826K->11898K(109248K), 0.0271305 secs] 152983K->64158K(502464K), 0.0273732 secs] [Times: user=0.06 sys=0.00, real=0.03 secs] 
Heap after GC invocations=219 (full 2):
 par new generation   total 109248K, used 11898K [0x00000000e0000000, 0x00000000e8000000, 0x00000000e8000000)
  eden space 87424K,   0% used [0x00000000e0000000, 0x00000000e0000000, 0x00000000e5560000)
  from space 21824K,  54% used [0x00000000e6ab0000, 0x00000000e764ead0, 0x00000000e8000000)
  to   space 21824K,   0% used [0x00000000e5560000, 0x00000000e5560000, 0x00000000e6ab0000)
 concurrent mark-sweep generation total 393216K, used 52259K [0x00000000e8000000, 0x0000000100000000, 0x0000000100000000)
 Metaspace       used 44299K, capacity 45024K, committed 45292K, reserved 1089536K
  class space    used 4663K, capacity 4834K, committed 4860K, reserved 1048576K
}
2015-12-06T21:56:54.186+0530: 7380.479: Total time for which application threads were stopped: 0.0339470 seconds, Stopping threads took: 0.0061125 seconds
{Heap before GC invocations=219 (full 2):
 par new generation   total 109248K, used 99322K [0x00000000e0000000, 0x00000000e8000000, 0x00000000e8000000)
  eden space 87424K, 100% used [0x00000000e0000000, 0x00000000e5560000, 0x00000000e5560000)
  from space 21824K,  54% used [0x00000000e6ab0000, 0x00000000e764ead0, 0x00000000e8000000)
  to   space 21824K,   0% used [0x00000000e5560000, 0x00000000e5560000, 0x00000000e6ab0000)
 concurrent mark-sweep generation total 393216K, used 52259K [0x00000000e8000000, 0x0000000100000000, 0x0000000100000000)
 Metaspace       used 44299K, capacity 45024K, committed 45292K, reserved 1089536K
  class space    used 4663K, capacity 4834K, committed 4860K, reserved 1048576K
2015-12-06T21:56:54.250+0530: 7380.543: [GC (Allocation Failure) 7380.545: [ParNew
Desired survivor size 20112992 bytes, new threshold 8 (max 8)
- age   1:     850680 bytes,     850680 total
- age   2:      99424 bytes,     950104 total
- age   3:      61784 bytes,    1011888 total
- age   4:     433792 bytes,    1445680 total
- age   5:    4250912 bytes,    5696592 total
- age   6:    2674144 bytes,    8370736 total
- age   7:     512296 bytes,    8883032 total
- age   8:     115816 bytes,    8998848 total
: 99322K->10437K(109248K), 0.0571565 secs] 151582K->62788K(502464K), 0.0594072 secs] [Times: user=0.07 sys=0.00, real=0.06 secs] 
Heap after GC invocations=220 (full 2):
 par new generation   total 109248K, used 10437K [0x00000000e0000000, 0x00000000e8000000, 0x00000000e8000000)
  eden space 87424K,   0% used [0x00000000e0000000, 0x00000000e0000000, 0x00000000e5560000)
  from space 21824K,  47% used [0x00000000e5560000, 0x00000000e5f917d8, 0x00000000e6ab0000)
  to   space 21824K,   0% used [0x00000000e6ab0000, 0x00000000e6ab0000, 0x00000000e8000000)
 concurrent mark-sweep generation total 393216K, used 52350K [0x00000000e8000000, 0x0000000100000000, 0x0000000100000000)
 Metaspace       used 44299K, capacity 45024K, committed 45292K, reserved 1089536K
  class space    used 4663K, capacity 4834K, committed 4860K, reserved 1048576K
}
2015-12-06T21:56:54.309+0530: 7380.603: Total time for which application threads were stopped: 0.0800068 seconds, Stopping threads took: 0.0200147 seconds
{Heap before GC invocations=220 (full 2):
 par new generation   total 109248K, used 97861K [0x00000000e0000000, 0x00000000e8000000, 0x00000000e8000000)
  eden space 87424K, 100% used [0x00000000e0000000, 0x00000000e5560000, 0x00000000e5560000)
  from space 21824K,  47% used [0x00000000e5560000, 0x00000000e5f917d8, 0x00000000e6ab0000)
  to   space 21824K,   0% used [0x00000000e6ab0000, 0x00000000e6ab0000, 0x00000000e8000000)
 concurrent mark-sweep generation total 393216K, used 52350K [0x00000000e8000000, 0x0000000100000000, 0x0000000100000000)
 Metaspace       used 44299K, capacity 45024K, committed 45292K, reserved 1089536K
  class space    used 4663K, capacity 4834K, committed 4860K, reserved 1048576K
2015-12-06T21:56:54.394+0530: 7380.687: [GC (Allocation Failure) 7380.688: [ParNew
Desired survivor size 20112992 bytes, new threshold 8 (max 8)
- age   1:    1025496 bytes,    1025496 total
- age   2:     115048 bytes,    1140544 total
- age   3:      98992 bytes,    1239536 total
- age   4:      61024 bytes,    1300560 total
- age   5:     433520 bytes,    1734080 total
- age   6:    4250776 bytes,    5984856 total
- age   7:    2674144 bytes,    8659000 total
- age   8:     512296 bytes,    9171296 total
: 97861K->11626K(109248K), 0.0318853 secs] 150212K->64092K(502464K), 0.0322397 secs] [Times: user=0.04 sys=0.00, real=0.03 secs] 
Heap after GC invocations=221 (full 2):
 par new generation   total 109248K, used 11626K [0x00000000e0000000, 0x00000000e8000000, 0x00000000e8000000)
  eden space 87424K,   0% used [0x00000000e0000000, 0x00000000e0000000, 0x00000000e5560000)
  from space 21824K,  53% used [0x00000000e6ab0000, 0x00000000e760a880, 0x00000000e8000000)
  to   space 21824K,   0% used [0x00000000e5560000, 0x00000000e5560000, 0x00000000e6ab0000)
 concurrent mark-sweep generation total 393216K, used 52466K [0x00000000e8000000, 0x0000000100000000, 0x0000000100000000)
 Metaspace       used 44299K, capacity 45024K, committed 45292K, reserved 1089536K
  class space    used 4663K, capacity 4834K, committed 4860K, reserved 1048576K
}
2015-12-06T21:56:54.426+0530: 7380.720: Total time for which application threads were stopped: 0.0428526 seconds, Stopping threads took: 0.0100215 seconds
{Heap before GC invocations=221 (full 2):
 par new generation   total 109248K, used 99050K [0x00000000e0000000, 0x00000000e8000000, 0x00000000e8000000)
  eden space 87424K, 100% used [0x00000000e0000000, 0x00000000e5560000, 0x00000000e5560000)
  from space 21824K,  53% used [0x00000000e6ab0000, 0x00000000e760a880, 0x00000000e8000000)
  to   space 21824K,   0% used [0x00000000e5560000, 0x00000000e5560000, 0x00000000e6ab0000)
 concurrent mark-sweep generation total 393216K, used 52466K [0x00000000e8000000, 0x0000000100000000, 0x0000000100000000)
 Metaspace       used 44299K, capacity 45024K, committed 45292K, reserved 1089536K
  class space    used 4663K, capacity 4834K, committed 4860K, reserved 1048576K
2015-12-06T21:56:54.497+0530: 7380.791: [GC (Allocation Failure) 7380.791: [ParNew
Desired survivor size 20112992 bytes, new threshold 8 (max 8)
- age   1:    1486232 bytes,    1486232 total
- age   2:      90024 bytes,    1576256 total
- age   3:     114712 bytes,    1690968 total
- age   4:      97904 bytes,    1788872 total
- age   5:      60640 bytes,    1849512 total
- age   6:     433352 bytes,    2282864 total
- age   7:    4250320 bytes,    6533184 total
- age   8:    2674144 bytes,    9207328 total
: 99050K->10592K(109248K), 0.0232609 secs] 151516K->63562K(502464K), 0.0235496 secs] [Times: user=0.05 sys=0.00, real=0.02 secs] 
Heap after GC invocations=222 (full 2):
 par new generation   total 109248K, used 10592K [0x00000000e0000000, 0x00000000e8000000, 0x00000000e8000000)
  eden space 87424K,   0% used [0x00000000e0000000, 0x00000000e0000000, 0x00000000e5560000)
  from space 21824K,  48% used [0x00000000e5560000, 0x00000000e5fb8240, 0x00000000e6ab0000)
  to   space 21824K,   0% used [0x00000000e6ab0000, 0x00000000e6ab0000, 0x00000000e8000000)
 concurrent mark-sweep generation total 393216K, used 52970K [0x00000000e8000000, 0x0000000100000000, 0x0000000100000000)
 Metaspace       used 44299K, capacity 45024K, committed 45292K, reserved 1089536K
  class space    used 4663K, capacity 4834K, committed 4860K, reserved 1048576K
}
2015-12-06T21:56:54.521+0530: 7380.815: Total time for which application threads were stopped: 0.0252216 seconds, Stopping threads took: 0.0012093 seconds
{Heap before GC invocations=222 (full 2):
 par new generation   total 109248K, used 98016K [0x00000000e0000000, 0x00000000e8000000, 0x00000000e8000000)
  eden space 87424K, 100% used [0x00000000e0000000, 0x00000000e5560000, 0x00000000e5560000)
  from space 21824K,  48% used [0x00000000e5560000, 0x00000000e5fb8240, 0x00000000e6ab0000)
  to   space 21824K,   0% used [0x00000000e6ab0000, 0x00000000e6ab0000, 0x00000000e8000000)
 concurrent mark-sweep generation total 393216K, used 52970K [0x00000000e8000000, 0x0000000100000000, 0x0000000100000000)
 Metaspace       used 44299K, capacity 45024K, committed 45292K, reserved 1089536K
  class space    used 4663K, capacity 4834K, committed 4860K, reserved 1048576K
2015-12-06T21:56:54.625+0530: 7380.919: [GC (Allocation Failure) 7380.919: [ParNew
Desired survivor size 20112992 bytes, new threshold 8 (max 8)
- age   1:    1324736 bytes,    1324736 total
- age   2:     367840 bytes,    1692576 total
- age   3:      89400 bytes,    1781976 total
- age   4:     114232 bytes,    1896208 total
- age   5:      97592 bytes,    1993800 total
- age   6:      60160 bytes,    2053960 total
- age   7:     432456 bytes,    2486416 total
- age   8:    3684344 bytes,    6170760 total
: 98016K->10084K(109248K), 0.0228492 secs] 150986K->65691K(502464K), 0.0231173 secs] [Times: user=0.05 sys=0.01, real=0.02 secs] 
Heap after GC invocations=223 (full 2):
 par new generation   total 109248K, used 10084K [0x00000000e0000000, 0x00000000e8000000, 0x00000000e8000000)
  eden space 87424K,   0% used [0x00000000e0000000, 0x00000000e0000000, 0x00000000e5560000)
  from space 21824K,  46% used [0x00000000e6ab0000, 0x00000000e7489130, 0x00000000e8000000)
  to   space 21824K,   0% used [0x00000000e5560000, 0x00000000e5560000, 0x00000000e6ab0000)
 concurrent mark-sweep generation total 393216K, used 55607K [0x00000000e8000000, 0x0000000100000000, 0x0000000100000000)
 Metaspace       used 44299K, capacity 45024K, committed 45292K, reserved 1089536K
  class space    used 4663K, capacity 4834K, committed 4860K, reserved 1048576K
}
2015-12-06T21:56:54.649+0530: 7380.943: Total time for which application threads were stopped: 0.0292516 seconds, Stopping threads took: 0.0056720 seconds
2015-12-06T21:56:55.312+0530: 7381.606: Total time for which application threads were stopped: 0.0004959 seconds, Stopping threads took: 0.0002263 seconds
2015-12-06T21:56:55.313+0530: 7381.607: Total time for which application threads were stopped: 0.0003213 seconds, Stopping threads took: 0.0000478 seconds
2015-12-06T21:56:55.318+0530: 7381.612: Total time for which application threads were stopped: 0.0006299 seconds, Stopping threads took: 0.0000737 seconds
2015-12-06T21:56:55.318+0530: 7381.612: Total time for which application threads were stopped: 0.0004334 seconds, Stopping threads took: 0.0000384 seconds
2015-12-06T21:56:55.321+0530: 7381.615: Total time for which application threads were stopped: 0.0007461 seconds, Stopping threads took: 0.0000589 seconds
2015-12-06T21:56:55.330+0530: 7381.624: Total time for which application threads were stopped: 0.0002980 seconds, Stopping threads took: 0.0000360 seconds
2015-12-06T21:56:55.332+0530: 7381.626: Total time for which application threads were stopped: 0.0002985 seconds, Stopping threads took: 0.0000373 seconds
2015-12-06T21:56:58.659+0530: 7384.953: Total time for which application threads were stopped: 0.0003085 seconds, Stopping threads took: 0.0000465 seconds
2015-12-06T21:56:58.659+0530: 7384.953: Total time for which application threads were stopped: 0.0002104 seconds, Stopping threads took: 0.0000536 seconds
2015-12-06T21:56:58.659+0530: 7384.953: Total time for which application threads were stopped: 0.0001847 seconds, Stopping threads took: 0.0000457 seconds
2015-12-06T21:57:00.445+0530: 7386.739: Total time for which application threads were stopped: 0.0004492 seconds, Stopping threads took: 0.0000608 seconds
2015-12-06T21:57:00.447+0530: 7386.741: Total time for which application threads were stopped: 0.0004032 seconds, Stopping threads took: 0.0000474 seconds
2015-12-06T21:57:00.448+0530: 7386.742: Total time for which application threads were stopped: 0.0002966 seconds, Stopping threads took: 0.0000341 seconds
2015-12-06T21:57:00.448+0530: 7386.742: Total time for which application threads were stopped: 0.0002662 seconds, Stopping threads took: 0.0000216 seconds
2015-12-06T21:57:01.449+0530: 7387.743: Total time for which application threads were stopped: 0.0004493 seconds, Stopping threads took: 0.0000607 seconds
2015-12-06T21:57:01.632+0530: 7387.926: Total time for which application threads were stopped: 0.0004277 seconds, Stopping threads took: 0.0000472 seconds
2015-12-06T21:57:01.632+0530: 7387.926: Total time for which application threads were stopped: 0.0003135 seconds, Stopping threads took: 0.0000405 seconds
2015-12-06T21:57:29.637+0530: 7415.931: Total time for which application threads were stopped: 0.0004068 seconds, Stopping threads took: 0.0000620 seconds
2015-12-06T21:57:29.939+0530: 7416.233: Total time for which application threads were stopped: 0.0003341 seconds, Stopping threads took: 0.0000440 seconds
2015-12-06T21:57:29.958+0530: 7416.252: Total time for which application threads were stopped: 0.0005439 seconds, Stopping threads took: 0.0002667 seconds
2015-12-06T21:57:29.989+0530: 7416.283: Total time for which application threads were stopped: 0.0003435 seconds, Stopping threads took: 0.0000357 seconds
2015-12-06T21:57:29.990+0530: 7416.284: Total time for which application threads were stopped: 0.0001963 seconds, Stopping threads took: 0.0000172 seconds
2015-12-06T21:57:30.002+0530: 7416.295: Total time for which application threads were stopped: 0.0002286 seconds, Stopping threads took: 0.0000306 seconds
2015-12-06T21:57:30.002+0530: 7416.296: Total time for which application threads were stopped: 0.0002305 seconds, Stopping threads took: 0.0000445 seconds
2015-12-06T21:57:30.003+0530: 7416.297: Total time for which application threads were stopped: 0.0002170 seconds, Stopping threads took: 0.0000463 seconds
2015-12-06T21:57:30.003+0530: 7416.297: Total time for which application threads were stopped: 0.0002545 seconds, Stopping threads took: 0.0000435 seconds
2015-12-06T21:57:30.004+0530: 7416.297: Total time for which application threads were stopped: 0.0001880 seconds, Stopping threads took: 0.0000309 seconds
2015-12-06T21:57:30.005+0530: 7416.299: Total time for which application threads were stopped: 0.0003448 seconds, Stopping threads took: 0.0000403 seconds
2015-12-06T21:57:30.007+0530: 7416.301: Total time for which application threads were stopped: 0.0003301 seconds, Stopping threads took: 0.0000351 seconds
2015-12-06T21:57:30.008+0530: 7416.302: Total time for which application threads were stopped: 0.0003057 seconds, Stopping threads took: 0.0000248 seconds
2015-12-06T21:57:30.017+0530: 7416.311: Total time for which application threads were stopped: 0.0002832 seconds, Stopping threads took: 0.0000351 seconds
2015-12-06T21:57:36.686+0530: 7422.980: Total time for which application threads were stopped: 0.0006401 seconds, Stopping threads took: 0.0001263 seconds
2015-12-06T21:57:36.686+0530: 7422.980: Total time for which application threads were stopped: 0.0003960 seconds, Stopping threads took: 0.0000893 seconds
2015-12-06T21:57:36.687+0530: 7422.981: Total time for which application threads were stopped: 0.0003297 seconds, Stopping threads took: 0.0000635 seconds
2015-12-06T21:57:37.238+0530: 7423.532: Total time for which application threads were stopped: 0.0004958 seconds, Stopping threads took: 0.0001048 seconds
2015-12-06T21:57:37.239+0530: 7423.533: Total time for which application threads were stopped: 0.0003245 seconds, Stopping threads took: 0.0000689 seconds
2015-12-06T21:57:39.863+0530: 7426.156: Total time for which application threads were stopped: 0.0002572 seconds, Stopping threads took: 0.0000330 seconds
2015-12-06T21:57:39.863+0530: 7426.157: Total time for which application threads were stopped: 0.0003266 seconds, Stopping threads took: 0.0000167 seconds
2015-12-06T21:58:00.213+0530: 7446.507: Total time for which application threads were stopped: 0.0002688 seconds, Stopping threads took: 0.0000313 seconds
2015-12-06T21:58:00.215+0530: 7446.509: Total time for which application threads were stopped: 0.0005271 seconds, Stopping threads took: 0.0002798 seconds
2015-12-06T21:58:00.221+0530: 7446.515: Total time for which application threads were stopped: 0.0062240 seconds, Stopping threads took: 0.0060191 seconds
2015-12-06T21:58:01.222+0530: 7447.516: Total time for which application threads were stopped: 0.0004508 seconds, Stopping threads took: 0.0000576 seconds
2015-12-06T21:58:29.418+0530: 7475.711: Total time for which application threads were stopped: 0.0002897 seconds, Stopping threads took: 0.0000367 seconds
2015-12-06T21:58:29.419+0530: 7475.713: Total time for which application threads were stopped: 0.0007161 seconds, Stopping threads took: 0.0004643 seconds
2015-12-06T21:58:29.421+0530: 7475.715: Total time for which application threads were stopped: 0.0003738 seconds, Stopping threads took: 0.0000544 seconds
2015-12-06T21:58:29.423+0530: 7475.716: Total time for which application threads were stopped: 0.0003239 seconds, Stopping threads took: 0.0000572 seconds
2015-12-06T21:58:29.423+0530: 7475.717: Total time for which application threads were stopped: 0.0001449 seconds, Stopping threads took: 0.0000144 seconds
2015-12-06T21:58:29.424+0530: 7475.718: Total time for which application threads were stopped: 0.0401936 seconds, Stopping threads took: 0.0000314 seconds
2015-12-06T21:58:29.465+0530: 7475.759: Total time for which application threads were stopped: 0.0002778 seconds, Stopping threads took: 0.0000447 seconds
2015-12-06T21:58:44.746+0530: 7491.039: Total time for which application threads were stopped: 0.0029584 seconds, Stopping threads took: 0.0026399 seconds
2015-12-06T21:58:44.751+0530: 7491.045: Total time for which application threads were stopped: 0.0009111 seconds, Stopping threads took: 0.0001286 seconds
2015-12-06T21:58:45.752+0530: 7492.046: Total time for which application threads were stopped: 0.0002403 seconds, Stopping threads took: 0.0000344 seconds
2015-12-06T21:58:55.545+0530: 7501.839: Total time for which application threads were stopped: 0.0041396 seconds, Stopping threads took: 0.0038125 seconds
2015-12-06T21:58:55.546+0530: 7501.840: Total time for which application threads were stopped: 0.0002171 seconds, Stopping threads took: 0.0000211 seconds
2015-12-06T21:58:55.547+0530: 7501.841: Total time for which application threads were stopped: 0.0002092 seconds, Stopping threads took: 0.0000232 seconds
2015-12-06T21:58:55.548+0530: 7501.842: Total time for which application threads were stopped: 0.0002609 seconds, Stopping threads took: 0.0000258 seconds
2015-12-06T21:58:55.551+0530: 7501.844: Total time for which application threads were stopped: 0.0002798 seconds, Stopping threads took: 0.0000311 seconds
2015-12-06T21:58:55.553+0530: 7501.847: Total time for which application threads were stopped: 0.0002359 seconds, Stopping threads took: 0.0000286 seconds
2015-12-06T21:58:55.559+0530: 7501.853: Total time for which application threads were stopped: 0.0002076 seconds, Stopping threads took: 0.0000274 seconds
2015-12-06T21:58:55.559+0530: 7501.853: Total time for which application threads were stopped: 0.0001004 seconds, Stopping threads took: 0.0000140 seconds
2015-12-06T21:58:55.560+0530: 7501.853: Total time for which application threads were stopped: 0.0000944 seconds, Stopping threads took: 0.0000131 seconds
2015-12-06T21:58:55.560+0530: 7501.854: Total time for which application threads were stopped: 0.0000908 seconds, Stopping threads took: 0.0000127 seconds
2015-12-06T21:58:55.560+0530: 7501.854: Total time for which application threads were stopped: 0.0000902 seconds, Stopping threads took: 0.0000122 seconds
2015-12-06T21:58:55.560+0530: 7501.854: Total time for which application threads were stopped: 0.0000899 seconds, Stopping threads took: 0.0000124 seconds
2015-12-06T21:58:55.560+0530: 7501.854: Total time for which application threads were stopped: 0.0000908 seconds, Stopping threads took: 0.0000122 seconds
2015-12-06T21:58:55.561+0530: 7501.855: Total time for which application threads were stopped: 0.0000897 seconds, Stopping threads took: 0.0000121 seconds
2015-12-06T21:58:55.561+0530: 7501.855: Total time for which application threads were stopped: 0.0000893 seconds, Stopping threads took: 0.0000118 seconds
2015-12-06T21:58:55.561+0530: 7501.855: Total time for which application threads were stopped: 0.0002806 seconds, Stopping threads took: 0.0000293 seconds
2015-12-06T21:58:56.562+0530: 7502.856: Total time for which application threads were stopped: 0.0005184 seconds, Stopping threads took: 0.0000597 seconds
2015-12-06T22:05:14.430+0530: 7880.724: Total time for which application threads were stopped: 0.0003619 seconds, Stopping threads took: 0.0000550 seconds
2015-12-06T22:05:14.432+0530: 7880.726: Total time for which application threads were stopped: 0.0002464 seconds, Stopping threads took: 0.0000499 seconds
2015-12-06T22:05:14.432+0530: 7880.726: Total time for which application threads were stopped: 0.0001628 seconds, Stopping threads took: 0.0000520 seconds
2015-12-06T22:05:14.433+0530: 7880.727: Total time for which application threads were stopped: 0.0002128 seconds, Stopping threads took: 0.0000192 seconds
2015-12-06T22:05:14.434+0530: 7880.728: Total time for which application threads were stopped: 0.0003743 seconds, Stopping threads took: 0.0000387 seconds
2015-12-06T22:05:14.435+0530: 7880.729: Total time for which application threads were stopped: 0.0002644 seconds, Stopping threads took: 0.0000333 seconds
2015-12-06T22:05:14.446+0530: 7880.740: Total time for which application threads were stopped: 0.0002807 seconds, Stopping threads took: 0.0000416 seconds
2015-12-06T22:05:14.452+0530: 7880.746: Total time for which application threads were stopped: 0.0003734 seconds, Stopping threads took: 0.0000701 seconds
2015-12-06T22:05:14.453+0530: 7880.747: Total time for which application threads were stopped: 0.0002932 seconds, Stopping threads took: 0.0000298 seconds
2015-12-06T22:05:14.455+0530: 7880.749: Total time for which application threads were stopped: 0.0002732 seconds, Stopping threads took: 0.0000460 seconds
2015-12-06T22:05:14.455+0530: 7880.749: Total time for which application threads were stopped: 0.0002042 seconds, Stopping threads took: 0.0000475 seconds
2015-12-06T22:05:14.456+0530: 7880.750: Total time for which application threads were stopped: 0.0002316 seconds, Stopping threads took: 0.0000558 seconds
2015-12-06T22:05:14.458+0530: 7880.752: Total time for which application threads were stopped: 0.0012409 seconds, Stopping threads took: 0.0006702 seconds
2015-12-06T22:05:14.458+0530: 7880.752: Total time for which application threads were stopped: 0.0002024 seconds, Stopping threads took: 0.0000420 seconds
2015-12-06T22:05:14.459+0530: 7880.752: Total time for which application threads were stopped: 0.0002012 seconds, Stopping threads took: 0.0000343 seconds
2015-12-06T22:05:14.459+0530: 7880.753: Total time for which application threads were stopped: 0.0001725 seconds, Stopping threads took: 0.0000241 seconds
2015-12-06T22:05:14.460+0530: 7880.753: Total time for which application threads were stopped: 0.0002721 seconds, Stopping threads took: 0.0000989 seconds
2015-12-06T22:05:14.460+0530: 7880.754: Total time for which application threads were stopped: 0.0001885 seconds, Stopping threads took: 0.0000399 seconds
2015-12-06T22:05:14.460+0530: 7880.754: Total time for which application threads were stopped: 0.0001202 seconds, Stopping threads took: 0.0000288 seconds
2015-12-06T22:05:14.461+0530: 7880.755: Total time for which application threads were stopped: 0.0001473 seconds, Stopping threads took: 0.0000415 seconds
2015-12-06T22:05:14.461+0530: 7880.755: Total time for which application threads were stopped: 0.0001308 seconds, Stopping threads took: 0.0000290 seconds
2015-12-06T22:05:15.462+0530: 7881.755: Total time for which application threads were stopped: 0.0004144 seconds, Stopping threads took: 0.0000552 seconds
2015-12-06T22:05:36.028+0530: 7902.321: Total time for which application threads were stopped: 0.0002477 seconds, Stopping threads took: 0.0000342 seconds
2015-12-06T22:05:36.030+0530: 7902.323: Total time for which application threads were stopped: 0.0004167 seconds, Stopping threads took: 0.0000612 seconds
2015-12-06T22:05:36.030+0530: 7902.324: Total time for which application threads were stopped: 0.0001322 seconds, Stopping threads took: 0.0000276 seconds
2015-12-06T22:05:36.030+0530: 7902.324: Total time for which application threads were stopped: 0.0001317 seconds, Stopping threads took: 0.0000390 seconds
2015-12-06T22:05:36.030+0530: 7902.324: Total time for which application threads were stopped: 0.0000873 seconds, Stopping threads took: 0.0000099 seconds
{Heap before GC invocations=223 (full 2):
 par new generation   total 109248K, used 97508K [0x00000000e0000000, 0x00000000e8000000, 0x00000000e8000000)
  eden space 87424K, 100% used [0x00000000e0000000, 0x00000000e5560000, 0x00000000e5560000)
  from space 21824K,  46% used [0x00000000e6ab0000, 0x00000000e7489130, 0x00000000e8000000)
  to   space 21824K,   0% used [0x00000000e5560000, 0x00000000e5560000, 0x00000000e6ab0000)
 concurrent mark-sweep generation total 393216K, used 55607K [0x00000000e8000000, 0x0000000100000000, 0x0000000100000000)
 Metaspace       used 44596K, capacity 45290K, committed 45420K, reserved 1089536K
  class space    used 4680K, capacity 4873K, committed 4988K, reserved 1048576K
2015-12-06T22:05:36.045+0530: 7902.339: [GC (Allocation Failure) 7902.339: [ParNew
Desired survivor size 20112992 bytes, new threshold 8 (max 8)
- age   1:    3316720 bytes,    3316720 total
- age   2:     990448 bytes,    4307168 total
- age   3:     367448 bytes,    4674616 total
- age   4:      88368 bytes,    4762984 total
- age   5:     113944 bytes,    4876928 total
- age   6:      97424 bytes,    4974352 total
- age   7:      59680 bytes,    5034032 total
- age   8:      41016 bytes,    5075048 total
: 97508K->7046K(109248K), 0.0102395 secs] 153115K->63650K(502464K), 0.0104049 secs] [Times: user=0.03 sys=0.00, real=0.01 secs] 
Heap after GC invocations=224 (full 2):
 par new generation   total 109248K, used 7046K [0x00000000e0000000, 0x00000000e8000000, 0x00000000e8000000)
  eden space 87424K,   0% used [0x00000000e0000000, 0x00000000e0000000, 0x00000000e5560000)
  from space 21824K,  32% used [0x00000000e5560000, 0x00000000e5c41b00, 0x00000000e6ab0000)
  to   space 21824K,   0% used [0x00000000e6ab0000, 0x00000000e6ab0000, 0x00000000e8000000)
 concurrent mark-sweep generation total 393216K, used 56604K [0x00000000e8000000, 0x0000000100000000, 0x0000000100000000)
 Metaspace       used 44596K, capacity 45290K, committed 45420K, reserved 1089536K
  class space    used 4680K, capacity 4873K, committed 4988K, reserved 1048576K
}
2015-12-06T22:05:36.056+0530: 7902.350: Total time for which application threads were stopped: 0.0108781 seconds, Stopping threads took: 0.0000272 seconds
2015-12-06T22:05:37.057+0530: 7903.350: Total time for which application threads were stopped: 0.0003935 seconds, Stopping threads took: 0.0000557 seconds
2015-12-06T22:05:43.396+0530: 7909.690: Total time for which application threads were stopped: 0.0003174 seconds, Stopping threads took: 0.0000223 seconds
2015-12-06T22:05:43.397+0530: 7909.691: Total time for which application threads were stopped: 0.0002757 seconds, Stopping threads took: 0.0000329 seconds
2015-12-06T22:05:43.415+0530: 7909.709: Total time for which application threads were stopped: 0.0002730 seconds, Stopping threads took: 0.0000283 seconds
2015-12-06T22:05:43.416+0530: 7909.710: Total time for which application threads were stopped: 0.0002479 seconds, Stopping threads took: 0.0000271 seconds
2015-12-06T22:05:43.416+0530: 7909.710: Total time for which application threads were stopped: 0.0003506 seconds, Stopping threads took: 0.0000331 seconds
2015-12-06T22:05:43.417+0530: 7909.711: Total time for which application threads were stopped: 0.0001938 seconds, Stopping threads took: 0.0000475 seconds
2015-12-06T22:05:43.478+0530: 7909.771: Total time for which application threads were stopped: 0.0002883 seconds, Stopping threads took: 0.0000757 seconds
2015-12-06T22:05:43.478+0530: 7909.772: Total time for which application threads were stopped: 0.0002014 seconds, Stopping threads took: 0.0000365 seconds
2015-12-06T22:05:43.502+0530: 7909.796: Total time for which application threads were stopped: 0.0002645 seconds, Stopping threads took: 0.0000583 seconds
2015-12-06T22:05:43.585+0530: 7909.879: Total time for which application threads were stopped: 0.0002948 seconds, Stopping threads took: 0.0000537 seconds
2015-12-06T22:05:43.607+0530: 7909.901: Total time for which application threads were stopped: 0.0002667 seconds, Stopping threads took: 0.0000319 seconds
2015-12-06T22:05:43.736+0530: 7910.030: Total time for which application threads were stopped: 0.0002213 seconds, Stopping threads took: 0.0000291 seconds
2015-12-06T22:05:43.746+0530: 7910.040: Total time for which application threads were stopped: 0.0002824 seconds, Stopping threads took: 0.0000345 seconds
2015-12-06T22:05:43.796+0530: 7910.090: Total time for which application threads were stopped: 0.0004743 seconds, Stopping threads took: 0.0000402 seconds
2015-12-06T22:05:43.821+0530: 7910.115: Total time for which application threads were stopped: 0.0004346 seconds, Stopping threads took: 0.0001180 seconds
2015-12-06T22:05:43.822+0530: 7910.116: Total time for which application threads were stopped: 0.0002410 seconds, Stopping threads took: 0.0000414 seconds
2015-12-06T22:05:43.825+0530: 7910.119: Total time for which application threads were stopped: 0.0003884 seconds, Stopping threads took: 0.0000729 seconds
2015-12-06T22:05:43.825+0530: 7910.119: Total time for which application threads were stopped: 0.0002862 seconds, Stopping threads took: 0.0000573 seconds
2015-12-06T22:05:43.834+0530: 7910.128: Total time for which application threads were stopped: 0.0003052 seconds, Stopping threads took: 0.0000321 seconds
2015-12-06T22:05:44.835+0530: 7911.129: Total time for which application threads were stopped: 0.0004145 seconds, Stopping threads took: 0.0000844 seconds
2015-12-06T22:06:43.823+0530: 7970.116: Total time for which application threads were stopped: 0.0004383 seconds, Stopping threads took: 0.0000637 seconds
2015-12-06T22:06:43.830+0530: 7970.124: Total time for which application threads were stopped: 0.0004157 seconds, Stopping threads took: 0.0000703 seconds
2015-12-06T22:07:30.584+0530: 8016.878: Total time for which application threads were stopped: 0.0002929 seconds, Stopping threads took: 0.0000660 seconds
2015-12-06T22:07:30.674+0530: 8016.967: Total time for which application threads were stopped: 0.0002635 seconds, Stopping threads took: 0.0000296 seconds
2015-12-06T22:07:30.674+0530: 8016.968: Total time for which application threads were stopped: 0.0003086 seconds, Stopping threads took: 0.0000714 seconds
2015-12-06T22:07:30.675+0530: 8016.969: Total time for which application threads were stopped: 0.0002407 seconds, Stopping threads took: 0.0000614 seconds
2015-12-06T22:07:30.768+0530: 8017.061: Total time for which application threads were stopped: 0.0003058 seconds, Stopping threads took: 0.0000361 seconds
2015-12-06T22:07:30.799+0530: 8017.093: Total time for which application threads were stopped: 0.0003329 seconds, Stopping threads took: 0.0000379 seconds
2015-12-06T22:07:31.800+0530: 8018.094: Total time for which application threads were stopped: 0.0003791 seconds, Stopping threads took: 0.0000539 seconds
2015-12-06T22:07:36.801+0530: 8023.095: Total time for which application threads were stopped: 0.0004103 seconds, Stopping threads took: 0.0000525 seconds
2015-12-06T22:07:46.260+0530: 8032.553: Total time for which application threads were stopped: 0.0002240 seconds, Stopping threads took: 0.0000252 seconds
2015-12-06T22:07:46.352+0530: 8032.645: Total time for which application threads were stopped: 0.0002787 seconds, Stopping threads took: 0.0000339 seconds
2015-12-06T22:08:06.355+0530: 8052.648: Total time for which application threads were stopped: 0.0003564 seconds, Stopping threads took: 0.0000519 seconds
2015-12-06T22:08:34.122+0530: 8080.415: Total time for which application threads were stopped: 0.0017370 seconds, Stopping threads took: 0.0014331 seconds
2015-12-06T22:08:34.123+0530: 8080.417: Total time for which application threads were stopped: 0.0003661 seconds, Stopping threads took: 0.0000489 seconds
2015-12-06T22:08:34.124+0530: 8080.418: Total time for which application threads were stopped: 0.0001965 seconds, Stopping threads took: 0.0000228 seconds
2015-12-06T22:08:34.132+0530: 8080.426: Total time for which application threads were stopped: 0.0003881 seconds, Stopping threads took: 0.0000771 seconds
2015-12-06T22:08:34.137+0530: 8080.431: Total time for which application threads were stopped: 0.0001978 seconds, Stopping threads took: 0.0000271 seconds
2015-12-06T22:08:34.138+0530: 8080.431: Total time for which application threads were stopped: 0.0000839 seconds, Stopping threads took: 0.0000102 seconds
2015-12-06T22:08:35.138+0530: 8081.432: Total time for which application threads were stopped: 0.0003814 seconds, Stopping threads took: 0.0000544 seconds
2015-12-06T22:08:37.613+0530: 8083.907: Total time for which application threads were stopped: 0.0002866 seconds, Stopping threads took: 0.0000378 seconds
2015-12-06T22:08:37.613+0530: 8083.907: Total time for which application threads were stopped: 0.0001396 seconds, Stopping threads took: 0.0000141 seconds
2015-12-06T22:08:37.615+0530: 8083.908: Total time for which application threads were stopped: 0.0001736 seconds, Stopping threads took: 0.0000221 seconds
2015-12-06T22:08:37.615+0530: 8083.909: Total time for which application threads were stopped: 0.0001259 seconds, Stopping threads took: 0.0000262 seconds
2015-12-06T22:08:37.638+0530: 8083.932: Total time for which application threads were stopped: 0.0004908 seconds, Stopping threads took: 0.0000486 seconds
2015-12-06T22:08:37.656+0530: 8083.950: Total time for which application threads were stopped: 0.0002332 seconds, Stopping threads took: 0.0000285 seconds
2015-12-06T22:08:37.656+0530: 8083.950: Total time for which application threads were stopped: 0.0001287 seconds, Stopping threads took: 0.0000170 seconds
2015-12-06T22:08:37.706+0530: 8084.000: Total time for which application threads were stopped: 0.0002898 seconds, Stopping threads took: 0.0000710 seconds
2015-12-06T22:08:37.707+0530: 8084.001: Total time for which application threads were stopped: 0.0002109 seconds, Stopping threads took: 0.0000538 seconds
2015-12-06T22:08:37.712+0530: 8084.006: Total time for which application threads were stopped: 0.0003489 seconds, Stopping threads took: 0.0000526 seconds
2015-12-06T22:08:37.713+0530: 8084.007: Total time for which application threads were stopped: 0.0002256 seconds, Stopping threads took: 0.0000335 seconds
2015-12-06T22:08:37.723+0530: 8084.017: Total time for which application threads were stopped: 0.0006852 seconds, Stopping threads took: 0.0000683 seconds
2015-12-06T22:08:37.723+0530: 8084.017: Total time for which application threads were stopped: 0.0003676 seconds, Stopping threads took: 0.0000284 seconds
2015-12-06T22:08:38.724+0530: 8085.018: Total time for which application threads were stopped: 0.0002195 seconds, Stopping threads took: 0.0000328 seconds
2015-12-06T22:08:49.705+0530: 8095.999: Total time for which application threads were stopped: 0.0002771 seconds, Stopping threads took: 0.0000746 seconds
2015-12-06T22:08:49.708+0530: 8096.002: Total time for which application threads were stopped: 0.0010452 seconds, Stopping threads took: 0.0000271 seconds
2015-12-06T22:08:50.709+0530: 8097.003: Total time for which application threads were stopped: 0.0004213 seconds, Stopping threads took: 0.0000545 seconds
2015-12-06T22:08:51.931+0530: 8098.225: Total time for which application threads were stopped: 0.0015334 seconds, Stopping threads took: 0.0000400 seconds
2015-12-06T22:08:52.931+0530: 8099.225: Total time for which application threads were stopped: 0.0003654 seconds, Stopping threads took: 0.0000527 seconds
2015-12-06T22:08:59.987+0530: 8106.281: Total time for which application threads were stopped: 0.0003796 seconds, Stopping threads took: 0.0000992 seconds
2015-12-06T22:08:59.999+0530: 8106.293: Total time for which application threads were stopped: 0.0003282 seconds, Stopping threads took: 0.0000371 seconds
2015-12-06T22:09:00.000+0530: 8106.294: Total time for which application threads were stopped: 0.0002302 seconds, Stopping threads took: 0.0000244 seconds
2015-12-06T22:09:00.003+0530: 8106.297: Total time for which application threads were stopped: 0.0002855 seconds, Stopping threads took: 0.0000356 seconds
2015-12-06T22:09:00.005+0530: 8106.299: Total time for which application threads were stopped: 0.0003623 seconds, Stopping threads took: 0.0000430 seconds
2015-12-06T22:09:37.615+0530: 8143.909: Total time for which application threads were stopped: 0.0003460 seconds, Stopping threads took: 0.0000555 seconds
2015-12-06T22:09:40.616+0530: 8146.910: Total time for which application threads were stopped: 0.0003641 seconds, Stopping threads took: 0.0000542 seconds
2015-12-06T22:09:50.618+0530: 8156.911: Total time for which application threads were stopped: 0.0003663 seconds, Stopping threads took: 0.0000549 seconds
2015-12-06T22:10:00.006+0530: 8166.300: Total time for which application threads were stopped: 0.0003779 seconds, Stopping threads took: 0.0000501 seconds
2015-12-06T22:10:27.944+0530: 8194.238: Total time for which application threads were stopped: 0.0002790 seconds, Stopping threads took: 0.0000336 seconds
2015-12-06T22:10:27.950+0530: 8194.243: Total time for which application threads were stopped: 0.0029155 seconds, Stopping threads took: 0.0024906 seconds
2015-12-06T22:10:27.955+0530: 8194.249: Total time for which application threads were stopped: 0.0003526 seconds, Stopping threads took: 0.0000562 seconds
2015-12-06T22:10:27.965+0530: 8194.259: Total time for which application threads were stopped: 0.0002433 seconds, Stopping threads took: 0.0000358 seconds
2015-12-06T22:10:27.967+0530: 8194.261: Total time for which application threads were stopped: 0.0001655 seconds, Stopping threads took: 0.0000215 seconds
2015-12-06T22:10:28.967+0530: 8195.261: Total time for which application threads were stopped: 0.0004018 seconds, Stopping threads took: 0.0000545 seconds
2015-12-06T22:11:37.978+0530: 8264.272: Total time for which application threads were stopped: 0.0004050 seconds, Stopping threads took: 0.0000595 seconds
2015-12-06T22:12:04.194+0530: 8290.488: Total time for which application threads were stopped: 0.0002536 seconds, Stopping threads took: 0.0000265 seconds
2015-12-06T22:12:04.196+0530: 8290.490: Total time for which application threads were stopped: 0.0002746 seconds, Stopping threads took: 0.0000278 seconds
2015-12-06T22:12:04.205+0530: 8290.499: Total time for which application threads were stopped: 0.0002547 seconds, Stopping threads took: 0.0000482 seconds
2015-12-06T22:12:04.206+0530: 8290.500: Total time for which application threads were stopped: 0.0002180 seconds, Stopping threads took: 0.0000379 seconds
2015-12-06T22:12:04.207+0530: 8290.500: Total time for which application threads were stopped: 0.0002084 seconds, Stopping threads took: 0.0000602 seconds
2015-12-06T22:12:04.208+0530: 8290.502: Total time for which application threads were stopped: 0.0003157 seconds, Stopping threads took: 0.0000323 seconds
2015-12-06T22:12:04.208+0530: 8290.502: Total time for which application threads were stopped: 0.0002286 seconds, Stopping threads took: 0.0000551 seconds
2015-12-06T22:12:04.210+0530: 8290.504: Total time for which application threads were stopped: 0.0005501 seconds, Stopping threads took: 0.0003262 seconds
2015-12-06T22:12:04.211+0530: 8290.505: Total time for which application threads were stopped: 0.0013211 seconds, Stopping threads took: 0.0009929 seconds
2015-12-06T22:12:04.212+0530: 8290.506: Total time for which application threads were stopped: 0.0002804 seconds, Stopping threads took: 0.0000748 seconds
2015-12-06T22:12:04.213+0530: 8290.507: Total time for which application threads were stopped: 0.0003066 seconds, Stopping threads took: 0.0000530 seconds
2015-12-06T22:12:04.213+0530: 8290.507: Total time for which application threads were stopped: 0.0001852 seconds, Stopping threads took: 0.0000339 seconds
2015-12-06T22:12:04.214+0530: 8290.508: Total time for which application threads were stopped: 0.0001986 seconds, Stopping threads took: 0.0000389 seconds
2015-12-06T22:12:05.214+0530: 8291.508: Total time for which application threads were stopped: 0.0004590 seconds, Stopping threads took: 0.0000612 seconds
2015-12-06T22:12:05.683+0530: 8291.977: Total time for which application threads were stopped: 0.0002574 seconds, Stopping threads took: 0.0000332 seconds
2015-12-06T22:12:05.683+0530: 8291.977: Total time for which application threads were stopped: 0.0001406 seconds, Stopping threads took: 0.0000144 seconds
2015-12-06T22:12:05.683+0530: 8291.977: Total time for which application threads were stopped: 0.0001752 seconds, Stopping threads took: 0.0000203 seconds
2015-12-06T22:12:05.718+0530: 8292.012: Total time for which application threads were stopped: 0.0002180 seconds, Stopping threads took: 0.0000272 seconds
2015-12-06T22:12:24.012+0530: 8310.306: Total time for which application threads were stopped: 0.0004074 seconds, Stopping threads took: 0.0000890 seconds
2015-12-06T22:12:24.155+0530: 8310.448: Total time for which application threads were stopped: 0.0002340 seconds, Stopping threads took: 0.0000342 seconds
2015-12-06T22:12:24.179+0530: 8310.472: Total time for which application threads were stopped: 0.0003252 seconds, Stopping threads took: 0.0000522 seconds
2015-12-06T22:12:24.179+0530: 8310.473: Total time for which application threads were stopped: 0.0002419 seconds, Stopping threads took: 0.0000296 seconds
2015-12-06T22:12:24.181+0530: 8310.475: Total time for which application threads were stopped: 0.0005947 seconds, Stopping threads took: 0.0001017 seconds
2015-12-06T22:12:24.182+0530: 8310.475: Total time for which application threads were stopped: 0.0002694 seconds, Stopping threads took: 0.0000740 seconds
2015-12-06T22:12:24.203+0530: 8310.497: Total time for which application threads were stopped: 0.0005292 seconds, Stopping threads took: 0.0000599 seconds
2015-12-06T22:12:24.203+0530: 8310.497: Total time for which application threads were stopped: 0.0002613 seconds, Stopping threads took: 0.0000623 seconds
2015-12-06T22:12:24.244+0530: 8310.538: Total time for which application threads were stopped: 0.0005894 seconds, Stopping threads took: 0.0000692 seconds
2015-12-06T22:12:24.245+0530: 8310.539: Total time for which application threads were stopped: 0.0003578 seconds, Stopping threads took: 0.0000809 seconds
2015-12-06T22:12:24.246+0530: 8310.540: Total time for which application threads were stopped: 0.0002500 seconds, Stopping threads took: 0.0000635 seconds
2015-12-06T22:12:24.255+0530: 8310.549: Total time for which application threads were stopped: 0.0004458 seconds, Stopping threads took: 0.0000516 seconds
2015-12-06T22:12:24.257+0530: 8310.551: Total time for which application threads were stopped: 0.0006730 seconds, Stopping threads took: 0.0000425 seconds
2015-12-06T22:12:24.262+0530: 8310.556: Total time for which application threads were stopped: 0.0004312 seconds, Stopping threads took: 0.0000725 seconds
2015-12-06T22:12:24.262+0530: 8310.556: Total time for which application threads were stopped: 0.0003974 seconds, Stopping threads took: 0.0000245 seconds
2015-12-06T22:12:24.264+0530: 8310.557: Total time for which application threads were stopped: 0.0011198 seconds, Stopping threads took: 0.0006865 seconds
2015-12-06T22:13:21.050+0530: 8367.343: Total time for which application threads were stopped: 0.0005082 seconds, Stopping threads took: 0.0000648 seconds
2015-12-06T22:13:21.136+0530: 8367.430: Total time for which application threads were stopped: 0.0004386 seconds, Stopping threads took: 0.0000412 seconds
2015-12-06T22:13:22.136+0530: 8368.430: Total time for which application threads were stopped: 0.0003386 seconds, Stopping threads took: 0.0000485 seconds
2015-12-06T22:13:24.264+0530: 8370.558: Total time for which application threads were stopped: 0.0003757 seconds, Stopping threads took: 0.0000547 seconds
2015-12-06T22:13:59.710+0530: 8406.004: Total time for which application threads were stopped: 0.0002689 seconds, Stopping threads took: 0.0000488 seconds
2015-12-06T22:13:59.711+0530: 8406.005: Total time for which application threads were stopped: 0.0002341 seconds, Stopping threads took: 0.0000761 seconds
2015-12-06T22:13:59.713+0530: 8406.007: Total time for which application threads were stopped: 0.0003740 seconds, Stopping threads took: 0.0000739 seconds
2015-12-06T22:13:59.713+0530: 8406.007: Total time for which application threads were stopped: 0.0001933 seconds, Stopping threads took: 0.0000278 seconds
2015-12-06T22:13:59.714+0530: 8406.008: Total time for which application threads were stopped: 0.0003873 seconds, Stopping threads took: 0.0000945 seconds
2015-12-06T22:13:59.715+0530: 8406.008: Total time for which application threads were stopped: 0.0002742 seconds, Stopping threads took: 0.0000343 seconds
2015-12-06T22:13:59.718+0530: 8406.012: Total time for which application threads were stopped: 0.0004529 seconds, Stopping threads took: 0.0000740 seconds
2015-12-06T22:13:59.723+0530: 8406.017: Total time for which application threads were stopped: 0.0002559 seconds, Stopping threads took: 0.0000474 seconds
2015-12-06T22:14:00.724+0530: 8407.018: Total time for which application threads were stopped: 0.0003725 seconds, Stopping threads took: 0.0000540 seconds
2015-12-06T22:16:50.832+0530: 8577.126: Total time for which application threads were stopped: 0.0002194 seconds, Stopping threads took: 0.0000342 seconds
2015-12-06T22:16:50.833+0530: 8577.127: Total time for which application threads were stopped: 0.0003355 seconds, Stopping threads took: 0.0001353 seconds
2015-12-06T22:16:50.834+0530: 8577.128: Total time for which application threads were stopped: 0.0001639 seconds, Stopping threads took: 0.0000494 seconds
2015-12-06T22:16:50.834+0530: 8577.128: Total time for which application threads were stopped: 0.0001319 seconds, Stopping threads took: 0.0000311 seconds
2015-12-06T22:16:50.837+0530: 8577.130: Total time for which application threads were stopped: 0.0003139 seconds, Stopping threads took: 0.0000504 seconds
2015-12-06T22:16:50.839+0530: 8577.133: Total time for which application threads were stopped: 0.0005536 seconds, Stopping threads took: 0.0003432 seconds
2015-12-06T22:16:51.840+0530: 8578.134: Total time for which application threads were stopped: 0.0003906 seconds, Stopping threads took: 0.0000523 seconds
2015-12-06T22:26:11.873+0530: 9138.167: Total time for which application threads were stopped: 0.0002465 seconds, Stopping threads took: 0.0000396 seconds
2015-12-06T22:26:11.875+0530: 9138.169: Total time for which application threads were stopped: 0.0002518 seconds, Stopping threads took: 0.0000336 seconds
2015-12-06T22:26:11.875+0530: 9138.169: Total time for which application threads were stopped: 0.0002721 seconds, Stopping threads took: 0.0000448 seconds
2015-12-06T22:26:11.904+0530: 9138.198: Total time for which application threads were stopped: 0.0003464 seconds, Stopping threads took: 0.0000554 seconds
2015-12-06T22:26:12.904+0530: 9139.198: Total time for which application threads were stopped: 0.0003656 seconds, Stopping threads took: 0.0000534 seconds
2015-12-06T22:26:42.992+0530: 9169.286: Total time for which application threads were stopped: 0.0002190 seconds, Stopping threads took: 0.0000345 seconds
2015-12-06T22:26:42.993+0530: 9169.287: Total time for which application threads were stopped: 0.0002348 seconds, Stopping threads took: 0.0000244 seconds
2015-12-06T22:26:42.998+0530: 9169.291: Total time for which application threads were stopped: 0.0046643 seconds, Stopping threads took: 0.0043222 seconds
2015-12-06T22:26:42.998+0530: 9169.292: Total time for which application threads were stopped: 0.0002468 seconds, Stopping threads took: 0.0000457 seconds
2015-12-06T22:26:42.999+0530: 9169.293: Total time for which application threads were stopped: 0.0002725 seconds, Stopping threads took: 0.0000319 seconds
2015-12-06T22:26:43.000+0530: 9169.294: Total time for which application threads were stopped: 0.0001982 seconds, Stopping threads took: 0.0000223 seconds
2015-12-06T22:26:43.002+0530: 9169.295: Total time for which application threads were stopped: 0.0002649 seconds, Stopping threads took: 0.0000280 seconds
2015-12-06T22:26:43.009+0530: 9169.303: Total time for which application threads were stopped: 0.0011359 seconds, Stopping threads took: 0.0001180 seconds
2015-12-06T22:26:43.011+0530: 9169.305: Total time for which application threads were stopped: 0.0002317 seconds, Stopping threads took: 0.0000316 seconds
2015-12-06T22:26:43.013+0530: 9169.307: Total time for which application threads were stopped: 0.0002226 seconds, Stopping threads took: 0.0000288 seconds
2015-12-06T22:26:44.014+0530: 9170.307: Total time for which application threads were stopped: 0.0003881 seconds, Stopping threads took: 0.0000546 seconds
2015-12-06T22:27:09.394+0530: 9195.688: Total time for which application threads were stopped: 0.0004702 seconds, Stopping threads took: 0.0001090 seconds
2015-12-06T22:27:09.395+0530: 9195.689: Total time for which application threads were stopped: 0.0005697 seconds, Stopping threads took: 0.0001394 seconds
2015-12-06T22:27:09.399+0530: 9195.693: Total time for which application threads were stopped: 0.0025556 seconds, Stopping threads took: 0.0021589 seconds
2015-12-06T22:27:10.399+0530: 9196.693: Total time for which application threads were stopped: 0.0003677 seconds, Stopping threads took: 0.0000525 seconds
2015-12-06T22:27:38.166+0530: 9224.460: Total time for which application threads were stopped: 0.0003773 seconds, Stopping threads took: 0.0000686 seconds
2015-12-06T22:27:38.168+0530: 9224.462: Total time for which application threads were stopped: 0.0004425 seconds, Stopping threads took: 0.0000758 seconds
2015-12-06T22:27:38.169+0530: 9224.463: Total time for which application threads were stopped: 0.0002639 seconds, Stopping threads took: 0.0000265 seconds
2015-12-06T22:28:41.438+0530: 9287.732: Total time for which application threads were stopped: 0.0002101 seconds, Stopping threads took: 0.0000249 seconds
2015-12-06T22:28:41.440+0530: 9287.734: Total time for which application threads were stopped: 0.0003403 seconds, Stopping threads took: 0.0000391 seconds
2015-12-06T22:28:41.442+0530: 9287.736: Total time for which application threads were stopped: 0.0012024 seconds, Stopping threads took: 0.0000501 seconds
2015-12-06T22:28:41.443+0530: 9287.737: Total time for which application threads were stopped: 0.0002918 seconds, Stopping threads took: 0.0000643 seconds
2015-12-06T22:28:41.444+0530: 9287.738: Total time for which application threads were stopped: 0.0002797 seconds, Stopping threads took: 0.0000710 seconds
2015-12-06T22:28:41.444+0530: 9287.738: Total time for which application threads were stopped: 0.0002215 seconds, Stopping threads took: 0.0000596 seconds
2015-12-06T22:28:41.446+0530: 9287.740: Total time for which application threads were stopped: 0.0003587 seconds, Stopping threads took: 0.0001045 seconds
2015-12-06T22:28:41.446+0530: 9287.740: Total time for which application threads were stopped: 0.0002405 seconds, Stopping threads took: 0.0000735 seconds
2015-12-06T22:28:41.450+0530: 9287.744: Total time for which application threads were stopped: 0.0002956 seconds, Stopping threads took: 0.0000591 seconds
2015-12-06T22:28:41.451+0530: 9287.744: Total time for which application threads were stopped: 0.0002077 seconds, Stopping threads took: 0.0000581 seconds
2015-12-06T22:28:41.452+0530: 9287.746: Total time for which application threads were stopped: 0.0004068 seconds, Stopping threads took: 0.0001758 seconds
2015-12-06T22:28:41.454+0530: 9287.748: Total time for which application threads were stopped: 0.0008299 seconds, Stopping threads took: 0.0005449 seconds
2015-12-06T22:28:41.455+0530: 9287.749: Total time for which application threads were stopped: 0.0003287 seconds, Stopping threads took: 0.0000659 seconds
2015-12-06T22:28:41.456+0530: 9287.749: Total time for which application threads were stopped: 0.0003191 seconds, Stopping threads took: 0.0000259 seconds
2015-12-06T22:28:41.456+0530: 9287.750: Total time for which application threads were stopped: 0.0002814 seconds, Stopping threads took: 0.0000562 seconds
2015-12-06T22:28:41.457+0530: 9287.751: Total time for which application threads were stopped: 0.0002459 seconds, Stopping threads took: 0.0000336 seconds
2015-12-06T22:28:41.457+0530: 9287.751: Total time for which application threads were stopped: 0.0003234 seconds, Stopping threads took: 0.0000238 seconds
2015-12-06T22:28:57.757+0530: 9304.051: Total time for which application threads were stopped: 0.0002509 seconds, Stopping threads took: 0.0000287 seconds
2015-12-06T22:28:57.759+0530: 9304.053: Total time for which application threads were stopped: 0.0005353 seconds, Stopping threads took: 0.0000895 seconds
2015-12-06T22:28:57.759+0530: 9304.053: Total time for which application threads were stopped: 0.0002461 seconds, Stopping threads took: 0.0001227 seconds
2015-12-06T22:28:57.759+0530: 9304.053: Total time for which application threads were stopped: 0.0000964 seconds, Stopping threads took: 0.0000168 seconds
2015-12-06T22:32:03.205+0530: 9489.499: Total time for which application threads were stopped: 0.0002390 seconds, Stopping threads took: 0.0000259 seconds
2015-12-06T22:32:03.206+0530: 9489.500: Total time for which application threads were stopped: 0.0002029 seconds, Stopping threads took: 0.0000293 seconds
2015-12-06T22:32:03.207+0530: 9489.501: Total time for which application threads were stopped: 0.0001871 seconds, Stopping threads took: 0.0000453 seconds
2015-12-06T22:32:03.207+0530: 9489.501: Total time for which application threads were stopped: 0.0001493 seconds, Stopping threads took: 0.0000398 seconds
2015-12-06T22:32:03.208+0530: 9489.502: Total time for which application threads were stopped: 0.0003927 seconds, Stopping threads took: 0.0001065 seconds
2015-12-06T22:32:03.214+0530: 9489.508: Total time for which application threads were stopped: 0.0002846 seconds, Stopping threads took: 0.0000624 seconds
2015-12-06T22:32:03.218+0530: 9489.512: Total time for which application threads were stopped: 0.0003546 seconds, Stopping threads took: 0.0000427 seconds
2015-12-06T22:32:36.289+0530: 9522.583: Total time for which application threads were stopped: 0.0004930 seconds, Stopping threads took: 0.0000416 seconds
2015-12-06T22:32:36.291+0530: 9522.585: Total time for which application threads were stopped: 0.0003243 seconds, Stopping threads took: 0.0001269 seconds
2015-12-06T22:32:36.291+0530: 9522.585: Total time for which application threads were stopped: 0.0001841 seconds, Stopping threads took: 0.0000565 seconds
2015-12-06T22:32:36.292+0530: 9522.585: Total time for which application threads were stopped: 0.0001942 seconds, Stopping threads took: 0.0000894 seconds
2015-12-06T22:32:42.293+0530: 9528.586: Total time for which application threads were stopped: 0.0002127 seconds, Stopping threads took: 0.0000300 seconds
2015-12-06T22:33:41.977+0530: 9588.271: Total time for which application threads were stopped: 0.0007120 seconds, Stopping threads took: 0.0000713 seconds
2015-12-06T22:33:41.979+0530: 9588.273: Total time for which application threads were stopped: 0.0002862 seconds, Stopping threads took: 0.0000924 seconds
2015-12-06T22:33:41.982+0530: 9588.276: Total time for which application threads were stopped: 0.0002894 seconds, Stopping threads took: 0.0000286 seconds
2015-12-06T22:33:41.983+0530: 9588.277: Total time for which application threads were stopped: 0.0002558 seconds, Stopping threads took: 0.0000256 seconds
2015-12-06T22:36:27.914+0530: 9754.207: Total time for which application threads were stopped: 0.0004941 seconds, Stopping threads took: 0.0000537 seconds
2015-12-06T22:36:27.915+0530: 9754.209: Total time for which application threads were stopped: 0.0002058 seconds, Stopping threads took: 0.0000369 seconds
2015-12-06T22:36:27.915+0530: 9754.209: Total time for which application threads were stopped: 0.0001676 seconds, Stopping threads took: 0.0000728 seconds
2015-12-06T22:36:27.916+0530: 9754.210: Total time for which application threads were stopped: 0.0001991 seconds, Stopping threads took: 0.0000194 seconds
2015-12-06T22:36:27.916+0530: 9754.210: Total time for which application threads were stopped: 0.0001797 seconds, Stopping threads took: 0.0000192 seconds
2015-12-06T22:48:29.025+0530: 10475.319: Total time for which application threads were stopped: 0.0004475 seconds, Stopping threads took: 0.0000517 seconds
{Heap before GC invocations=224 (full 2):
 par new generation   total 109248K, used 94470K [0x00000000e0000000, 0x00000000e8000000, 0x00000000e8000000)
  eden space 87424K, 100% used [0x00000000e0000000, 0x00000000e5560000, 0x00000000e5560000)
  from space 21824K,  32% used [0x00000000e5560000, 0x00000000e5c41b00, 0x00000000e6ab0000)
  to   space 21824K,   0% used [0x00000000e6ab0000, 0x00000000e6ab0000, 0x00000000e8000000)
 concurrent mark-sweep generation total 393216K, used 56604K [0x00000000e8000000, 0x0000000100000000, 0x0000000100000000)
 Metaspace       used 45951K, capacity 46804K, committed 47084K, reserved 1091584K
  class space    used 4811K, capacity 5014K, committed 5116K, reserved 1048576K
2015-12-06T23:55:06.184+0530: 14472.478: [GC (Allocation Failure) 14472.479: [ParNew
Desired survivor size 20112992 bytes, new threshold 8 (max 8)
- age   1:    2250080 bytes,    2250080 total
- age   2:    2244776 bytes,    4494856 total
- age   3:     990448 bytes,    5485304 total
- age   4:     367448 bytes,    5852752 total
- age   5:      88368 bytes,    5941120 total
- age   6:     113944 bytes,    6055064 total
- age   7:      97424 bytes,    6152488 total
- age   8:      59680 bytes,    6212168 total
: 94470K->7533K(109248K), 0.0178047 secs] 151074K->64179K(502464K), 0.0186607 secs] [Times: user=0.06 sys=0.00, real=0.02 secs] 
