Java HotSpot(TM) 64-Bit Server VM (25.45-b02) for linux-amd64 JRE (1.8.0_45-b14), built on Apr 10 2015 10:07:45 by "java_re" with gcc 4.3.0 20080428 (Red Hat 4.3.0-8)
Memory: 4k page, physical 3925964k(1264680k free), swap 4786172k(4786172k free)
CommandLine flags: -XX:CMSInitiatingOccupancyFraction=50 -XX:CMSMaxAbortablePrecleanTime=6000 -XX:+CMSParallelRemarkEnabled -XX:+CMSScavengeBeforeRemark -XX:ConcGCThreads=4 -XX:InitialHeapSize=536870912 -XX:MaxHeapSize=536870912 -XX:MaxTenuringThreshold=8 -XX:NewRatio=3 -XX:OldPLABSize=16 -XX:ParallelGCThreads=4 -XX:+ParallelRefProcEnabled -XX:PretenureSizeThreshold=67108864 -XX:+PrintGC -XX:+PrintGCApplicationStoppedTime -XX:+PrintGCDateStamps -XX:+PrintGCDetails -XX:+PrintGCTimeStamps -XX:+PrintHeapAtGC -XX:+PrintTenuringDistribution -XX:SurvivorRatio=4 -XX:TargetSurvivorRatio=90 -XX:ThreadStackSize=256 -XX:+UseCMSInitiatingOccupancyOnly -XX:+UseCompressedClassPointers -XX:+UseCompressedOops -XX:+UseConcMarkSweepGC -XX:+UseParNewGC 
2015-12-06T19:55:10.065+0530: 0.374: Total time for which application threads were stopped: 0.0001929 seconds, Stopping threads took: 0.0000209 seconds
2015-12-06T19:55:10.150+0530: 0.458: Total time for which application threads were stopped: 0.0001364 seconds, Stopping threads took: 0.0000256 seconds
2015-12-06T19:55:10.263+0530: 0.571: Total time for which application threads were stopped: 0.0001897 seconds, Stopping threads took: 0.0000295 seconds
2015-12-06T19:55:10.319+0530: 0.627: Total time for which application threads were stopped: 0.0002016 seconds, Stopping threads took: 0.0000290 seconds
2015-12-06T19:55:10.336+0530: 0.644: Total time for which application threads were stopped: 0.0002022 seconds, Stopping threads took: 0.0000365 seconds
2015-12-06T19:55:10.352+0530: 0.660: Total time for which application threads were stopped: 0.0002277 seconds, Stopping threads took: 0.0000300 seconds
{Heap before GC invocations=0 (full 0):
 par new generation   total 109248K, used 87424K [0x00000000e0000000, 0x00000000e8000000, 0x00000000e8000000)
  eden space 87424K, 100% used [0x00000000e0000000, 0x00000000e5560000, 0x00000000e5560000)
  from space 21824K,   0% used [0x00000000e5560000, 0x00000000e5560000, 0x00000000e6ab0000)
  to   space 21824K,   0% used [0x00000000e6ab0000, 0x00000000e6ab0000, 0x00000000e8000000)
 concurrent mark-sweep generation total 393216K, used 0K [0x00000000e8000000, 0x0000000100000000, 0x0000000100000000)
 Metaspace       used 10009K, capacity 10210K, committed 10496K, reserved 1058816K
  class space    used 1134K, capacity 1209K, committed 1280K, reserved 1048576K
2015-12-06T19:55:10.746+0530: 1.054: [GC (Allocation Failure) 1.054: [ParNew
Desired survivor size 20112992 bytes, new threshold 8 (max 8)
- age   1:    5102168 bytes,    5102168 total
: 87424K->5045K(109248K), 0.0139923 secs] 87424K->5045K(502464K), 0.0142401 secs] [Times: user=0.03 sys=0.01, real=0.01 secs] 
Heap after GC invocations=1 (full 0):
 par new generation   total 109248K, used 5045K [0x00000000e0000000, 0x00000000e8000000, 0x00000000e8000000)
  eden space 87424K,   0% used [0x00000000e0000000, 0x00000000e0000000, 0x00000000e5560000)
  from space 21824K,  23% used [0x00000000e6ab0000, 0x00000000e6f9d410, 0x00000000e8000000)
  to   space 21824K,   0% used [0x00000000e5560000, 0x00000000e5560000, 0x00000000e6ab0000)
 concurrent mark-sweep generation total 393216K, used 0K [0x00000000e8000000, 0x0000000100000000, 0x0000000100000000)
 Metaspace       used 10009K, capacity 10210K, committed 10496K, reserved 1058816K
  class space    used 1134K, capacity 1209K, committed 1280K, reserved 1048576K
}
2015-12-06T19:55:10.760+0530: 1.068: Total time for which application threads were stopped: 0.0145258 seconds, Stopping threads took: 0.0000276 seconds
2015-12-06T19:55:10.994+0530: 1.302: Total time for which application threads were stopped: 0.0002693 seconds, Stopping threads took: 0.0000291 seconds
2015-12-06T19:55:11.856+0530: 2.164: Total time for which application threads were stopped: 0.0002609 seconds, Stopping threads took: 0.0000158 seconds
2015-12-06T19:55:11.857+0530: 2.166: Total time for which application threads were stopped: 0.0001178 seconds, Stopping threads took: 0.0000097 seconds
2015-12-06T19:55:11.861+0530: 2.169: Total time for which application threads were stopped: 0.0001902 seconds, Stopping threads took: 0.0000242 seconds
2015-12-06T19:55:12.861+0530: 3.169: Total time for which application threads were stopped: 0.0002435 seconds, Stopping threads took: 0.0000489 seconds
2015-12-06T19:55:13.758+0530: 4.066: Total time for which application threads were stopped: 0.0004511 seconds, Stopping threads took: 0.0000435 seconds
2015-12-06T19:55:15.469+0530: 5.777: Total time for which application threads were stopped: 0.0002767 seconds, Stopping threads took: 0.0000272 seconds
{Heap before GC invocations=1 (full 0):
 par new generation   total 109248K, used 92469K [0x00000000e0000000, 0x00000000e8000000, 0x00000000e8000000)
  eden space 87424K, 100% used [0x00000000e0000000, 0x00000000e5560000, 0x00000000e5560000)
  from space 21824K,  23% used [0x00000000e6ab0000, 0x00000000e6f9d410, 0x00000000e8000000)
  to   space 21824K,   0% used [0x00000000e5560000, 0x00000000e5560000, 0x00000000e6ab0000)
 concurrent mark-sweep generation total 393216K, used 0K [0x00000000e8000000, 0x0000000100000000, 0x0000000100000000)
 Metaspace       used 19840K, capacity 20228K, committed 20480K, reserved 1067008K
  class space    used 2335K, capacity 2455K, committed 2560K, reserved 1048576K
2015-12-06T19:55:15.511+0530: 5.819: [GC (Allocation Failure) 5.820: [ParNew
Desired survivor size 20112992 bytes, new threshold 8 (max 8)
- age   1:    8078376 bytes,    8078376 total
- age   2:    2478624 bytes,   10557000 total
: 92469K->11855K(109248K), 0.0122438 secs] 92469K->11855K(502464K), 0.0125605 secs] [Times: user=0.04 sys=0.00, real=0.02 secs] 
Heap after GC invocations=2 (full 0):
 par new generation   total 109248K, used 11855K [0x00000000e0000000, 0x00000000e8000000, 0x00000000e8000000)
  eden space 87424K,   0% used [0x00000000e0000000, 0x00000000e0000000, 0x00000000e5560000)
  from space 21824K,  54% used [0x00000000e5560000, 0x00000000e60f3fe8, 0x00000000e6ab0000)
  to   space 21824K,   0% used [0x00000000e6ab0000, 0x00000000e6ab0000, 0x00000000e8000000)
 concurrent mark-sweep generation total 393216K, used 0K [0x00000000e8000000, 0x0000000100000000, 0x0000000100000000)
 Metaspace       used 19840K, capacity 20228K, committed 20480K, reserved 1067008K
  class space    used 2335K, capacity 2455K, committed 2560K, reserved 1048576K
}
2015-12-06T19:55:15.524+0530: 5.832: Total time for which application threads were stopped: 0.0128003 seconds, Stopping threads took: 0.0000244 seconds
2015-12-06T19:55:15.533+0530: 5.841: Total time for which application threads were stopped: 0.0029150 seconds, Stopping threads took: 0.0028304 seconds
2015-12-06T19:55:15.534+0530: 5.842: Total time for which application threads were stopped: 0.0001528 seconds, Stopping threads took: 0.0000881 seconds
2015-12-06T19:55:15.538+0530: 5.846: Total time for which application threads were stopped: 0.0002421 seconds, Stopping threads took: 0.0000502 seconds
2015-12-06T19:55:15.543+0530: 5.851: Total time for which application threads were stopped: 0.0001815 seconds, Stopping threads took: 0.0000755 seconds
2015-12-06T19:55:15.544+0530: 5.852: Total time for which application threads were stopped: 0.0001192 seconds, Stopping threads took: 0.0000416 seconds
2015-12-06T19:55:15.544+0530: 5.852: Total time for which application threads were stopped: 0.0000991 seconds, Stopping threads took: 0.0000298 seconds
2015-12-06T19:55:16.438+0530: 6.746: Total time for which application threads were stopped: 0.0001022 seconds, Stopping threads took: 0.0000359 seconds
2015-12-06T19:55:16.438+0530: 6.746: Total time for which application threads were stopped: 0.0000589 seconds, Stopping threads took: 0.0000263 seconds
2015-12-06T19:55:16.605+0530: 6.913: Total time for which application threads were stopped: 0.0008663 seconds, Stopping threads took: 0.0001913 seconds
2015-12-06T19:55:17.336+0530: 7.644: Total time for which application threads were stopped: 0.0003179 seconds, Stopping threads took: 0.0000656 seconds
2015-12-06T19:55:17.395+0530: 7.703: Total time for which application threads were stopped: 0.0001150 seconds, Stopping threads took: 0.0000290 seconds
2015-12-06T19:55:17.400+0530: 7.709: Total time for which application threads were stopped: 0.0001573 seconds, Stopping threads took: 0.0000542 seconds
2015-12-06T19:55:17.474+0530: 7.782: Total time for which application threads were stopped: 0.0001695 seconds, Stopping threads took: 0.0000448 seconds
2015-12-06T19:55:17.486+0530: 7.794: Total time for which application threads were stopped: 0.0001153 seconds, Stopping threads took: 0.0000385 seconds
2015-12-06T19:55:17.488+0530: 7.796: Total time for which application threads were stopped: 0.0001340 seconds, Stopping threads took: 0.0000591 seconds
2015-12-06T19:55:17.488+0530: 7.796: Total time for which application threads were stopped: 0.0001063 seconds, Stopping threads took: 0.0000439 seconds
2015-12-06T19:55:17.493+0530: 7.801: Total time for which application threads were stopped: 0.0001525 seconds, Stopping threads took: 0.0000802 seconds
2015-12-06T19:55:17.497+0530: 7.805: Total time for which application threads were stopped: 0.0001773 seconds, Stopping threads took: 0.0000597 seconds
2015-12-06T19:55:17.610+0530: 7.918: Total time for which application threads were stopped: 0.0007281 seconds, Stopping threads took: 0.0005585 seconds
2015-12-06T19:55:17.613+0530: 7.921: Total time for which application threads were stopped: 0.0002111 seconds, Stopping threads took: 0.0000597 seconds
2015-12-06T19:55:17.623+0530: 7.931: Total time for which application threads were stopped: 0.0039546 seconds, Stopping threads took: 0.0038497 seconds
2015-12-06T19:55:17.626+0530: 7.934: Total time for which application threads were stopped: 0.0007272 seconds, Stopping threads took: 0.0006436 seconds
2015-12-06T19:55:17.635+0530: 7.943: Total time for which application threads were stopped: 0.0004448 seconds, Stopping threads took: 0.0000317 seconds
2015-12-06T19:55:17.678+0530: 7.986: Total time for which application threads were stopped: 0.0004316 seconds, Stopping threads took: 0.0000812 seconds
2015-12-06T19:55:17.736+0530: 8.044: Total time for which application threads were stopped: 0.0003594 seconds, Stopping threads took: 0.0000358 seconds
2015-12-06T19:55:17.742+0530: 8.050: Total time for which application threads were stopped: 0.0001341 seconds, Stopping threads took: 0.0000303 seconds
2015-12-06T19:55:17.742+0530: 8.050: Total time for which application threads were stopped: 0.0001135 seconds, Stopping threads took: 0.0000367 seconds
2015-12-06T19:55:17.742+0530: 8.050: Total time for which application threads were stopped: 0.0000964 seconds, Stopping threads took: 0.0000347 seconds
2015-12-06T19:55:17.743+0530: 8.051: Total time for which application threads were stopped: 0.0001147 seconds, Stopping threads took: 0.0000361 seconds
2015-12-06T19:55:17.743+0530: 8.051: Total time for which application threads were stopped: 0.0000991 seconds, Stopping threads took: 0.0000346 seconds
2015-12-06T19:55:17.743+0530: 8.051: Total time for which application threads were stopped: 0.0000899 seconds, Stopping threads took: 0.0000283 seconds
2015-12-06T19:55:17.744+0530: 8.052: Total time for which application threads were stopped: 0.0001142 seconds, Stopping threads took: 0.0000348 seconds
2015-12-06T19:55:17.744+0530: 8.052: Total time for which application threads were stopped: 0.0001193 seconds, Stopping threads took: 0.0000514 seconds
2015-12-06T19:55:17.744+0530: 8.052: Total time for which application threads were stopped: 0.0000904 seconds, Stopping threads took: 0.0000294 seconds
2015-12-06T19:55:17.745+0530: 8.053: Total time for which application threads were stopped: 0.0001390 seconds, Stopping threads took: 0.0000548 seconds
2015-12-06T19:55:17.752+0530: 8.060: Total time for which application threads were stopped: 0.0001705 seconds, Stopping threads took: 0.0000608 seconds
2015-12-06T19:55:17.761+0530: 8.069: Total time for which application threads were stopped: 0.0002117 seconds, Stopping threads took: 0.0000993 seconds
2015-12-06T19:55:17.850+0530: 8.158: Total time for which application threads were stopped: 0.0084082 seconds, Stopping threads took: 0.0081728 seconds
2015-12-06T19:55:17.882+0530: 8.190: Total time for which application threads were stopped: 0.0005331 seconds, Stopping threads took: 0.0004404 seconds
2015-12-06T19:55:17.889+0530: 8.197: Total time for which application threads were stopped: 0.0033160 seconds, Stopping threads took: 0.0032242 seconds
{Heap before GC invocations=2 (full 0):
 par new generation   total 109248K, used 99279K [0x00000000e0000000, 0x00000000e8000000, 0x00000000e8000000)
  eden space 87424K, 100% used [0x00000000e0000000, 0x00000000e5560000, 0x00000000e5560000)
  from space 21824K,  54% used [0x00000000e5560000, 0x00000000e60f3fe8, 0x00000000e6ab0000)
  to   space 21824K,   0% used [0x00000000e6ab0000, 0x00000000e6ab0000, 0x00000000e8000000)
 concurrent mark-sweep generation total 393216K, used 0K [0x00000000e8000000, 0x0000000100000000, 0x0000000100000000)
 Metaspace       used 21473K, capacity 21828K, committed 22216K, reserved 1069056K
  class space    used 2487K, capacity 2583K, committed 2636K, reserved 1048576K
2015-12-06T19:55:17.890+0530: 8.198: [GC (Allocation Failure) 8.198: [ParNew
Desired survivor size 20112992 bytes, new threshold 8 (max 8)
- age   1:    4939752 bytes,    4939752 total
- age   2:    2238656 bytes,    7178408 total
- age   3:    2426552 bytes,    9604960 total
: 99279K->12783K(109248K), 0.0128633 secs] 99279K->12783K(502464K), 0.0131668 secs] [Times: user=0.04 sys=0.00, real=0.02 secs] 
Heap after GC invocations=3 (full 0):
 par new generation   total 109248K, used 12783K [0x00000000e0000000, 0x00000000e8000000, 0x00000000e8000000)
  eden space 87424K,   0% used [0x00000000e0000000, 0x00000000e0000000, 0x00000000e5560000)
  from space 21824K,  58% used [0x00000000e6ab0000, 0x00000000e772bf60, 0x00000000e8000000)
  to   space 21824K,   0% used [0x00000000e5560000, 0x00000000e5560000, 0x00000000e6ab0000)
 concurrent mark-sweep generation total 393216K, used 0K [0x00000000e8000000, 0x0000000100000000, 0x0000000100000000)
 Metaspace       used 21473K, capacity 21828K, committed 22216K, reserved 1069056K
  class space    used 2487K, capacity 2583K, committed 2636K, reserved 1048576K
}
2015-12-06T19:55:17.903+0530: 8.212: Total time for which application threads were stopped: 0.0134431 seconds, Stopping threads took: 0.0000683 seconds
2015-12-06T19:55:17.904+0530: 8.212: [GC (CMS Initial Mark) [1 CMS-initial-mark: 0K(393216K)] 13380K(502464K), 0.0031578 secs] [Times: user=0.01 sys=0.00, real=0.00 secs] 
2015-12-06T19:55:17.907+0530: 8.215: Total time for which application threads were stopped: 0.0034189 seconds, Stopping threads took: 0.0000553 seconds
2015-12-06T19:55:17.907+0530: 8.215: [CMS-concurrent-mark-start]
2015-12-06T19:55:17.907+0530: 8.215: [CMS-concurrent-mark: 0.000/0.000 secs] [Times: user=0.00 sys=0.00, real=0.00 secs] 
2015-12-06T19:55:17.907+0530: 8.216: [CMS-concurrent-preclean-start]
2015-12-06T19:55:17.909+0530: 8.217: [CMS-concurrent-preclean: 0.001/0.001 secs] [Times: user=0.01 sys=0.00, real=0.00 secs] 
2015-12-06T19:55:17.909+0530: 8.217: Total time for which application threads were stopped: 0.0001582 seconds, Stopping threads took: 0.0000969 seconds
2015-12-06T19:55:17.909+0530: 8.217: [GC (CMS Final Remark) [YG occupancy: 13994 K (109248 K)]{Heap before GC invocations=3 (full 1):
 par new generation   total 109248K, used 13994K [0x00000000e0000000, 0x00000000e8000000, 0x00000000e8000000)
  eden space 87424K,   1% used [0x00000000e0000000, 0x00000000e012eb70, 0x00000000e5560000)
  from space 21824K,  58% used [0x00000000e6ab0000, 0x00000000e772bf60, 0x00000000e8000000)
  to   space 21824K,   0% used [0x00000000e5560000, 0x00000000e5560000, 0x00000000e6ab0000)
 concurrent mark-sweep generation total 393216K, used 0K [0x00000000e8000000, 0x0000000100000000, 0x0000000100000000)
 Metaspace       used 21480K, capacity 21828K, committed 22216K, reserved 1069056K
  class space    used 2487K, capacity 2583K, committed 2636K, reserved 1048576K
2015-12-06T19:55:17.909+0530: 8.217: [GC (CMS Final Remark) 8.217: [ParNew
Desired survivor size 20112992 bytes, new threshold 8 (max 8)
- age   1:     143848 bytes,     143848 total
- age   2:    4516880 bytes,    4660728 total
- age   3:    2238608 bytes,    6899336 total
- age   4:    2426392 bytes,    9325728 total
: 13994K->11296K(109248K), 0.0101868 secs] 13994K->11296K(502464K), 0.0104087 secs] [Times: user=0.04 sys=0.00, real=0.01 secs] 
Heap after GC invocations=4 (full 1):
 par new generation   total 109248K, used 11296K [0x00000000e0000000, 0x00000000e8000000, 0x00000000e8000000)
  eden space 87424K,   0% used [0x00000000e0000000, 0x00000000e0000000, 0x00000000e5560000)
  from space 21824K,  51% used [0x00000000e5560000, 0x00000000e6068080, 0x00000000e6ab0000)
  to   space 21824K,   0% used [0x00000000e6ab0000, 0x00000000e6ab0000, 0x00000000e8000000)
 concurrent mark-sweep generation total 393216K, used 0K [0x00000000e8000000, 0x0000000100000000, 0x0000000100000000)
 Metaspace       used 21480K, capacity 21828K, committed 22216K, reserved 1069056K
  class space    used 2487K, capacity 2583K, committed 2636K, reserved 1048576K
}
8.228: [Rescan (parallel) , 0.0048762 secs]8.233: [weak refs processing, 0.0009290 secs]8.234: [class unloading, 0.0031178 secs]8.237: [scrub symbol table, 0.0022451 secs]8.239: [scrub string table, 0.0005078 secs][1 CMS-remark: 0K(393216K)] 11296K(502464K), 0.0235730 secs] [Times: user=0.06 sys=0.00, real=0.02 secs] 
2015-12-06T19:55:17.933+0530: 8.241: Total time for which application threads were stopped: 0.0237891 seconds, Stopping threads took: 0.0000340 seconds
2015-12-06T19:55:17.933+0530: 8.241: [CMS-concurrent-sweep-start]
2015-12-06T19:55:17.933+0530: 8.241: [CMS-concurrent-sweep: 0.000/0.000 secs] [Times: user=0.00 sys=0.00, real=0.00 secs] 
2015-12-06T19:55:17.933+0530: 8.241: [CMS-concurrent-reset-start]
2015-12-06T19:55:17.936+0530: 8.244: [CMS-concurrent-reset: 0.002/0.002 secs] [Times: user=0.01 sys=0.00, real=0.00 secs] 
2015-12-06T19:55:17.938+0530: 8.247: Total time for which application threads were stopped: 0.0001881 seconds, Stopping threads took: 0.0000646 seconds
2015-12-06T19:55:17.941+0530: 8.249: Total time for which application threads were stopped: 0.0002491 seconds, Stopping threads took: 0.0001424 seconds
2015-12-06T19:55:17.941+0530: 8.249: Total time for which application threads were stopped: 0.0000806 seconds, Stopping threads took: 0.0000142 seconds
2015-12-06T19:55:17.942+0530: 8.250: Total time for which application threads were stopped: 0.0002028 seconds, Stopping threads took: 0.0001362 seconds
2015-12-06T19:55:17.948+0530: 8.256: Total time for which application threads were stopped: 0.0002382 seconds, Stopping threads took: 0.0000756 seconds
2015-12-06T19:55:17.954+0530: 8.262: Total time for which application threads were stopped: 0.0002094 seconds, Stopping threads took: 0.0000763 seconds
2015-12-06T19:55:17.957+0530: 8.265: Total time for which application threads were stopped: 0.0002049 seconds, Stopping threads took: 0.0000878 seconds
2015-12-06T19:55:17.957+0530: 8.265: Total time for which application threads were stopped: 0.0001110 seconds, Stopping threads took: 0.0000398 seconds
2015-12-06T19:55:17.957+0530: 8.266: Total time for which application threads were stopped: 0.0001387 seconds, Stopping threads took: 0.0000431 seconds
2015-12-06T19:55:17.962+0530: 8.270: Total time for which application threads were stopped: 0.0001847 seconds, Stopping threads took: 0.0000559 seconds
2015-12-06T19:55:17.962+0530: 8.270: Total time for which application threads were stopped: 0.0001082 seconds, Stopping threads took: 0.0000285 seconds
2015-12-06T19:55:17.963+0530: 8.271: Total time for which application threads were stopped: 0.0001993 seconds, Stopping threads took: 0.0000675 seconds
2015-12-06T19:55:17.965+0530: 8.273: Total time for which application threads were stopped: 0.0001493 seconds, Stopping threads took: 0.0000431 seconds
2015-12-06T19:55:17.965+0530: 8.273: Total time for which application threads were stopped: 0.0000870 seconds, Stopping threads took: 0.0000298 seconds
2015-12-06T19:55:17.966+0530: 8.274: Total time for which application threads were stopped: 0.0001587 seconds, Stopping threads took: 0.0000617 seconds
2015-12-06T19:55:17.977+0530: 8.285: Total time for which application threads were stopped: 0.0033939 seconds, Stopping threads took: 0.0032639 seconds
2015-12-06T19:55:17.977+0530: 8.286: Total time for which application threads were stopped: 0.0001185 seconds, Stopping threads took: 0.0000230 seconds
2015-12-06T19:55:17.982+0530: 8.290: Total time for which application threads were stopped: 0.0001913 seconds, Stopping threads took: 0.0000603 seconds
2015-12-06T19:55:17.982+0530: 8.290: Total time for which application threads were stopped: 0.0001392 seconds, Stopping threads took: 0.0000423 seconds
2015-12-06T19:55:17.982+0530: 8.291: Total time for which application threads were stopped: 0.0001717 seconds, Stopping threads took: 0.0000844 seconds
2015-12-06T19:55:17.983+0530: 8.291: Total time for which application threads were stopped: 0.0001393 seconds, Stopping threads took: 0.0000514 seconds
2015-12-06T19:55:17.983+0530: 8.291: Total time for which application threads were stopped: 0.0001276 seconds, Stopping threads took: 0.0000626 seconds
2015-12-06T19:55:17.984+0530: 8.292: Total time for which application threads were stopped: 0.0001329 seconds, Stopping threads took: 0.0000520 seconds
2015-12-06T19:55:17.984+0530: 8.292: Total time for which application threads were stopped: 0.0000753 seconds, Stopping threads took: 0.0000166 seconds
2015-12-06T19:55:17.984+0530: 8.292: Total time for which application threads were stopped: 0.0000856 seconds, Stopping threads took: 0.0000336 seconds
2015-12-06T19:55:17.984+0530: 8.292: Total time for which application threads were stopped: 0.0000933 seconds, Stopping threads took: 0.0000183 seconds
2015-12-06T19:55:17.985+0530: 8.293: Total time for which application threads were stopped: 0.0001692 seconds, Stopping threads took: 0.0000359 seconds
2015-12-06T19:55:17.985+0530: 8.294: Total time for which application threads were stopped: 0.0001274 seconds, Stopping threads took: 0.0000361 seconds
2015-12-06T19:55:17.992+0530: 8.300: Total time for which application threads were stopped: 0.0001335 seconds, Stopping threads took: 0.0000505 seconds
2015-12-06T19:55:17.992+0530: 8.300: Total time for which application threads were stopped: 0.0000861 seconds, Stopping threads took: 0.0000317 seconds
2015-12-06T19:55:17.992+0530: 8.300: Total time for which application threads were stopped: 0.0000906 seconds, Stopping threads took: 0.0000356 seconds
2015-12-06T19:55:17.992+0530: 8.300: Total time for which application threads were stopped: 0.0000685 seconds, Stopping threads took: 0.0000291 seconds
2015-12-06T19:55:18.022+0530: 8.330: Total time for which application threads were stopped: 0.0039918 seconds, Stopping threads took: 0.0035235 seconds
2015-12-06T19:55:18.057+0530: 8.365: Total time for which application threads were stopped: 0.0001947 seconds, Stopping threads took: 0.0000576 seconds
{Heap before GC invocations=4 (full 1):
 par new generation   total 109248K, used 98720K [0x00000000e0000000, 0x00000000e8000000, 0x00000000e8000000)
  eden space 87424K, 100% used [0x00000000e0000000, 0x00000000e5560000, 0x00000000e5560000)
  from space 21824K,  51% used [0x00000000e5560000, 0x00000000e6068080, 0x00000000e6ab0000)
  to   space 21824K,   0% used [0x00000000e6ab0000, 0x00000000e6ab0000, 0x00000000e8000000)
 concurrent mark-sweep generation total 393216K, used 0K [0x00000000e8000000, 0x0000000100000000, 0x0000000100000000)
 Metaspace       used 21870K, capacity 22218K, committed 22600K, reserved 1069056K
  class space    used 2538K, capacity 2648K, committed 2764K, reserved 1048576K
2015-12-06T19:55:18.089+0530: 8.397: [GC (Allocation Failure) 8.397: [ParNew
Desired survivor size 20112992 bytes, new threshold 8 (max 8)
- age   1:    1037440 bytes,    1037440 total
- age   2:       2976 bytes,    1040416 total
- age   3:    3254888 bytes,    4295304 total
- age   4:    2235904 bytes,    6531208 total
- age   5:    2426392 bytes,    8957600 total
: 98720K->14424K(109248K), 0.0098309 secs] 98720K->14424K(502464K), 0.0101073 secs] [Times: user=0.04 sys=0.00, real=0.01 secs] 
Heap after GC invocations=5 (full 1):
 par new generation   total 109248K, used 14424K [0x00000000e0000000, 0x00000000e8000000, 0x00000000e8000000)
  eden space 87424K,   0% used [0x00000000e0000000, 0x00000000e0000000, 0x00000000e5560000)
  from space 21824K,  66% used [0x00000000e6ab0000, 0x00000000e78c60d8, 0x00000000e8000000)
  to   space 21824K,   0% used [0x00000000e5560000, 0x00000000e5560000, 0x00000000e6ab0000)
 concurrent mark-sweep generation total 393216K, used 0K [0x00000000e8000000, 0x0000000100000000, 0x0000000100000000)
 Metaspace       used 21870K, capacity 22218K, committed 22600K, reserved 1069056K
  class space    used 2538K, capacity 2648K, committed 2764K, reserved 1048576K
}
2015-12-06T19:55:18.099+0530: 8.408: Total time for which application threads were stopped: 0.0136357 seconds, Stopping threads took: 0.0033116 seconds
2015-12-06T19:55:18.100+0530: 8.408: Total time for which application threads were stopped: 0.0001268 seconds, Stopping threads took: 0.0000425 seconds
2015-12-06T19:55:18.100+0530: 8.408: Total time for which application threads were stopped: 0.0000877 seconds, Stopping threads took: 0.0000333 seconds
2015-12-06T19:55:18.109+0530: 8.417: Total time for which application threads were stopped: 0.0001959 seconds, Stopping threads took: 0.0000775 seconds
2015-12-06T19:55:18.120+0530: 8.428: Total time for which application threads were stopped: 0.0002594 seconds, Stopping threads took: 0.0001316 seconds
2015-12-06T19:55:18.129+0530: 8.437: Total time for which application threads were stopped: 0.0002154 seconds, Stopping threads took: 0.0000659 seconds
2015-12-06T19:55:18.145+0530: 8.453: Total time for which application threads were stopped: 0.0031413 seconds, Stopping threads took: 0.0030338 seconds
2015-12-06T19:55:18.148+0530: 8.456: Total time for which application threads were stopped: 0.0001915 seconds, Stopping threads took: 0.0000804 seconds
2015-12-06T19:55:18.167+0530: 8.475: Total time for which application threads were stopped: 0.0002219 seconds, Stopping threads took: 0.0001245 seconds
2015-12-06T19:55:18.213+0530: 8.521: Total time for which application threads were stopped: 0.0002166 seconds, Stopping threads took: 0.0000592 seconds
2015-12-06T19:55:18.269+0530: 8.577: Total time for which application threads were stopped: 0.0002247 seconds, Stopping threads took: 0.0001112 seconds
{Heap before GC invocations=5 (full 1):
 par new generation   total 109248K, used 101848K [0x00000000e0000000, 0x00000000e8000000, 0x00000000e8000000)
  eden space 87424K, 100% used [0x00000000e0000000, 0x00000000e5560000, 0x00000000e5560000)
  from space 21824K,  66% used [0x00000000e6ab0000, 0x00000000e78c60d8, 0x00000000e8000000)
  to   space 21824K,   0% used [0x00000000e5560000, 0x00000000e5560000, 0x00000000e6ab0000)
 concurrent mark-sweep generation total 393216K, used 0K [0x00000000e8000000, 0x0000000100000000, 0x0000000100000000)
 Metaspace       used 22600K, capacity 22914K, committed 23112K, reserved 1069056K
  class space    used 2635K, capacity 2748K, committed 2764K, reserved 1048576K
2015-12-06T19:55:18.271+0530: 8.579: [GC (Allocation Failure) 8.579: [ParNew
Desired survivor size 20112992 bytes, new threshold 8 (max 8)
- age   1:     894552 bytes,     894552 total
- age   2:     111832 bytes,    1006384 total
- age   3:       2976 bytes,    1009360 total
- age   4:    3233328 bytes,    4242688 total
- age   5:    2235600 bytes,    6478288 total
- age   6:    2426392 bytes,    8904680 total
: 101848K->11680K(109248K), 0.0129675 secs] 101848K->11680K(502464K), 0.0132201 secs] [Times: user=0.04 sys=0.00, real=0.02 secs] 
Heap after GC invocations=6 (full 1):
 par new generation   total 109248K, used 11680K [0x00000000e0000000, 0x00000000e8000000, 0x00000000e8000000)
  eden space 87424K,   0% used [0x00000000e0000000, 0x00000000e0000000, 0x00000000e5560000)
  from space 21824K,  53% used [0x00000000e5560000, 0x00000000e60c8280, 0x00000000e6ab0000)
  to   space 21824K,   0% used [0x00000000e6ab0000, 0x00000000e6ab0000, 0x00000000e8000000)
 concurrent mark-sweep generation total 393216K, used 0K [0x00000000e8000000, 0x0000000100000000, 0x0000000100000000)
 Metaspace       used 22600K, capacity 22914K, committed 23112K, reserved 1069056K
  class space    used 2635K, capacity 2748K, committed 2764K, reserved 1048576K
}
2015-12-06T19:55:18.284+0530: 8.592: Total time for which application threads were stopped: 0.0135629 seconds, Stopping threads took: 0.0001141 seconds
{Heap before GC invocations=6 (full 1):
 par new generation   total 109248K, used 99104K [0x00000000e0000000, 0x00000000e8000000, 0x00000000e8000000)
  eden space 87424K, 100% used [0x00000000e0000000, 0x00000000e5560000, 0x00000000e5560000)
  from space 21824K,  53% used [0x00000000e5560000, 0x00000000e60c8280, 0x00000000e6ab0000)
  to   space 21824K,   0% used [0x00000000e6ab0000, 0x00000000e6ab0000, 0x00000000e8000000)
 concurrent mark-sweep generation total 393216K, used 0K [0x00000000e8000000, 0x0000000100000000, 0x0000000100000000)
 Metaspace       used 22774K, capacity 23146K, committed 23372K, reserved 1069056K
  class space    used 2661K, capacity 2782K, committed 2892K, reserved 1048576K
2015-12-06T19:55:18.413+0530: 8.722: [GC (Allocation Failure) 8.722: [ParNew
Desired survivor size 20112992 bytes, new threshold 8 (max 8)
- age   1:     542792 bytes,     542792 total
- age   2:     150640 bytes,     693432 total
- age   3:     111560 bytes,     804992 total
- age   4:       2976 bytes,     807968 total
- age   5:    3233736 bytes,    4041704 total
- age   6:    2227448 bytes,    6269152 total
- age   7:    2426560 bytes,    8695712 total
: 99104K->10807K(109248K), 0.0215450 secs] 99104K->10807K(502464K), 0.0218483 secs] [Times: user=0.06 sys=0.00, real=0.02 secs] 
Heap after GC invocations=7 (full 1):
 par new generation   total 109248K, used 10807K [0x00000000e0000000, 0x00000000e8000000, 0x00000000e8000000)
  eden space 87424K,   0% used [0x00000000e0000000, 0x00000000e0000000, 0x00000000e5560000)
  from space 21824K,  49% used [0x00000000e6ab0000, 0x00000000e753dcc0, 0x00000000e8000000)
  to   space 21824K,   0% used [0x00000000e5560000, 0x00000000e5560000, 0x00000000e6ab0000)
 concurrent mark-sweep generation total 393216K, used 0K [0x00000000e8000000, 0x0000000100000000, 0x0000000100000000)
 Metaspace       used 22774K, capacity 23146K, committed 23372K, reserved 1069056K
  class space    used 2661K, capacity 2782K, committed 2892K, reserved 1048576K
}
2015-12-06T19:55:18.435+0530: 8.744: Total time for which application threads were stopped: 0.0221957 seconds, Stopping threads took: 0.0000795 seconds
2015-12-06T19:55:18.481+0530: 8.789: Total time for which application threads were stopped: 0.0001736 seconds, Stopping threads took: 0.0000537 seconds
2015-12-06T19:55:18.493+0530: 8.801: Total time for which application threads were stopped: 0.0047929 seconds, Stopping threads took: 0.0046776 seconds
2015-12-06T19:55:18.497+0530: 8.805: Total time for which application threads were stopped: 0.0001831 seconds, Stopping threads took: 0.0000576 seconds
2015-12-06T19:55:18.498+0530: 8.806: Total time for which application threads were stopped: 0.0001650 seconds, Stopping threads took: 0.0000640 seconds
2015-12-06T19:55:18.500+0530: 8.808: Total time for which application threads were stopped: 0.0001510 seconds, Stopping threads took: 0.0000534 seconds
2015-12-06T19:55:18.536+0530: 8.844: Total time for which application threads were stopped: 0.0005004 seconds, Stopping threads took: 0.0000587 seconds
2015-12-06T19:55:18.656+0530: 8.964: Total time for which application threads were stopped: 0.0017678 seconds, Stopping threads took: 0.0012469 seconds
2015-12-06T19:55:18.738+0530: 9.047: Total time for which application threads were stopped: 0.0001766 seconds, Stopping threads took: 0.0000535 seconds
2015-12-06T19:55:18.740+0530: 9.048: Total time for which application threads were stopped: 0.0001490 seconds, Stopping threads took: 0.0000456 seconds
2015-12-06T19:55:18.859+0530: 9.167: Total time for which application threads were stopped: 0.0002372 seconds, Stopping threads took: 0.0000585 seconds
2015-12-06T19:55:18.961+0530: 9.269: Total time for which application threads were stopped: 0.0059991 seconds, Stopping threads took: 0.0058783 seconds
2015-12-06T19:55:18.966+0530: 9.274: Total time for which application threads were stopped: 0.0001396 seconds, Stopping threads took: 0.0000363 seconds
2015-12-06T19:55:18.970+0530: 9.278: Total time for which application threads were stopped: 0.0005992 seconds, Stopping threads took: 0.0003683 seconds
2015-12-06T19:55:18.986+0530: 9.294: Total time for which application threads were stopped: 0.0001622 seconds, Stopping threads took: 0.0000521 seconds
2015-12-06T19:55:18.994+0530: 9.302: Total time for which application threads were stopped: 0.0008923 seconds, Stopping threads took: 0.0002935 seconds
2015-12-06T19:55:18.998+0530: 9.306: Total time for which application threads were stopped: 0.0001277 seconds, Stopping threads took: 0.0000423 seconds
2015-12-06T19:55:18.998+0530: 9.306: Total time for which application threads were stopped: 0.0000956 seconds, Stopping threads took: 0.0000322 seconds
2015-12-06T19:55:19.001+0530: 9.309: Total time for which application threads were stopped: 0.0001582 seconds, Stopping threads took: 0.0000571 seconds
2015-12-06T19:55:19.005+0530: 9.313: Total time for which application threads were stopped: 0.0011331 seconds, Stopping threads took: 0.0010557 seconds
2015-12-06T19:55:19.007+0530: 9.315: Total time for which application threads were stopped: 0.0001087 seconds, Stopping threads took: 0.0000274 seconds
2015-12-06T19:55:19.007+0530: 9.315: Total time for which application threads were stopped: 0.0000629 seconds, Stopping threads took: 0.0000208 seconds
2015-12-06T19:55:19.007+0530: 9.315: Total time for which application threads were stopped: 0.0000753 seconds, Stopping threads took: 0.0000275 seconds
2015-12-06T19:55:19.009+0530: 9.317: Total time for which application threads were stopped: 0.0001129 seconds, Stopping threads took: 0.0000398 seconds
2015-12-06T19:55:19.009+0530: 9.317: Total time for which application threads were stopped: 0.0000663 seconds, Stopping threads took: 0.0000216 seconds
2015-12-06T19:55:19.009+0530: 9.317: Total time for which application threads were stopped: 0.0000741 seconds, Stopping threads took: 0.0000296 seconds
2015-12-06T19:55:19.011+0530: 9.319: Total time for which application threads were stopped: 0.0000919 seconds, Stopping threads took: 0.0000211 seconds
2015-12-06T19:55:19.016+0530: 9.324: Total time for which application threads were stopped: 0.0003739 seconds, Stopping threads took: 0.0000253 seconds
2015-12-06T19:55:19.020+0530: 9.329: Total time for which application threads were stopped: 0.0001014 seconds, Stopping threads took: 0.0000344 seconds
2015-12-06T19:55:19.037+0530: 9.345: Total time for which application threads were stopped: 0.0001038 seconds, Stopping threads took: 0.0000375 seconds
2015-12-06T19:55:19.044+0530: 9.352: Total time for which application threads were stopped: 0.0001541 seconds, Stopping threads took: 0.0000280 seconds
2015-12-06T19:55:19.046+0530: 9.354: Total time for which application threads were stopped: 0.0000892 seconds, Stopping threads took: 0.0000269 seconds
2015-12-06T19:55:19.046+0530: 9.354: Total time for which application threads were stopped: 0.0000521 seconds, Stopping threads took: 0.0000121 seconds
2015-12-06T19:55:19.046+0530: 9.354: Total time for which application threads were stopped: 0.0000494 seconds, Stopping threads took: 0.0000100 seconds
2015-12-06T19:55:19.049+0530: 9.357: Total time for which application threads were stopped: 0.0001560 seconds, Stopping threads took: 0.0000590 seconds
2015-12-06T19:55:19.052+0530: 9.360: Total time for which application threads were stopped: 0.0002211 seconds, Stopping threads took: 0.0000558 seconds
2015-12-06T19:55:19.054+0530: 9.362: Total time for which application threads were stopped: 0.0001065 seconds, Stopping threads took: 0.0000310 seconds
2015-12-06T19:55:19.055+0530: 9.363: Total time for which application threads were stopped: 0.0000987 seconds, Stopping threads took: 0.0000396 seconds
2015-12-06T19:55:19.060+0530: 9.368: Total time for which application threads were stopped: 0.0001752 seconds, Stopping threads took: 0.0000624 seconds
2015-12-06T19:55:19.068+0530: 9.376: Total time for which application threads were stopped: 0.0001746 seconds, Stopping threads took: 0.0000621 seconds
2015-12-06T19:55:19.073+0530: 9.381: Total time for which application threads were stopped: 0.0001140 seconds, Stopping threads took: 0.0000275 seconds
2015-12-06T19:55:19.111+0530: 9.419: Total time for which application threads were stopped: 0.0001338 seconds, Stopping threads took: 0.0000400 seconds
2015-12-06T19:55:19.119+0530: 9.427: Total time for which application threads were stopped: 0.0004065 seconds, Stopping threads took: 0.0003162 seconds
2015-12-06T19:55:19.121+0530: 9.429: Total time for which application threads were stopped: 0.0002903 seconds, Stopping threads took: 0.0001489 seconds
2015-12-06T19:55:19.166+0530: 9.474: Total time for which application threads were stopped: 0.0001354 seconds, Stopping threads took: 0.0000465 seconds
2015-12-06T19:55:19.205+0530: 9.513: Total time for which application threads were stopped: 0.0001739 seconds, Stopping threads took: 0.0000365 seconds
{Heap before GC invocations=7 (full 1):
 par new generation   total 109248K, used 98231K [0x00000000e0000000, 0x00000000e8000000, 0x00000000e8000000)
  eden space 87424K, 100% used [0x00000000e0000000, 0x00000000e5560000, 0x00000000e5560000)
  from space 21824K,  49% used [0x00000000e6ab0000, 0x00000000e753dcc0, 0x00000000e8000000)
  to   space 21824K,   0% used [0x00000000e5560000, 0x00000000e5560000, 0x00000000e6ab0000)
 concurrent mark-sweep generation total 393216K, used 0K [0x00000000e8000000, 0x0000000100000000, 0x0000000100000000)
 Metaspace       used 25784K, capacity 26138K, committed 26444K, reserved 1073152K
  class space    used 3028K, capacity 3138K, committed 3148K, reserved 1048576K
2015-12-06T19:55:19.217+0530: 9.526: [GC (Allocation Failure) 9.526: [ParNew
Desired survivor size 20112992 bytes, new threshold 8 (max 8)
- age   1:    4058552 bytes,    4058552 total
- age   2:     116920 bytes,    4175472 total
- age   3:     144768 bytes,    4320240 total
- age   4:     101552 bytes,    4421792 total
- age   5:       2976 bytes,    4424768 total
- age   6:    1737760 bytes,    6162528 total
- age   7:    2225176 bytes,    8387704 total
- age   8:    2426344 bytes,   10814048 total
: 98231K->13036K(109248K), 0.0127605 secs] 98231K->13036K(502464K), 0.0129538 secs] [Times: user=0.05 sys=0.00, real=0.01 secs] 
Heap after GC invocations=8 (full 1):
 par new generation   total 109248K, used 13036K [0x00000000e0000000, 0x00000000e8000000, 0x00000000e8000000)
  eden space 87424K,   0% used [0x00000000e0000000, 0x00000000e0000000, 0x00000000e5560000)
  from space 21824K,  59% used [0x00000000e5560000, 0x00000000e621b018, 0x00000000e6ab0000)
  to   space 21824K,   0% used [0x00000000e6ab0000, 0x00000000e6ab0000, 0x00000000e8000000)
 concurrent mark-sweep generation total 393216K, used 0K [0x00000000e8000000, 0x0000000100000000, 0x0000000100000000)
 Metaspace       used 25784K, capacity 26138K, committed 26444K, reserved 1073152K
  class space    used 3028K, capacity 3138K, committed 3148K, reserved 1048576K
}
2015-12-06T19:55:19.231+0530: 9.539: Total time for which application threads were stopped: 0.0141135 seconds, Stopping threads took: 0.0007245 seconds
2015-12-06T19:55:19.260+0530: 9.568: Total time for which application threads were stopped: 0.0004677 seconds, Stopping threads took: 0.0000556 seconds
2015-12-06T19:55:19.276+0530: 9.584: Total time for which application threads were stopped: 0.0003815 seconds, Stopping threads took: 0.0002368 seconds
2015-12-06T19:55:19.322+0530: 9.630: Total time for which application threads were stopped: 0.0001859 seconds, Stopping threads took: 0.0000567 seconds
2015-12-06T19:55:19.326+0530: 9.634: Total time for which application threads were stopped: 0.0002667 seconds, Stopping threads took: 0.0001183 seconds
2015-12-06T19:55:19.349+0530: 9.658: Total time for which application threads were stopped: 0.0031328 seconds, Stopping threads took: 0.0029194 seconds
2015-12-06T19:55:19.370+0530: 9.678: Total time for which application threads were stopped: 0.0002313 seconds, Stopping threads took: 0.0000670 seconds
2015-12-06T19:55:19.401+0530: 9.710: Total time for which application threads were stopped: 0.0001852 seconds, Stopping threads took: 0.0000545 seconds
2015-12-06T19:55:19.409+0530: 9.717: Total time for which application threads were stopped: 0.0001883 seconds, Stopping threads took: 0.0000618 seconds
2015-12-06T19:55:19.411+0530: 9.719: Total time for which application threads were stopped: 0.0001802 seconds, Stopping threads took: 0.0000699 seconds
2015-12-06T19:55:19.417+0530: 9.725: Total time for which application threads were stopped: 0.0003333 seconds, Stopping threads took: 0.0001638 seconds
2015-12-06T19:55:19.422+0530: 9.730: Total time for which application threads were stopped: 0.0001575 seconds, Stopping threads took: 0.0000334 seconds
2015-12-06T19:55:19.431+0530: 9.739: Total time for which application threads were stopped: 0.0001882 seconds, Stopping threads took: 0.0000668 seconds
2015-12-06T19:55:19.432+0530: 9.740: Total time for which application threads were stopped: 0.0001841 seconds, Stopping threads took: 0.0000462 seconds
2015-12-06T19:55:19.460+0530: 9.768: Total time for which application threads were stopped: 0.0010656 seconds, Stopping threads took: 0.0009516 seconds
2015-12-06T19:55:19.478+0530: 9.786: Total time for which application threads were stopped: 0.0001697 seconds, Stopping threads took: 0.0000538 seconds
2015-12-06T19:55:19.479+0530: 9.787: Total time for which application threads were stopped: 0.0005510 seconds, Stopping threads took: 0.0000405 seconds
2015-12-06T19:55:19.531+0530: 9.839: Total time for which application threads were stopped: 0.0001629 seconds, Stopping threads took: 0.0000367 seconds
2015-12-06T19:55:19.546+0530: 9.854: Total time for which application threads were stopped: 0.0001346 seconds, Stopping threads took: 0.0000461 seconds
2015-12-06T19:55:19.555+0530: 9.863: Total time for which application threads were stopped: 0.0002528 seconds, Stopping threads took: 0.0001551 seconds
2015-12-06T19:55:19.562+0530: 9.870: Total time for which application threads were stopped: 0.0001307 seconds, Stopping threads took: 0.0000331 seconds
2015-12-06T19:55:19.573+0530: 9.881: Total time for which application threads were stopped: 0.0035564 seconds, Stopping threads took: 0.0034404 seconds
2015-12-06T19:55:19.586+0530: 9.894: Total time for which application threads were stopped: 0.0001511 seconds, Stopping threads took: 0.0000469 seconds
2015-12-06T19:55:19.621+0530: 9.929: Total time for which application threads were stopped: 0.0014958 seconds, Stopping threads took: 0.0012274 seconds
2015-12-06T19:55:19.627+0530: 9.936: Total time for which application threads were stopped: 0.0001855 seconds, Stopping threads took: 0.0000778 seconds
2015-12-06T19:55:19.649+0530: 9.957: Total time for which application threads were stopped: 0.0038044 seconds, Stopping threads took: 0.0036826 seconds
2015-12-06T19:55:19.650+0530: 9.958: Total time for which application threads were stopped: 0.0000781 seconds, Stopping threads took: 0.0000220 seconds
2015-12-06T19:55:19.651+0530: 9.959: Total time for which application threads were stopped: 0.0002006 seconds, Stopping threads took: 0.0000832 seconds
2015-12-06T19:55:20.651+0530: 10.960: Total time for which application threads were stopped: 0.0001835 seconds, Stopping threads took: 0.0000665 seconds
2015-12-06T19:55:20.671+0530: 10.979: Total time for which application threads were stopped: 0.0004828 seconds, Stopping threads took: 0.0000345 seconds
2015-12-06T19:55:20.704+0530: 11.013: Total time for which application threads were stopped: 0.0001410 seconds, Stopping threads took: 0.0000355 seconds
2015-12-06T19:55:20.705+0530: 11.014: Total time for which application threads were stopped: 0.0001614 seconds, Stopping threads took: 0.0000744 seconds
2015-12-06T19:55:20.715+0530: 11.023: Total time for which application threads were stopped: 0.0000985 seconds, Stopping threads took: 0.0000325 seconds
2015-12-06T19:55:20.715+0530: 11.024: Total time for which application threads were stopped: 0.0001536 seconds, Stopping threads took: 0.0000471 seconds
2015-12-06T19:55:20.762+0530: 11.071: Total time for which application threads were stopped: 0.0004974 seconds, Stopping threads took: 0.0000325 seconds
2015-12-06T19:55:20.952+0530: 11.260: Total time for which application threads were stopped: 0.0002599 seconds, Stopping threads took: 0.0000592 seconds
2015-12-06T19:55:20.965+0530: 11.273: Total time for which application threads were stopped: 0.0004175 seconds, Stopping threads took: 0.0000245 seconds
2015-12-06T19:55:20.967+0530: 11.275: Total time for which application threads were stopped: 0.0000933 seconds, Stopping threads took: 0.0000225 seconds
2015-12-06T19:55:20.967+0530: 11.275: Total time for which application threads were stopped: 0.0001466 seconds, Stopping threads took: 0.0000857 seconds
2015-12-06T19:55:20.967+0530: 11.275: Total time for which application threads were stopped: 0.0000758 seconds, Stopping threads took: 0.0000297 seconds
2015-12-06T19:55:20.969+0530: 11.277: Total time for which application threads were stopped: 0.0006418 seconds, Stopping threads took: 0.0005478 seconds
2015-12-06T19:55:20.970+0530: 11.278: Total time for which application threads were stopped: 0.0002107 seconds, Stopping threads took: 0.0001482 seconds
2015-12-06T19:55:21.075+0530: 11.383: Total time for which application threads were stopped: 0.0001033 seconds, Stopping threads took: 0.0000243 seconds
2015-12-06T19:55:22.076+0530: 12.384: Total time for which application threads were stopped: 0.0007518 seconds, Stopping threads took: 0.0004948 seconds
2015-12-06T19:55:22.092+0530: 12.400: Total time for which application threads were stopped: 0.0001634 seconds, Stopping threads took: 0.0000847 seconds
2015-12-06T19:55:22.094+0530: 12.402: Total time for which application threads were stopped: 0.0001349 seconds, Stopping threads took: 0.0000316 seconds
2015-12-06T19:55:22.111+0530: 12.419: Total time for which application threads were stopped: 0.0001223 seconds, Stopping threads took: 0.0000304 seconds
2015-12-06T19:55:22.137+0530: 12.446: Total time for which application threads were stopped: 0.0004001 seconds, Stopping threads took: 0.0000448 seconds
2015-12-06T19:55:22.151+0530: 12.459: Total time for which application threads were stopped: 0.0004339 seconds, Stopping threads took: 0.0000317 seconds
2015-12-06T19:55:22.263+0530: 12.572: Total time for which application threads were stopped: 0.0007990 seconds, Stopping threads took: 0.0000645 seconds
2015-12-06T19:55:22.475+0530: 12.784: Total time for which application threads were stopped: 0.0002092 seconds, Stopping threads took: 0.0000508 seconds
2015-12-06T19:55:22.682+0530: 12.990: Total time for which application threads were stopped: 0.0003303 seconds, Stopping threads took: 0.0001146 seconds
2015-12-06T19:55:23.230+0530: 13.538: Total time for which application threads were stopped: 0.0003620 seconds, Stopping threads took: 0.0001484 seconds
2015-12-06T19:55:23.230+0530: 13.538: Total time for which application threads were stopped: 0.0001817 seconds, Stopping threads took: 0.0000430 seconds
2015-12-06T19:55:23.231+0530: 13.539: Total time for which application threads were stopped: 0.0003563 seconds, Stopping threads took: 0.0002084 seconds
2015-12-06T19:55:23.231+0530: 13.540: Total time for which application threads were stopped: 0.0003172 seconds, Stopping threads took: 0.0001549 seconds
2015-12-06T19:55:24.232+0530: 14.540: Total time for which application threads were stopped: 0.0002378 seconds, Stopping threads took: 0.0000622 seconds
2015-12-06T19:55:25.161+0530: 15.469: Total time for which application threads were stopped: 0.0007056 seconds, Stopping threads took: 0.0006235 seconds
2015-12-06T19:55:25.329+0530: 15.637: Total time for which application threads were stopped: 0.0001457 seconds, Stopping threads took: 0.0000500 seconds
2015-12-06T19:55:26.078+0530: 16.387: Total time for which application threads were stopped: 0.0009784 seconds, Stopping threads took: 0.0008380 seconds
{Heap before GC invocations=8 (full 1):
 par new generation   total 109248K, used 100460K [0x00000000e0000000, 0x00000000e8000000, 0x00000000e8000000)
  eden space 87424K, 100% used [0x00000000e0000000, 0x00000000e5560000, 0x00000000e5560000)
  from space 21824K,  59% used [0x00000000e5560000, 0x00000000e621b018, 0x00000000e6ab0000)
  to   space 21824K,   0% used [0x00000000e6ab0000, 0x00000000e6ab0000, 0x00000000e8000000)
 concurrent mark-sweep generation total 393216K, used 0K [0x00000000e8000000, 0x0000000100000000, 0x0000000100000000)
 Metaspace       used 30025K, capacity 30378K, committed 30668K, reserved 1077248K
  class space    used 3556K, capacity 3694K, committed 3788K, reserved 1048576K
2015-12-06T19:55:26.337+0530: 16.645: [GC (Allocation Failure) 16.646: [ParNew
Desired survivor size 20112992 bytes, new threshold 8 (max 8)
- age   1:    9272336 bytes,    9272336 total
- age   2:    1623960 bytes,   10896296 total
- age   3:     116568 bytes,   11012864 total
- age   4:     143344 bytes,   11156208 total
- age   5:     101072 bytes,   11257280 total
- age   6:       2976 bytes,   11260256 total
- age   7:    1660032 bytes,   12920288 total
- age   8:    2218960 bytes,   15139248 total
: 100460K->19565K(109248K), 0.0893827 secs] 100460K->22157K(502464K), 0.0898742 secs] [Times: user=0.14 sys=0.01, real=0.09 secs] 
Heap after GC invocations=9 (full 1):
 par new generation   total 109248K, used 19565K [0x00000000e0000000, 0x00000000e8000000, 0x00000000e8000000)
  eden space 87424K,   0% used [0x00000000e0000000, 0x00000000e0000000, 0x00000000e5560000)
  from space 21824K,  89% used [0x00000000e6ab0000, 0x00000000e7dcb580, 0x00000000e8000000)
  to   space 21824K,   0% used [0x00000000e5560000, 0x00000000e5560000, 0x00000000e6ab0000)
 concurrent mark-sweep generation total 393216K, used 2592K [0x00000000e8000000, 0x0000000100000000, 0x0000000100000000)
 Metaspace       used 30025K, capacity 30378K, committed 30668K, reserved 1077248K
  class space    used 3556K, capacity 3694K, committed 3788K, reserved 1048576K
}
2015-12-06T19:55:26.427+0530: 16.735: Total time for which application threads were stopped: 0.0903398 seconds, Stopping threads took: 0.0000365 seconds
2015-12-06T19:55:26.431+0530: 16.739: Total time for which application threads were stopped: 0.0001794 seconds, Stopping threads took: 0.0000463 seconds
2015-12-06T19:55:26.661+0530: 16.969: Total time for which application threads were stopped: 0.0036569 seconds, Stopping threads took: 0.0035078 seconds
{Heap before GC invocations=9 (full 1):
 par new generation   total 109248K, used 106989K [0x00000000e0000000, 0x00000000e8000000, 0x00000000e8000000)
  eden space 87424K, 100% used [0x00000000e0000000, 0x00000000e5560000, 0x00000000e5560000)
  from space 21824K,  89% used [0x00000000e6ab0000, 0x00000000e7dcb580, 0x00000000e8000000)
  to   space 21824K,   0% used [0x00000000e5560000, 0x00000000e5560000, 0x00000000e6ab0000)
 concurrent mark-sweep generation total 393216K, used 2592K [0x00000000e8000000, 0x0000000100000000, 0x0000000100000000)
 Metaspace       used 30045K, capacity 30442K, committed 30924K, reserved 1077248K
  class space    used 3556K, capacity 3694K, committed 3788K, reserved 1048576K
2015-12-06T19:55:26.665+0530: 16.973: [GC (Allocation Failure) 16.973: [ParNew
Desired survivor size 20112992 bytes, new threshold 8 (max 8)
- age   1:    1104088 bytes,    1104088 total
- age   2:    5627624 bytes,    6731712 total
- age   3:    1623760 bytes,    8355472 total
- age   4:     116568 bytes,    8472040 total
- age   5:     143344 bytes,    8615384 total
- age   6:     101024 bytes,    8716408 total
- age   7:       2976 bytes,    8719384 total
- age   8:    1659952 bytes,   10379336 total
: 106989K->13982K(109248K), 0.0270633 secs] 109581K->18854K(502464K), 0.0275724 secs] [Times: user=0.08 sys=0.00, real=0.02 secs] 
Heap after GC invocations=10 (full 1):
 par new generation   total 109248K, used 13982K [0x00000000e0000000, 0x00000000e8000000, 0x00000000e8000000)
  eden space 87424K,   0% used [0x00000000e0000000, 0x00000000e0000000, 0x00000000e5560000)
  from space 21824K,  64% used [0x00000000e5560000, 0x00000000e63078b0, 0x00000000e6ab0000)
  to   space 21824K,   0% used [0x00000000e6ab0000, 0x00000000e6ab0000, 0x00000000e8000000)
 concurrent mark-sweep generation total 393216K, used 4872K [0x00000000e8000000, 0x0000000100000000, 0x0000000100000000)
 Metaspace       used 30045K, capacity 30442K, committed 30924K, reserved 1077248K
  class space    used 3556K, capacity 3694K, committed 3788K, reserved 1048576K
}
2015-12-06T19:55:26.693+0530: 17.001: Total time for which application threads were stopped: 0.0279004 seconds, Stopping threads took: 0.0000400 seconds
2015-12-06T19:55:26.693+0530: 17.002: Total time for which application threads were stopped: 0.0002132 seconds, Stopping threads took: 0.0000613 seconds
2015-12-06T19:55:26.812+0530: 17.120: Total time for which application threads were stopped: 0.0001375 seconds, Stopping threads took: 0.0000352 seconds
2015-12-06T19:55:27.168+0530: 17.476: Total time for which application threads were stopped: 0.0001922 seconds, Stopping threads took: 0.0000365 seconds
2015-12-06T19:55:27.199+0530: 17.507: Total time for which application threads were stopped: 0.0064139 seconds, Stopping threads took: 0.0062727 seconds
2015-12-06T19:55:27.212+0530: 17.520: Total time for which application threads were stopped: 0.0012436 seconds, Stopping threads took: 0.0011167 seconds
2015-12-06T19:55:27.241+0530: 17.549: Total time for which application threads were stopped: 0.0066653 seconds, Stopping threads took: 0.0065205 seconds
2015-12-06T19:55:27.242+0530: 17.550: Total time for which application threads were stopped: 0.0000673 seconds, Stopping threads took: 0.0000165 seconds
2015-12-06T19:55:27.242+0530: 17.550: Total time for which application threads were stopped: 0.0000526 seconds, Stopping threads took: 0.0000109 seconds
2015-12-06T19:55:27.242+0530: 17.550: Total time for which application threads were stopped: 0.0000518 seconds, Stopping threads took: 0.0000100 seconds
2015-12-06T19:55:27.242+0530: 17.550: Total time for which application threads were stopped: 0.0000475 seconds, Stopping threads took: 0.0000089 seconds
2015-12-06T19:55:27.242+0530: 17.550: Total time for which application threads were stopped: 0.0002005 seconds, Stopping threads took: 0.0001398 seconds
2015-12-06T19:55:27.245+0530: 17.553: Total time for which application threads were stopped: 0.0001482 seconds, Stopping threads took: 0.0000334 seconds
2015-12-06T19:55:27.263+0530: 17.571: Total time for which application threads were stopped: 0.0002161 seconds, Stopping threads took: 0.0000404 seconds
2015-12-06T19:55:27.264+0530: 17.573: Total time for which application threads were stopped: 0.0002178 seconds, Stopping threads took: 0.0001063 seconds
2015-12-06T19:55:27.267+0530: 17.575: Total time for which application threads were stopped: 0.0001343 seconds, Stopping threads took: 0.0000417 seconds
2015-12-06T19:55:27.267+0530: 17.575: Total time for which application threads were stopped: 0.0000669 seconds, Stopping threads took: 0.0000182 seconds
2015-12-06T19:55:27.267+0530: 17.575: Total time for which application threads were stopped: 0.0000633 seconds, Stopping threads took: 0.0000165 seconds
2015-12-06T19:55:27.267+0530: 17.576: Total time for which application threads were stopped: 0.0000670 seconds, Stopping threads took: 0.0000162 seconds
2015-12-06T19:55:27.268+0530: 17.576: Total time for which application threads were stopped: 0.0000585 seconds, Stopping threads took: 0.0000158 seconds
2015-12-06T19:55:27.268+0530: 17.576: Total time for which application threads were stopped: 0.0000584 seconds, Stopping threads took: 0.0000150 seconds
2015-12-06T19:55:27.268+0530: 17.576: Total time for which application threads were stopped: 0.0000566 seconds, Stopping threads took: 0.0000148 seconds
2015-12-06T19:55:27.268+0530: 17.576: Total time for which application threads were stopped: 0.0002318 seconds, Stopping threads took: 0.0000151 seconds
2015-12-06T19:55:27.268+0530: 17.576: Total time for which application threads were stopped: 0.0000659 seconds, Stopping threads took: 0.0000169 seconds
2015-12-06T19:55:27.268+0530: 17.576: Total time for which application threads were stopped: 0.0000599 seconds, Stopping threads took: 0.0000151 seconds
2015-12-06T19:55:27.268+0530: 17.576: Total time for which application threads were stopped: 0.0000591 seconds, Stopping threads took: 0.0000149 seconds
2015-12-06T19:55:27.269+0530: 17.577: Total time for which application threads were stopped: 0.0000658 seconds, Stopping threads took: 0.0000177 seconds
2015-12-06T19:55:27.269+0530: 17.577: Total time for which application threads were stopped: 0.0000717 seconds, Stopping threads took: 0.0000273 seconds
2015-12-06T19:55:27.269+0530: 17.577: Total time for which application threads were stopped: 0.0000705 seconds, Stopping threads took: 0.0000267 seconds
2015-12-06T19:55:27.270+0530: 17.578: Total time for which application threads were stopped: 0.0009183 seconds, Stopping threads took: 0.0008082 seconds
2015-12-06T19:55:27.276+0530: 17.584: Total time for which application threads were stopped: 0.0001458 seconds, Stopping threads took: 0.0000389 seconds
2015-12-06T19:55:27.276+0530: 17.584: Total time for which application threads were stopped: 0.0000636 seconds, Stopping threads took: 0.0000144 seconds
2015-12-06T19:55:27.276+0530: 17.584: Total time for which application threads were stopped: 0.0000584 seconds, Stopping threads took: 0.0000132 seconds
2015-12-06T19:55:27.276+0530: 17.584: Total time for which application threads were stopped: 0.0000572 seconds, Stopping threads took: 0.0000130 seconds
2015-12-06T19:55:27.276+0530: 17.584: Total time for which application threads were stopped: 0.0002042 seconds, Stopping threads took: 0.0000126 seconds
2015-12-06T19:55:27.296+0530: 17.605: Total time for which application threads were stopped: 0.0001775 seconds, Stopping threads took: 0.0000520 seconds
2015-12-06T19:55:27.297+0530: 17.605: Total time for which application threads were stopped: 0.0000757 seconds, Stopping threads took: 0.0000278 seconds
2015-12-06T19:55:27.305+0530: 17.613: Total time for which application threads were stopped: 0.0001590 seconds, Stopping threads took: 0.0000549 seconds
2015-12-06T19:55:27.354+0530: 17.662: Total time for which application threads were stopped: 0.0010037 seconds, Stopping threads took: 0.0008636 seconds
{Heap before GC invocations=10 (full 1):
 par new generation   total 109248K, used 101406K [0x00000000e0000000, 0x00000000e8000000, 0x00000000e8000000)
  eden space 87424K, 100% used [0x00000000e0000000, 0x00000000e5560000, 0x00000000e5560000)
  from space 21824K,  64% used [0x00000000e5560000, 0x00000000e63078b0, 0x00000000e6ab0000)
  to   space 21824K,   0% used [0x00000000e6ab0000, 0x00000000e6ab0000, 0x00000000e8000000)
 concurrent mark-sweep generation total 393216K, used 4872K [0x00000000e8000000, 0x0000000100000000, 0x0000000100000000)
 Metaspace       used 30255K, capacity 30634K, committed 30924K, reserved 1077248K
  class space    used 3565K, capacity 3694K, committed 3788K, reserved 1048576K
2015-12-06T19:55:27.511+0530: 17.819: [GC (Allocation Failure) 17.819: [ParNew
Desired survivor size 20112992 bytes, new threshold 8 (max 8)
- age   1:    3248056 bytes,    3248056 total
- age   2:     122096 bytes,    3370152 total
- age   3:    4031496 bytes,    7401648 total
- age   4:    1623504 bytes,    9025152 total
- age   5:     116568 bytes,    9141720 total
- age   6:     143344 bytes,    9285064 total
- age   7:     101024 bytes,    9386088 total
- age   8:       2976 bytes,    9389064 total
: 101406K->11597K(109248K), 0.0403245 secs] 106278K->18100K(502464K), 0.0406957 secs] [Times: user=0.07 sys=0.00, real=0.04 secs] 
Heap after GC invocations=11 (full 1):
 par new generation   total 109248K, used 11597K [0x00000000e0000000, 0x00000000e8000000, 0x00000000e8000000)
  eden space 87424K,   0% used [0x00000000e0000000, 0x00000000e0000000, 0x00000000e5560000)
  from space 21824K,  53% used [0x00000000e6ab0000, 0x00000000e7603400, 0x00000000e8000000)
  to   space 21824K,   0% used [0x00000000e5560000, 0x00000000e5560000, 0x00000000e6ab0000)
 concurrent mark-sweep generation total 393216K, used 6503K [0x00000000e8000000, 0x0000000100000000, 0x0000000100000000)
 Metaspace       used 30255K, capacity 30634K, committed 30924K, reserved 1077248K
  class space    used 3565K, capacity 3694K, committed 3788K, reserved 1048576K
}
2015-12-06T19:55:27.552+0530: 17.860: Total time for which application threads were stopped: 0.0411593 seconds, Stopping threads took: 0.0000373 seconds
2015-12-06T19:55:27.554+0530: 17.862: Total time for which application threads were stopped: 0.0002463 seconds, Stopping threads took: 0.0001009 seconds
{Heap before GC invocations=11 (full 1):
 par new generation   total 109248K, used 99021K [0x00000000e0000000, 0x00000000e8000000, 0x00000000e8000000)
  eden space 87424K, 100% used [0x00000000e0000000, 0x00000000e5560000, 0x00000000e5560000)
  from space 21824K,  53% used [0x00000000e6ab0000, 0x00000000e7603400, 0x00000000e8000000)
  to   space 21824K,   0% used [0x00000000e5560000, 0x00000000e5560000, 0x00000000e6ab0000)
 concurrent mark-sweep generation total 393216K, used 6503K [0x00000000e8000000, 0x0000000100000000, 0x0000000100000000)
 Metaspace       used 30299K, capacity 30682K, committed 31180K, reserved 1077248K
  class space    used 3569K, capacity 3702K, committed 3788K, reserved 1048576K
2015-12-06T19:55:27.681+0530: 17.989: [GC (Allocation Failure) 17.989: [ParNew
Desired survivor size 20112992 bytes, new threshold 8 (max 8)
- age   1:     923040 bytes,     923040 total
- age   2:    2899024 bytes,    3822064 total
- age   3:     122096 bytes,    3944160 total
- age   4:    4031496 bytes,    7975656 total
- age   5:    1623504 bytes,    9599160 total
- age   6:     116568 bytes,    9715728 total
- age   7:     143344 bytes,    9859072 total
- age   8:     100192 bytes,    9959264 total
: 99021K->14571K(109248K), 0.0337399 secs] 105524K->21078K(502464K), 0.0340265 secs] [Times: user=0.05 sys=0.00, real=0.04 secs] 
Heap after GC invocations=12 (full 1):
 par new generation   total 109248K, used 14571K [0x00000000e0000000, 0x00000000e8000000, 0x00000000e8000000)
  eden space 87424K,   0% used [0x00000000e0000000, 0x00000000e0000000, 0x00000000e5560000)
  from space 21824K,  66% used [0x00000000e5560000, 0x00000000e639acd8, 0x00000000e6ab0000)
  to   space 21824K,   0% used [0x00000000e6ab0000, 0x00000000e6ab0000, 0x00000000e8000000)
 concurrent mark-sweep generation total 393216K, used 6506K [0x00000000e8000000, 0x0000000100000000, 0x0000000100000000)
 Metaspace       used 30299K, capacity 30682K, committed 31180K, reserved 1077248K
  class space    used 3569K, capacity 3702K, committed 3788K, reserved 1048576K
}
2015-12-06T19:55:27.715+0530: 18.023: Total time for which application threads were stopped: 0.0343303 seconds, Stopping threads took: 0.0000344 seconds
2015-12-06T19:55:27.717+0530: 18.025: Total time for which application threads were stopped: 0.0020514 seconds, Stopping threads took: 0.0019682 seconds
2015-12-06T19:55:28.152+0530: 18.460: Total time for which application threads were stopped: 0.0001981 seconds, Stopping threads took: 0.0000362 seconds
2015-12-06T19:55:28.171+0530: 18.479: Total time for which application threads were stopped: 0.0001936 seconds, Stopping threads took: 0.0000638 seconds
2015-12-06T19:55:28.242+0530: 18.550: Total time for which application threads were stopped: 0.0001989 seconds, Stopping threads took: 0.0000519 seconds
2015-12-06T19:55:28.243+0530: 18.551: Total time for which application threads were stopped: 0.0001081 seconds, Stopping threads took: 0.0000262 seconds
2015-12-06T19:55:28.243+0530: 18.551: Total time for which application threads were stopped: 0.0000882 seconds, Stopping threads took: 0.0000281 seconds
2015-12-06T19:55:28.243+0530: 18.551: Total time for which application threads were stopped: 0.0000824 seconds, Stopping threads took: 0.0000261 seconds
2015-12-06T19:55:28.243+0530: 18.551: Total time for which application threads were stopped: 0.0000860 seconds, Stopping threads took: 0.0000258 seconds
2015-12-06T19:55:28.243+0530: 18.551: Total time for which application threads were stopped: 0.0000752 seconds, Stopping threads took: 0.0000250 seconds
2015-12-06T19:55:28.243+0530: 18.552: Total time for which application threads were stopped: 0.0000713 seconds, Stopping threads took: 0.0000237 seconds
2015-12-06T19:55:28.265+0530: 18.573: Total time for which application threads were stopped: 0.0002321 seconds, Stopping threads took: 0.0000587 seconds
2015-12-06T19:55:28.289+0530: 18.597: Total time for which application threads were stopped: 0.0001757 seconds, Stopping threads took: 0.0000334 seconds
2015-12-06T19:55:28.289+0530: 18.597: Total time for which application threads were stopped: 0.0000790 seconds, Stopping threads took: 0.0000299 seconds
2015-12-06T19:55:28.297+0530: 18.605: Total time for which application threads were stopped: 0.0001886 seconds, Stopping threads took: 0.0000778 seconds
2015-12-06T19:55:29.298+0530: 19.606: Total time for which application threads were stopped: 0.0002098 seconds, Stopping threads took: 0.0000571 seconds
2015-12-06T19:55:32.174+0530: 22.482: Total time for which application threads were stopped: 0.0003385 seconds, Stopping threads took: 0.0001415 seconds
2015-12-06T19:55:32.201+0530: 22.509: Total time for which application threads were stopped: 0.0004243 seconds, Stopping threads took: 0.0000201 seconds
2015-12-06T19:55:32.205+0530: 22.513: Total time for which application threads were stopped: 0.0000952 seconds, Stopping threads took: 0.0000258 seconds
2015-12-06T19:55:32.473+0530: 22.782: Total time for which application threads were stopped: 0.0002732 seconds, Stopping threads took: 0.0000746 seconds
2015-12-06T19:55:32.474+0530: 22.782: Total time for which application threads were stopped: 0.0001961 seconds, Stopping threads took: 0.0000436 seconds
2015-12-06T19:55:32.475+0530: 22.783: Total time for which application threads were stopped: 0.0001801 seconds, Stopping threads took: 0.0000382 seconds
2015-12-06T19:55:32.475+0530: 22.784: Total time for which application threads were stopped: 0.0014684 seconds, Stopping threads took: 0.0000349 seconds
2015-12-06T19:55:32.477+0530: 22.785: Total time for which application threads were stopped: 0.0001582 seconds, Stopping threads took: 0.0000568 seconds
2015-12-06T19:55:32.478+0530: 22.786: Total time for which application threads were stopped: 0.0001032 seconds, Stopping threads took: 0.0000364 seconds
2015-12-06T19:55:32.478+0530: 22.786: Total time for which application threads were stopped: 0.0001002 seconds, Stopping threads took: 0.0000341 seconds
2015-12-06T19:55:32.478+0530: 22.786: Total time for which application threads were stopped: 0.0000998 seconds, Stopping threads took: 0.0000343 seconds
2015-12-06T19:55:32.478+0530: 22.786: Total time for which application threads were stopped: 0.0001009 seconds, Stopping threads took: 0.0000354 seconds
2015-12-06T19:55:32.478+0530: 22.786: Total time for which application threads were stopped: 0.0000999 seconds, Stopping threads took: 0.0000348 seconds
2015-12-06T19:55:32.478+0530: 22.786: Total time for which application threads were stopped: 0.0000984 seconds, Stopping threads took: 0.0000344 seconds
2015-12-06T19:55:32.478+0530: 22.787: Total time for which application threads were stopped: 0.0000985 seconds, Stopping threads took: 0.0000342 seconds
2015-12-06T19:55:32.479+0530: 22.787: Total time for which application threads were stopped: 0.0001039 seconds, Stopping threads took: 0.0000330 seconds
2015-12-06T19:55:32.479+0530: 22.787: Total time for which application threads were stopped: 0.0000771 seconds, Stopping threads took: 0.0000271 seconds
2015-12-06T19:55:32.479+0530: 22.787: Total time for which application threads were stopped: 0.0000776 seconds, Stopping threads took: 0.0000273 seconds
2015-12-06T19:55:32.479+0530: 22.787: Total time for which application threads were stopped: 0.0000763 seconds, Stopping threads took: 0.0000259 seconds
2015-12-06T19:55:32.479+0530: 22.787: Total time for which application threads were stopped: 0.0000769 seconds, Stopping threads took: 0.0000270 seconds
2015-12-06T19:55:32.479+0530: 22.787: Total time for which application threads were stopped: 0.0000760 seconds, Stopping threads took: 0.0000266 seconds
2015-12-06T19:55:32.479+0530: 22.787: Total time for which application threads were stopped: 0.0000757 seconds, Stopping threads took: 0.0000263 seconds
2015-12-06T19:55:32.480+0530: 22.788: Total time for which application threads were stopped: 0.0002412 seconds, Stopping threads took: 0.0000266 seconds
2015-12-06T19:55:32.916+0530: 23.224: Total time for which application threads were stopped: 0.0001484 seconds, Stopping threads took: 0.0000598 seconds
2015-12-06T19:55:32.916+0530: 23.224: Total time for which application threads were stopped: 0.0001276 seconds, Stopping threads took: 0.0000381 seconds
2015-12-06T19:55:32.917+0530: 23.225: Total time for which application threads were stopped: 0.0001082 seconds, Stopping threads took: 0.0000311 seconds
2015-12-06T19:55:33.662+0530: 23.970: Total time for which application threads were stopped: 0.0001620 seconds, Stopping threads took: 0.0000512 seconds
{Heap before GC invocations=12 (full 1):
 par new generation   total 109248K, used 101995K [0x00000000e0000000, 0x00000000e8000000, 0x00000000e8000000)
  eden space 87424K, 100% used [0x00000000e0000000, 0x00000000e5560000, 0x00000000e5560000)
  from space 21824K,  66% used [0x00000000e5560000, 0x00000000e639acd8, 0x00000000e6ab0000)
  to   space 21824K,   0% used [0x00000000e6ab0000, 0x00000000e6ab0000, 0x00000000e8000000)
 concurrent mark-sweep generation total 393216K, used 6506K [0x00000000e8000000, 0x0000000100000000, 0x0000000100000000)
 Metaspace       used 30536K, capacity 30906K, committed 31180K, reserved 1077248K
  class space    used 3586K, capacity 3708K, committed 3788K, reserved 1048576K
2015-12-06T19:55:33.685+0530: 23.993: [GC (Allocation Failure) 23.993: [ParNew
Desired survivor size 20112992 bytes, new threshold 8 (max 8)
- age   1:    2463880 bytes,    2463880 total
- age   2:     149376 bytes,    2613256 total
- age   3:    2880592 bytes,    5493848 total
- age   4:     122096 bytes,    5615944 total
- age   5:    2408536 bytes,    8024480 total
- age   6:    1622880 bytes,    9647360 total
- age   7:     116568 bytes,    9763928 total
- age   8:     143240 bytes,    9907168 total
: 101995K->12889K(109248K), 0.0162809 secs] 108502K->19498K(502464K), 0.0165793 secs] [Times: user=0.06 sys=0.00, real=0.02 secs] 
Heap after GC invocations=13 (full 1):
 par new generation   total 109248K, used 12889K [0x00000000e0000000, 0x00000000e8000000, 0x00000000e8000000)
  eden space 87424K,   0% used [0x00000000e0000000, 0x00000000e0000000, 0x00000000e5560000)
  from space 21824K,  59% used [0x00000000e6ab0000, 0x00000000e7746708, 0x00000000e8000000)
  to   space 21824K,   0% used [0x00000000e5560000, 0x00000000e5560000, 0x00000000e6ab0000)
 concurrent mark-sweep generation total 393216K, used 6608K [0x00000000e8000000, 0x0000000100000000, 0x0000000100000000)
 Metaspace       used 30536K, capacity 30906K, committed 31180K, reserved 1077248K
  class space    used 3586K, capacity 3708K, committed 3788K, reserved 1048576K
}
2015-12-06T19:55:33.702+0530: 24.010: Total time for which application threads were stopped: 0.0169242 seconds, Stopping threads took: 0.0000583 seconds
2015-12-06T19:55:34.352+0530: 24.661: Total time for which application threads were stopped: 0.0002892 seconds, Stopping threads took: 0.0001310 seconds
2015-12-06T19:55:34.354+0530: 24.662: Total time for which application threads were stopped: 0.0003321 seconds, Stopping threads took: 0.0000974 seconds
2015-12-06T19:55:34.356+0530: 24.664: Total time for which application threads were stopped: 0.0002757 seconds, Stopping threads took: 0.0001015 seconds
2015-12-06T19:56:20.970+0530: 71.278: Total time for which application threads were stopped: 0.0001921 seconds, Stopping threads took: 0.0000457 seconds
2015-12-06T19:57:00.770+0530: 111.078: Total time for which application threads were stopped: 0.0002484 seconds, Stopping threads took: 0.0000871 seconds
2015-12-06T19:57:50.791+0530: 161.099: Total time for which application threads were stopped: 0.0010098 seconds, Stopping threads took: 0.0008226 seconds
2015-12-06T19:57:50.806+0530: 161.114: Total time for which application threads were stopped: 0.0134123 seconds, Stopping threads took: 0.0133146 seconds
2015-12-06T19:57:50.806+0530: 161.114: Total time for which application threads were stopped: 0.0001073 seconds, Stopping threads took: 0.0000297 seconds
2015-12-06T19:57:50.885+0530: 161.194: Total time for which application threads were stopped: 0.0084663 seconds, Stopping threads took: 0.0082273 seconds
2015-12-06T19:57:50.887+0530: 161.195: Total time for which application threads were stopped: 0.0001735 seconds, Stopping threads took: 0.0000319 seconds
2015-12-06T19:57:50.887+0530: 161.195: Total time for which application threads were stopped: 0.0001509 seconds, Stopping threads took: 0.0000514 seconds
2015-12-06T19:57:50.887+0530: 161.195: Total time for which application threads were stopped: 0.0001676 seconds, Stopping threads took: 0.0000430 seconds
{Heap before GC invocations=13 (full 1):
 par new generation   total 109248K, used 100300K [0x00000000e0000000, 0x00000000e8000000, 0x00000000e8000000)
  eden space 87424K,  99% used [0x00000000e0000000, 0x00000000e555c968, 0x00000000e5560000)
  from space 21824K,  59% used [0x00000000e6ab0000, 0x00000000e7746708, 0x00000000e8000000)
  to   space 21824K,   0% used [0x00000000e5560000, 0x00000000e5560000, 0x00000000e6ab0000)
 concurrent mark-sweep generation total 393216K, used 6608K [0x00000000e8000000, 0x0000000100000000, 0x0000000100000000)
 Metaspace       used 30579K, capacity 30998K, committed 31436K, reserved 1077248K
  class space    used 3590K, capacity 3712K, committed 3788K, reserved 1048576K
2015-12-06T19:57:50.949+0530: 161.257: [GC (Allocation Failure) 161.258: [ParNew
Desired survivor size 20112992 bytes, new threshold 8 (max 8)
- age   1:    4739112 bytes,    4739112 total
- age   2:    2292912 bytes,    7032024 total
- age   3:     149224 bytes,    7181248 total
- age   4:    1307968 bytes,    8489216 total
- age   5:     122096 bytes,    8611312 total
- age   6:    2384112 bytes,   10995424 total
- age   7:    1621488 bytes,   12616912 total
- age   8:     116568 bytes,   12733480 total
: 100300K->15180K(109248K), 0.0800288 secs] 106908K->21933K(502464K), 0.0803754 secs] [Times: user=0.13 sys=0.01, real=0.08 secs] 
Heap after GC invocations=14 (full 1):
 par new generation   total 109248K, used 15180K [0x00000000e0000000, 0x00000000e8000000, 0x00000000e8000000)
  eden space 87424K,   0% used [0x00000000e0000000, 0x00000000e0000000, 0x00000000e5560000)
  from space 21824K,  69% used [0x00000000e5560000, 0x00000000e64333c0, 0x00000000e6ab0000)
  to   space 21824K,   0% used [0x00000000e6ab0000, 0x00000000e6ab0000, 0x00000000e8000000)
 concurrent mark-sweep generation total 393216K, used 6752K [0x00000000e8000000, 0x0000000100000000, 0x0000000100000000)
 Metaspace       used 30579K, capacity 30998K, committed 31436K, reserved 1077248K
  class space    used 3590K, capacity 3712K, committed 3788K, reserved 1048576K
}
2015-12-06T19:57:51.030+0530: 161.338: Total time for which application threads were stopped: 0.0810623 seconds, Stopping threads took: 0.0001271 seconds
{Heap before GC invocations=14 (full 1):
 par new generation   total 109248K, used 102604K [0x00000000e0000000, 0x00000000e8000000, 0x00000000e8000000)
  eden space 87424K, 100% used [0x00000000e0000000, 0x00000000e5560000, 0x00000000e5560000)
  from space 21824K,  69% used [0x00000000e5560000, 0x00000000e64333c0, 0x00000000e6ab0000)
  to   space 21824K,   0% used [0x00000000e6ab0000, 0x00000000e6ab0000, 0x00000000e8000000)
 concurrent mark-sweep generation total 393216K, used 6752K [0x00000000e8000000, 0x0000000100000000, 0x0000000100000000)
 Metaspace       used 30589K, capacity 31004K, committed 31436K, reserved 1077248K
  class space    used 3590K, capacity 3713K, committed 3788K, reserved 1048576K
2015-12-06T19:57:51.099+0530: 161.407: [GC (Allocation Failure) 161.418: [ParNew
Desired survivor size 20112992 bytes, new threshold 8 (max 8)
- age   1:     242264 bytes,     242264 total
- age   2:    4181320 bytes,    4423584 total
- age   3:    2292912 bytes,    6716496 total
- age   4:     149224 bytes,    6865720 total
- age   5:    1307408 bytes,    8173128 total
- age   6:     122096 bytes,    8295224 total
- age   7:    2378368 bytes,   10673592 total
- age   8:    1621488 bytes,   12295080 total
: 102604K->15887K(109248K), 0.0654681 secs] 109357K->22755K(502464K), 0.0756891 secs] [Times: user=0.06 sys=0.00, real=0.08 secs] 
Heap after GC invocations=15 (full 1):
 par new generation   total 109248K, used 15887K [0x00000000e0000000, 0x00000000e8000000, 0x00000000e8000000)
  eden space 87424K,   0% used [0x00000000e0000000, 0x00000000e0000000, 0x00000000e5560000)
  from space 21824K,  72% used [0x00000000e6ab0000, 0x00000000e7a33c10, 0x00000000e8000000)
  to   space 21824K,   0% used [0x00000000e5560000, 0x00000000e5560000, 0x00000000e6ab0000)
 concurrent mark-sweep generation total 393216K, used 6868K [0x00000000e8000000, 0x0000000100000000, 0x0000000100000000)
 Metaspace       used 30589K, capacity 31004K, committed 31436K, reserved 1077248K
  class space    used 3590K, capacity 3713K, committed 3788K, reserved 1048576K
}
2015-12-06T19:57:51.175+0530: 161.483: Total time for which application threads were stopped: 0.0809055 seconds, Stopping threads took: 0.0047981 seconds
{Heap before GC invocations=15 (full 1):
 par new generation   total 109248K, used 103311K [0x00000000e0000000, 0x00000000e8000000, 0x00000000e8000000)
  eden space 87424K, 100% used [0x00000000e0000000, 0x00000000e5560000, 0x00000000e5560000)
  from space 21824K,  72% used [0x00000000e6ab0000, 0x00000000e7a33c10, 0x00000000e8000000)
  to   space 21824K,   0% used [0x00000000e5560000, 0x00000000e5560000, 0x00000000e6ab0000)
 concurrent mark-sweep generation total 393216K, used 6868K [0x00000000e8000000, 0x0000000100000000, 0x0000000100000000)
 Metaspace       used 30594K, capacity 31010K, committed 31436K, reserved 1077248K
  class space    used 3591K, capacity 3714K, committed 3788K, reserved 1048576K
2015-12-06T19:57:51.252+0530: 161.560: [GC (Allocation Failure) 161.561: [ParNew
Desired survivor size 20112992 bytes, new threshold 8 (max 8)
- age   1:    1006240 bytes,    1006240 total
- age   2:      46608 bytes,    1052848 total
- age   3:    4181288 bytes,    5234136 total
- age   4:    2292912 bytes,    7527048 total
- age   5:     149224 bytes,    7676272 total
- age   6:    1307408 bytes,    8983680 total
- age   7:     122096 bytes,    9105776 total
- age   8:    2378408 bytes,   11484184 total
: 103311K->14300K(109248K), 0.0282364 secs] 110179K->22770K(502464K), 0.0285470 secs] [Times: user=0.09 sys=0.00, real=0.03 secs] 
Heap after GC invocations=16 (full 1):
 par new generation   total 109248K, used 14300K [0x00000000e0000000, 0x00000000e8000000, 0x00000000e8000000)
  eden space 87424K,   0% used [0x00000000e0000000, 0x00000000e0000000, 0x00000000e5560000)
  from space 21824K,  65% used [0x00000000e5560000, 0x00000000e6357340, 0x00000000e6ab0000)
  to   space 21824K,   0% used [0x00000000e6ab0000, 0x00000000e6ab0000, 0x00000000e8000000)
 concurrent mark-sweep generation total 393216K, used 8469K [0x00000000e8000000, 0x0000000100000000, 0x0000000100000000)
 Metaspace       used 30594K, capacity 31010K, committed 31436K, reserved 1077248K
  class space    used 3591K, capacity 3714K, committed 3788K, reserved 1048576K
}
2015-12-06T19:57:51.281+0530: 161.589: Total time for which application threads were stopped: 0.0330762 seconds, Stopping threads took: 0.0041841 seconds
2015-12-06T19:57:51.393+0530: 161.701: Total time for which application threads were stopped: 0.0160174 seconds, Stopping threads took: 0.0158798 seconds
2015-12-06T19:57:51.424+0530: 161.732: Total time for which application threads were stopped: 0.0106239 seconds, Stopping threads took: 0.0104481 seconds
2015-12-06T19:57:51.436+0530: 161.744: Total time for which application threads were stopped: 0.0008317 seconds, Stopping threads took: 0.0006699 seconds
2015-12-06T19:57:51.457+0530: 161.765: Total time for which application threads were stopped: 0.0036599 seconds, Stopping threads took: 0.0035277 seconds
2015-12-06T19:57:51.470+0530: 161.779: Total time for which application threads were stopped: 0.0003648 seconds, Stopping threads took: 0.0000817 seconds
{Heap before GC invocations=16 (full 1):
 par new generation   total 109248K, used 101724K [0x00000000e0000000, 0x00000000e8000000, 0x00000000e8000000)
  eden space 87424K, 100% used [0x00000000e0000000, 0x00000000e5560000, 0x00000000e5560000)
  from space 21824K,  65% used [0x00000000e5560000, 0x00000000e6357340, 0x00000000e6ab0000)
  to   space 21824K,   0% used [0x00000000e6ab0000, 0x00000000e6ab0000, 0x00000000e8000000)
 concurrent mark-sweep generation total 393216K, used 8469K [0x00000000e8000000, 0x0000000100000000, 0x0000000100000000)
 Metaspace       used 30604K, capacity 31016K, committed 31436K, reserved 1077248K
  class space    used 3592K, capacity 3715K, committed 3788K, reserved 1048576K
2015-12-06T19:57:51.509+0530: 161.817: [GC (Allocation Failure) 161.817: [ParNew
Desired survivor size 20112992 bytes, new threshold 8 (max 8)
- age   1:     979752 bytes,     979752 total
- age   2:      97696 bytes,    1077448 total
- age   3:      46336 bytes,    1123784 total
- age   4:    4181128 bytes,    5304912 total
- age   5:    2292912 bytes,    7597824 total
- age   6:     149224 bytes,    7747048 total
- age   7:    1307408 bytes,    9054456 total
- age   8:     122096 bytes,    9176552 total
: 101724K->12748K(109248K), 0.0791117 secs] 110194K->23563K(502464K), 0.0794394 secs] [Times: user=0.13 sys=0.00, real=0.08 secs] 
Heap after GC invocations=17 (full 1):
 par new generation   total 109248K, used 12748K [0x00000000e0000000, 0x00000000e8000000, 0x00000000e8000000)
  eden space 87424K,   0% used [0x00000000e0000000, 0x00000000e0000000, 0x00000000e5560000)
  from space 21824K,  58% used [0x00000000e6ab0000, 0x00000000e7723238, 0x00000000e8000000)
  to   space 21824K,   0% used [0x00000000e5560000, 0x00000000e5560000, 0x00000000e6ab0000)
 concurrent mark-sweep generation total 393216K, used 10814K [0x00000000e8000000, 0x0000000100000000, 0x0000000100000000)
 Metaspace       used 30604K, capacity 31016K, committed 31436K, reserved 1077248K
  class space    used 3592K, capacity 3715K, committed 3788K, reserved 1048576K
}
2015-12-06T19:57:51.589+0530: 161.897: Total time for which application threads were stopped: 0.0818189 seconds, Stopping threads took: 0.0020242 seconds
{Heap before GC invocations=17 (full 1):
 par new generation   total 109248K, used 100172K [0x00000000e0000000, 0x00000000e8000000, 0x00000000e8000000)
  eden space 87424K, 100% used [0x00000000e0000000, 0x00000000e5560000, 0x00000000e5560000)
  from space 21824K,  58% used [0x00000000e6ab0000, 0x00000000e7723238, 0x00000000e8000000)
  to   space 21824K,   0% used [0x00000000e5560000, 0x00000000e5560000, 0x00000000e6ab0000)
 concurrent mark-sweep generation total 393216K, used 10814K [0x00000000e8000000, 0x0000000100000000, 0x0000000100000000)
 Metaspace       used 30608K, capacity 31016K, committed 31436K, reserved 1077248K
  class space    used 3592K, capacity 3715K, committed 3788K, reserved 1048576K
2015-12-06T19:57:51.657+0530: 161.965: [GC (Allocation Failure) 161.966: [ParNew
Desired survivor size 20112992 bytes, new threshold 8 (max 8)
- age   1:     593944 bytes,     593944 total
- age   2:     112472 bytes,     706416 total
- age   3:      97048 bytes,     803464 total
- age   4:      45792 bytes,     849256 total
- age   5:    4181064 bytes,    5030320 total
- age   6:    2292912 bytes,    7323232 total
- age   7:     149224 bytes,    7472456 total
- age   8:    1307408 bytes,    8779864 total
: 100172K->11820K(109248K), 0.0397323 secs] 110987K->22760K(502464K), 0.0400618 secs] [Times: user=0.07 sys=0.00, real=0.04 secs] 
Heap after GC invocations=18 (full 1):
 par new generation   total 109248K, used 11820K [0x00000000e0000000, 0x00000000e8000000, 0x00000000e8000000)
  eden space 87424K,   0% used [0x00000000e0000000, 0x00000000e0000000, 0x00000000e5560000)
  from space 21824K,  54% used [0x00000000e5560000, 0x00000000e60eb200, 0x00000000e6ab0000)
  to   space 21824K,   0% used [0x00000000e6ab0000, 0x00000000e6ab0000, 0x00000000e8000000)
 concurrent mark-sweep generation total 393216K, used 10940K [0x00000000e8000000, 0x0000000100000000, 0x0000000100000000)
 Metaspace       used 30608K, capacity 31016K, committed 31436K, reserved 1077248K
  class space    used 3592K, capacity 3715K, committed 3788K, reserved 1048576K
}
2015-12-06T19:57:51.698+0530: 162.006: Total time for which application threads were stopped: 0.0443815 seconds, Stopping threads took: 0.0040022 seconds
2015-12-06T19:57:51.786+0530: 162.094: Total time for which application threads were stopped: 0.0372026 seconds, Stopping threads took: 0.0369978 seconds
{Heap before GC invocations=18 (full 1):
 par new generation   total 109248K, used 99244K [0x00000000e0000000, 0x00000000e8000000, 0x00000000e8000000)
  eden space 87424K, 100% used [0x00000000e0000000, 0x00000000e5560000, 0x00000000e5560000)
  from space 21824K,  54% used [0x00000000e5560000, 0x00000000e60eb200, 0x00000000e6ab0000)
  to   space 21824K,   0% used [0x00000000e6ab0000, 0x00000000e6ab0000, 0x00000000e8000000)
 concurrent mark-sweep generation total 393216K, used 10940K [0x00000000e8000000, 0x0000000100000000, 0x0000000100000000)
 Metaspace       used 30764K, capacity 31246K, committed 31436K, reserved 1077248K
  class space    used 3611K, capacity 3748K, committed 3788K, reserved 1048576K
2015-12-06T19:57:51.865+0530: 162.174: [GC (Allocation Failure) 162.174: [ParNew
Desired survivor size 20112992 bytes, new threshold 8 (max 8)
- age   1:     679496 bytes,     679496 total
- age   2:      90736 bytes,     770232 total
- age   3:     111704 bytes,     881936 total
- age   4:      96328 bytes,     978264 total
- age   5:      44952 bytes,    1023216 total
- age   6:    4179864 bytes,    5203080 total
- age   7:    2292912 bytes,    7495992 total
- age   8:     149224 bytes,    7645216 total
: 99244K->10558K(109248K), 0.1055671 secs] 110184K->22785K(502464K), 0.1059155 secs] [Times: user=0.09 sys=0.00, real=0.10 secs] 
Heap after GC invocations=19 (full 1):
 par new generation   total 109248K, used 10558K [0x00000000e0000000, 0x00000000e8000000, 0x00000000e8000000)
  eden space 87424K,   0% used [0x00000000e0000000, 0x00000000e0000000, 0x00000000e5560000)
  from space 21824K,  48% used [0x00000000e6ab0000, 0x00000000e74ffb98, 0x00000000e8000000)
  to   space 21824K,   0% used [0x00000000e5560000, 0x00000000e5560000, 0x00000000e6ab0000)
 concurrent mark-sweep generation total 393216K, used 12226K [0x00000000e8000000, 0x0000000100000000, 0x0000000100000000)
 Metaspace       used 30764K, capacity 31246K, committed 31436K, reserved 1077248K
  class space    used 3611K, capacity 3748K, committed 3788K, reserved 1048576K
}
2015-12-06T19:57:51.972+0530: 162.280: Total time for which application threads were stopped: 0.1064824 seconds, Stopping threads took: 0.0000818 seconds
2015-12-06T19:57:52.040+0530: 162.348: Total time for which application threads were stopped: 0.0085023 seconds, Stopping threads took: 0.0082843 seconds
2015-12-06T19:57:52.284+0530: 162.592: Total time for which application threads were stopped: 0.0002440 seconds, Stopping threads took: 0.0000608 seconds
2015-12-06T19:57:52.303+0530: 162.611: Total time for which application threads were stopped: 0.0002067 seconds, Stopping threads took: 0.0000410 seconds
2015-12-06T19:57:52.310+0530: 162.618: Total time for which application threads were stopped: 0.0001736 seconds, Stopping threads took: 0.0000531 seconds
2015-12-06T19:57:52.341+0530: 162.649: Total time for which application threads were stopped: 0.0001915 seconds, Stopping threads took: 0.0000419 seconds
2015-12-06T19:57:52.770+0530: 163.078: Total time for which application threads were stopped: 0.0001498 seconds, Stopping threads took: 0.0000374 seconds
2015-12-06T19:57:52.770+0530: 163.078: Total time for which application threads were stopped: 0.0001027 seconds, Stopping threads took: 0.0000226 seconds
2015-12-06T19:57:52.798+0530: 163.106: Total time for which application threads were stopped: 0.0001443 seconds, Stopping threads took: 0.0000358 seconds
2015-12-06T19:57:52.843+0530: 163.151: Total time for which application threads were stopped: 0.0005957 seconds, Stopping threads took: 0.0000439 seconds
2015-12-06T19:57:52.846+0530: 163.154: Total time for which application threads were stopped: 0.0005827 seconds, Stopping threads took: 0.0000304 seconds
2015-12-06T19:57:53.010+0530: 163.318: Total time for which application threads were stopped: 0.0001761 seconds, Stopping threads took: 0.0000340 seconds
2015-12-06T19:57:53.010+0530: 163.318: Total time for which application threads were stopped: 0.0001353 seconds, Stopping threads took: 0.0000470 seconds
2015-12-06T19:57:53.013+0530: 163.321: Total time for which application threads were stopped: 0.0001671 seconds, Stopping threads took: 0.0000415 seconds
2015-12-06T19:57:53.013+0530: 163.322: Total time for which application threads were stopped: 0.0001048 seconds, Stopping threads took: 0.0000484 seconds
2015-12-06T19:57:53.014+0530: 163.322: Total time for which application threads were stopped: 0.0000805 seconds, Stopping threads took: 0.0000188 seconds
2015-12-06T19:57:53.038+0530: 163.346: Total time for which application threads were stopped: 0.0001487 seconds, Stopping threads took: 0.0000296 seconds
2015-12-06T19:57:53.084+0530: 163.393: Total time for which application threads were stopped: 0.0002061 seconds, Stopping threads took: 0.0000577 seconds
2015-12-06T19:57:53.087+0530: 163.395: Total time for which application threads were stopped: 0.0001798 seconds, Stopping threads took: 0.0000557 seconds
2015-12-06T19:57:53.087+0530: 163.395: Total time for which application threads were stopped: 0.0000831 seconds, Stopping threads took: 0.0000182 seconds
2015-12-06T19:57:53.088+0530: 163.396: Total time for which application threads were stopped: 0.0000843 seconds, Stopping threads took: 0.0000170 seconds
2015-12-06T19:57:53.088+0530: 163.396: Total time for which application threads were stopped: 0.0000857 seconds, Stopping threads took: 0.0000182 seconds
2015-12-06T19:57:53.088+0530: 163.396: Total time for which application threads were stopped: 0.0000925 seconds, Stopping threads took: 0.0000196 seconds
2015-12-06T19:57:53.515+0530: 163.824: Total time for which application threads were stopped: 0.0001905 seconds, Stopping threads took: 0.0000432 seconds
2015-12-06T19:57:53.748+0530: 164.056: Total time for which application threads were stopped: 0.0001783 seconds, Stopping threads took: 0.0000384 seconds
2015-12-06T19:57:53.748+0530: 164.056: Total time for which application threads were stopped: 0.0001011 seconds, Stopping threads took: 0.0000279 seconds
2015-12-06T19:57:53.748+0530: 164.056: Total time for which application threads were stopped: 0.0000894 seconds, Stopping threads took: 0.0000141 seconds
2015-12-06T19:57:53.755+0530: 164.063: Total time for which application threads were stopped: 0.0001617 seconds, Stopping threads took: 0.0000357 seconds
2015-12-06T19:57:53.755+0530: 164.063: Total time for which application threads were stopped: 0.0000936 seconds, Stopping threads took: 0.0000157 seconds
{Heap before GC invocations=19 (full 1):
 par new generation   total 109248K, used 97982K [0x00000000e0000000, 0x00000000e8000000, 0x00000000e8000000)
  eden space 87424K, 100% used [0x00000000e0000000, 0x00000000e5560000, 0x00000000e5560000)
  from space 21824K,  48% used [0x00000000e6ab0000, 0x00000000e74ffb98, 0x00000000e8000000)
  to   space 21824K,   0% used [0x00000000e5560000, 0x00000000e5560000, 0x00000000e6ab0000)
 concurrent mark-sweep generation total 393216K, used 12226K [0x00000000e8000000, 0x0000000100000000, 0x0000000100000000)
 Metaspace       used 31779K, capacity 32270K, committed 32588K, reserved 1077248K
  class space    used 3730K, capacity 3876K, committed 3916K, reserved 1048576K
2015-12-06T19:57:54.351+0530: 164.659: [GC (Allocation Failure) 164.659: [ParNew
Desired survivor size 20112992 bytes, new threshold 8 (max 8)
- age   1:    8670760 bytes,    8670760 total
- age   2:     190864 bytes,    8861624 total
- age   3:      89800 bytes,    8951424 total
- age   4:     111088 bytes,    9062512 total
- age   5:      96064 bytes,    9158576 total
- age   6:      44208 bytes,    9202784 total
- age   7:    1956144 bytes,   11158928 total
- age   8:    1888616 bytes,   13047544 total
: 97982K->15088K(109248K), 0.0465544 secs] 110209K->27463K(502464K), 0.0468668 secs] [Times: user=0.06 sys=0.00, real=0.05 secs] 
Heap after GC invocations=20 (full 1):
 par new generation   total 109248K, used 15088K [0x00000000e0000000, 0x00000000e8000000, 0x00000000e8000000)
  eden space 87424K,   0% used [0x00000000e0000000, 0x00000000e0000000, 0x00000000e5560000)
  from space 21824K,  69% used [0x00000000e5560000, 0x00000000e641c0a8, 0x00000000e6ab0000)
  to   space 21824K,   0% used [0x00000000e6ab0000, 0x00000000e6ab0000, 0x00000000e8000000)
 concurrent mark-sweep generation total 393216K, used 12375K [0x00000000e8000000, 0x0000000100000000, 0x0000000100000000)
 Metaspace       used 31779K, capacity 32270K, committed 32588K, reserved 1077248K
  class space    used 3730K, capacity 3876K, committed 3916K, reserved 1048576K
}
2015-12-06T19:57:54.398+0530: 164.706: Total time for which application threads were stopped: 0.0588338 seconds, Stopping threads took: 0.0115350 seconds
{Heap before GC invocations=20 (full 1):
 par new generation   total 109248K, used 102512K [0x00000000e0000000, 0x00000000e8000000, 0x00000000e8000000)
  eden space 87424K, 100% used [0x00000000e0000000, 0x00000000e5560000, 0x00000000e5560000)
  from space 21824K,  69% used [0x00000000e5560000, 0x00000000e641c0a8, 0x00000000e6ab0000)
  to   space 21824K,   0% used [0x00000000e6ab0000, 0x00000000e6ab0000, 0x00000000e8000000)
 concurrent mark-sweep generation total 393216K, used 12375K [0x00000000e8000000, 0x0000000100000000, 0x0000000100000000)
 Metaspace       used 31784K, capacity 32276K, committed 32588K, reserved 1077248K
  class space    used 3730K, capacity 3877K, committed 3916K, reserved 1048576K
2015-12-06T19:57:54.473+0530: 164.781: [GC (Allocation Failure) 164.782: [ParNew
Desired survivor size 20112992 bytes, new threshold 8 (max 8)
- age   1:    1435920 bytes,    1435920 total
- age   2:    7682152 bytes,    9118072 total
- age   3:     190864 bytes,    9308936 total
- age   4:      89800 bytes,    9398736 total
- age   5:     111088 bytes,    9509824 total
- age   6:      96064 bytes,    9605888 total
- age   7:      44208 bytes,    9650096 total
- age   8:    1956144 bytes,   11606240 total
: 102512K->13376K(109248K), 0.0680467 secs] 114887K->27605K(502464K), 0.0683533 secs] [Times: user=0.12 sys=0.00, real=0.07 secs] 
Heap after GC invocations=21 (full 1):
 par new generation   total 109248K, used 13376K [0x00000000e0000000, 0x00000000e8000000, 0x00000000e8000000)
  eden space 87424K,   0% used [0x00000000e0000000, 0x00000000e0000000, 0x00000000e5560000)
  from space 21824K,  61% used [0x00000000e6ab0000, 0x00000000e77c0160, 0x00000000e8000000)
  to   space 21824K,   0% used [0x00000000e5560000, 0x00000000e5560000, 0x00000000e6ab0000)
 concurrent mark-sweep generation total 393216K, used 14229K [0x00000000e8000000, 0x0000000100000000, 0x0000000100000000)
 Metaspace       used 31784K, capacity 32276K, committed 32588K, reserved 1077248K
  class space    used 3730K, capacity 3877K, committed 3916K, reserved 1048576K
}
2015-12-06T19:57:54.542+0530: 164.850: Total time for which application threads were stopped: 0.0699290 seconds, Stopping threads took: 0.0012506 seconds
{Heap before GC invocations=21 (full 1):
 par new generation   total 109248K, used 100447K [0x00000000e0000000, 0x00000000e8000000, 0x00000000e8000000)
  eden space 87424K,  99% used [0x00000000e0000000, 0x00000000e5507db8, 0x00000000e5560000)
  from space 21824K,  61% used [0x00000000e6ab0000, 0x00000000e77c0160, 0x00000000e8000000)
  to   space 21824K,   0% used [0x00000000e5560000, 0x00000000e5560000, 0x00000000e6ab0000)
 concurrent mark-sweep generation total 393216K, used 14229K [0x00000000e8000000, 0x0000000100000000, 0x0000000100000000)
 Metaspace       used 31790K, capacity 32282K, committed 32588K, reserved 1077248K
  class space    used 3731K, capacity 3878K, committed 3916K, reserved 1048576K
2015-12-06T19:57:54.589+0530: 164.897: [GC (Allocation Failure) 164.897: [ParNew
Desired survivor size 20112992 bytes, new threshold 8 (max 8)
- age   1:     578800 bytes,     578800 total
- age   2:    1104536 bytes,    1683336 total
- age   3:    7682136 bytes,    9365472 total
- age   4:     190864 bytes,    9556336 total
- age   5:      89800 bytes,    9646136 total
- age   6:     111088 bytes,    9757224 total
- age   7:      96064 bytes,    9853288 total
- age   8:      44208 bytes,    9897496 total
: 100447K->16095K(109248K), 0.0736075 secs] 114676K->32238K(502464K), 0.0739038 secs] [Times: user=0.10 sys=0.00, real=0.08 secs] 
Heap after GC invocations=22 (full 1):
 par new generation   total 109248K, used 16095K [0x00000000e0000000, 0x00000000e8000000, 0x00000000e8000000)
  eden space 87424K,   0% used [0x00000000e0000000, 0x00000000e0000000, 0x00000000e5560000)
  from space 21824K,  73% used [0x00000000e5560000, 0x00000000e6517c30, 0x00000000e6ab0000)
  to   space 21824K,   0% used [0x00000000e6ab0000, 0x00000000e6ab0000, 0x00000000e8000000)
 concurrent mark-sweep generation total 393216K, used 16143K [0x00000000e8000000, 0x0000000100000000, 0x0000000100000000)
 Metaspace       used 31790K, capacity 32282K, committed 32588K, reserved 1077248K
  class space    used 3731K, capacity 3878K, committed 3916K, reserved 1048576K
}
2015-12-06T19:57:54.663+0530: 164.971: Total time for which application threads were stopped: 0.0823173 seconds, Stopping threads took: 0.0081109 seconds
{Heap before GC invocations=22 (full 1):
 par new generation   total 109248K, used 103519K [0x00000000e0000000, 0x00000000e8000000, 0x00000000e8000000)
  eden space 87424K, 100% used [0x00000000e0000000, 0x00000000e5560000, 0x00000000e5560000)
  from space 21824K,  73% used [0x00000000e5560000, 0x00000000e6517c30, 0x00000000e6ab0000)
  to   space 21824K,   0% used [0x00000000e6ab0000, 0x00000000e6ab0000, 0x00000000e8000000)
 concurrent mark-sweep generation total 393216K, used 16143K [0x00000000e8000000, 0x0000000100000000, 0x0000000100000000)
 Metaspace       used 31790K, capacity 32282K, committed 32588K, reserved 1077248K
  class space    used 3731K, capacity 3878K, committed 3916K, reserved 1048576K
2015-12-06T19:57:54.737+0530: 165.046: [GC (Allocation Failure) 165.046: [ParNew
Desired survivor size 20112992 bytes, new threshold 8 (max 8)
- age   1:     604528 bytes,     604528 total
- age   2:      52168 bytes,     656696 total
- age   3:    1104536 bytes,    1761232 total
- age   4:    7682136 bytes,    9443368 total
- age   5:     190864 bytes,    9634232 total
- age   6:      89800 bytes,    9724032 total
- age   7:     111088 bytes,    9835120 total
- age   8:      96064 bytes,    9931184 total
: 103519K->12373K(109248K), 0.0358071 secs] 119662K->28563K(502464K), 0.0361174 secs] [Times: user=0.04 sys=0.01, real=0.04 secs] 
Heap after GC invocations=23 (full 1):
 par new generation   total 109248K, used 12373K [0x00000000e0000000, 0x00000000e8000000, 0x00000000e8000000)
  eden space 87424K,   0% used [0x00000000e0000000, 0x00000000e0000000, 0x00000000e5560000)
  from space 21824K,  56% used [0x00000000e6ab0000, 0x00000000e76c5710, 0x00000000e8000000)
  to   space 21824K,   0% used [0x00000000e5560000, 0x00000000e5560000, 0x00000000e6ab0000)
 concurrent mark-sweep generation total 393216K, used 16189K [0x00000000e8000000, 0x0000000100000000, 0x0000000100000000)
 Metaspace       used 31790K, capacity 32282K, committed 32588K, reserved 1077248K
  class space    used 3731K, capacity 3878K, committed 3916K, reserved 1048576K
}
2015-12-06T19:57:54.774+0530: 165.082: Total time for which application threads were stopped: 0.0616291 seconds, Stopping threads took: 0.0251239 seconds
{Heap before GC invocations=23 (full 1):
 par new generation   total 109248K, used 99797K [0x00000000e0000000, 0x00000000e8000000, 0x00000000e8000000)
  eden space 87424K, 100% used [0x00000000e0000000, 0x00000000e5560000, 0x00000000e5560000)
  from space 21824K,  56% used [0x00000000e6ab0000, 0x00000000e76c5710, 0x00000000e8000000)
  to   space 21824K,   0% used [0x00000000e5560000, 0x00000000e5560000, 0x00000000e6ab0000)
 concurrent mark-sweep generation total 393216K, used 16189K [0x00000000e8000000, 0x0000000100000000, 0x0000000100000000)
 Metaspace       used 31790K, capacity 32282K, committed 32588K, reserved 1077248K
  class space    used 3731K, capacity 3878K, committed 3916K, reserved 1048576K
2015-12-06T19:57:54.825+0530: 165.133: [GC (Allocation Failure) 165.133: [ParNew
Desired survivor size 20112992 bytes, new threshold 8 (max 8)
- age   1:     836008 bytes,     836008 total
- age   2:     109576 bytes,     945584 total
- age   3:      51624 bytes,     997208 total
- age   4:    1104536 bytes,    2101744 total
- age   5:    7682136 bytes,    9783880 total
- age   6:     190864 bytes,    9974744 total
- age   7:      89800 bytes,   10064544 total
- age   8:     111088 bytes,   10175632 total
: 99797K->12415K(109248K), 0.0607307 secs] 115987K->28700K(502464K), 0.0611256 secs] [Times: user=0.03 sys=0.00, real=0.06 secs] 
Heap after GC invocations=24 (full 1):
 par new generation   total 109248K, used 12415K [0x00000000e0000000, 0x00000000e8000000, 0x00000000e8000000)
  eden space 87424K,   0% used [0x00000000e0000000, 0x00000000e0000000, 0x00000000e5560000)
  from space 21824K,  56% used [0x00000000e5560000, 0x00000000e617fc50, 0x00000000e6ab0000)
  to   space 21824K,   0% used [0x00000000e6ab0000, 0x00000000e6ab0000, 0x00000000e8000000)
 concurrent mark-sweep generation total 393216K, used 16285K [0x00000000e8000000, 0x0000000100000000, 0x0000000100000000)
 Metaspace       used 31790K, capacity 32282K, committed 32588K, reserved 1077248K
  class space    used 3731K, capacity 3878K, committed 3916K, reserved 1048576K
}
2015-12-06T19:57:54.886+0530: 165.194: Total time for which application threads were stopped: 0.0617063 seconds, Stopping threads took: 0.0001222 seconds
{Heap before GC invocations=24 (full 1):
 par new generation   total 109248K, used 99839K [0x00000000e0000000, 0x00000000e8000000, 0x00000000e8000000)
  eden space 87424K, 100% used [0x00000000e0000000, 0x00000000e5560000, 0x00000000e5560000)
  from space 21824K,  56% used [0x00000000e5560000, 0x00000000e617fc50, 0x00000000e6ab0000)
  to   space 21824K,   0% used [0x00000000e6ab0000, 0x00000000e6ab0000, 0x00000000e8000000)
 concurrent mark-sweep generation total 393216K, used 16285K [0x00000000e8000000, 0x0000000100000000, 0x0000000100000000)
 Metaspace       used 31790K, capacity 32282K, committed 32588K, reserved 1077248K
  class space    used 3731K, capacity 3878K, committed 3916K, reserved 1048576K
2015-12-06T19:57:54.955+0530: 165.263: [GC (Allocation Failure) 165.263: [ParNew
Desired survivor size 20112992 bytes, new threshold 8 (max 8)
- age   1:     887456 bytes,     887456 total
- age   2:     101688 bytes,     989144 total
- age   3:     108872 bytes,    1098016 total
- age   4:      51408 bytes,    1149424 total
- age   5:    1104264 bytes,    2253688 total
- age   6:    7682136 bytes,    9935824 total
- age   7:     190864 bytes,   10126688 total
- age   8:      89800 bytes,   10216488 total
: 99839K->12011K(109248K), 0.0268880 secs] 116124K->28407K(502464K), 0.0270845 secs] [Times: user=0.05 sys=0.00, real=0.03 secs] 
Heap after GC invocations=25 (full 1):
 par new generation   total 109248K, used 12011K [0x00000000e0000000, 0x00000000e8000000, 0x00000000e8000000)
  eden space 87424K,   0% used [0x00000000e0000000, 0x00000000e0000000, 0x00000000e5560000)
  from space 21824K,  55% used [0x00000000e6ab0000, 0x00000000e766af80, 0x00000000e8000000)
  to   space 21824K,   0% used [0x00000000e5560000, 0x00000000e5560000, 0x00000000e6ab0000)
 concurrent mark-sweep generation total 393216K, used 16396K [0x00000000e8000000, 0x0000000100000000, 0x0000000100000000)
 Metaspace       used 31790K, capacity 32282K, committed 32588K, reserved 1077248K
  class space    used 3731K, capacity 3878K, committed 3916K, reserved 1048576K
}
2015-12-06T19:57:54.983+0530: 165.291: Total time for which application threads were stopped: 0.0313844 seconds, Stopping threads took: 0.0039692 seconds
{Heap before GC invocations=25 (full 1):
 par new generation   total 109248K, used 99435K [0x00000000e0000000, 0x00000000e8000000, 0x00000000e8000000)
  eden space 87424K, 100% used [0x00000000e0000000, 0x00000000e5560000, 0x00000000e5560000)
  from space 21824K,  55% used [0x00000000e6ab0000, 0x00000000e766af80, 0x00000000e8000000)
  to   space 21824K,   0% used [0x00000000e5560000, 0x00000000e5560000, 0x00000000e6ab0000)
 concurrent mark-sweep generation total 393216K, used 16396K [0x00000000e8000000, 0x0000000100000000, 0x0000000100000000)
 Metaspace       used 31793K, capacity 32282K, committed 32588K, reserved 1077248K
  class space    used 3731K, capacity 3878K, committed 3916K, reserved 1048576K
2015-12-06T19:57:55.101+0530: 165.409: [GC (Allocation Failure) 165.409: [ParNew
Desired survivor size 20112992 bytes, new threshold 8 (max 8)
- age   1:     925664 bytes,     925664 total
- age   2:      87376 bytes,    1013040 total
- age   3:     100704 bytes,    1113744 total
- age   4:     108032 bytes,    1221776 total
- age   5:      50160 bytes,    1271936 total
- age   6:    1102664 bytes,    2374600 total
- age   7:    7682160 bytes,   10056760 total
- age   8:     190864 bytes,   10247624 total
: 99435K->12427K(109248K), 0.0342322 secs] 115831K->28913K(502464K), 0.0345631 secs] [Times: user=0.05 sys=0.00, real=0.04 secs] 
Heap after GC invocations=26 (full 1):
 par new generation   total 109248K, used 12427K [0x00000000e0000000, 0x00000000e8000000, 0x00000000e8000000)
  eden space 87424K,   0% used [0x00000000e0000000, 0x00000000e0000000, 0x00000000e5560000)
  from space 21824K,  56% used [0x00000000e5560000, 0x00000000e6182e50, 0x00000000e6ab0000)
  to   space 21824K,   0% used [0x00000000e6ab0000, 0x00000000e6ab0000, 0x00000000e8000000)
 concurrent mark-sweep generation total 393216K, used 16486K [0x00000000e8000000, 0x0000000100000000, 0x0000000100000000)
 Metaspace       used 31793K, capacity 32282K, committed 32588K, reserved 1077248K
  class space    used 3731K, capacity 3878K, committed 3916K, reserved 1048576K
}
2015-12-06T19:57:55.136+0530: 165.444: Total time for which application threads were stopped: 0.0354153 seconds, Stopping threads took: 0.0004214 seconds
2015-12-06T19:57:55.780+0530: 166.088: Total time for which application threads were stopped: 0.0004470 seconds, Stopping threads took: 0.0000772 seconds
2015-12-06T19:57:55.852+0530: 166.160: Total time for which application threads were stopped: 0.0002042 seconds, Stopping threads took: 0.0000474 seconds
2015-12-06T19:57:55.884+0530: 166.192: Total time for which application threads were stopped: 0.0001658 seconds, Stopping threads took: 0.0000312 seconds
2015-12-06T19:57:55.886+0530: 166.194: Total time for which application threads were stopped: 0.0001208 seconds, Stopping threads took: 0.0000278 seconds
2015-12-06T19:57:55.886+0530: 166.194: Total time for which application threads were stopped: 0.0000450 seconds, Stopping threads took: 0.0000085 seconds
2015-12-06T19:57:55.886+0530: 166.194: Total time for which application threads were stopped: 0.0000563 seconds, Stopping threads took: 0.0000126 seconds
2015-12-06T19:57:55.896+0530: 166.204: Total time for which application threads were stopped: 0.0003039 seconds, Stopping threads took: 0.0000709 seconds
2015-12-06T19:57:55.902+0530: 166.210: Total time for which application threads were stopped: 0.0001694 seconds, Stopping threads took: 0.0000371 seconds
2015-12-06T19:57:55.902+0530: 166.210: Total time for which application threads were stopped: 0.0000842 seconds, Stopping threads took: 0.0000162 seconds
2015-12-06T19:57:55.914+0530: 166.222: Total time for which application threads were stopped: 0.0002394 seconds, Stopping threads took: 0.0000770 seconds
2015-12-06T19:57:56.004+0530: 166.313: Total time for which application threads were stopped: 0.0001777 seconds, Stopping threads took: 0.0000276 seconds
2015-12-06T19:57:56.009+0530: 166.317: Total time for which application threads were stopped: 0.0008466 seconds, Stopping threads took: 0.0000439 seconds
2015-12-06T19:57:56.031+0530: 166.339: Total time for which application threads were stopped: 0.0024844 seconds, Stopping threads took: 0.0023225 seconds
2015-12-06T19:57:56.040+0530: 166.348: Total time for which application threads were stopped: 0.0010519 seconds, Stopping threads took: 0.0009083 seconds
2015-12-06T19:57:56.041+0530: 166.349: Total time for which application threads were stopped: 0.0001180 seconds, Stopping threads took: 0.0000521 seconds
2015-12-06T19:57:56.045+0530: 166.353: Total time for which application threads were stopped: 0.0021456 seconds, Stopping threads took: 0.0020077 seconds
2015-12-06T19:57:56.052+0530: 166.360: Total time for which application threads were stopped: 0.0002083 seconds, Stopping threads took: 0.0000470 seconds
2015-12-06T19:57:56.054+0530: 166.362: Total time for which application threads were stopped: 0.0008273 seconds, Stopping threads took: 0.0000686 seconds
2015-12-06T19:57:56.073+0530: 166.381: Total time for which application threads were stopped: 0.0153986 seconds, Stopping threads took: 0.0152391 seconds
2015-12-06T19:57:56.074+0530: 166.382: Total time for which application threads were stopped: 0.0003231 seconds, Stopping threads took: 0.0001506 seconds
2015-12-06T19:57:56.145+0530: 166.453: Total time for which application threads were stopped: 0.0002150 seconds, Stopping threads took: 0.0000349 seconds
2015-12-06T19:57:56.381+0530: 166.689: Total time for which application threads were stopped: 0.0113345 seconds, Stopping threads took: 0.0111172 seconds
2015-12-06T19:57:56.465+0530: 166.773: Total time for which application threads were stopped: 0.0002019 seconds, Stopping threads took: 0.0000423 seconds
2015-12-06T19:57:56.475+0530: 166.783: Total time for which application threads were stopped: 0.0002024 seconds, Stopping threads took: 0.0000615 seconds
2015-12-06T19:57:56.501+0530: 166.809: Total time for which application threads were stopped: 0.0002107 seconds, Stopping threads took: 0.0000581 seconds
2015-12-06T19:57:56.504+0530: 166.812: Total time for which application threads were stopped: 0.0001936 seconds, Stopping threads took: 0.0000397 seconds
2015-12-06T19:57:56.638+0530: 166.946: Total time for which application threads were stopped: 0.0002476 seconds, Stopping threads took: 0.0000660 seconds
2015-12-06T19:57:56.710+0530: 167.018: Total time for which application threads were stopped: 0.0001978 seconds, Stopping threads took: 0.0000549 seconds
2015-12-06T19:57:56.761+0530: 167.069: Total time for which application threads were stopped: 0.0002143 seconds, Stopping threads took: 0.0000623 seconds
2015-12-06T19:57:57.324+0530: 167.632: Total time for which application threads were stopped: 0.0002469 seconds, Stopping threads took: 0.0000671 seconds
2015-12-06T19:57:57.401+0530: 167.709: Total time for which application threads were stopped: 0.0002215 seconds, Stopping threads took: 0.0000748 seconds
2015-12-06T19:57:57.442+0530: 167.750: Total time for which application threads were stopped: 0.0002497 seconds, Stopping threads took: 0.0000560 seconds
2015-12-06T19:57:57.478+0530: 167.786: Total time for which application threads were stopped: 0.0005944 seconds, Stopping threads took: 0.0000943 seconds
2015-12-06T19:57:57.506+0530: 167.814: Total time for which application threads were stopped: 0.0002142 seconds, Stopping threads took: 0.0000496 seconds
2015-12-06T19:57:57.554+0530: 167.862: Total time for which application threads were stopped: 0.0001559 seconds, Stopping threads took: 0.0000289 seconds
2015-12-06T19:57:57.629+0530: 167.937: Total time for which application threads were stopped: 0.0002521 seconds, Stopping threads took: 0.0000583 seconds
2015-12-06T19:57:57.658+0530: 167.966: Total time for which application threads were stopped: 0.0001979 seconds, Stopping threads took: 0.0000520 seconds
2015-12-06T19:57:57.688+0530: 167.996: Total time for which application threads were stopped: 0.0002194 seconds, Stopping threads took: 0.0000715 seconds
2015-12-06T19:57:57.717+0530: 168.025: Total time for which application threads were stopped: 0.0001320 seconds, Stopping threads took: 0.0000293 seconds
2015-12-06T19:57:57.766+0530: 168.074: Total time for which application threads were stopped: 0.0002111 seconds, Stopping threads took: 0.0000391 seconds
2015-12-06T19:57:57.813+0530: 168.121: Total time for which application threads were stopped: 0.0001656 seconds, Stopping threads took: 0.0000521 seconds
2015-12-06T19:57:57.845+0530: 168.153: Total time for which application threads were stopped: 0.0001418 seconds, Stopping threads took: 0.0000290 seconds
2015-12-06T19:57:57.878+0530: 168.186: Total time for which application threads were stopped: 0.0002017 seconds, Stopping threads took: 0.0000557 seconds
2015-12-06T19:57:57.903+0530: 168.211: Total time for which application threads were stopped: 0.0001847 seconds, Stopping threads took: 0.0000771 seconds
2015-12-06T19:57:57.928+0530: 168.236: Total time for which application threads were stopped: 0.0001668 seconds, Stopping threads took: 0.0000342 seconds
2015-12-06T19:57:57.965+0530: 168.273: Total time for which application threads were stopped: 0.0001779 seconds, Stopping threads took: 0.0000325 seconds
2015-12-06T19:57:57.989+0530: 168.298: Total time for which application threads were stopped: 0.0001221 seconds, Stopping threads took: 0.0000249 seconds
2015-12-06T19:57:58.019+0530: 168.327: Total time for which application threads were stopped: 0.0001653 seconds, Stopping threads took: 0.0000364 seconds
2015-12-06T19:57:58.054+0530: 168.362: Total time for which application threads were stopped: 0.0001740 seconds, Stopping threads took: 0.0000432 seconds
2015-12-06T19:57:58.078+0530: 168.386: Total time for which application threads were stopped: 0.0002309 seconds, Stopping threads took: 0.0000658 seconds
2015-12-06T19:57:58.107+0530: 168.416: Total time for which application threads were stopped: 0.0001597 seconds, Stopping threads took: 0.0000350 seconds
2015-12-06T19:57:58.148+0530: 168.456: Total time for which application threads were stopped: 0.0001771 seconds, Stopping threads took: 0.0000307 seconds
2015-12-06T19:57:58.186+0530: 168.494: Total time for which application threads were stopped: 0.0003572 seconds, Stopping threads took: 0.0000514 seconds
2015-12-06T19:57:58.528+0530: 168.836: Total time for which application threads were stopped: 0.0001993 seconds, Stopping threads took: 0.0000379 seconds
2015-12-06T19:57:58.985+0530: 169.293: Total time for which application threads were stopped: 0.0002276 seconds, Stopping threads took: 0.0000595 seconds
2015-12-06T19:57:58.987+0530: 169.295: Total time for which application threads were stopped: 0.0012128 seconds, Stopping threads took: 0.0010421 seconds
2015-12-06T19:57:58.989+0530: 169.297: Total time for which application threads were stopped: 0.0004281 seconds, Stopping threads took: 0.0001219 seconds
2015-12-06T19:57:59.123+0530: 169.431: Total time for which application threads were stopped: 0.0002627 seconds, Stopping threads took: 0.0000532 seconds
2015-12-06T19:57:59.124+0530: 169.433: Total time for which application threads were stopped: 0.0001877 seconds, Stopping threads took: 0.0000453 seconds
2015-12-06T19:57:59.164+0530: 169.472: Total time for which application threads were stopped: 0.0001606 seconds, Stopping threads took: 0.0000407 seconds
2015-12-06T19:57:59.166+0530: 169.474: Total time for which application threads were stopped: 0.0001674 seconds, Stopping threads took: 0.0000354 seconds
2015-12-06T19:58:00.166+0530: 170.474: Total time for which application threads were stopped: 0.0001553 seconds, Stopping threads took: 0.0000321 seconds
{Heap before GC invocations=26 (full 1):
 par new generation   total 109248K, used 99851K [0x00000000e0000000, 0x00000000e8000000, 0x00000000e8000000)
  eden space 87424K, 100% used [0x00000000e0000000, 0x00000000e5560000, 0x00000000e5560000)
  from space 21824K,  56% used [0x00000000e5560000, 0x00000000e6182e50, 0x00000000e6ab0000)
  to   space 21824K,   0% used [0x00000000e6ab0000, 0x00000000e6ab0000, 0x00000000e8000000)
 concurrent mark-sweep generation total 393216K, used 16486K [0x00000000e8000000, 0x0000000100000000, 0x0000000100000000)
 Metaspace       used 32941K, capacity 33396K, committed 33740K, reserved 1079296K
  class space    used 3805K, capacity 3957K, committed 4044K, reserved 1048576K
2015-12-06T19:58:00.191+0530: 170.499: [GC (Allocation Failure) 170.499: [ParNew
Desired survivor size 20112992 bytes, new threshold 8 (max 8)
- age   1:    4236936 bytes,    4236936 total
- age   2:     535832 bytes,    4772768 total
- age   3:      86920 bytes,    4859688 total
- age   4:     100512 bytes,    4960200 total
- age   5:     107912 bytes,    5068112 total
- age   6:      49968 bytes,    5118080 total
- age   7:      35984 bytes,    5154064 total
- age   8:    4488248 bytes,    9642312 total
: 99851K->11466K(109248K), 0.0119067 secs] 116337K->28124K(502464K), 0.0121871 secs] [Times: user=0.03 sys=0.00, real=0.02 secs] 
Heap after GC invocations=27 (full 1):
 par new generation   total 109248K, used 11466K [0x00000000e0000000, 0x00000000e8000000, 0x00000000e8000000)
  eden space 87424K,   0% used [0x00000000e0000000, 0x00000000e0000000, 0x00000000e5560000)
  from space 21824K,  52% used [0x00000000e6ab0000, 0x00000000e75e2b10, 0x00000000e8000000)
  to   space 21824K,   0% used [0x00000000e5560000, 0x00000000e5560000, 0x00000000e6ab0000)
 concurrent mark-sweep generation total 393216K, used 16658K [0x00000000e8000000, 0x0000000100000000, 0x0000000100000000)
 Metaspace       used 32941K, capacity 33396K, committed 33740K, reserved 1079296K
  class space    used 3805K, capacity 3957K, committed 4044K, reserved 1048576K
}
2015-12-06T19:58:00.203+0530: 170.512: Total time for which application threads were stopped: 0.0124590 seconds, Stopping threads took: 0.0000274 seconds
2015-12-06T19:58:01.204+0530: 171.512: Total time for which application threads were stopped: 0.0001782 seconds, Stopping threads took: 0.0000329 seconds
2015-12-06T19:58:01.573+0530: 171.881: Total time for which application threads were stopped: 0.0004373 seconds, Stopping threads took: 0.0000808 seconds
2015-12-06T19:58:01.837+0530: 172.145: Total time for which application threads were stopped: 0.0002204 seconds, Stopping threads took: 0.0000452 seconds
2015-12-06T19:58:02.135+0530: 172.443: Total time for which application threads were stopped: 0.0001994 seconds, Stopping threads took: 0.0000329 seconds
2015-12-06T19:58:02.138+0530: 172.446: Total time for which application threads were stopped: 0.0001790 seconds, Stopping threads took: 0.0000427 seconds
2015-12-06T19:58:02.255+0530: 172.564: Total time for which application threads were stopped: 0.0004139 seconds, Stopping threads took: 0.0000707 seconds
2015-12-06T19:58:02.259+0530: 172.567: Total time for which application threads were stopped: 0.0001801 seconds, Stopping threads took: 0.0000530 seconds
2015-12-06T19:58:03.260+0530: 173.568: Total time for which application threads were stopped: 0.0001708 seconds, Stopping threads took: 0.0000350 seconds
2015-12-06T19:58:04.260+0530: 174.568: Total time for which application threads were stopped: 0.0001558 seconds, Stopping threads took: 0.0000326 seconds
2015-12-06T19:58:04.484+0530: 174.792: Total time for which application threads were stopped: 0.0001585 seconds, Stopping threads took: 0.0000506 seconds
2015-12-06T19:58:04.700+0530: 175.008: Total time for which application threads were stopped: 0.0001620 seconds, Stopping threads took: 0.0000356 seconds
2015-12-06T19:58:05.134+0530: 175.443: Total time for which application threads were stopped: 0.0001784 seconds, Stopping threads took: 0.0000298 seconds
2015-12-06T19:58:05.136+0530: 175.445: Total time for which application threads were stopped: 0.0001627 seconds, Stopping threads took: 0.0000308 seconds
2015-12-06T19:58:05.417+0530: 175.725: Total time for which application threads were stopped: 0.0002087 seconds, Stopping threads took: 0.0000376 seconds
2015-12-06T19:58:05.423+0530: 175.731: Total time for which application threads were stopped: 0.0002076 seconds, Stopping threads took: 0.0000462 seconds
2015-12-06T19:58:06.423+0530: 176.731: Total time for which application threads were stopped: 0.0001836 seconds, Stopping threads took: 0.0000525 seconds
2015-12-06T19:58:07.424+0530: 177.732: Total time for which application threads were stopped: 0.0002758 seconds, Stopping threads took: 0.0000551 seconds
2015-12-06T19:58:08.877+0530: 179.186: Total time for which application threads were stopped: 0.0003539 seconds, Stopping threads took: 0.0001065 seconds
2015-12-06T19:58:09.065+0530: 179.373: Total time for which application threads were stopped: 0.0003048 seconds, Stopping threads took: 0.0000806 seconds
2015-12-06T19:58:09.066+0530: 179.374: Total time for which application threads were stopped: 0.0001125 seconds, Stopping threads took: 0.0000254 seconds
2015-12-06T19:58:09.155+0530: 179.463: Total time for which application threads were stopped: 0.0001751 seconds, Stopping threads took: 0.0000341 seconds
2015-12-06T19:58:09.300+0530: 179.608: Total time for which application threads were stopped: 0.0001333 seconds, Stopping threads took: 0.0000309 seconds
2015-12-06T19:58:09.300+0530: 179.608: Total time for which application threads were stopped: 0.0002248 seconds, Stopping threads took: 0.0000135 seconds
2015-12-06T19:58:09.590+0530: 179.898: Total time for which application threads were stopped: 0.0019955 seconds, Stopping threads took: 0.0018071 seconds
2015-12-06T19:58:09.599+0530: 179.907: Total time for which application threads were stopped: 0.0057499 seconds, Stopping threads took: 0.0055540 seconds
2015-12-06T19:58:09.600+0530: 179.908: Total time for which application threads were stopped: 0.0002013 seconds, Stopping threads took: 0.0000501 seconds
2015-12-06T19:58:09.600+0530: 179.908: Total time for which application threads were stopped: 0.0001370 seconds, Stopping threads took: 0.0000304 seconds
2015-12-06T19:58:09.600+0530: 179.908: Total time for which application threads were stopped: 0.0001334 seconds, Stopping threads took: 0.0000315 seconds
2015-12-06T19:58:09.602+0530: 179.910: Total time for which application threads were stopped: 0.0002449 seconds, Stopping threads took: 0.0000634 seconds
2015-12-06T19:58:09.603+0530: 179.911: Total time for which application threads were stopped: 0.0001627 seconds, Stopping threads took: 0.0000304 seconds
2015-12-06T19:58:09.970+0530: 180.279: Total time for which application threads were stopped: 0.0001757 seconds, Stopping threads took: 0.0000416 seconds
2015-12-06T19:58:10.041+0530: 180.349: Total time for which application threads were stopped: 0.0003187 seconds, Stopping threads took: 0.0000518 seconds
2015-12-06T19:58:10.042+0530: 180.350: Total time for which application threads were stopped: 0.0001790 seconds, Stopping threads took: 0.0000325 seconds
2015-12-06T19:58:10.880+0530: 181.188: Total time for which application threads were stopped: 0.0002991 seconds, Stopping threads took: 0.0000515 seconds
2015-12-06T19:58:10.880+0530: 181.188: Total time for which application threads were stopped: 0.0002182 seconds, Stopping threads took: 0.0000422 seconds
2015-12-06T19:58:10.881+0530: 181.189: Total time for which application threads were stopped: 0.0002395 seconds, Stopping threads took: 0.0000503 seconds
2015-12-06T19:58:10.881+0530: 181.189: Total time for which application threads were stopped: 0.0002998 seconds, Stopping threads took: 0.0000377 seconds
2015-12-06T19:58:10.882+0530: 181.190: Total time for which application threads were stopped: 0.0002468 seconds, Stopping threads took: 0.0000424 seconds
2015-12-06T19:58:10.882+0530: 181.190: Total time for which application threads were stopped: 0.0002396 seconds, Stopping threads took: 0.0000391 seconds
2015-12-06T19:58:10.885+0530: 181.193: Total time for which application threads were stopped: 0.0002521 seconds, Stopping threads took: 0.0000580 seconds
2015-12-06T19:58:10.885+0530: 181.193: Total time for which application threads were stopped: 0.0002410 seconds, Stopping threads took: 0.0000342 seconds
2015-12-06T19:58:10.886+0530: 181.194: Total time for which application threads were stopped: 0.0004243 seconds, Stopping threads took: 0.0001968 seconds
2015-12-06T19:58:10.886+0530: 181.194: Total time for which application threads were stopped: 0.0004172 seconds, Stopping threads took: 0.0001928 seconds
2015-12-06T19:58:10.887+0530: 181.195: Total time for which application threads were stopped: 0.0002044 seconds, Stopping threads took: 0.0000489 seconds
2015-12-06T19:58:10.889+0530: 181.197: Total time for which application threads were stopped: 0.0002700 seconds, Stopping threads took: 0.0001140 seconds
2015-12-06T19:58:10.889+0530: 181.197: Total time for which application threads were stopped: 0.0002210 seconds, Stopping threads took: 0.0000869 seconds
2015-12-06T19:58:10.889+0530: 181.197: Total time for which application threads were stopped: 0.0002067 seconds, Stopping threads took: 0.0001077 seconds
2015-12-06T19:58:10.889+0530: 181.198: Total time for which application threads were stopped: 0.0001207 seconds, Stopping threads took: 0.0000224 seconds
2015-12-06T19:58:11.035+0530: 181.343: Total time for which application threads were stopped: 0.0011258 seconds, Stopping threads took: 0.0009180 seconds
2015-12-06T19:58:11.036+0530: 181.344: Total time for which application threads were stopped: 0.0004046 seconds, Stopping threads took: 0.0002563 seconds
2015-12-06T19:58:11.036+0530: 181.344: Total time for which application threads were stopped: 0.0002113 seconds, Stopping threads took: 0.0000838 seconds
2015-12-06T19:58:11.036+0530: 181.344: Total time for which application threads were stopped: 0.0002062 seconds, Stopping threads took: 0.0000717 seconds
2015-12-06T19:58:11.037+0530: 181.345: Total time for which application threads were stopped: 0.0001876 seconds, Stopping threads took: 0.0000691 seconds
2015-12-06T19:58:11.037+0530: 181.345: Total time for which application threads were stopped: 0.0001863 seconds, Stopping threads took: 0.0000637 seconds
2015-12-06T19:58:11.037+0530: 181.345: Total time for which application threads were stopped: 0.0002260 seconds, Stopping threads took: 0.0000619 seconds
2015-12-06T19:58:11.037+0530: 181.346: Total time for which application threads were stopped: 0.0001889 seconds, Stopping threads took: 0.0000707 seconds
2015-12-06T19:58:11.038+0530: 181.346: Total time for which application threads were stopped: 0.0004571 seconds, Stopping threads took: 0.0000699 seconds
2015-12-06T19:58:11.038+0530: 181.347: Total time for which application threads were stopped: 0.0002016 seconds, Stopping threads took: 0.0000794 seconds
2015-12-06T19:58:12.873+0530: 183.181: Total time for which application threads were stopped: 0.0003385 seconds, Stopping threads took: 0.0000630 seconds
2015-12-06T19:58:13.394+0530: 183.703: Total time for which application threads were stopped: 0.0004613 seconds, Stopping threads took: 0.0001326 seconds
2015-12-06T19:58:13.398+0530: 183.706: Total time for which application threads were stopped: 0.0002073 seconds, Stopping threads took: 0.0000312 seconds
2015-12-06T19:58:13.399+0530: 183.707: Total time for which application threads were stopped: 0.0005313 seconds, Stopping threads took: 0.0000800 seconds
2015-12-06T19:58:13.399+0530: 183.707: Total time for which application threads were stopped: 0.0001233 seconds, Stopping threads took: 0.0000173 seconds
2015-12-06T19:58:13.542+0530: 183.850: Total time for which application threads were stopped: 0.0001813 seconds, Stopping threads took: 0.0000343 seconds
2015-12-06T19:58:13.542+0530: 183.851: Total time for which application threads were stopped: 0.0001211 seconds, Stopping threads took: 0.0000207 seconds
2015-12-06T19:58:13.543+0530: 183.851: Total time for which application threads were stopped: 0.0001085 seconds, Stopping threads took: 0.0000240 seconds
2015-12-06T19:58:15.772+0530: 186.080: Total time for which application threads were stopped: 0.0002522 seconds, Stopping threads took: 0.0000595 seconds
2015-12-06T19:58:17.006+0530: 187.314: Total time for which application threads were stopped: 0.0003023 seconds, Stopping threads took: 0.0000566 seconds
2015-12-06T19:58:18.006+0530: 188.314: Total time for which application threads were stopped: 0.0001943 seconds, Stopping threads took: 0.0000419 seconds
2015-12-06T19:58:19.006+0530: 189.314: Total time for which application threads were stopped: 0.0001434 seconds, Stopping threads took: 0.0000317 seconds
2015-12-06T19:58:21.007+0530: 191.315: Total time for which application threads were stopped: 0.0002921 seconds, Stopping threads took: 0.0000568 seconds
2015-12-06T19:58:21.515+0530: 191.823: Total time for which application threads were stopped: 0.0001955 seconds, Stopping threads took: 0.0000520 seconds
2015-12-06T19:58:22.515+0530: 192.823: Total time for which application threads were stopped: 0.0002712 seconds, Stopping threads took: 0.0000570 seconds
2015-12-06T19:58:23.040+0530: 193.348: Total time for which application threads were stopped: 0.0001820 seconds, Stopping threads took: 0.0000356 seconds
2015-12-06T19:58:25.040+0530: 195.378: Total time for which application threads were stopped: 0.0298205 seconds, Stopping threads took: 0.0000433 seconds
2015-12-06T19:58:26.070+0530: 196.378: Total time for which application threads were stopped: 0.0001904 seconds, Stopping threads took: 0.0000349 seconds
2015-12-06T19:58:27.071+0530: 197.379: Total time for which application threads were stopped: 0.0002895 seconds, Stopping threads took: 0.0000667 seconds
2015-12-06T19:58:28.071+0530: 198.379: Total time for which application threads were stopped: 0.0001653 seconds, Stopping threads took: 0.0000342 seconds
2015-12-06T19:58:28.605+0530: 198.913: Total time for which application threads were stopped: 0.0001869 seconds, Stopping threads took: 0.0000559 seconds
2015-12-06T19:58:29.092+0530: 199.400: Total time for which application threads were stopped: 0.0004417 seconds, Stopping threads took: 0.0001689 seconds
2015-12-06T19:58:29.166+0530: 199.474: Total time for which application threads were stopped: 0.0004578 seconds, Stopping threads took: 0.0001513 seconds
2015-12-06T19:58:29.167+0530: 199.475: Total time for which application threads were stopped: 0.0003326 seconds, Stopping threads took: 0.0000538 seconds
2015-12-06T19:58:29.483+0530: 199.791: Total time for which application threads were stopped: 0.0001651 seconds, Stopping threads took: 0.0000277 seconds
2015-12-06T19:58:29.491+0530: 199.799: Total time for which application threads were stopped: 0.0002406 seconds, Stopping threads took: 0.0000611 seconds
2015-12-06T19:58:29.493+0530: 199.801: Total time for which application threads were stopped: 0.0001294 seconds, Stopping threads took: 0.0000256 seconds
2015-12-06T19:58:29.493+0530: 199.802: Total time for which application threads were stopped: 0.0000646 seconds, Stopping threads took: 0.0000110 seconds
2015-12-06T19:58:29.494+0530: 199.802: Total time for which application threads were stopped: 0.0000599 seconds, Stopping threads took: 0.0000102 seconds
2015-12-06T19:58:29.494+0530: 199.802: Total time for which application threads were stopped: 0.0000697 seconds, Stopping threads took: 0.0000100 seconds
2015-12-06T19:58:29.704+0530: 200.012: Total time for which application threads were stopped: 0.0001633 seconds, Stopping threads took: 0.0000322 seconds
{Heap before GC invocations=27 (full 1):
 par new generation   total 109248K, used 98890K [0x00000000e0000000, 0x00000000e8000000, 0x00000000e8000000)
  eden space 87424K, 100% used [0x00000000e0000000, 0x00000000e5560000, 0x00000000e5560000)
  from space 21824K,  52% used [0x00000000e6ab0000, 0x00000000e75e2b10, 0x00000000e8000000)
  to   space 21824K,   0% used [0x00000000e5560000, 0x00000000e5560000, 0x00000000e6ab0000)
 concurrent mark-sweep generation total 393216K, used 16658K [0x00000000e8000000, 0x0000000100000000, 0x0000000100000000)
 Metaspace       used 33596K, capacity 34112K, committed 34252K, reserved 1079296K
  class space    used 3825K, capacity 3957K, committed 4044K, reserved 1048576K
2015-12-06T19:58:29.742+0530: 200.051: [GC (Allocation Failure) 200.052: [ParNew
Desired survivor size 20112992 bytes, new threshold 8 (max 8)
- age   1:    2239720 bytes,    2239720 total
- age   2:    2812872 bytes,    5052592 total
- age   3:     535832 bytes,    5588424 total
- age   4:      86920 bytes,    5675344 total
- age   5:     100512 bytes,    5775856 total
- age   6:     107912 bytes,    5883768 total
- age   7:      49968 bytes,    5933736 total
- age   8:      35984 bytes,    5969720 total
: 98890K->9887K(109248K), 0.0309206 secs] 115548K->30933K(502464K), 0.4947999 secs] [Times: user=0.05 sys=0.01, real=0.49 secs] 
Heap after GC invocations=28 (full 1):
 par new generation   total 109248K, used 9887K [0x00000000e0000000, 0x00000000e8000000, 0x00000000e8000000)
  eden space 87424K,   0% used [0x00000000e0000000, 0x00000000e0000000, 0x00000000e5560000)
  from space 21824K,  45% used [0x00000000e5560000, 0x00000000e5f07d90, 0x00000000e6ab0000)
  to   space 21824K,   0% used [0x00000000e6ab0000, 0x00000000e6ab0000, 0x00000000e8000000)
 concurrent mark-sweep generation total 393216K, used 21046K [0x00000000e8000000, 0x0000000100000000, 0x0000000100000000)
 Metaspace       used 33596K, capacity 34112K, committed 34252K, reserved 1079296K
  class space    used 3825K, capacity 3957K, committed 4044K, reserved 1048576K
}
2015-12-06T19:58:30.238+0530: 200.546: Total time for which application threads were stopped: 0.4956606 seconds, Stopping threads took: 0.0000454 seconds
2015-12-06T19:58:30.270+0530: 200.578: Total time for which application threads were stopped: 0.0125701 seconds, Stopping threads took: 0.0121981 seconds
2015-12-06T19:58:30.271+0530: 200.579: Total time for which application threads were stopped: 0.0013656 seconds, Stopping threads took: 0.0012299 seconds
2015-12-06T19:58:31.144+0530: 201.452: Total time for which application threads were stopped: 0.0002105 seconds, Stopping threads took: 0.0000381 seconds
2015-12-06T19:58:31.369+0530: 201.677: Total time for which application threads were stopped: 0.0001626 seconds, Stopping threads took: 0.0000381 seconds
2015-12-06T19:58:33.128+0530: 203.436: Total time for which application threads were stopped: 0.0001263 seconds, Stopping threads took: 0.0000311 seconds
2015-12-06T19:58:33.128+0530: 203.436: Total time for which application threads were stopped: 0.0001515 seconds, Stopping threads took: 0.0000091 seconds
2015-12-06T19:58:33.128+0530: 203.436: Total time for which application threads were stopped: 0.0000572 seconds, Stopping threads took: 0.0000076 seconds
2015-12-06T19:58:33.800+0530: 204.108: Total time for which application threads were stopped: 0.0001577 seconds, Stopping threads took: 0.0000547 seconds
2015-12-06T19:58:33.800+0530: 204.108: Total time for which application threads were stopped: 0.0000739 seconds, Stopping threads took: 0.0000219 seconds
2015-12-06T19:58:33.800+0530: 204.108: Total time for which application threads were stopped: 0.0000627 seconds, Stopping threads took: 0.0000195 seconds
2015-12-06T19:58:34.320+0530: 204.628: Total time for which application threads were stopped: 0.0001611 seconds, Stopping threads took: 0.0000314 seconds
2015-12-06T19:58:34.320+0530: 204.628: Total time for which application threads were stopped: 0.0000656 seconds, Stopping threads took: 0.0000090 seconds
2015-12-06T19:58:34.320+0530: 204.628: Total time for which application threads were stopped: 0.0000891 seconds, Stopping threads took: 0.0000153 seconds
2015-12-06T19:58:34.321+0530: 204.629: Total time for which application threads were stopped: 0.0001004 seconds, Stopping threads took: 0.0000319 seconds
2015-12-06T19:58:34.321+0530: 204.629: Total time for which application threads were stopped: 0.0001515 seconds, Stopping threads took: 0.0000110 seconds
2015-12-06T19:58:34.321+0530: 204.629: Total time for which application threads were stopped: 0.0002266 seconds, Stopping threads took: 0.0001342 seconds
2015-12-06T19:58:34.321+0530: 204.629: Total time for which application threads were stopped: 0.0001558 seconds, Stopping threads took: 0.0000893 seconds
2015-12-06T19:58:34.321+0530: 204.630: Total time for which application threads were stopped: 0.0000691 seconds, Stopping threads took: 0.0000159 seconds
2015-12-06T19:58:34.322+0530: 204.630: Total time for which application threads were stopped: 0.0000551 seconds, Stopping threads took: 0.0000110 seconds
2015-12-06T19:58:34.322+0530: 204.630: Total time for which application threads were stopped: 0.0000522 seconds, Stopping threads took: 0.0000098 seconds
2015-12-06T19:58:34.322+0530: 204.630: Total time for which application threads were stopped: 0.0000517 seconds, Stopping threads took: 0.0000097 seconds
2015-12-06T19:58:34.715+0530: 205.023: Total time for which application threads were stopped: 0.0001270 seconds, Stopping threads took: 0.0000250 seconds
2015-12-06T19:58:34.715+0530: 205.023: Total time for which application threads were stopped: 0.0000574 seconds, Stopping threads took: 0.0000085 seconds
2015-12-06T19:58:34.715+0530: 205.023: Total time for which application threads were stopped: 0.0000518 seconds, Stopping threads took: 0.0000076 seconds
2015-12-06T19:58:34.715+0530: 205.023: Total time for which application threads were stopped: 0.0000508 seconds, Stopping threads took: 0.0000071 seconds
2015-12-06T19:58:34.715+0530: 205.023: Total time for which application threads were stopped: 0.0000504 seconds, Stopping threads took: 0.0000070 seconds
2015-12-06T19:58:34.715+0530: 205.023: Total time for which application threads were stopped: 0.0000507 seconds, Stopping threads took: 0.0000070 seconds
2015-12-06T19:58:34.715+0530: 205.023: Total time for which application threads were stopped: 0.0001534 seconds, Stopping threads took: 0.0000070 seconds
2015-12-06T19:58:35.716+0530: 206.024: Total time for which application threads were stopped: 0.0001576 seconds, Stopping threads took: 0.0000327 seconds
2015-12-06T19:58:36.716+0530: 207.024: Total time for which application threads were stopped: 0.0001988 seconds, Stopping threads took: 0.0000346 seconds
2015-12-06T19:58:37.716+0530: 208.024: Total time for which application threads were stopped: 0.0001560 seconds, Stopping threads took: 0.0000332 seconds
2015-12-06T19:58:38.095+0530: 208.403: Total time for which application threads were stopped: 0.0001819 seconds, Stopping threads took: 0.0000346 seconds
2015-12-06T19:58:39.095+0530: 209.403: Total time for which application threads were stopped: 0.0001541 seconds, Stopping threads took: 0.0000333 seconds
2015-12-06T19:58:39.854+0530: 210.162: Total time for which application threads were stopped: 0.0001344 seconds, Stopping threads took: 0.0000330 seconds
2015-12-06T19:58:39.854+0530: 210.162: Total time for which application threads were stopped: 0.0000665 seconds, Stopping threads took: 0.0000099 seconds
2015-12-06T19:58:39.854+0530: 210.162: Total time for which application threads were stopped: 0.0000757 seconds, Stopping threads took: 0.0000328 seconds
2015-12-06T19:58:40.854+0530: 211.162: Total time for which application threads were stopped: 0.0001526 seconds, Stopping threads took: 0.0000325 seconds
2015-12-06T19:58:41.855+0530: 212.163: Total time for which application threads were stopped: 0.0001544 seconds, Stopping threads took: 0.0000325 seconds
2015-12-06T19:58:42.855+0530: 213.163: Total time for which application threads were stopped: 0.0001343 seconds, Stopping threads took: 0.0000269 seconds
2015-12-06T19:58:43.855+0530: 214.163: Total time for which application threads were stopped: 0.0001169 seconds, Stopping threads took: 0.0000244 seconds
2015-12-06T19:58:44.537+0530: 214.845: Total time for which application threads were stopped: 0.0001563 seconds, Stopping threads took: 0.0000336 seconds
2015-12-06T19:58:46.890+0530: 217.198: Total time for which application threads were stopped: 0.0003198 seconds, Stopping threads took: 0.0001668 seconds
2015-12-06T19:58:46.891+0530: 217.199: Total time for which application threads were stopped: 0.0001722 seconds, Stopping threads took: 0.0000555 seconds
2015-12-06T19:58:47.891+0530: 218.199: Total time for which application threads were stopped: 0.0003331 seconds, Stopping threads took: 0.0000559 seconds
2015-12-06T19:58:48.892+0530: 219.200: Total time for which application threads were stopped: 0.0001700 seconds, Stopping threads took: 0.0000333 seconds
2015-12-06T19:58:51.892+0530: 222.200: Total time for which application threads were stopped: 0.0001732 seconds, Stopping threads took: 0.0000338 seconds
2015-12-06T19:58:52.615+0530: 222.923: Total time for which application threads were stopped: 0.0002196 seconds, Stopping threads took: 0.0000579 seconds
2015-12-06T19:58:53.169+0530: 223.477: Total time for which application threads were stopped: 0.0002071 seconds, Stopping threads took: 0.0000615 seconds
2015-12-06T19:58:53.170+0530: 223.478: Total time for which application threads were stopped: 0.0001233 seconds, Stopping threads took: 0.0000369 seconds
2015-12-06T19:58:53.259+0530: 223.567: Total time for which application threads were stopped: 0.0003085 seconds, Stopping threads took: 0.0001609 seconds
2015-12-06T19:58:53.259+0530: 223.567: Total time for which application threads were stopped: 0.0001373 seconds, Stopping threads took: 0.0000423 seconds
2015-12-06T19:58:53.259+0530: 223.567: Total time for which application threads were stopped: 0.0001276 seconds, Stopping threads took: 0.0000493 seconds
2015-12-06T19:58:54.259+0530: 224.567: Total time for which application threads were stopped: 0.0001530 seconds, Stopping threads took: 0.0000340 seconds
2015-12-06T19:58:58.260+0530: 228.568: Total time for which application threads were stopped: 0.0001557 seconds, Stopping threads took: 0.0000333 seconds
2015-12-06T19:58:59.260+0530: 229.568: Total time for which application threads were stopped: 0.0002381 seconds, Stopping threads took: 0.0000441 seconds
2015-12-06T19:59:01.032+0530: 231.340: Total time for which application threads were stopped: 0.0001342 seconds, Stopping threads took: 0.0000260 seconds
2015-12-06T19:59:01.032+0530: 231.340: Total time for which application threads were stopped: 0.0000708 seconds, Stopping threads took: 0.0000212 seconds
2015-12-06T19:59:01.032+0530: 231.340: Total time for which application threads were stopped: 0.0000592 seconds, Stopping threads took: 0.0000190 seconds
2015-12-06T19:59:02.033+0530: 232.341: Total time for which application threads were stopped: 0.0002713 seconds, Stopping threads took: 0.0000538 seconds
2015-12-06T19:59:03.386+0530: 233.694: Total time for which application threads were stopped: 0.0003015 seconds, Stopping threads took: 0.0000757 seconds
2015-12-06T19:59:04.386+0530: 234.694: Total time for which application threads were stopped: 0.0002704 seconds, Stopping threads took: 0.0000509 seconds
2015-12-06T19:59:05.387+0530: 235.695: Total time for which application threads were stopped: 0.0002424 seconds, Stopping threads took: 0.0000592 seconds
2015-12-06T19:59:06.387+0530: 236.695: Total time for which application threads were stopped: 0.0002514 seconds, Stopping threads took: 0.0000544 seconds
2015-12-06T19:59:09.287+0530: 239.595: Total time for which application threads were stopped: 0.0003254 seconds, Stopping threads took: 0.0001281 seconds
2015-12-06T19:59:10.288+0530: 240.596: Total time for which application threads were stopped: 0.0002688 seconds, Stopping threads took: 0.0000561 seconds
2015-12-06T19:59:11.288+0530: 241.596: Total time for which application threads were stopped: 0.0001558 seconds, Stopping threads took: 0.0000315 seconds
2015-12-06T19:59:11.876+0530: 242.184: Total time for which application threads were stopped: 0.0001798 seconds, Stopping threads took: 0.0000546 seconds
2015-12-06T19:59:11.876+0530: 242.184: Total time for which application threads were stopped: 0.0001028 seconds, Stopping threads took: 0.0000170 seconds
2015-12-06T19:59:11.876+0530: 242.184: Total time for which application threads were stopped: 0.0000943 seconds, Stopping threads took: 0.0000238 seconds
2015-12-06T19:59:11.876+0530: 242.184: Total time for which application threads were stopped: 0.0000721 seconds, Stopping threads took: 0.0000156 seconds
2015-12-06T19:59:13.162+0530: 243.470: Total time for which application threads were stopped: 0.0001683 seconds, Stopping threads took: 0.0000335 seconds
2015-12-06T19:59:13.162+0530: 243.470: Total time for which application threads were stopped: 0.0000918 seconds, Stopping threads took: 0.0000165 seconds
2015-12-06T19:59:13.162+0530: 243.470: Total time for which application threads were stopped: 0.0000815 seconds, Stopping threads took: 0.0000145 seconds
2015-12-06T19:59:14.163+0530: 244.471: Total time for which application threads were stopped: 0.0003459 seconds, Stopping threads took: 0.0000603 seconds
2015-12-06T19:59:16.163+0530: 246.498: Total time for which application threads were stopped: 0.0270743 seconds, Stopping threads took: 0.0000333 seconds
2015-12-06T19:59:16.191+0530: 246.499: Total time for which application threads were stopped: 0.0001988 seconds, Stopping threads took: 0.0000385 seconds
2015-12-06T19:59:17.191+0530: 247.499: Total time for which application threads were stopped: 0.0001805 seconds, Stopping threads took: 0.0000387 seconds
2015-12-06T19:59:17.698+0530: 248.006: Total time for which application threads were stopped: 0.0001488 seconds, Stopping threads took: 0.0000279 seconds
2015-12-06T19:59:17.699+0530: 248.007: Total time for which application threads were stopped: 0.0000609 seconds, Stopping threads took: 0.0000106 seconds
2015-12-06T19:59:17.699+0530: 248.007: Total time for which application threads were stopped: 0.0000538 seconds, Stopping threads took: 0.0000090 seconds
2015-12-06T19:59:18.699+0530: 249.007: Total time for which application threads were stopped: 0.0002468 seconds, Stopping threads took: 0.0000511 seconds
2015-12-06T19:59:19.095+0530: 249.403: Total time for which application threads were stopped: 0.0001996 seconds, Stopping threads took: 0.0000443 seconds
2015-12-06T19:59:19.096+0530: 249.404: Total time for which application threads were stopped: 0.0001422 seconds, Stopping threads took: 0.0000268 seconds
2015-12-06T19:59:20.972+0530: 251.280: Total time for which application threads were stopped: 0.0001694 seconds, Stopping threads took: 0.0000453 seconds
2015-12-06T19:59:20.973+0530: 251.281: Total time for which application threads were stopped: 0.0001304 seconds, Stopping threads took: 0.0000429 seconds
2015-12-06T19:59:20.973+0530: 251.281: Total time for which application threads were stopped: 0.0000945 seconds, Stopping threads took: 0.0000356 seconds
2015-12-06T19:59:21.973+0530: 252.281: Total time for which application threads were stopped: 0.0001485 seconds, Stopping threads took: 0.0000369 seconds
2015-12-06T19:59:22.973+0530: 253.281: Total time for which application threads were stopped: 0.0001785 seconds, Stopping threads took: 0.0000336 seconds
{Heap before GC invocations=28 (full 1):
 par new generation   total 109248K, used 97311K [0x00000000e0000000, 0x00000000e8000000, 0x00000000e8000000)
  eden space 87424K, 100% used [0x00000000e0000000, 0x00000000e5560000, 0x00000000e5560000)
  from space 21824K,  45% used [0x00000000e5560000, 0x00000000e5f07d90, 0x00000000e6ab0000)
  to   space 21824K,   0% used [0x00000000e6ab0000, 0x00000000e6ab0000, 0x00000000e8000000)
 concurrent mark-sweep generation total 393216K, used 21046K [0x00000000e8000000, 0x0000000100000000, 0x0000000100000000)
 Metaspace       used 33914K, capacity 34464K, committed 34764K, reserved 1079296K
  class space    used 3839K, capacity 3989K, committed 4044K, reserved 1048576K
2015-12-06T19:59:23.530+0530: 253.838: [GC (Allocation Failure) 253.903: [ParNew
Desired survivor size 20112992 bytes, new threshold 8 (max 8)
- age   1:    4895240 bytes,    4895240 total
- age   2:     291344 bytes,    5186584 total
- age   3:    1955416 bytes,    7142000 total
- age   4:     535832 bytes,    7677832 total
- age   5:      86920 bytes,    7764752 total
- age   6:     100512 bytes,    7865264 total
- age   7:     107912 bytes,    7973176 total
- age   8:      49968 bytes,    8023144 total
: 97311K->9316K(109248K), 0.0258659 secs] 118357K->30399K(502464K), 0.3178142 secs] [Times: user=0.12 sys=0.00, real=0.32 secs] 
Heap after GC invocations=29 (full 1):
 par new generation   total 109248K, used 9316K [0x00000000e0000000, 0x00000000e8000000, 0x00000000e8000000)
  eden space 87424K,   0% used [0x00000000e0000000, 0x00000000e0000000, 0x00000000e5560000)
  from space 21824K,  42% used [0x00000000e6ab0000, 0x00000000e73c9020, 0x00000000e8000000)
  to   space 21824K,   0% used [0x00000000e5560000, 0x00000000e5560000, 0x00000000e6ab0000)
 concurrent mark-sweep generation total 393216K, used 21083K [0x00000000e8000000, 0x0000000100000000, 0x0000000100000000)
 Metaspace       used 33914K, capacity 34464K, committed 34764K, reserved 1079296K
  class space    used 3839K, capacity 3989K, committed 4044K, reserved 1048576K
}
2015-12-06T19:59:23.848+0530: 254.156: Total time for which application threads were stopped: 0.3182904 seconds, Stopping threads took: 0.0000661 seconds
2015-12-06T19:59:23.852+0530: 254.160: Total time for which application threads were stopped: 0.0027151 seconds, Stopping threads took: 0.0020592 seconds
2015-12-06T19:59:24.852+0530: 255.161: Total time for which application threads were stopped: 0.0003286 seconds, Stopping threads took: 0.0000606 seconds
2015-12-06T19:59:26.853+0530: 257.161: Total time for which application threads were stopped: 0.0002851 seconds, Stopping threads took: 0.0000560 seconds
2015-12-06T19:59:27.853+0530: 258.161: Total time for which application threads were stopped: 0.0001526 seconds, Stopping threads took: 0.0000323 seconds
2015-12-06T19:59:29.854+0530: 260.162: Total time for which application threads were stopped: 0.0002833 seconds, Stopping threads took: 0.0000673 seconds
2015-12-06T19:59:30.854+0530: 261.163: Total time for which application threads were stopped: 0.0003308 seconds, Stopping threads took: 0.0000559 seconds
2015-12-06T19:59:31.855+0530: 262.163: Total time for which application threads were stopped: 0.0002889 seconds, Stopping threads took: 0.0000621 seconds
2015-12-06T19:59:32.855+0530: 263.163: Total time for which application threads were stopped: 0.0001854 seconds, Stopping threads took: 0.0000386 seconds
2015-12-06T19:59:33.671+0530: 263.979: Total time for which application threads were stopped: 0.0002060 seconds, Stopping threads took: 0.0000761 seconds
2015-12-06T19:59:33.672+0530: 263.980: Total time for which application threads were stopped: 0.0002205 seconds, Stopping threads took: 0.0000912 seconds
2015-12-06T19:59:33.672+0530: 263.980: Total time for which application threads were stopped: 0.0001135 seconds, Stopping threads took: 0.0000403 seconds
2015-12-06T19:59:34.672+0530: 264.980: Total time for which application threads were stopped: 0.0001956 seconds, Stopping threads took: 0.0000364 seconds
2015-12-06T19:59:35.673+0530: 265.981: Total time for which application threads were stopped: 0.0003072 seconds, Stopping threads took: 0.0000591 seconds
2015-12-06T19:59:36.673+0530: 266.981: Total time for which application threads were stopped: 0.0003789 seconds, Stopping threads took: 0.0000601 seconds
2015-12-06T19:59:37.416+0530: 267.724: Total time for which application threads were stopped: 0.0037905 seconds, Stopping threads took: 0.0036676 seconds
2015-12-06T19:59:37.417+0530: 267.725: Total time for which application threads were stopped: 0.0001657 seconds, Stopping threads took: 0.0000333 seconds
2015-12-06T19:59:37.820+0530: 268.128: Total time for which application threads were stopped: 0.0004257 seconds, Stopping threads took: 0.0001066 seconds
2015-12-06T19:59:37.820+0530: 268.128: Total time for which application threads were stopped: 0.0002782 seconds, Stopping threads took: 0.0000844 seconds
2015-12-06T19:59:38.821+0530: 269.129: Total time for which application threads were stopped: 0.0002722 seconds, Stopping threads took: 0.0000552 seconds
2015-12-06T19:59:39.821+0530: 270.129: Total time for which application threads were stopped: 0.0002674 seconds, Stopping threads took: 0.0000542 seconds
2015-12-06T19:59:43.822+0530: 274.130: Total time for which application threads were stopped: 0.0002732 seconds, Stopping threads took: 0.0000543 seconds
2015-12-06T19:59:43.884+0530: 274.192: Total time for which application threads were stopped: 0.0002579 seconds, Stopping threads took: 0.0001475 seconds
2015-12-06T19:59:44.885+0530: 275.193: Total time for which application threads were stopped: 0.0002375 seconds, Stopping threads took: 0.0000529 seconds
2015-12-06T19:59:45.005+0530: 275.313: Total time for which application threads were stopped: 0.0002739 seconds, Stopping threads took: 0.0000580 seconds
2015-12-06T19:59:45.005+0530: 275.313: Total time for which application threads were stopped: 0.0001859 seconds, Stopping threads took: 0.0000945 seconds
2015-12-06T19:59:45.005+0530: 275.313: Total time for which application threads were stopped: 0.0000898 seconds, Stopping threads took: 0.0000155 seconds
2015-12-06T19:59:45.775+0530: 276.083: Total time for which application threads were stopped: 0.0003459 seconds, Stopping threads took: 0.0000771 seconds
2015-12-06T19:59:45.775+0530: 276.084: Total time for which application threads were stopped: 0.0002981 seconds, Stopping threads took: 0.0000505 seconds
2015-12-06T19:59:45.782+0530: 276.090: Total time for which application threads were stopped: 0.0017075 seconds, Stopping threads took: 0.0000719 seconds
2015-12-06T19:59:45.782+0530: 276.090: Total time for which application threads were stopped: 0.0003005 seconds, Stopping threads took: 0.0000511 seconds
2015-12-06T19:59:46.783+0530: 277.091: Total time for which application threads were stopped: 0.0003028 seconds, Stopping threads took: 0.0000573 seconds
2015-12-06T19:59:47.783+0530: 278.091: Total time for which application threads were stopped: 0.0001564 seconds, Stopping threads took: 0.0000324 seconds
2015-12-06T19:59:48.783+0530: 279.092: Total time for which application threads were stopped: 0.0002602 seconds, Stopping threads took: 0.0000547 seconds
2015-12-06T19:59:49.784+0530: 280.092: Total time for which application threads were stopped: 0.0002390 seconds, Stopping threads took: 0.0000481 seconds
2015-12-06T19:59:51.894+0530: 282.202: Total time for which application threads were stopped: 0.0001711 seconds, Stopping threads took: 0.0000321 seconds
2015-12-06T19:59:51.894+0530: 282.202: Total time for which application threads were stopped: 0.0001025 seconds, Stopping threads took: 0.0000188 seconds
2015-12-06T19:59:51.894+0530: 282.202: Total time for which application threads were stopped: 0.0001033 seconds, Stopping threads took: 0.0000276 seconds
2015-12-06T19:59:52.894+0530: 283.203: Total time for which application threads were stopped: 0.0002690 seconds, Stopping threads took: 0.0000548 seconds
2015-12-06T19:59:53.895+0530: 284.203: Total time for which application threads were stopped: 0.0002673 seconds, Stopping threads took: 0.0000564 seconds
2015-12-06T19:59:54.895+0530: 285.203: Total time for which application threads were stopped: 0.0002574 seconds, Stopping threads took: 0.0000565 seconds
2015-12-06T19:59:56.896+0530: 287.204: Total time for which application threads were stopped: 0.0001498 seconds, Stopping threads took: 0.0000333 seconds
2015-12-06T19:59:57.896+0530: 288.204: Total time for which application threads were stopped: 0.0002631 seconds, Stopping threads took: 0.0000557 seconds
2015-12-06T19:59:58.897+0530: 289.205: Total time for which application threads were stopped: 0.0001680 seconds, Stopping threads took: 0.0000338 seconds
2015-12-06T20:00:04.897+0530: 295.206: Total time for which application threads were stopped: 0.0002341 seconds, Stopping threads took: 0.0000530 seconds
2015-12-06T20:00:06.056+0530: 296.364: Total time for which application threads were stopped: 0.0003268 seconds, Stopping threads took: 0.0000679 seconds
2015-12-06T20:00:06.056+0530: 296.364: Total time for which application threads were stopped: 0.0002242 seconds, Stopping threads took: 0.0000423 seconds
2015-12-06T20:00:06.057+0530: 296.365: Total time for which application threads were stopped: 0.0002051 seconds, Stopping threads took: 0.0000356 seconds
2015-12-06T20:00:06.057+0530: 296.365: Total time for which application threads were stopped: 0.0002044 seconds, Stopping threads took: 0.0000296 seconds
2015-12-06T20:00:07.058+0530: 297.366: Total time for which application threads were stopped: 0.0002422 seconds, Stopping threads took: 0.0000539 seconds
2015-12-06T20:00:10.058+0530: 300.366: Total time for which application threads were stopped: 0.0001629 seconds, Stopping threads took: 0.0000322 seconds
2015-12-06T20:00:11.059+0530: 301.367: Total time for which application threads were stopped: 0.0002655 seconds, Stopping threads took: 0.0000546 seconds
2015-12-06T20:00:14.059+0530: 304.367: Total time for which application threads were stopped: 0.0001682 seconds, Stopping threads took: 0.0000323 seconds
2015-12-06T20:00:14.815+0530: 305.123: Total time for which application threads were stopped: 0.0001709 seconds, Stopping threads took: 0.0000367 seconds
2015-12-06T20:00:15.712+0530: 306.020: Total time for which application threads were stopped: 0.0002966 seconds, Stopping threads took: 0.0000614 seconds
2015-12-06T20:00:15.713+0530: 306.021: Total time for which application threads were stopped: 0.0001751 seconds, Stopping threads took: 0.0000334 seconds
2015-12-06T20:00:15.713+0530: 306.021: Total time for which application threads were stopped: 0.0001577 seconds, Stopping threads took: 0.0000262 seconds
2015-12-06T20:00:16.713+0530: 307.021: Total time for which application threads were stopped: 0.0002850 seconds, Stopping threads took: 0.0000589 seconds
2015-12-06T20:00:19.017+0530: 309.325: Total time for which application threads were stopped: 0.0004033 seconds, Stopping threads took: 0.0000694 seconds
2015-12-06T20:00:19.018+0530: 309.326: Total time for which application threads were stopped: 0.0002392 seconds, Stopping threads took: 0.0000366 seconds
2015-12-06T20:00:19.018+0530: 309.326: Total time for which application threads were stopped: 0.0002362 seconds, Stopping threads took: 0.0000398 seconds
2015-12-06T20:00:19.736+0530: 310.044: Total time for which application threads were stopped: 0.0002418 seconds, Stopping threads took: 0.0000837 seconds
2015-12-06T20:00:20.736+0530: 311.044: Total time for which application threads were stopped: 0.0002659 seconds, Stopping threads took: 0.0000567 seconds
2015-12-06T20:00:23.576+0530: 313.884: Total time for which application threads were stopped: 0.0003485 seconds, Stopping threads took: 0.0001026 seconds
2015-12-06T20:00:23.578+0530: 313.886: Total time for which application threads were stopped: 0.0002457 seconds, Stopping threads took: 0.0000507 seconds
2015-12-06T20:00:24.578+0530: 314.886: Total time for which application threads were stopped: 0.0003329 seconds, Stopping threads took: 0.0000608 seconds
2015-12-06T20:00:25.579+0530: 315.887: Total time for which application threads were stopped: 0.0002015 seconds, Stopping threads took: 0.0000348 seconds
2015-12-06T20:00:26.579+0530: 316.887: Total time for which application threads were stopped: 0.0002808 seconds, Stopping threads took: 0.0000558 seconds
2015-12-06T20:00:27.579+0530: 317.888: Total time for which application threads were stopped: 0.0003021 seconds, Stopping threads took: 0.0000564 seconds
2015-12-06T20:00:27.848+0530: 318.157: Total time for which application threads were stopped: 0.0001808 seconds, Stopping threads took: 0.0000352 seconds
2015-12-06T20:00:27.849+0530: 318.157: Total time for which application threads were stopped: 0.0001085 seconds, Stopping threads took: 0.0000209 seconds
2015-12-06T20:00:27.849+0530: 318.157: Total time for which application threads were stopped: 0.0000867 seconds, Stopping threads took: 0.0000105 seconds
2015-12-06T20:00:28.849+0530: 319.157: Total time for which application threads were stopped: 0.0001781 seconds, Stopping threads took: 0.0000319 seconds
2015-12-06T20:00:29.850+0530: 320.158: Total time for which application threads were stopped: 0.0003246 seconds, Stopping threads took: 0.0000551 seconds
2015-12-06T20:00:31.850+0530: 322.158: Total time for which application threads were stopped: 0.0002815 seconds, Stopping threads took: 0.0000554 seconds
2015-12-06T20:00:32.851+0530: 323.188: Total time for which application threads were stopped: 0.0295084 seconds, Stopping threads took: 0.0000557 seconds
2015-12-06T20:00:33.880+0530: 324.188: Total time for which application threads were stopped: 0.0003003 seconds, Stopping threads took: 0.0000567 seconds
2015-12-06T20:00:34.881+0530: 325.189: Total time for which application threads were stopped: 0.0002472 seconds, Stopping threads took: 0.0000538 seconds
2015-12-06T20:00:40.882+0530: 331.190: Total time for which application threads were stopped: 0.0002626 seconds, Stopping threads took: 0.0000560 seconds
2015-12-06T20:00:41.380+0530: 331.688: Total time for which application threads were stopped: 0.0001726 seconds, Stopping threads took: 0.0000356 seconds
2015-12-06T20:00:41.380+0530: 331.688: Total time for which application threads were stopped: 0.0000846 seconds, Stopping threads took: 0.0000127 seconds
2015-12-06T20:00:41.380+0530: 331.688: Total time for which application threads were stopped: 0.0000866 seconds, Stopping threads took: 0.0000218 seconds
{Heap before GC invocations=29 (full 1):
 par new generation   total 109248K, used 96740K [0x00000000e0000000, 0x00000000e8000000, 0x00000000e8000000)
  eden space 87424K, 100% used [0x00000000e0000000, 0x00000000e5560000, 0x00000000e5560000)
  from space 21824K,  42% used [0x00000000e6ab0000, 0x00000000e73c9020, 0x00000000e8000000)
  to   space 21824K,   0% used [0x00000000e5560000, 0x00000000e5560000, 0x00000000e6ab0000)
 concurrent mark-sweep generation total 393216K, used 21083K [0x00000000e8000000, 0x0000000100000000, 0x0000000100000000)
 Metaspace       used 34088K, capacity 34592K, committed 34764K, reserved 1079296K
  class space    used 3840K, capacity 3989K, committed 4044K, reserved 1048576K
2015-12-06T20:00:42.189+0530: 332.498: [GC (Allocation Failure) 332.498: [ParNew
Desired survivor size 20112992 bytes, new threshold 8 (max 8)
- age   1:    3669144 bytes,    3669144 total
- age   2:     461248 bytes,    4130392 total
- age   3:     206936 bytes,    4337328 total
- age   4:    1949128 bytes,    6286456 total
- age   5:     535832 bytes,    6822288 total
- age   6:      86920 bytes,    6909208 total
- age   7:     100512 bytes,    7009720 total
- age   8:     107912 bytes,    7117632 total
: 96740K->11642K(109248K), 0.0110234 secs] 117823K->32776K(502464K), 0.5906072 secs] [Times: user=0.03 sys=0.00, real=0.59 secs] 
Heap after GC invocations=30 (full 1):
 par new generation   total 109248K, used 11642K [0x00000000e0000000, 0x00000000e8000000, 0x00000000e8000000)
  eden space 87424K,   0% used [0x00000000e0000000, 0x00000000e0000000, 0x00000000e5560000)
  from space 21824K,  53% used [0x00000000e5560000, 0x00000000e60be8d0, 0x00000000e6ab0000)
  to   space 21824K,   0% used [0x00000000e6ab0000, 0x00000000e6ab0000, 0x00000000e8000000)
 concurrent mark-sweep generation total 393216K, used 21134K [0x00000000e8000000, 0x0000000100000000, 0x0000000100000000)
 Metaspace       used 34088K, capacity 34592K, committed 34764K, reserved 1079296K
  class space    used 3840K, capacity 3989K, committed 4044K, reserved 1048576K
}
2015-12-06T20:00:42.781+0530: 333.089: Total time for which application threads were stopped: 0.5913816 seconds, Stopping threads took: 0.0000506 seconds
2015-12-06T20:00:42.786+0530: 333.094: Total time for which application threads were stopped: 0.0008285 seconds, Stopping threads took: 0.0006437 seconds
2015-12-06T20:00:42.786+0530: 333.094: Total time for which application threads were stopped: 0.0001312 seconds, Stopping threads took: 0.0000439 seconds
2015-12-06T20:00:42.786+0530: 333.094: Total time for which application threads were stopped: 0.0001235 seconds, Stopping threads took: 0.0000419 seconds
2015-12-06T20:00:44.437+0530: 334.745: Total time for which application threads were stopped: 0.0001323 seconds, Stopping threads took: 0.0000219 seconds
2015-12-06T20:00:44.438+0530: 334.746: Total time for which application threads were stopped: 0.0000983 seconds, Stopping threads took: 0.0000420 seconds
2015-12-06T20:00:44.438+0530: 334.746: Total time for which application threads were stopped: 0.0000806 seconds, Stopping threads took: 0.0000335 seconds
2015-12-06T20:00:46.438+0530: 336.746: Total time for which application threads were stopped: 0.0004312 seconds, Stopping threads took: 0.0000626 seconds
2015-12-06T20:00:51.439+0530: 341.747: Total time for which application threads were stopped: 0.0003344 seconds, Stopping threads took: 0.0000556 seconds
2015-12-06T20:00:52.957+0530: 343.265: Total time for which application threads were stopped: 0.0002821 seconds, Stopping threads took: 0.0001011 seconds
2015-12-06T20:00:52.957+0530: 343.266: Total time for which application threads were stopped: 0.0001703 seconds, Stopping threads took: 0.0000593 seconds
2015-12-06T20:00:52.958+0530: 343.266: Total time for which application threads were stopped: 0.0004783 seconds, Stopping threads took: 0.0001240 seconds
2015-12-06T20:00:52.958+0530: 343.266: Total time for which application threads were stopped: 0.0001278 seconds, Stopping threads took: 0.0000173 seconds
2015-12-06T20:00:52.958+0530: 343.267: Total time for which application threads were stopped: 0.0000981 seconds, Stopping threads took: 0.0000162 seconds
2015-12-06T20:00:53.777+0530: 344.085: Total time for which application threads were stopped: 0.0001860 seconds, Stopping threads took: 0.0000357 seconds
2015-12-06T20:00:53.777+0530: 344.085: Total time for which application threads were stopped: 0.0001181 seconds, Stopping threads took: 0.0000364 seconds
2015-12-06T20:00:54.128+0530: 344.436: Total time for which application threads were stopped: 0.0002142 seconds, Stopping threads took: 0.0000434 seconds
2015-12-06T20:00:54.740+0530: 345.048: Total time for which application threads were stopped: 0.0002411 seconds, Stopping threads took: 0.0000832 seconds
2015-12-06T20:00:55.740+0530: 346.049: Total time for which application threads were stopped: 0.0002796 seconds, Stopping threads took: 0.0000581 seconds
2015-12-06T20:01:04.905+0530: 355.213: Total time for which application threads were stopped: 0.0013506 seconds, Stopping threads took: 0.0011039 seconds
2015-12-06T20:01:04.905+0530: 355.213: Total time for which application threads were stopped: 0.0001952 seconds, Stopping threads took: 0.0000446 seconds
2015-12-06T20:01:05.905+0530: 356.214: Total time for which application threads were stopped: 0.0002642 seconds, Stopping threads took: 0.0000558 seconds
2015-12-06T20:01:07.960+0530: 358.268: Total time for which application threads were stopped: 0.0002612 seconds, Stopping threads took: 0.0000562 seconds
2015-12-06T20:01:08.074+0530: 358.382: Total time for which application threads were stopped: 0.0003083 seconds, Stopping threads took: 0.0001010 seconds
2015-12-06T20:01:08.078+0530: 358.386: Total time for which application threads were stopped: 0.0003503 seconds, Stopping threads took: 0.0000712 seconds
2015-12-06T20:01:08.079+0530: 358.387: Total time for which application threads were stopped: 0.0006201 seconds, Stopping threads took: 0.0000474 seconds
2015-12-06T20:01:08.533+0530: 358.841: Total time for which application threads were stopped: 0.0034588 seconds, Stopping threads took: 0.0032186 seconds
2015-12-06T20:01:08.533+0530: 358.841: Total time for which application threads were stopped: 0.0001986 seconds, Stopping threads took: 0.0000202 seconds
2015-12-06T20:01:09.534+0530: 359.842: Total time for which application threads were stopped: 0.0002181 seconds, Stopping threads took: 0.0000631 seconds
2015-12-06T20:01:10.535+0530: 360.843: Total time for which application threads were stopped: 0.0003210 seconds, Stopping threads took: 0.0000565 seconds
2015-12-06T20:01:10.565+0530: 360.873: Total time for which application threads were stopped: 0.0003006 seconds, Stopping threads took: 0.0001220 seconds
2015-12-06T20:01:10.566+0530: 360.874: Total time for which application threads were stopped: 0.0001512 seconds, Stopping threads took: 0.0000459 seconds
2015-12-06T20:01:10.566+0530: 360.874: Total time for which application threads were stopped: 0.0000867 seconds, Stopping threads took: 0.0000173 seconds
2015-12-06T20:01:13.689+0530: 363.998: Total time for which application threads were stopped: 0.0004596 seconds, Stopping threads took: 0.0000635 seconds
2015-12-06T20:01:18.000+0530: 368.308: Total time for which application threads were stopped: 0.0002950 seconds, Stopping threads took: 0.0000498 seconds
2015-12-06T20:01:18.001+0530: 368.309: Total time for which application threads were stopped: 0.0001829 seconds, Stopping threads took: 0.0000289 seconds
2015-12-06T20:01:18.001+0530: 368.309: Total time for which application threads were stopped: 0.0001493 seconds, Stopping threads took: 0.0000194 seconds
2015-12-06T20:01:18.497+0530: 368.805: Total time for which application threads were stopped: 0.0003600 seconds, Stopping threads took: 0.0000555 seconds
2015-12-06T20:01:18.498+0530: 368.806: Total time for which application threads were stopped: 0.0002030 seconds, Stopping threads took: 0.0000854 seconds
2015-12-06T20:01:18.498+0530: 368.806: Total time for which application threads were stopped: 0.0001525 seconds, Stopping threads took: 0.0000458 seconds
2015-12-06T20:01:19.485+0530: 369.793: Total time for which application threads were stopped: 0.0002378 seconds, Stopping threads took: 0.0000462 seconds
2015-12-06T20:01:24.486+0530: 374.794: Total time for which application threads were stopped: 0.0001375 seconds, Stopping threads took: 0.0000299 seconds
2015-12-06T20:01:30.487+0530: 380.795: Total time for which application threads were stopped: 0.0002302 seconds, Stopping threads took: 0.0000495 seconds
2015-12-06T20:01:33.372+0530: 383.680: Total time for which application threads were stopped: 0.0004564 seconds, Stopping threads took: 0.0000844 seconds
2015-12-06T20:01:33.520+0530: 383.828: Total time for which application threads were stopped: 0.0003999 seconds, Stopping threads took: 0.0000759 seconds
2015-12-06T20:01:33.520+0530: 383.828: Total time for which application threads were stopped: 0.0002958 seconds, Stopping threads took: 0.0000525 seconds
2015-12-06T20:01:33.521+0530: 383.829: Total time for which application threads were stopped: 0.0002161 seconds, Stopping threads took: 0.0000303 seconds
2015-12-06T20:01:34.521+0530: 384.829: Total time for which application threads were stopped: 0.0001466 seconds, Stopping threads took: 0.0000294 seconds
2015-12-06T20:01:35.077+0530: 385.385: Total time for which application threads were stopped: 0.0004330 seconds, Stopping threads took: 0.0001590 seconds
2015-12-06T20:01:35.078+0530: 385.386: Total time for which application threads were stopped: 0.0003329 seconds, Stopping threads took: 0.0000971 seconds
2015-12-06T20:01:38.911+0530: 389.219: Total time for which application threads were stopped: 0.0002045 seconds, Stopping threads took: 0.0000576 seconds
2015-12-06T20:01:42.912+0530: 393.220: Total time for which application threads were stopped: 0.0003231 seconds, Stopping threads took: 0.0000580 seconds
2015-12-06T20:01:44.174+0530: 394.482: Total time for which application threads were stopped: 0.0003091 seconds, Stopping threads took: 0.0000565 seconds
2015-12-06T20:01:44.673+0530: 394.981: Total time for which application threads were stopped: 0.0061650 seconds, Stopping threads took: 0.0060542 seconds
2015-12-06T20:01:45.674+0530: 395.982: Total time for which application threads were stopped: 0.0002682 seconds, Stopping threads took: 0.0000556 seconds
2015-12-06T20:01:46.298+0530: 396.606: Total time for which application threads were stopped: 0.0001500 seconds, Stopping threads took: 0.0000305 seconds
2015-12-06T20:01:46.798+0530: 397.106: Total time for which application threads were stopped: 0.0005328 seconds, Stopping threads took: 0.0002872 seconds
2015-12-06T20:01:46.800+0530: 397.108: Total time for which application threads were stopped: 0.0003294 seconds, Stopping threads took: 0.0001219 seconds
2015-12-06T20:01:46.810+0530: 397.118: Total time for which application threads were stopped: 0.0004360 seconds, Stopping threads took: 0.0000506 seconds
2015-12-06T20:01:46.810+0530: 397.119: Total time for which application threads were stopped: 0.0003798 seconds, Stopping threads took: 0.0000517 seconds
2015-12-06T20:01:46.811+0530: 397.119: Total time for which application threads were stopped: 0.0008143 seconds, Stopping threads took: 0.0007123 seconds
2015-12-06T20:01:46.823+0530: 397.131: Total time for which application threads were stopped: 0.0062581 seconds, Stopping threads took: 0.0061017 seconds
2015-12-06T20:01:46.853+0530: 397.161: Total time for which application threads were stopped: 0.0009942 seconds, Stopping threads took: 0.0002159 seconds
{Heap before GC invocations=30 (full 1):
 par new generation   total 109248K, used 99066K [0x00000000e0000000, 0x00000000e8000000, 0x00000000e8000000)
  eden space 87424K, 100% used [0x00000000e0000000, 0x00000000e5560000, 0x00000000e5560000)
  from space 21824K,  53% used [0x00000000e5560000, 0x00000000e60be8d0, 0x00000000e6ab0000)
  to   space 21824K,   0% used [0x00000000e6ab0000, 0x00000000e6ab0000, 0x00000000e8000000)
 concurrent mark-sweep generation total 393216K, used 21134K [0x00000000e8000000, 0x0000000100000000, 0x0000000100000000)
 Metaspace       used 34124K, capacity 34592K, committed 34764K, reserved 1079296K
  class space    used 3840K, capacity 3989K, committed 4044K, reserved 1048576K
2015-12-06T20:01:46.902+0530: 397.210: [GC (Allocation Failure) 397.912: [ParNew
Desired survivor size 20112992 bytes, new threshold 8 (max 8)
- age   1:    4766000 bytes,    4766000 total
- age   2:     356224 bytes,    5122224 total
- age   3:     431824 bytes,    5554048 total
- age   4:     199928 bytes,    5753976 total
- age   5:    1949128 bytes,    7703104 total
- age   6:     535832 bytes,    8238936 total
- age   7:      86920 bytes,    8325856 total
- age   8:     100512 bytes,    8426368 total
: 99066K->10202K(109248K), 0.0199081 secs] 120200K->31444K(502464K), 0.7226484 secs] [Times: user=0.04 sys=0.01, real=0.72 secs] 
Heap after GC invocations=31 (full 1):
 par new generation   total 109248K, used 10202K [0x00000000e0000000, 0x00000000e8000000, 0x00000000e8000000)
  eden space 87424K,   0% used [0x00000000e0000000, 0x00000000e0000000, 0x00000000e5560000)
  from space 21824K,  46% used [0x00000000e6ab0000, 0x00000000e74a6a80, 0x00000000e8000000)
  to   space 21824K,   0% used [0x00000000e5560000, 0x00000000e5560000, 0x00000000e6ab0000)
 concurrent mark-sweep generation total 393216K, used 21242K [0x00000000e8000000, 0x0000000100000000, 0x0000000100000000)
 Metaspace       used 34124K, capacity 34592K, committed 34764K, reserved 1079296K
  class space    used 3840K, capacity 3989K, committed 4044K, reserved 1048576K
}
2015-12-06T20:01:47.625+0530: 397.933: Total time for which application threads were stopped: 0.7230761 seconds, Stopping threads took: 0.0000391 seconds
2015-12-06T20:01:47.626+0530: 397.934: Total time for which application threads were stopped: 0.0004101 seconds, Stopping threads took: 0.0000648 seconds
2015-12-06T20:01:47.631+0530: 397.939: Total time for which application threads were stopped: 0.0003968 seconds, Stopping threads took: 0.0001319 seconds
2015-12-06T20:01:47.633+0530: 397.941: Total time for which application threads were stopped: 0.0019060 seconds, Stopping threads took: 0.0017731 seconds
2015-12-06T20:01:48.634+0530: 398.942: Total time for which application threads were stopped: 0.0001725 seconds, Stopping threads took: 0.0000340 seconds
2015-12-06T20:01:52.138+0530: 402.446: Total time for which application threads were stopped: 0.0003869 seconds, Stopping threads took: 0.0000794 seconds
2015-12-06T20:01:53.139+0530: 403.447: Total time for which application threads were stopped: 0.0004567 seconds, Stopping threads took: 0.0000744 seconds
2015-12-06T20:01:55.139+0530: 405.447: Total time for which application threads were stopped: 0.0002506 seconds, Stopping threads took: 0.0000477 seconds
2015-12-06T20:01:58.088+0530: 408.396: Total time for which application threads were stopped: 0.0002943 seconds, Stopping threads took: 0.0000534 seconds
2015-12-06T20:01:58.089+0530: 408.397: Total time for which application threads were stopped: 0.0001068 seconds, Stopping threads took: 0.0000186 seconds
2015-12-06T20:01:58.089+0530: 408.397: Total time for which application threads were stopped: 0.0000988 seconds, Stopping threads took: 0.0000170 seconds
2015-12-06T20:01:59.089+0530: 409.397: Total time for which application threads were stopped: 0.0002565 seconds, Stopping threads took: 0.0000322 seconds
2015-12-06T20:02:00.090+0530: 410.398: Total time for which application threads were stopped: 0.0001534 seconds, Stopping threads took: 0.0000349 seconds
2015-12-06T20:02:01.090+0530: 411.398: Total time for which application threads were stopped: 0.0002362 seconds, Stopping threads took: 0.0000497 seconds
2015-12-06T20:02:01.673+0530: 411.981: Total time for which application threads were stopped: 0.0002392 seconds, Stopping threads took: 0.0000798 seconds
2015-12-06T20:02:05.673+0530: 415.981: Total time for which application threads were stopped: 0.0002055 seconds, Stopping threads took: 0.0000322 seconds
2015-12-06T20:02:06.016+0530: 416.324: Total time for which application threads were stopped: 0.0003255 seconds, Stopping threads took: 0.0000619 seconds
2015-12-06T20:02:07.853+0530: 418.161: Total time for which application threads were stopped: 0.0002538 seconds, Stopping threads took: 0.0000605 seconds
2015-12-06T20:02:08.116+0530: 418.425: Total time for which application threads were stopped: 0.0001797 seconds, Stopping threads took: 0.0000365 seconds
2015-12-06T20:02:08.118+0530: 418.426: Total time for which application threads were stopped: 0.0001386 seconds, Stopping threads took: 0.0000374 seconds
2015-12-06T20:02:08.119+0530: 418.427: Total time for which application threads were stopped: 0.0001348 seconds, Stopping threads took: 0.0000394 seconds
2015-12-06T20:02:08.120+0530: 418.428: Total time for which application threads were stopped: 0.0001549 seconds, Stopping threads took: 0.0000650 seconds
2015-12-06T20:02:08.120+0530: 418.428: Total time for which application threads were stopped: 0.0001315 seconds, Stopping threads took: 0.0000542 seconds
2015-12-06T20:02:08.648+0530: 418.957: Total time for which application threads were stopped: 0.0001853 seconds, Stopping threads took: 0.0000332 seconds
2015-12-06T20:02:09.431+0530: 419.739: Total time for which application threads were stopped: 0.0001730 seconds, Stopping threads took: 0.0000285 seconds
2015-12-06T20:02:09.431+0530: 419.740: Total time for which application threads were stopped: 0.0000994 seconds, Stopping threads took: 0.0000217 seconds
2015-12-06T20:02:09.432+0530: 419.740: Total time for which application threads were stopped: 0.0001608 seconds, Stopping threads took: 0.0000574 seconds
2015-12-06T20:02:11.094+0530: 421.402: Total time for which application threads were stopped: 0.0006145 seconds, Stopping threads took: 0.0000602 seconds
2015-12-06T20:02:12.181+0530: 422.489: Total time for which application threads were stopped: 0.0003161 seconds, Stopping threads took: 0.0000537 seconds
2015-12-06T20:02:12.182+0530: 422.490: Total time for which application threads were stopped: 0.0002407 seconds, Stopping threads took: 0.0000588 seconds
2015-12-06T20:02:12.182+0530: 422.491: Total time for which application threads were stopped: 0.0002243 seconds, Stopping threads took: 0.0000484 seconds
2015-12-06T20:02:17.183+0530: 427.491: Total time for which application threads were stopped: 0.0002830 seconds, Stopping threads took: 0.0000573 seconds
2015-12-06T20:02:23.184+0530: 433.492: Total time for which application threads were stopped: 0.0003424 seconds, Stopping threads took: 0.0000571 seconds
2015-12-06T20:02:24.337+0530: 434.645: Total time for which application threads were stopped: 0.0002073 seconds, Stopping threads took: 0.0000312 seconds
2015-12-06T20:02:24.338+0530: 434.646: Total time for which application threads were stopped: 0.0001516 seconds, Stopping threads took: 0.0000299 seconds
2015-12-06T20:02:26.338+0530: 436.646: Total time for which application threads were stopped: 0.0001511 seconds, Stopping threads took: 0.0000307 seconds
2015-12-06T20:02:28.978+0530: 439.286: Total time for which application threads were stopped: 0.0003412 seconds, Stopping threads took: 0.0001051 seconds
2015-12-06T20:02:28.978+0530: 439.286: Total time for which application threads were stopped: 0.0002106 seconds, Stopping threads took: 0.0000462 seconds
2015-12-06T20:02:29.978+0530: 440.286: Total time for which application threads were stopped: 0.0001509 seconds, Stopping threads took: 0.0000319 seconds
2015-12-06T20:02:30.978+0530: 441.287: Total time for which application threads were stopped: 0.0001627 seconds, Stopping threads took: 0.0000295 seconds
2015-12-06T20:02:31.207+0530: 441.515: Total time for which application threads were stopped: 0.0002080 seconds, Stopping threads took: 0.0000351 seconds
2015-12-06T20:02:31.207+0530: 441.515: Total time for which application threads were stopped: 0.0001033 seconds, Stopping threads took: 0.0000323 seconds
2015-12-06T20:02:31.207+0530: 441.515: Total time for which application threads were stopped: 0.0000863 seconds, Stopping threads took: 0.0000295 seconds
2015-12-06T20:02:31.207+0530: 441.515: Total time for which application threads were stopped: 0.0000806 seconds, Stopping threads took: 0.0000284 seconds
2015-12-06T20:02:31.207+0530: 441.515: Total time for which application threads were stopped: 0.0001123 seconds, Stopping threads took: 0.0000298 seconds
2015-12-06T20:02:31.208+0530: 441.516: Total time for which application threads were stopped: 0.0001348 seconds, Stopping threads took: 0.0000460 seconds
2015-12-06T20:02:33.208+0530: 443.517: Total time for which application threads were stopped: 0.0002858 seconds, Stopping threads took: 0.0000585 seconds
2015-12-06T20:02:34.065+0530: 444.373: Total time for which application threads were stopped: 0.0005201 seconds, Stopping threads took: 0.0001143 seconds
2015-12-06T20:02:34.067+0530: 444.375: Total time for which application threads were stopped: 0.0003466 seconds, Stopping threads took: 0.0000921 seconds
2015-12-06T20:02:35.214+0530: 445.522: Total time for which application threads were stopped: 0.0001785 seconds, Stopping threads took: 0.0000373 seconds
2015-12-06T20:02:35.215+0530: 445.523: Total time for which application threads were stopped: 0.0013024 seconds, Stopping threads took: 0.0011273 seconds
2015-12-06T20:02:35.216+0530: 445.524: Total time for which application threads were stopped: 0.0000883 seconds, Stopping threads took: 0.0000207 seconds
2015-12-06T20:02:39.216+0530: 449.524: Total time for which application threads were stopped: 0.0001932 seconds, Stopping threads took: 0.0000431 seconds
2015-12-06T20:02:45.217+0530: 455.525: Total time for which application threads were stopped: 0.0001821 seconds, Stopping threads took: 0.0000333 seconds
2015-12-06T20:02:46.217+0530: 456.525: Total time for which application threads were stopped: 0.0001578 seconds, Stopping threads took: 0.0000347 seconds
2015-12-06T20:02:47.218+0530: 457.526: Total time for which application threads were stopped: 0.0002057 seconds, Stopping threads took: 0.0000360 seconds
2015-12-06T20:02:50.218+0530: 460.526: Total time for which application threads were stopped: 0.0002447 seconds, Stopping threads took: 0.0000504 seconds
2015-12-06T20:02:55.219+0530: 465.527: Total time for which application threads were stopped: 0.0001710 seconds, Stopping threads took: 0.0000339 seconds
{Heap before GC invocations=31 (full 1):
 par new generation   total 109248K, used 97626K [0x00000000e0000000, 0x00000000e8000000, 0x00000000e8000000)
  eden space 87424K, 100% used [0x00000000e0000000, 0x00000000e5560000, 0x00000000e5560000)
  from space 21824K,  46% used [0x00000000e6ab0000, 0x00000000e74a6a80, 0x00000000e8000000)
  to   space 21824K,   0% used [0x00000000e5560000, 0x00000000e5560000, 0x00000000e6ab0000)
 concurrent mark-sweep generation total 393216K, used 21242K [0x00000000e8000000, 0x0000000100000000, 0x0000000100000000)
 Metaspace       used 34164K, capacity 34592K, committed 34764K, reserved 1079296K
  class space    used 3841K, capacity 3989K, committed 4044K, reserved 1048576K
2015-12-06T20:03:00.179+0530: 470.487: [GC (Allocation Failure) 470.628: [ParNew
Desired survivor size 20112992 bytes, new threshold 8 (max 8)
- age   1:    4107472 bytes,    4107472 total
- age   2:    1273936 bytes,    5381408 total
- age   3:     322400 bytes,    5703808 total
- age   4:     431016 bytes,    6134824 total
- age   5:     199928 bytes,    6334752 total
- age   6:    1949128 bytes,    8283880 total
- age   7:     601400 bytes,    8885280 total
- age   8:      86920 bytes,    8972200 total
: 97626K->12288K(109248K), 0.0168314 secs] 118868K->33630K(502464K), 0.3773248 secs] [Times: user=0.05 sys=0.00, real=0.38 secs] 
Heap after GC invocations=32 (full 1):
 par new generation   total 109248K, used 12288K [0x00000000e0000000, 0x00000000e8000000, 0x00000000e8000000)
  eden space 87424K,   0% used [0x00000000e0000000, 0x00000000e0000000, 0x00000000e5560000)
  from space 21824K,  56% used [0x00000000e5560000, 0x00000000e6160158, 0x00000000e6ab0000)
  to   space 21824K,   0% used [0x00000000e6ab0000, 0x00000000e6ab0000, 0x00000000e8000000)
 concurrent mark-sweep generation total 393216K, used 21342K [0x00000000e8000000, 0x0000000100000000, 0x0000000100000000)
 Metaspace       used 34164K, capacity 34592K, committed 34764K, reserved 1079296K
  class space    used 3841K, capacity 3989K, committed 4044K, reserved 1048576K
}
2015-12-06T20:03:00.557+0530: 470.865: Total time for which application threads were stopped: 0.3780235 seconds, Stopping threads took: 0.0000623 seconds
2015-12-06T20:03:00.559+0530: 470.867: Total time for which application threads were stopped: 0.0017614 seconds, Stopping threads took: 0.0014091 seconds
2015-12-06T20:03:01.787+0530: 472.095: Total time for which application threads were stopped: 0.0001497 seconds, Stopping threads took: 0.0000291 seconds
2015-12-06T20:03:01.788+0530: 472.096: Total time for which application threads were stopped: 0.0000876 seconds, Stopping threads took: 0.0000166 seconds
2015-12-06T20:03:01.788+0530: 472.097: Total time for which application threads were stopped: 0.0000773 seconds, Stopping threads took: 0.0000133 seconds
2015-12-06T20:03:01.791+0530: 472.099: Total time for which application threads were stopped: 0.0001509 seconds, Stopping threads took: 0.0000306 seconds
2015-12-06T20:03:01.791+0530: 472.099: Total time for which application threads were stopped: 0.0000739 seconds, Stopping threads took: 0.0000272 seconds
2015-12-06T20:03:03.866+0530: 474.175: Total time for which application threads were stopped: 0.0001398 seconds, Stopping threads took: 0.0000276 seconds
2015-12-06T20:03:03.867+0530: 474.175: Total time for which application threads were stopped: 0.0000584 seconds, Stopping threads took: 0.0000106 seconds
2015-12-06T20:03:03.867+0530: 474.175: Total time for which application threads were stopped: 0.0000554 seconds, Stopping threads took: 0.0000093 seconds
2015-12-06T20:03:07.550+0530: 477.858: Total time for which application threads were stopped: 0.0001672 seconds, Stopping threads took: 0.0000520 seconds
2015-12-06T20:03:07.550+0530: 477.858: Total time for which application threads were stopped: 0.0000946 seconds, Stopping threads took: 0.0000409 seconds
2015-12-06T20:03:07.550+0530: 477.858: Total time for which application threads were stopped: 0.0001094 seconds, Stopping threads took: 0.0000384 seconds
2015-12-06T20:03:07.551+0530: 477.859: Total time for which application threads were stopped: 0.0001389 seconds, Stopping threads took: 0.0000709 seconds
2015-12-06T20:03:07.586+0530: 477.894: Total time for which application threads were stopped: 0.0063119 seconds, Stopping threads took: 0.0061731 seconds
2015-12-06T20:03:07.587+0530: 477.895: Total time for which application threads were stopped: 0.0001656 seconds, Stopping threads took: 0.0000652 seconds
2015-12-06T20:03:07.613+0530: 477.921: Total time for which application threads were stopped: 0.0005235 seconds, Stopping threads took: 0.0000393 seconds
2015-12-06T20:03:07.635+0530: 477.943: Total time for which application threads were stopped: 0.0004126 seconds, Stopping threads took: 0.0001326 seconds
2015-12-06T20:03:07.636+0530: 477.944: Total time for which application threads were stopped: 0.0002324 seconds, Stopping threads took: 0.0000348 seconds
2015-12-06T20:03:07.636+0530: 477.944: Total time for which application threads were stopped: 0.0001550 seconds, Stopping threads took: 0.0000533 seconds
2015-12-06T20:03:07.636+0530: 477.944: Total time for which application threads were stopped: 0.0001827 seconds, Stopping threads took: 0.0000638 seconds
2015-12-06T20:03:08.387+0530: 478.695: Total time for which application threads were stopped: 0.0004404 seconds, Stopping threads took: 0.0000738 seconds
2015-12-06T20:03:08.394+0530: 478.702: Total time for which application threads were stopped: 0.0015129 seconds, Stopping threads took: 0.0013724 seconds
2015-12-06T20:03:09.157+0530: 479.465: Total time for which application threads were stopped: 0.0001683 seconds, Stopping threads took: 0.0000369 seconds
2015-12-06T20:03:09.157+0530: 479.465: Total time for which application threads were stopped: 0.0001340 seconds, Stopping threads took: 0.0000353 seconds
2015-12-06T20:03:09.157+0530: 479.465: Total time for which application threads were stopped: 0.0000776 seconds, Stopping threads took: 0.0000140 seconds
2015-12-06T20:03:12.232+0530: 482.540: Total time for which application threads were stopped: 0.0002296 seconds, Stopping threads took: 0.0000421 seconds
2015-12-06T20:03:13.232+0530: 483.540: Total time for which application threads were stopped: 0.0002807 seconds, Stopping threads took: 0.0000561 seconds
2015-12-06T20:03:16.233+0530: 486.541: Total time for which application threads were stopped: 0.0002613 seconds, Stopping threads took: 0.0000543 seconds
2015-12-06T20:03:18.234+0530: 488.542: Total time for which application threads were stopped: 0.0002699 seconds, Stopping threads took: 0.0000547 seconds
2015-12-06T20:03:20.234+0530: 490.542: Total time for which application threads were stopped: 0.0001489 seconds, Stopping threads took: 0.0000321 seconds
2015-12-06T20:03:20.551+0530: 490.860: Total time for which application threads were stopped: 0.0001744 seconds, Stopping threads took: 0.0000320 seconds
2015-12-06T20:03:20.552+0530: 490.860: Total time for which application threads were stopped: 0.0000873 seconds, Stopping threads took: 0.0000131 seconds
2015-12-06T20:03:21.773+0530: 492.081: Total time for which application threads were stopped: 0.0004033 seconds, Stopping threads took: 0.0000934 seconds
2015-12-06T20:03:21.783+0530: 492.091: Total time for which application threads were stopped: 0.0019248 seconds, Stopping threads took: 0.0016583 seconds
2015-12-06T20:03:21.783+0530: 492.092: Total time for which application threads were stopped: 0.0002803 seconds, Stopping threads took: 0.0000963 seconds
2015-12-06T20:03:21.785+0530: 492.093: Total time for which application threads were stopped: 0.0001621 seconds, Stopping threads took: 0.0000528 seconds
2015-12-06T20:03:21.786+0530: 492.094: Total time for which application threads were stopped: 0.0001427 seconds, Stopping threads took: 0.0000478 seconds
2015-12-06T20:03:21.807+0530: 492.115: Total time for which application threads were stopped: 0.0001791 seconds, Stopping threads took: 0.0000328 seconds
2015-12-06T20:03:25.103+0530: 495.411: Total time for which application threads were stopped: 0.0003929 seconds, Stopping threads took: 0.0000699 seconds
2015-12-06T20:03:25.103+0530: 495.412: Total time for which application threads were stopped: 0.0007793 seconds, Stopping threads took: 0.0000453 seconds
2015-12-06T20:03:27.564+0530: 497.873: Total time for which application threads were stopped: 0.0004633 seconds, Stopping threads took: 0.0000892 seconds
2015-12-06T20:03:27.565+0530: 497.873: Total time for which application threads were stopped: 0.0002912 seconds, Stopping threads took: 0.0000409 seconds
2015-12-06T20:03:27.566+0530: 497.874: Total time for which application threads were stopped: 0.0002306 seconds, Stopping threads took: 0.0000288 seconds
2015-12-06T20:03:30.566+0530: 500.874: Total time for which application threads were stopped: 0.0002807 seconds, Stopping threads took: 0.0000559 seconds
2015-12-06T20:03:34.464+0530: 504.773: Total time for which application threads were stopped: 0.0003397 seconds, Stopping threads took: 0.0000532 seconds
2015-12-06T20:03:34.465+0530: 504.773: Total time for which application threads were stopped: 0.0002573 seconds, Stopping threads took: 0.0000399 seconds
2015-12-06T20:03:34.465+0530: 504.774: Total time for which application threads were stopped: 0.0001809 seconds, Stopping threads took: 0.0000282 seconds
2015-12-06T20:03:36.715+0530: 507.023: Total time for which application threads were stopped: 0.0001613 seconds, Stopping threads took: 0.0000282 seconds
2015-12-06T20:03:36.780+0530: 507.088: Total time for which application threads were stopped: 0.0001283 seconds, Stopping threads took: 0.0000300 seconds
2015-12-06T20:03:37.861+0530: 508.169: Total time for which application threads were stopped: 0.0003867 seconds, Stopping threads took: 0.0000988 seconds
2015-12-06T20:03:38.862+0530: 509.170: Total time for which application threads were stopped: 0.0002600 seconds, Stopping threads took: 0.0000470 seconds
2015-12-06T20:03:39.375+0530: 509.683: Total time for which application threads were stopped: 0.0011795 seconds, Stopping threads took: 0.0009712 seconds
2015-12-06T20:03:39.375+0530: 509.683: Total time for which application threads were stopped: 0.0001641 seconds, Stopping threads took: 0.0000465 seconds
2015-12-06T20:03:40.376+0530: 510.684: Total time for which application threads were stopped: 0.0002519 seconds, Stopping threads took: 0.0000450 seconds
2015-12-06T20:03:41.376+0530: 511.684: Total time for which application threads were stopped: 0.0001726 seconds, Stopping threads took: 0.0000342 seconds
2015-12-06T20:03:42.171+0530: 512.479: Total time for which application threads were stopped: 0.0002931 seconds, Stopping threads took: 0.0000584 seconds
2015-12-06T20:03:42.172+0530: 512.480: Total time for which application threads were stopped: 0.0002272 seconds, Stopping threads took: 0.0000570 seconds
2015-12-06T20:03:42.172+0530: 512.481: Total time for which application threads were stopped: 0.0002432 seconds, Stopping threads took: 0.0000857 seconds
2015-12-06T20:03:43.173+0530: 513.481: Total time for which application threads were stopped: 0.0002706 seconds, Stopping threads took: 0.0000550 seconds
2015-12-06T20:03:44.173+0530: 514.482: Total time for which application threads were stopped: 0.0003483 seconds, Stopping threads took: 0.0001009 seconds
2015-12-06T20:03:44.614+0530: 514.922: Total time for which application threads were stopped: 0.0003095 seconds, Stopping threads took: 0.0000649 seconds
2015-12-06T20:03:47.743+0530: 518.051: Total time for which application threads were stopped: 0.0001766 seconds, Stopping threads took: 0.0000354 seconds
2015-12-06T20:03:48.743+0530: 519.051: Total time for which application threads were stopped: 0.0002197 seconds, Stopping threads took: 0.0000447 seconds
{Heap before GC invocations=32 (full 1):
 par new generation   total 109248K, used 99712K [0x00000000e0000000, 0x00000000e8000000, 0x00000000e8000000)
  eden space 87424K, 100% used [0x00000000e0000000, 0x00000000e5560000, 0x00000000e5560000)
  from space 21824K,  56% used [0x00000000e5560000, 0x00000000e6160158, 0x00000000e6ab0000)
  to   space 21824K,   0% used [0x00000000e6ab0000, 0x00000000e6ab0000, 0x00000000e8000000)
 concurrent mark-sweep generation total 393216K, used 21342K [0x00000000e8000000, 0x0000000100000000, 0x0000000100000000)
 Metaspace       used 34454K, capacity 34976K, committed 35276K, reserved 1081344K
  class space    used 3841K, capacity 3989K, committed 4044K, reserved 1048576K
2015-12-06T20:03:50.802+0530: 521.110: [GC (Allocation Failure) 521.110: [ParNew
Desired survivor size 20112992 bytes, new threshold 8 (max 8)
- age   1:    4374512 bytes,    4374512 total
- age   2:     322800 bytes,    4697312 total
- age   3:     425568 bytes,    5122880 total
- age   4:     318464 bytes,    5441344 total
- age   5:     158416 bytes,    5599760 total
- age   6:      64448 bytes,    5664208 total
- age   7:    1949128 bytes,    7613336 total
- age   8:     535832 bytes,    8149168 total
: 99712K->11288K(109248K), 0.0259268 secs] 121054K->32718K(502464K), 0.0262852 secs] [Times: user=0.04 sys=0.00, real=0.02 secs] 
Heap after GC invocations=33 (full 1):
 par new generation   total 109248K, used 11288K [0x00000000e0000000, 0x00000000e8000000, 0x00000000e8000000)
  eden space 87424K,   0% used [0x00000000e0000000, 0x00000000e0000000, 0x00000000e5560000)
  from space 21824K,  51% used [0x00000000e6ab0000, 0x00000000e75b62b0, 0x00000000e8000000)
  to   space 21824K,   0% used [0x00000000e5560000, 0x00000000e5560000, 0x00000000e6ab0000)
 concurrent mark-sweep generation total 393216K, used 21429K [0x00000000e8000000, 0x0000000100000000, 0x0000000100000000)
 Metaspace       used 34454K, capacity 34976K, committed 35276K, reserved 1081344K
  class space    used 3841K, capacity 3989K, committed 4044K, reserved 1048576K
}
2015-12-06T20:03:50.829+0530: 521.137: Total time for which application threads were stopped: 0.0269008 seconds, Stopping threads took: 0.0000343 seconds
2015-12-06T20:04:04.238+0530: 534.546: Total time for which application threads were stopped: 0.0003587 seconds, Stopping threads took: 0.0000619 seconds
2015-12-06T20:04:04.241+0530: 534.549: Total time for which application threads were stopped: 0.0002249 seconds, Stopping threads took: 0.0000523 seconds
2015-12-06T20:04:04.243+0530: 534.551: Total time for which application threads were stopped: 0.0001506 seconds, Stopping threads took: 0.0000303 seconds
2015-12-06T20:04:04.243+0530: 534.551: Total time for which application threads were stopped: 0.0000623 seconds, Stopping threads took: 0.0000133 seconds
2015-12-06T20:04:04.245+0530: 534.553: Total time for which application threads were stopped: 0.0001899 seconds, Stopping threads took: 0.0000422 seconds
2015-12-06T20:04:04.245+0530: 534.553: Total time for which application threads were stopped: 0.0000861 seconds, Stopping threads took: 0.0000152 seconds
2015-12-06T20:04:04.245+0530: 534.553: Total time for which application threads were stopped: 0.0000772 seconds, Stopping threads took: 0.0000123 seconds
2015-12-06T20:04:04.584+0530: 534.892: Total time for which application threads were stopped: 0.0004834 seconds, Stopping threads took: 0.0001459 seconds
2015-12-06T20:04:04.585+0530: 534.893: Total time for which application threads were stopped: 0.0004678 seconds, Stopping threads took: 0.0002479 seconds
2015-12-06T20:04:04.586+0530: 534.894: Total time for which application threads were stopped: 0.0003285 seconds, Stopping threads took: 0.0001196 seconds
2015-12-06T20:04:04.586+0530: 534.894: Total time for which application threads were stopped: 0.0003176 seconds, Stopping threads took: 0.0000893 seconds
2015-12-06T20:04:04.587+0530: 534.895: Total time for which application threads were stopped: 0.0003024 seconds, Stopping threads took: 0.0000520 seconds
2015-12-06T20:04:04.685+0530: 534.993: Total time for which application threads were stopped: 0.0013803 seconds, Stopping threads took: 0.0011465 seconds
2015-12-06T20:04:04.695+0530: 535.003: Total time for which application threads were stopped: 0.0001938 seconds, Stopping threads took: 0.0000657 seconds
2015-12-06T20:04:05.579+0530: 535.887: Total time for which application threads were stopped: 0.0001705 seconds, Stopping threads took: 0.0000348 seconds
2015-12-06T20:04:05.579+0530: 535.887: Total time for which application threads were stopped: 0.0000995 seconds, Stopping threads took: 0.0000189 seconds
2015-12-06T20:04:05.579+0530: 535.887: Total time for which application threads were stopped: 0.0000665 seconds, Stopping threads took: 0.0000108 seconds
2015-12-06T20:04:05.622+0530: 535.930: Total time for which application threads were stopped: 0.0001944 seconds, Stopping threads took: 0.0000387 seconds
2015-12-06T20:04:06.622+0530: 536.930: Total time for which application threads were stopped: 0.0001749 seconds, Stopping threads took: 0.0000383 seconds
2015-12-06T20:04:08.955+0530: 539.263: Total time for which application threads were stopped: 0.0002105 seconds, Stopping threads took: 0.0000374 seconds
2015-12-06T20:04:08.955+0530: 539.263: Total time for which application threads were stopped: 0.0001199 seconds, Stopping threads took: 0.0000184 seconds
2015-12-06T20:04:08.955+0530: 539.264: Total time for which application threads were stopped: 0.0001098 seconds, Stopping threads took: 0.0000176 seconds
2015-12-06T20:04:09.956+0530: 540.264: Total time for which application threads were stopped: 0.0001743 seconds, Stopping threads took: 0.0000330 seconds
2015-12-06T20:04:10.956+0530: 541.264: Total time for which application threads were stopped: 0.0003822 seconds, Stopping threads took: 0.0000640 seconds
2015-12-06T20:04:11.957+0530: 542.265: Total time for which application threads were stopped: 0.0003230 seconds, Stopping threads took: 0.0000579 seconds
2015-12-06T20:04:13.957+0530: 544.265: Total time for which application threads were stopped: 0.0002928 seconds, Stopping threads took: 0.0001488 seconds
2015-12-06T20:04:14.958+0530: 545.266: Total time for which application threads were stopped: 0.0002915 seconds, Stopping threads took: 0.0000560 seconds
2015-12-06T20:04:18.958+0530: 549.267: Total time for which application threads were stopped: 0.0002814 seconds, Stopping threads took: 0.0000538 seconds
2015-12-06T20:04:21.959+0530: 552.267: Total time for which application threads were stopped: 0.0001734 seconds, Stopping threads took: 0.0000329 seconds
2015-12-06T20:04:22.959+0530: 553.268: Total time for which application threads were stopped: 0.0002444 seconds, Stopping threads took: 0.0000493 seconds
2015-12-06T20:04:36.961+0530: 567.269: Total time for which application threads were stopped: 0.0001525 seconds, Stopping threads took: 0.0000285 seconds
2015-12-06T20:04:38.660+0530: 568.968: Total time for which application threads were stopped: 0.0001388 seconds, Stopping threads took: 0.0000268 seconds
2015-12-06T20:04:38.661+0530: 568.969: Total time for which application threads were stopped: 0.0000758 seconds, Stopping threads took: 0.0000154 seconds
2015-12-06T20:04:38.661+0530: 568.969: Total time for which application threads were stopped: 0.0000522 seconds, Stopping threads took: 0.0000113 seconds
2015-12-06T20:04:38.661+0530: 568.969: Total time for which application threads were stopped: 0.0000997 seconds, Stopping threads took: 0.0000323 seconds
2015-12-06T20:04:38.662+0530: 568.970: Total time for which application threads were stopped: 0.0000826 seconds, Stopping threads took: 0.0000280 seconds
2015-12-06T20:04:39.603+0530: 569.911: Total time for which application threads were stopped: 0.0004175 seconds, Stopping threads took: 0.0000740 seconds
2015-12-06T20:04:39.604+0530: 569.912: Total time for which application threads were stopped: 0.0002866 seconds, Stopping threads took: 0.0000430 seconds
2015-12-06T20:04:42.679+0530: 572.987: Total time for which application threads were stopped: 0.0001724 seconds, Stopping threads took: 0.0000465 seconds
2015-12-06T20:04:42.679+0530: 572.987: Total time for which application threads were stopped: 0.0001211 seconds, Stopping threads took: 0.0000159 seconds
2015-12-06T20:04:43.005+0530: 573.313: Total time for which application threads were stopped: 0.0002990 seconds, Stopping threads took: 0.0000583 seconds
2015-12-06T20:04:45.005+0530: 575.313: Total time for which application threads were stopped: 0.0002884 seconds, Stopping threads took: 0.0000463 seconds
2015-12-06T20:04:49.562+0530: 579.871: Total time for which application threads were stopped: 0.0002151 seconds, Stopping threads took: 0.0000602 seconds
2015-12-06T20:04:51.260+0530: 581.568: Total time for which application threads were stopped: 0.0004608 seconds, Stopping threads took: 0.0001196 seconds
2015-12-06T20:04:51.260+0530: 581.569: Total time for which application threads were stopped: 0.0004716 seconds, Stopping threads took: 0.0001129 seconds
2015-12-06T20:04:51.391+0530: 581.699: Total time for which application threads were stopped: 0.0002126 seconds, Stopping threads took: 0.0000597 seconds
2015-12-06T20:04:51.392+0530: 581.700: Total time for which application threads were stopped: 0.0001132 seconds, Stopping threads took: 0.0000261 seconds
2015-12-06T20:04:51.392+0530: 581.700: Total time for which application threads were stopped: 0.0001166 seconds, Stopping threads took: 0.0000321 seconds
2015-12-06T20:04:52.528+0530: 582.836: Total time for which application threads were stopped: 0.0004349 seconds, Stopping threads took: 0.0000384 seconds
2015-12-06T20:04:56.788+0530: 587.097: Total time for which application threads were stopped: 0.0001455 seconds, Stopping threads took: 0.0000320 seconds
2015-12-06T20:04:56.789+0530: 587.097: Total time for which application threads were stopped: 0.0000627 seconds, Stopping threads took: 0.0000129 seconds
2015-12-06T20:05:00.612+0530: 590.920: Total time for which application threads were stopped: 0.0001856 seconds, Stopping threads took: 0.0000461 seconds
2015-12-06T20:05:00.612+0530: 590.921: Total time for which application threads were stopped: 0.0000857 seconds, Stopping threads took: 0.0000151 seconds
2015-12-06T20:05:01.613+0530: 591.921: Total time for which application threads were stopped: 0.0002188 seconds, Stopping threads took: 0.0000468 seconds
2015-12-06T20:05:04.702+0530: 595.010: Total time for which application threads were stopped: 0.0002872 seconds, Stopping threads took: 0.0000593 seconds
2015-12-06T20:05:07.702+0530: 598.011: Total time for which application threads were stopped: 0.0001688 seconds, Stopping threads took: 0.0000445 seconds
{Heap before GC invocations=33 (full 1):
 par new generation   total 109248K, used 98712K [0x00000000e0000000, 0x00000000e8000000, 0x00000000e8000000)
  eden space 87424K, 100% used [0x00000000e0000000, 0x00000000e5560000, 0x00000000e5560000)
  from space 21824K,  51% used [0x00000000e6ab0000, 0x00000000e75b62b0, 0x00000000e8000000)
  to   space 21824K,   0% used [0x00000000e5560000, 0x00000000e5560000, 0x00000000e6ab0000)
 concurrent mark-sweep generation total 393216K, used 21429K [0x00000000e8000000, 0x0000000100000000, 0x0000000100000000)
 Metaspace       used 34499K, capacity 35040K, committed 35276K, reserved 1081344K
  class space    used 3841K, capacity 3989K, committed 4044K, reserved 1048576K
2015-12-06T20:05:08.073+0530: 598.381: [GC (Allocation Failure) 598.496: [ParNew
Desired survivor size 20112992 bytes, new threshold 8 (max 8)
- age   1:    4004728 bytes,    4004728 total
- age   2:     397528 bytes,    4402256 total
- age   3:     288280 bytes,    4690536 total
- age   4:     421592 bytes,    5112128 total
- age   5:      45880 bytes,    5158008 total
- age   6:      23008 bytes,    5181016 total
- age   7:      64448 bytes,    5245464 total
- age   8:    1948992 bytes,    7194456 total
: 98712K->8477K(109248K), 0.0170343 secs] 120142K->30434K(502464K), 0.1951583 secs] [Times: user=0.06 sys=0.00, real=0.20 secs] 
Heap after GC invocations=34 (full 1):
 par new generation   total 109248K, used 8477K [0x00000000e0000000, 0x00000000e8000000, 0x00000000e8000000)
  eden space 87424K,   0% used [0x00000000e0000000, 0x00000000e0000000, 0x00000000e5560000)
  from space 21824K,  38% used [0x00000000e5560000, 0x00000000e5da74c0, 0x00000000e6ab0000)
  to   space 21824K,   0% used [0x00000000e6ab0000, 0x00000000e6ab0000, 0x00000000e8000000)
 concurrent mark-sweep generation total 393216K, used 21957K [0x00000000e8000000, 0x0000000100000000, 0x0000000100000000)
 Metaspace       used 34499K, capacity 35040K, committed 35276K, reserved 1081344K
  class space    used 3841K, capacity 3989K, committed 4044K, reserved 1048576K
}
2015-12-06T20:05:08.268+0530: 598.577: Total time for which application threads were stopped: 0.1956765 seconds, Stopping threads took: 0.0000294 seconds
2015-12-06T20:05:08.269+0530: 598.577: Total time for which application threads were stopped: 0.0004194 seconds, Stopping threads took: 0.0000703 seconds
2015-12-06T20:05:08.537+0530: 598.845: Total time for which application threads were stopped: 0.0004290 seconds, Stopping threads took: 0.0001271 seconds
2015-12-06T20:05:08.537+0530: 598.845: Total time for which application threads were stopped: 0.0001301 seconds, Stopping threads took: 0.0000227 seconds
2015-12-06T20:05:08.537+0530: 598.846: Total time for which application threads were stopped: 0.0001054 seconds, Stopping threads took: 0.0000162 seconds
2015-12-06T20:05:08.538+0530: 598.846: Total time for which application threads were stopped: 0.0000975 seconds, Stopping threads took: 0.0000114 seconds
2015-12-06T20:05:08.538+0530: 598.846: Total time for which application threads were stopped: 0.0001029 seconds, Stopping threads took: 0.0000122 seconds
2015-12-06T20:05:09.797+0530: 600.105: Total time for which application threads were stopped: 0.0002687 seconds, Stopping threads took: 0.0000943 seconds
2015-12-06T20:05:09.798+0530: 600.106: Total time for which application threads were stopped: 0.0001393 seconds, Stopping threads took: 0.0000402 seconds
2015-12-06T20:05:10.568+0530: 600.876: Total time for which application threads were stopped: 0.0002339 seconds, Stopping threads took: 0.0000340 seconds
2015-12-06T20:05:11.568+0530: 601.876: Total time for which application threads were stopped: 0.0001905 seconds, Stopping threads took: 0.0000670 seconds
2015-12-06T20:05:12.101+0530: 602.409: Total time for which application threads were stopped: 0.0001841 seconds, Stopping threads took: 0.0000302 seconds
2015-12-06T20:05:12.116+0530: 602.424: Total time for which application threads were stopped: 0.0001435 seconds, Stopping threads took: 0.0000280 seconds
2015-12-06T20:05:12.116+0530: 602.424: Total time for which application threads were stopped: 0.0000616 seconds, Stopping threads took: 0.0000129 seconds
2015-12-06T20:05:12.116+0530: 602.424: Total time for which application threads were stopped: 0.0000586 seconds, Stopping threads took: 0.0000105 seconds
2015-12-06T20:05:12.285+0530: 602.593: Total time for which application threads were stopped: 0.0002283 seconds, Stopping threads took: 0.0000815 seconds
2015-12-06T20:05:12.808+0530: 603.116: Total time for which application threads were stopped: 0.0001457 seconds, Stopping threads took: 0.0000311 seconds
2015-12-06T20:05:12.808+0530: 603.116: Total time for which application threads were stopped: 0.0000776 seconds, Stopping threads took: 0.0000141 seconds
2015-12-06T20:05:12.808+0530: 603.117: Total time for which application threads were stopped: 0.0000553 seconds, Stopping threads took: 0.0000104 seconds
2015-12-06T20:05:16.809+0530: 607.117: Total time for which application threads were stopped: 0.0001465 seconds, Stopping threads took: 0.0000281 seconds
2015-12-06T20:05:18.156+0530: 608.464: Total time for which application threads were stopped: 0.0002109 seconds, Stopping threads took: 0.0000583 seconds
2015-12-06T20:05:18.250+0530: 608.558: Total time for which application threads were stopped: 0.0001671 seconds, Stopping threads took: 0.0000501 seconds
2015-12-06T20:05:18.250+0530: 608.558: Total time for which application threads were stopped: 0.0000826 seconds, Stopping threads took: 0.0000190 seconds
2015-12-06T20:05:18.251+0530: 608.559: Total time for which application threads were stopped: 0.0002477 seconds, Stopping threads took: 0.0000856 seconds
2015-12-06T20:05:18.254+0530: 608.562: Total time for which application threads were stopped: 0.0001772 seconds, Stopping threads took: 0.0000547 seconds
2015-12-06T20:05:18.259+0530: 608.567: Total time for which application threads were stopped: 0.0016390 seconds, Stopping threads took: 0.0015093 seconds
2015-12-06T20:05:18.259+0530: 608.567: Total time for which application threads were stopped: 0.0000926 seconds, Stopping threads took: 0.0000323 seconds
2015-12-06T20:05:18.338+0530: 608.646: Total time for which application threads were stopped: 0.0001620 seconds, Stopping threads took: 0.0000434 seconds
2015-12-06T20:05:19.338+0530: 609.647: Total time for which application threads were stopped: 0.0001361 seconds, Stopping threads took: 0.0000276 seconds
2015-12-06T20:05:20.014+0530: 610.322: Total time for which application threads were stopped: 0.0002078 seconds, Stopping threads took: 0.0000540 seconds
2015-12-06T20:05:20.015+0530: 610.323: Total time for which application threads were stopped: 0.0007574 seconds, Stopping threads took: 0.0006536 seconds
2015-12-06T20:05:20.015+0530: 610.323: Total time for which application threads were stopped: 0.0000985 seconds, Stopping threads took: 0.0000197 seconds
2015-12-06T20:05:21.015+0530: 611.324: Total time for which application threads were stopped: 0.0001599 seconds, Stopping threads took: 0.0000288 seconds
2015-12-06T20:05:22.016+0530: 612.324: Total time for which application threads were stopped: 0.0002465 seconds, Stopping threads took: 0.0000539 seconds
2015-12-06T20:05:24.016+0530: 614.324: Total time for which application threads were stopped: 0.0001461 seconds, Stopping threads took: 0.0000318 seconds
{Heap before GC invocations=34 (full 1):
 par new generation   total 109248K, used 95891K [0x00000000e0000000, 0x00000000e8000000, 0x00000000e8000000)
  eden space 87424K,  99% used [0x00000000e0000000, 0x00000000e555d888, 0x00000000e5560000)
  from space 21824K,  38% used [0x00000000e5560000, 0x00000000e5da74c0, 0x00000000e6ab0000)
  to   space 21824K,   0% used [0x00000000e6ab0000, 0x00000000e6ab0000, 0x00000000e8000000)
 concurrent mark-sweep generation total 393216K, used 21957K [0x00000000e8000000, 0x0000000100000000, 0x0000000100000000)
 Metaspace       used 34527K, capacity 35040K, committed 35276K, reserved 1081344K
  class space    used 3841K, capacity 3989K, committed 4044K, reserved 1048576K
2015-12-06T20:05:25.339+0530: 615.647: [GC (Allocation Failure) 615.647: [ParNew
Desired survivor size 20112992 bytes, new threshold 8 (max 8)
- age   1:    5081456 bytes,    5081456 total
- age   2:     390328 bytes,    5471784 total
- age   3:     350864 bytes,    5822648 total
- age   4:     278848 bytes,    6101496 total
- age   5:     214432 bytes,    6315928 total
- age   6:      42800 bytes,    6358728 total
- age   7:      22232 bytes,    6380960 total
- age   8:      64448 bytes,    6445408 total
: 95891K->11075K(109248K), 0.0109484 secs] 117848K->34945K(502464K), 0.0112424 secs] [Times: user=0.03 sys=0.00, real=0.01 secs] 
Heap after GC invocations=35 (full 1):
 par new generation   total 109248K, used 11075K [0x00000000e0000000, 0x00000000e8000000, 0x00000000e8000000)
  eden space 87424K,   0% used [0x00000000e0000000, 0x00000000e0000000, 0x00000000e5560000)
  from space 21824K,  50% used [0x00000000e6ab0000, 0x00000000e7580f38, 0x00000000e8000000)
  to   space 21824K,   0% used [0x00000000e5560000, 0x00000000e5560000, 0x00000000e6ab0000)
 concurrent mark-sweep generation total 393216K, used 23869K [0x00000000e8000000, 0x0000000100000000, 0x0000000100000000)
 Metaspace       used 34527K, capacity 35040K, committed 35276K, reserved 1081344K
  class space    used 3841K, capacity 3989K, committed 4044K, reserved 1048576K
}
2015-12-06T20:05:25.350+0530: 615.659: Total time for which application threads were stopped: 0.0115325 seconds, Stopping threads took: 0.0000284 seconds
2015-12-06T20:05:26.351+0530: 616.659: Total time for which application threads were stopped: 0.0001468 seconds, Stopping threads took: 0.0000336 seconds
2015-12-06T20:05:27.351+0530: 617.659: Total time for which application threads were stopped: 0.0001730 seconds, Stopping threads took: 0.0000332 seconds
2015-12-06T20:05:27.937+0530: 618.246: Total time for which application threads were stopped: 0.0001512 seconds, Stopping threads took: 0.0000300 seconds
2015-12-06T20:05:27.938+0530: 618.246: Total time for which application threads were stopped: 0.0000675 seconds, Stopping threads took: 0.0000110 seconds
2015-12-06T20:05:27.938+0530: 618.246: Total time for which application threads were stopped: 0.0000659 seconds, Stopping threads took: 0.0000112 seconds
2015-12-06T20:05:27.938+0530: 618.246: Total time for which application threads were stopped: 0.0001495 seconds, Stopping threads took: 0.0001000 seconds
2015-12-06T20:05:28.938+0530: 619.246: Total time for which application threads were stopped: 0.0001714 seconds, Stopping threads took: 0.0000325 seconds
2015-12-06T20:05:30.741+0530: 621.049: Total time for which application threads were stopped: 0.0001262 seconds, Stopping threads took: 0.0000220 seconds
2015-12-06T20:05:30.741+0530: 621.049: Total time for which application threads were stopped: 0.0000588 seconds, Stopping threads took: 0.0000101 seconds
2015-12-06T20:05:30.741+0530: 621.050: Total time for which application threads were stopped: 0.0001744 seconds, Stopping threads took: 0.0000105 seconds
2015-12-06T20:05:31.960+0530: 622.268: Total time for which application threads were stopped: 0.0001364 seconds, Stopping threads took: 0.0000315 seconds
2015-12-06T20:05:32.934+0530: 623.243: Total time for which application threads were stopped: 0.0002015 seconds, Stopping threads took: 0.0000550 seconds
2015-12-06T20:05:32.935+0530: 623.243: Total time for which application threads were stopped: 0.0000806 seconds, Stopping threads took: 0.0000184 seconds
2015-12-06T20:05:32.935+0530: 623.243: Total time for which application threads were stopped: 0.0000700 seconds, Stopping threads took: 0.0000110 seconds
2015-12-06T20:05:33.898+0530: 624.207: Total time for which application threads were stopped: 0.0001903 seconds, Stopping threads took: 0.0000552 seconds
2015-12-06T20:05:34.495+0530: 624.803: Total time for which application threads were stopped: 0.0001449 seconds, Stopping threads took: 0.0000244 seconds
2015-12-06T20:05:34.495+0530: 624.803: Total time for which application threads were stopped: 0.0000681 seconds, Stopping threads took: 0.0000141 seconds
2015-12-06T20:05:34.495+0530: 624.803: Total time for which application threads were stopped: 0.0000595 seconds, Stopping threads took: 0.0000111 seconds
2015-12-06T20:05:38.496+0530: 628.804: Total time for which application threads were stopped: 0.0001833 seconds, Stopping threads took: 0.0000332 seconds
2015-12-06T20:05:41.421+0530: 631.729: Total time for which application threads were stopped: 0.0001665 seconds, Stopping threads took: 0.0000252 seconds
2015-12-06T20:05:41.456+0530: 631.764: Total time for which application threads were stopped: 0.0002241 seconds, Stopping threads took: 0.0000390 seconds
2015-12-06T20:05:42.013+0530: 632.321: Total time for which application threads were stopped: 0.0001636 seconds, Stopping threads took: 0.0000328 seconds
2015-12-06T20:05:42.014+0530: 632.322: Total time for which application threads were stopped: 0.0003159 seconds, Stopping threads took: 0.0000215 seconds
2015-12-06T20:05:42.026+0530: 632.334: Total time for which application threads were stopped: 0.0001984 seconds, Stopping threads took: 0.0000625 seconds
2015-12-06T20:05:44.382+0530: 634.691: Total time for which application threads were stopped: 0.0001360 seconds, Stopping threads took: 0.0000274 seconds
2015-12-06T20:05:45.750+0530: 636.058: Total time for which application threads were stopped: 0.0009957 seconds, Stopping threads took: 0.0006991 seconds
2015-12-06T20:05:45.750+0530: 636.059: Total time for which application threads were stopped: 0.0002035 seconds, Stopping threads took: 0.0000496 seconds
2015-12-06T20:05:48.692+0530: 639.000: Total time for which application threads were stopped: 0.0004001 seconds, Stopping threads took: 0.0002443 seconds
2015-12-06T20:05:48.693+0530: 639.001: Total time for which application threads were stopped: 0.0003606 seconds, Stopping threads took: 0.0000679 seconds
2015-12-06T20:05:49.693+0530: 640.001: Total time for which application threads were stopped: 0.0002993 seconds, Stopping threads took: 0.0000428 seconds
2015-12-06T20:05:50.605+0530: 640.913: Total time for which application threads were stopped: 0.0001783 seconds, Stopping threads took: 0.0000459 seconds
2015-12-06T20:05:51.605+0530: 641.914: Total time for which application threads were stopped: 0.0001458 seconds, Stopping threads took: 0.0000296 seconds
2015-12-06T20:05:53.162+0530: 643.470: Total time for which application threads were stopped: 0.0001420 seconds, Stopping threads took: 0.0000336 seconds
2015-12-06T20:05:53.162+0530: 643.470: Total time for which application threads were stopped: 0.0000710 seconds, Stopping threads took: 0.0000124 seconds
2015-12-06T20:05:53.162+0530: 643.471: Total time for which application threads were stopped: 0.0000623 seconds, Stopping threads took: 0.0000083 seconds
2015-12-06T20:05:54.765+0530: 645.073: Total time for which application threads were stopped: 0.0002718 seconds, Stopping threads took: 0.0000488 seconds
2015-12-06T20:05:55.765+0530: 646.073: Total time for which application threads were stopped: 0.0003513 seconds, Stopping threads took: 0.0000571 seconds
2015-12-06T20:05:56.520+0530: 646.828: Total time for which application threads were stopped: 0.0001916 seconds, Stopping threads took: 0.0000320 seconds
2015-12-06T20:05:56.520+0530: 646.829: Total time for which application threads were stopped: 0.0000901 seconds, Stopping threads took: 0.0000171 seconds
2015-12-06T20:05:56.521+0530: 646.829: Total time for which application threads were stopped: 0.0000681 seconds, Stopping threads took: 0.0000116 seconds
2015-12-06T20:06:07.036+0530: 657.345: Total time for which application threads were stopped: 0.0002149 seconds, Stopping threads took: 0.0000405 seconds
2015-12-06T20:06:07.037+0530: 657.345: Total time for which application threads were stopped: 0.0001215 seconds, Stopping threads took: 0.0000267 seconds
2015-12-06T20:06:07.037+0530: 657.345: Total time for which application threads were stopped: 0.0001478 seconds, Stopping threads took: 0.0000491 seconds
2015-12-06T20:06:08.037+0530: 658.345: Total time for which application threads were stopped: 0.0003367 seconds, Stopping threads took: 0.0000535 seconds
2015-12-06T20:06:12.215+0530: 662.523: Total time for which application threads were stopped: 0.0002249 seconds, Stopping threads took: 0.0000461 seconds
2015-12-06T20:06:12.215+0530: 662.523: Total time for which application threads were stopped: 0.0000742 seconds, Stopping threads took: 0.0000156 seconds
2015-12-06T20:06:12.215+0530: 662.523: Total time for which application threads were stopped: 0.0000527 seconds, Stopping threads took: 0.0000099 seconds
2015-12-06T20:06:12.678+0530: 662.986: Total time for which application threads were stopped: 0.0004854 seconds, Stopping threads took: 0.0000709 seconds
{Heap before GC invocations=35 (full 1):
 par new generation   total 109248K, used 98499K [0x00000000e0000000, 0x00000000e8000000, 0x00000000e8000000)
  eden space 87424K, 100% used [0x00000000e0000000, 0x00000000e5560000, 0x00000000e5560000)
  from space 21824K,  50% used [0x00000000e6ab0000, 0x00000000e7580f38, 0x00000000e8000000)
  to   space 21824K,   0% used [0x00000000e5560000, 0x00000000e5560000, 0x00000000e6ab0000)
 concurrent mark-sweep generation total 393216K, used 23869K [0x00000000e8000000, 0x0000000100000000, 0x0000000100000000)
 Metaspace       used 34566K, capacity 35104K, committed 35276K, reserved 1081344K
  class space    used 3841K, capacity 3989K, committed 4044K, reserved 1048576K
2015-12-06T20:06:12.737+0530: 663.046: [GC (Allocation Failure) 663.046: [ParNew
Desired survivor size 20112992 bytes, new threshold 8 (max 8)
- age   1:    5463144 bytes,    5463144 total
- age   2:    1683424 bytes,    7146568 total
- age   3:     278472 bytes,    7425040 total
- age   4:      11288 bytes,    7436328 total
- age   5:       7072 bytes,    7443400 total
- age   6:      11224 bytes,    7454624 total
- age   7:      42800 bytes,    7497424 total
- age   8:      22232 bytes,    7519656 total
: 98499K->9467K(109248K), 0.0202681 secs] 122369K->33400K(502464K), 0.8519002 secs] [Times: user=0.03 sys=0.00, real=0.85 secs] 
Heap after GC invocations=36 (full 1):
 par new generation   total 109248K, used 9467K [0x00000000e0000000, 0x00000000e8000000, 0x00000000e8000000)
  eden space 87424K,   0% used [0x00000000e0000000, 0x00000000e0000000, 0x00000000e5560000)
  from space 21824K,  43% used [0x00000000e5560000, 0x00000000e5e9ee20, 0x00000000e6ab0000)
  to   space 21824K,   0% used [0x00000000e6ab0000, 0x00000000e6ab0000, 0x00000000e8000000)
 concurrent mark-sweep generation total 393216K, used 23932K [0x00000000e8000000, 0x0000000100000000, 0x0000000100000000)
 Metaspace       used 34566K, capacity 35104K, committed 35276K, reserved 1081344K
  class space    used 3841K, capacity 3989K, committed 4044K, reserved 1048576K
}
2015-12-06T20:06:13.590+0530: 663.898: Total time for which application threads were stopped: 0.8525828 seconds, Stopping threads took: 0.0001074 seconds
2015-12-06T20:06:15.216+0530: 665.524: Total time for which application threads were stopped: 0.0001800 seconds, Stopping threads took: 0.0000326 seconds
2015-12-06T20:06:15.217+0530: 665.525: Total time for which application threads were stopped: 0.0001104 seconds, Stopping threads took: 0.0000339 seconds
2015-12-06T20:06:15.218+0530: 665.526: Total time for which application threads were stopped: 0.0002756 seconds, Stopping threads took: 0.0000809 seconds
2015-12-06T20:06:17.875+0530: 668.183: Total time for which application threads were stopped: 0.0002935 seconds, Stopping threads took: 0.0000482 seconds
2015-12-06T20:06:17.876+0530: 668.184: Total time for which application threads were stopped: 0.0002138 seconds, Stopping threads took: 0.0000343 seconds
2015-12-06T20:06:17.876+0530: 668.184: Total time for which application threads were stopped: 0.0002023 seconds, Stopping threads took: 0.0000335 seconds
2015-12-06T20:06:19.540+0530: 669.848: Total time for which application threads were stopped: 0.0004810 seconds, Stopping threads took: 0.0000380 seconds
2015-12-06T20:06:19.541+0530: 669.849: Total time for which application threads were stopped: 0.0003082 seconds, Stopping threads took: 0.0000238 seconds
2015-12-06T20:06:19.541+0530: 669.849: Total time for which application threads were stopped: 0.0001323 seconds, Stopping threads took: 0.0000253 seconds
2015-12-06T20:06:21.541+0530: 671.850: Total time for which application threads were stopped: 0.0002609 seconds, Stopping threads took: 0.0000641 seconds
2015-12-06T20:06:24.542+0530: 674.850: Total time for which application threads were stopped: 0.0003507 seconds, Stopping threads took: 0.0000585 seconds
2015-12-06T20:06:28.543+0530: 678.851: Total time for which application threads were stopped: 0.0001781 seconds, Stopping threads took: 0.0000330 seconds
2015-12-06T20:06:28.805+0530: 679.114: Total time for which application threads were stopped: 0.0002872 seconds, Stopping threads took: 0.0000595 seconds
2015-12-06T20:06:28.806+0530: 679.114: Total time for which application threads were stopped: 0.0002641 seconds, Stopping threads took: 0.0000609 seconds
2015-12-06T20:06:30.807+0530: 681.115: Total time for which application threads were stopped: 0.0002870 seconds, Stopping threads took: 0.0000546 seconds
2015-12-06T20:06:31.807+0530: 682.115: Total time for which application threads were stopped: 0.0003449 seconds, Stopping threads took: 0.0000615 seconds
2015-12-06T20:06:36.808+0530: 687.116: Total time for which application threads were stopped: 0.0002966 seconds, Stopping threads took: 0.0000627 seconds
2015-12-06T20:06:37.809+0530: 688.117: Total time for which application threads were stopped: 0.0003049 seconds, Stopping threads took: 0.0000575 seconds
2015-12-06T20:06:37.985+0530: 688.293: Total time for which application threads were stopped: 0.0001732 seconds, Stopping threads took: 0.0000275 seconds
2015-12-06T20:06:37.987+0530: 688.295: Total time for which application threads were stopped: 0.0001409 seconds, Stopping threads took: 0.0000212 seconds
2015-12-06T20:06:38.700+0530: 689.009: Total time for which application threads were stopped: 0.0003033 seconds, Stopping threads took: 0.0000574 seconds
2015-12-06T20:06:38.794+0530: 689.102: Total time for which application threads were stopped: 0.0003152 seconds, Stopping threads took: 0.0000586 seconds
2015-12-06T20:06:39.353+0530: 689.661: Total time for which application threads were stopped: 0.0001580 seconds, Stopping threads took: 0.0000230 seconds
2015-12-06T20:06:39.662+0530: 689.970: Total time for which application threads were stopped: 0.0002147 seconds, Stopping threads took: 0.0000552 seconds
2015-12-06T20:06:40.367+0530: 690.676: Total time for which application threads were stopped: 0.0001349 seconds, Stopping threads took: 0.0000274 seconds
2015-12-06T20:06:41.312+0530: 691.620: Total time for which application threads were stopped: 0.0001718 seconds, Stopping threads took: 0.0000345 seconds
2015-12-06T20:06:41.312+0530: 691.620: Total time for which application threads were stopped: 0.0000832 seconds, Stopping threads took: 0.0000166 seconds
2015-12-06T20:06:41.312+0530: 691.620: Total time for which application threads were stopped: 0.0000673 seconds, Stopping threads took: 0.0000131 seconds
2015-12-06T20:06:43.313+0530: 693.621: Total time for which application threads were stopped: 0.0003342 seconds, Stopping threads took: 0.0000613 seconds
2015-12-06T20:06:43.469+0530: 693.777: Total time for which application threads were stopped: 0.0004897 seconds, Stopping threads took: 0.0001204 seconds
2015-12-06T20:06:48.838+0530: 699.146: Total time for which application threads were stopped: 0.0001386 seconds, Stopping threads took: 0.0000426 seconds
2015-12-06T20:06:48.838+0530: 699.146: Total time for which application threads were stopped: 0.0000916 seconds, Stopping threads took: 0.0000296 seconds
2015-12-06T20:06:49.839+0530: 700.147: Total time for which application threads were stopped: 0.0003436 seconds, Stopping threads took: 0.0000585 seconds
2015-12-06T20:06:50.786+0530: 701.094: Total time for which application threads were stopped: 0.0001954 seconds, Stopping threads took: 0.0000349 seconds
2015-12-06T20:06:50.786+0530: 701.094: Total time for which application threads were stopped: 0.0000992 seconds, Stopping threads took: 0.0000170 seconds
2015-12-06T20:06:50.786+0530: 701.094: Total time for which application threads were stopped: 0.0000889 seconds, Stopping threads took: 0.0000273 seconds
2015-12-06T20:06:51.786+0530: 702.095: Total time for which application threads were stopped: 0.0002849 seconds, Stopping threads took: 0.0000545 seconds
2015-12-06T20:06:51.910+0530: 702.218: Total time for which application threads were stopped: 0.0003898 seconds, Stopping threads took: 0.0000738 seconds
2015-12-06T20:06:53.143+0530: 703.451: Total time for which application threads were stopped: 0.0001224 seconds, Stopping threads took: 0.0000278 seconds
2015-12-06T20:06:58.493+0530: 708.801: Total time for which application threads were stopped: 0.0003260 seconds, Stopping threads took: 0.0000459 seconds
2015-12-06T20:06:58.494+0530: 708.802: Total time for which application threads were stopped: 0.0003881 seconds, Stopping threads took: 0.0000580 seconds
2015-12-06T20:06:58.497+0530: 708.805: Total time for which application threads were stopped: 0.0002415 seconds, Stopping threads took: 0.0000557 seconds
2015-12-06T20:06:59.497+0530: 709.805: Total time for which application threads were stopped: 0.0002031 seconds, Stopping threads took: 0.0000309 seconds
2015-12-06T20:07:01.441+0530: 711.749: Total time for which application threads were stopped: 0.0003292 seconds, Stopping threads took: 0.0000790 seconds
2015-12-06T20:07:01.441+0530: 711.749: Total time for which application threads were stopped: 0.0001943 seconds, Stopping threads took: 0.0000317 seconds
2015-12-06T20:07:01.441+0530: 711.750: Total time for which application threads were stopped: 0.0001136 seconds, Stopping threads took: 0.0000384 seconds
2015-12-06T20:07:01.788+0530: 712.096: Total time for which application threads were stopped: 0.0006089 seconds, Stopping threads took: 0.0001178 seconds
2015-12-06T20:07:01.788+0530: 712.096: Total time for which application threads were stopped: 0.0001497 seconds, Stopping threads took: 0.0000291 seconds
2015-12-06T20:07:02.788+0530: 713.096: Total time for which application threads were stopped: 0.0001905 seconds, Stopping threads took: 0.0000405 seconds
2015-12-06T20:07:03.278+0530: 713.586: Total time for which application threads were stopped: 0.0002189 seconds, Stopping threads took: 0.0000350 seconds
2015-12-06T20:07:03.279+0530: 713.587: Total time for which application threads were stopped: 0.0001397 seconds, Stopping threads took: 0.0000229 seconds
2015-12-06T20:07:03.279+0530: 713.587: Total time for which application threads were stopped: 0.0001372 seconds, Stopping threads took: 0.0000225 seconds
2015-12-06T20:07:08.930+0530: 719.238: Total time for which application threads were stopped: 0.0001573 seconds, Stopping threads took: 0.0000285 seconds
2015-12-06T20:07:08.930+0530: 719.238: Total time for which application threads were stopped: 0.0000838 seconds, Stopping threads took: 0.0000161 seconds
2015-12-06T20:07:08.930+0530: 719.238: Total time for which application threads were stopped: 0.0000632 seconds, Stopping threads took: 0.0000077 seconds
2015-12-06T20:07:10.931+0530: 721.239: Total time for which application threads were stopped: 0.0002522 seconds, Stopping threads took: 0.0000536 seconds
2015-12-06T20:07:12.931+0530: 723.239: Total time for which application threads were stopped: 0.0001701 seconds, Stopping threads took: 0.0000342 seconds
2015-12-06T20:07:13.932+0530: 724.240: Total time for which application threads were stopped: 0.0002730 seconds, Stopping threads took: 0.0000579 seconds
{Heap before GC invocations=36 (full 1):
 par new generation   total 109248K, used 96891K [0x00000000e0000000, 0x00000000e8000000, 0x00000000e8000000)
  eden space 87424K, 100% used [0x00000000e0000000, 0x00000000e5560000, 0x00000000e5560000)
  from space 21824K,  43% used [0x00000000e5560000, 0x00000000e5e9ee20, 0x00000000e6ab0000)
  to   space 21824K,   0% used [0x00000000e6ab0000, 0x00000000e6ab0000, 0x00000000e8000000)
 concurrent mark-sweep generation total 393216K, used 23932K [0x00000000e8000000, 0x0000000100000000, 0x0000000100000000)
 Metaspace       used 34621K, capacity 35104K, committed 35276K, reserved 1081344K
  class space    used 3842K, capacity 3989K, committed 4044K, reserved 1048576K
2015-12-06T20:07:15.693+0530: 726.001: [GC (Allocation Failure) 726.002: [ParNew
Desired survivor size 20112992 bytes, new threshold 8 (max 8)
- age   1:    5336384 bytes,    5336384 total
- age   2:     316624 bytes,    5653008 total
- age   3:     152776 bytes,    5805784 total
- age   4:       7536 bytes,    5813320 total
- age   5:      11288 bytes,    5824608 total
- age   6:       7072 bytes,    5831680 total
- age   7:      11224 bytes,    5842904 total
- age   8:      42800 bytes,    5885704 total
: 96891K->9444K(109248K), 0.0124017 secs] 120824K->33399K(502464K), 0.1378847 secs] [Times: user=0.04 sys=0.00, real=0.13 secs] 
Heap after GC invocations=37 (full 1):
 par new generation   total 109248K, used 9444K [0x00000000e0000000, 0x00000000e8000000, 0x00000000e8000000)
  eden space 87424K,   0% used [0x00000000e0000000, 0x00000000e0000000, 0x00000000e5560000)
  from space 21824K,  43% used [0x00000000e6ab0000, 0x00000000e73e9360, 0x00000000e8000000)
  to   space 21824K,   0% used [0x00000000e5560000, 0x00000000e5560000, 0x00000000e6ab0000)
 concurrent mark-sweep generation total 393216K, used 23954K [0x00000000e8000000, 0x0000000100000000, 0x0000000100000000)
 Metaspace       used 34621K, capacity 35104K, committed 35276K, reserved 1081344K
  class space    used 3842K, capacity 3989K, committed 4044K, reserved 1048576K
}
2015-12-06T20:07:15.831+0530: 726.139: Total time for which application threads were stopped: 0.1384353 seconds, Stopping threads took: 0.0000431 seconds
2015-12-06T20:07:17.832+0530: 728.140: Total time for which application threads were stopped: 0.0002741 seconds, Stopping threads took: 0.0000564 seconds
2015-12-06T20:07:36.835+0530: 747.143: Total time for which application threads were stopped: 0.0002664 seconds, Stopping threads took: 0.0000565 seconds
2015-12-06T20:07:36.903+0530: 747.212: Total time for which application threads were stopped: 0.0003704 seconds, Stopping threads took: 0.0000769 seconds
2015-12-06T20:07:36.904+0530: 747.212: Total time for which application threads were stopped: 0.0002508 seconds, Stopping threads took: 0.0000449 seconds
2015-12-06T20:07:36.904+0530: 747.212: Total time for which application threads were stopped: 0.0002361 seconds, Stopping threads took: 0.0000452 seconds
2015-12-06T20:07:41.905+0530: 752.213: Total time for which application threads were stopped: 0.0003533 seconds, Stopping threads took: 0.0000626 seconds
2015-12-06T20:07:42.603+0530: 752.911: Total time for which application threads were stopped: 0.0003112 seconds, Stopping threads took: 0.0000645 seconds
2015-12-06T20:07:42.603+0530: 752.912: Total time for which application threads were stopped: 0.0002208 seconds, Stopping threads took: 0.0000425 seconds
2015-12-06T20:07:42.604+0530: 752.912: Total time for which application threads were stopped: 0.0001538 seconds, Stopping threads took: 0.0000218 seconds
2015-12-06T20:07:44.604+0530: 754.912: Total time for which application threads were stopped: 0.0001728 seconds, Stopping threads took: 0.0000333 seconds
2015-12-06T20:07:45.295+0530: 755.603: Total time for which application threads were stopped: 0.0005195 seconds, Stopping threads took: 0.0001760 seconds
2015-12-06T20:07:46.207+0530: 756.515: Total time for which application threads were stopped: 0.0001838 seconds, Stopping threads took: 0.0000321 seconds
2015-12-06T20:07:46.207+0530: 756.515: Total time for which application threads were stopped: 0.0000879 seconds, Stopping threads took: 0.0000141 seconds
2015-12-06T20:07:46.207+0530: 756.515: Total time for which application threads were stopped: 0.0000819 seconds, Stopping threads took: 0.0000119 seconds
2015-12-06T20:07:46.207+0530: 756.516: Total time for which application threads were stopped: 0.0000824 seconds, Stopping threads took: 0.0000118 seconds
2015-12-06T20:07:46.659+0530: 756.967: Total time for which application threads were stopped: 0.0001720 seconds, Stopping threads took: 0.0000394 seconds
2015-12-06T20:07:47.659+0530: 757.968: Total time for which application threads were stopped: 0.0003117 seconds, Stopping threads took: 0.0000563 seconds
2015-12-06T20:07:52.159+0530: 762.467: Total time for which application threads were stopped: 0.0002876 seconds, Stopping threads took: 0.0000473 seconds
2015-12-06T20:07:53.777+0530: 764.085: Total time for which application threads were stopped: 0.0001517 seconds, Stopping threads took: 0.0000277 seconds
2015-12-06T20:07:53.777+0530: 764.085: Total time for which application threads were stopped: 0.0000690 seconds, Stopping threads took: 0.0000107 seconds
2015-12-06T20:07:53.777+0530: 764.085: Total time for which application threads were stopped: 0.0000612 seconds, Stopping threads took: 0.0000086 seconds
2015-12-06T20:07:54.831+0530: 765.139: Total time for which application threads were stopped: 0.0001531 seconds, Stopping threads took: 0.0000371 seconds
2015-12-06T20:07:56.238+0530: 766.547: Total time for which application threads were stopped: 0.0002344 seconds, Stopping threads took: 0.0000710 seconds
2015-12-06T20:07:56.240+0530: 766.548: Total time for which application threads were stopped: 0.0001699 seconds, Stopping threads took: 0.0000358 seconds
2015-12-06T20:07:56.751+0530: 767.059: Total time for which application threads were stopped: 0.0011799 seconds, Stopping threads took: 0.0010295 seconds
2015-12-06T20:07:56.751+0530: 767.059: Total time for which application threads were stopped: 0.0001423 seconds, Stopping threads took: 0.0000537 seconds
2015-12-06T20:07:56.755+0530: 767.063: Total time for which application threads were stopped: 0.0001792 seconds, Stopping threads took: 0.0000367 seconds
2015-12-06T20:07:56.755+0530: 767.063: Total time for which application threads were stopped: 0.0001252 seconds, Stopping threads took: 0.0000338 seconds
2015-12-06T20:07:56.755+0530: 767.063: Total time for which application threads were stopped: 0.0001110 seconds, Stopping threads took: 0.0000331 seconds
2015-12-06T20:07:57.756+0530: 768.064: Total time for which application threads were stopped: 0.0002673 seconds, Stopping threads took: 0.0000557 seconds
2015-12-06T20:07:59.756+0530: 770.064: Total time for which application threads were stopped: 0.0001471 seconds, Stopping threads took: 0.0000309 seconds
2015-12-06T20:07:59.918+0530: 770.226: Total time for which application threads were stopped: 0.0003234 seconds, Stopping threads took: 0.0001000 seconds
2015-12-06T20:08:02.990+0530: 773.298: Total time for which application threads were stopped: 0.0002547 seconds, Stopping threads took: 0.0000581 seconds
2015-12-06T20:08:03.527+0530: 773.836: Total time for which application threads were stopped: 0.0023563 seconds, Stopping threads took: 0.0022060 seconds
2015-12-06T20:08:04.528+0530: 774.836: Total time for which application threads were stopped: 0.0001766 seconds, Stopping threads took: 0.0000376 seconds
2015-12-06T20:08:08.663+0530: 778.971: Total time for which application threads were stopped: 0.0003927 seconds, Stopping threads took: 0.0001139 seconds
2015-12-06T20:08:08.664+0530: 778.972: Total time for which application threads were stopped: 0.0002903 seconds, Stopping threads took: 0.0000742 seconds
2015-12-06T20:08:08.664+0530: 778.972: Total time for which application threads were stopped: 0.0002611 seconds, Stopping threads took: 0.0000715 seconds
2015-12-06T20:08:10.037+0530: 780.346: Total time for which application threads were stopped: 0.0004332 seconds, Stopping threads took: 0.0001586 seconds
2015-12-06T20:08:12.966+0530: 783.274: Total time for which application threads were stopped: 0.0006675 seconds, Stopping threads took: 0.0000674 seconds
2015-12-06T20:08:13.032+0530: 783.340: Total time for which application threads were stopped: 0.0002882 seconds, Stopping threads took: 0.0000524 seconds
2015-12-06T20:08:13.032+0530: 783.340: Total time for which application threads were stopped: 0.0001855 seconds, Stopping threads took: 0.0000453 seconds
2015-12-06T20:08:13.033+0530: 783.341: Total time for which application threads were stopped: 0.0002036 seconds, Stopping threads took: 0.0000708 seconds
2015-12-06T20:08:16.097+0530: 786.405: Total time for which application threads were stopped: 0.0002975 seconds, Stopping threads took: 0.0000584 seconds
2015-12-06T20:08:16.097+0530: 786.405: Total time for which application threads were stopped: 0.0000976 seconds, Stopping threads took: 0.0000187 seconds
2015-12-06T20:08:16.097+0530: 786.406: Total time for which application threads were stopped: 0.0000822 seconds, Stopping threads took: 0.0000144 seconds
2015-12-06T20:08:19.098+0530: 789.406: Total time for which application threads were stopped: 0.0002456 seconds, Stopping threads took: 0.0000500 seconds
2015-12-06T20:08:22.099+0530: 792.407: Total time for which application threads were stopped: 0.0003413 seconds, Stopping threads took: 0.0000568 seconds
2015-12-06T20:08:25.420+0530: 795.728: Total time for which application threads were stopped: 0.0003253 seconds, Stopping threads took: 0.0000582 seconds
2015-12-06T20:08:25.420+0530: 795.728: Total time for which application threads were stopped: 0.0002382 seconds, Stopping threads took: 0.0000392 seconds
2015-12-06T20:08:25.420+0530: 795.729: Total time for which application threads were stopped: 0.0001826 seconds, Stopping threads took: 0.0000290 seconds
2015-12-06T20:08:28.421+0530: 798.729: Total time for which application threads were stopped: 0.0002740 seconds, Stopping threads took: 0.0000414 seconds
{Heap before GC invocations=37 (full 1):
 par new generation   total 109248K, used 96868K [0x00000000e0000000, 0x00000000e8000000, 0x00000000e8000000)
  eden space 87424K, 100% used [0x00000000e0000000, 0x00000000e5560000, 0x00000000e5560000)
  from space 21824K,  43% used [0x00000000e6ab0000, 0x00000000e73e9360, 0x00000000e8000000)
  to   space 21824K,   0% used [0x00000000e5560000, 0x00000000e5560000, 0x00000000e6ab0000)
 concurrent mark-sweep generation total 393216K, used 23954K [0x00000000e8000000, 0x0000000100000000, 0x0000000100000000)
 Metaspace       used 34674K, capacity 35168K, committed 35276K, reserved 1081344K
  class space    used 3842K, capacity 3989K, committed 4044K, reserved 1048576K
2015-12-06T20:08:41.350+0530: 811.658: [GC (Allocation Failure) 811.759: [ParNew
Desired survivor size 20112992 bytes, new threshold 8 (max 8)
- age   1:    5595128 bytes,    5595128 total
- age   2:     460248 bytes,    6055376 total
- age   3:     289064 bytes,    6344440 total
- age   4:     150432 bytes,    6494872 total
- age   5:       7536 bytes,    6502408 total
- age   6:      11288 bytes,    6513696 total
- age   7:       7072 bytes,    6520768 total
- age   8:      11192 bytes,    6531960 total
: 96868K->8280K(109248K), 0.0145994 secs] 120823K->32276K(502464K), 0.2510637 secs] [Times: user=0.04 sys=0.00, real=0.25 secs] 
Heap after GC invocations=38 (full 1):
 par new generation   total 109248K, used 8280K [0x00000000e0000000, 0x00000000e8000000, 0x00000000e8000000)
  eden space 87424K,   0% used [0x00000000e0000000, 0x00000000e0000000, 0x00000000e5560000)
  from space 21824K,  37% used [0x00000000e5560000, 0x00000000e5d76208, 0x00000000e6ab0000)
  to   space 21824K,   0% used [0x00000000e6ab0000, 0x00000000e6ab0000, 0x00000000e8000000)
 concurrent mark-sweep generation total 393216K, used 23996K [0x00000000e8000000, 0x0000000100000000, 0x0000000100000000)
 Metaspace       used 34674K, capacity 35168K, committed 35276K, reserved 1081344K
  class space    used 3842K, capacity 3989K, committed 4044K, reserved 1048576K
}
2015-12-06T20:08:41.601+0530: 811.910: Total time for which application threads were stopped: 0.2517652 seconds, Stopping threads took: 0.0000290 seconds
2015-12-06T20:08:41.603+0530: 811.911: Total time for which application threads were stopped: 0.0008966 seconds, Stopping threads took: 0.0001691 seconds
2015-12-06T20:08:46.301+0530: 816.609: Total time for which application threads were stopped: 0.0009421 seconds, Stopping threads took: 0.0007919 seconds
2015-12-06T20:08:46.302+0530: 816.610: Total time for which application threads were stopped: 0.0001348 seconds, Stopping threads took: 0.0000472 seconds
2015-12-06T20:08:46.302+0530: 816.610: Total time for which application threads were stopped: 0.0001132 seconds, Stopping threads took: 0.0000215 seconds
2015-12-06T20:08:49.118+0530: 819.426: Total time for which application threads were stopped: 0.0003164 seconds, Stopping threads took: 0.0000565 seconds
2015-12-06T20:08:49.118+0530: 819.426: Total time for which application threads were stopped: 0.0001976 seconds, Stopping threads took: 0.0000301 seconds
2015-12-06T20:08:49.820+0530: 820.128: Total time for which application threads were stopped: 0.0001615 seconds, Stopping threads took: 0.0000310 seconds
2015-12-06T20:08:50.223+0530: 820.531: Total time for which application threads were stopped: 0.0002263 seconds, Stopping threads took: 0.0000687 seconds
2015-12-06T20:08:50.226+0530: 820.534: Total time for which application threads were stopped: 0.0002110 seconds, Stopping threads took: 0.0000425 seconds
2015-12-06T20:08:51.208+0530: 821.517: Total time for which application threads were stopped: 0.0005023 seconds, Stopping threads took: 0.0001570 seconds
2015-12-06T20:08:53.209+0530: 823.518: Total time for which application threads were stopped: 0.0003967 seconds, Stopping threads took: 0.0000587 seconds
2015-12-06T20:08:53.314+0530: 823.622: Total time for which application threads were stopped: 0.0001611 seconds, Stopping threads took: 0.0000304 seconds
2015-12-06T20:08:53.314+0530: 823.622: Total time for which application threads were stopped: 0.0000763 seconds, Stopping threads took: 0.0000145 seconds
2015-12-06T20:08:53.314+0530: 823.622: Total time for which application threads were stopped: 0.0000598 seconds, Stopping threads took: 0.0000090 seconds
2015-12-06T20:08:55.925+0530: 826.233: Total time for which application threads were stopped: 0.0001758 seconds, Stopping threads took: 0.0000299 seconds
2015-12-06T20:08:55.926+0530: 826.234: Total time for which application threads were stopped: 0.0001003 seconds, Stopping threads took: 0.0000192 seconds
2015-12-06T20:08:55.926+0530: 826.234: Total time for which application threads were stopped: 0.0000873 seconds, Stopping threads took: 0.0000164 seconds
2015-12-06T20:08:56.926+0530: 827.234: Total time for which application threads were stopped: 0.0002900 seconds, Stopping threads took: 0.0000485 seconds
2015-12-06T20:09:02.927+0530: 833.235: Total time for which application threads were stopped: 0.0003349 seconds, Stopping threads took: 0.0000629 seconds
2015-12-06T20:09:04.936+0530: 835.245: Total time for which application threads were stopped: 0.0065766 seconds, Stopping threads took: 0.0064216 seconds
2015-12-06T20:09:04.937+0530: 835.245: Total time for which application threads were stopped: 0.0000944 seconds, Stopping threads took: 0.0000211 seconds
2015-12-06T20:09:04.949+0530: 835.257: Total time for which application threads were stopped: 0.0002185 seconds, Stopping threads took: 0.0000348 seconds
2015-12-06T20:09:04.986+0530: 835.294: Total time for which application threads were stopped: 0.0010536 seconds, Stopping threads took: 0.0008380 seconds
2015-12-06T20:09:04.988+0530: 835.296: Total time for which application threads were stopped: 0.0002081 seconds, Stopping threads took: 0.0000599 seconds
2015-12-06T20:09:04.988+0530: 835.296: Total time for which application threads were stopped: 0.0001225 seconds, Stopping threads took: 0.0000340 seconds
2015-12-06T20:09:08.945+0530: 839.254: Total time for which application threads were stopped: 0.0002753 seconds, Stopping threads took: 0.0000831 seconds
2015-12-06T20:09:09.946+0530: 840.254: Total time for which application threads were stopped: 0.0002772 seconds, Stopping threads took: 0.0000550 seconds
2015-12-06T20:09:10.155+0530: 840.463: Total time for which application threads were stopped: 0.0004234 seconds, Stopping threads took: 0.0001356 seconds
2015-12-06T20:09:10.155+0530: 840.464: Total time for which application threads were stopped: 0.0002111 seconds, Stopping threads took: 0.0000402 seconds
2015-12-06T20:09:10.542+0530: 840.850: Total time for which application threads were stopped: 0.0003130 seconds, Stopping threads took: 0.0000663 seconds
2015-12-06T20:09:11.542+0530: 841.850: Total time for which application threads were stopped: 0.0003986 seconds, Stopping threads took: 0.0000635 seconds
2015-12-06T20:09:11.783+0530: 842.091: Total time for which application threads were stopped: 0.0003310 seconds, Stopping threads took: 0.0000791 seconds
2015-12-06T20:09:11.783+0530: 842.091: Total time for which application threads were stopped: 0.0001458 seconds, Stopping threads took: 0.0000430 seconds
2015-12-06T20:09:12.783+0530: 843.092: Total time for which application threads were stopped: 0.0002826 seconds, Stopping threads took: 0.0000574 seconds
2015-12-06T20:09:14.366+0530: 844.675: Total time for which application threads were stopped: 0.0003111 seconds, Stopping threads took: 0.0000493 seconds
2015-12-06T20:09:14.367+0530: 844.675: Total time for which application threads were stopped: 0.0002238 seconds, Stopping threads took: 0.0000348 seconds
2015-12-06T20:09:14.367+0530: 844.675: Total time for which application threads were stopped: 0.0002135 seconds, Stopping threads took: 0.0000340 seconds
2015-12-06T20:09:15.368+0530: 845.676: Total time for which application threads were stopped: 0.0002964 seconds, Stopping threads took: 0.0000581 seconds
2015-12-06T20:09:19.237+0530: 849.545: Total time for which application threads were stopped: 0.0002987 seconds, Stopping threads took: 0.0000407 seconds
2015-12-06T20:09:19.238+0530: 849.546: Total time for which application threads were stopped: 0.0001690 seconds, Stopping threads took: 0.0000277 seconds
2015-12-06T20:09:19.238+0530: 849.546: Total time for which application threads were stopped: 0.0001648 seconds, Stopping threads took: 0.0000271 seconds
2015-12-06T20:09:28.239+0530: 858.548: Total time for which application threads were stopped: 0.0001710 seconds, Stopping threads took: 0.0000339 seconds
2015-12-06T20:09:32.240+0530: 862.548: Total time for which application threads were stopped: 0.0002708 seconds, Stopping threads took: 0.0000596 seconds
2015-12-06T20:09:36.241+0530: 866.549: Total time for which application threads were stopped: 0.0004025 seconds, Stopping threads took: 0.0000986 seconds
2015-12-06T20:09:44.212+0530: 874.521: Total time for which application threads were stopped: 0.0003820 seconds, Stopping threads took: 0.0000332 seconds
2015-12-06T20:09:44.763+0530: 875.072: Total time for which application threads were stopped: 0.0002039 seconds, Stopping threads took: 0.0000717 seconds
2015-12-06T20:09:44.764+0530: 875.072: Total time for which application threads were stopped: 0.0001617 seconds, Stopping threads took: 0.0000534 seconds
2015-12-06T20:09:44.764+0530: 875.072: Total time for which application threads were stopped: 0.0001260 seconds, Stopping threads took: 0.0000401 seconds
2015-12-06T20:09:44.764+0530: 875.072: Total time for which application threads were stopped: 0.0001175 seconds, Stopping threads took: 0.0000357 seconds
{Heap before GC invocations=38 (full 1):
 par new generation   total 109248K, used 95704K [0x00000000e0000000, 0x00000000e8000000, 0x00000000e8000000)
  eden space 87424K, 100% used [0x00000000e0000000, 0x00000000e5560000, 0x00000000e5560000)
  from space 21824K,  37% used [0x00000000e5560000, 0x00000000e5d76208, 0x00000000e6ab0000)
  to   space 21824K,   0% used [0x00000000e6ab0000, 0x00000000e6ab0000, 0x00000000e8000000)
 concurrent mark-sweep generation total 393216K, used 23996K [0x00000000e8000000, 0x0000000100000000, 0x0000000100000000)
 Metaspace       used 34758K, capacity 35232K, committed 35532K, reserved 1081344K
  class space    used 3842K, capacity 3989K, committed 4044K, reserved 1048576K
2015-12-06T20:09:45.440+0530: 875.748: [GC (Allocation Failure) 875.748: [ParNew
Desired survivor size 20112992 bytes, new threshold 8 (max 8)
- age   1:    5700608 bytes,    5700608 total
- age   2:     393912 bytes,    6094520 total
- age   3:     422992 bytes,    6517512 total
- age   4:     218912 bytes,    6736424 total
- age   5:      82704 bytes,    6819128 total
- age   6:       7536 bytes,    6826664 total
- age   7:      11288 bytes,    6837952 total
- age   8:       7072 bytes,    6845024 total
: 95704K->9689K(109248K), 0.0132803 secs] 119700K->33696K(502464K), 0.0134941 secs] [Times: user=0.03 sys=0.00, real=0.02 secs] 
Heap after GC invocations=39 (full 1):
 par new generation   total 109248K, used 9689K [0x00000000e0000000, 0x00000000e8000000, 0x00000000e8000000)
  eden space 87424K,   0% used [0x00000000e0000000, 0x00000000e0000000, 0x00000000e5560000)
  from space 21824K,  44% used [0x00000000e6ab0000, 0x00000000e7426690, 0x00000000e8000000)
  to   space 21824K,   0% used [0x00000000e5560000, 0x00000000e5560000, 0x00000000e6ab0000)
 concurrent mark-sweep generation total 393216K, used 24007K [0x00000000e8000000, 0x0000000100000000, 0x0000000100000000)
 Metaspace       used 34758K, capacity 35232K, committed 35532K, reserved 1081344K
  class space    used 3842K, capacity 3989K, committed 4044K, reserved 1048576K
}
2015-12-06T20:09:45.454+0530: 875.762: Total time for which application threads were stopped: 0.0139803 seconds, Stopping threads took: 0.0000723 seconds
2015-12-06T20:09:46.242+0530: 876.551: Total time for which application threads were stopped: 0.0002493 seconds, Stopping threads took: 0.0000666 seconds
2015-12-06T20:09:46.243+0530: 876.551: Total time for which application threads were stopped: 0.0001389 seconds, Stopping threads took: 0.0000260 seconds
2015-12-06T20:09:46.243+0530: 876.551: Total time for which application threads were stopped: 0.0001064 seconds, Stopping threads took: 0.0000226 seconds
2015-12-06T20:09:48.243+0530: 878.551: Total time for which application threads were stopped: 0.0001586 seconds, Stopping threads took: 0.0000335 seconds
2015-12-06T20:09:48.326+0530: 878.634: Total time for which application threads were stopped: 0.0001640 seconds, Stopping threads took: 0.0000327 seconds
2015-12-06T20:09:48.326+0530: 878.634: Total time for which application threads were stopped: 0.0000889 seconds, Stopping threads took: 0.0000140 seconds
2015-12-06T20:09:48.326+0530: 878.634: Total time for which application threads were stopped: 0.0000868 seconds, Stopping threads took: 0.0000178 seconds
2015-12-06T20:09:48.326+0530: 878.635: Total time for which application threads were stopped: 0.0000779 seconds, Stopping threads took: 0.0000100 seconds
2015-12-06T20:09:48.327+0530: 878.635: Total time for which application threads were stopped: 0.0000775 seconds, Stopping threads took: 0.0000099 seconds
2015-12-06T20:09:48.895+0530: 879.203: Total time for which application threads were stopped: 0.0003369 seconds, Stopping threads took: 0.0000545 seconds
2015-12-06T20:09:48.895+0530: 879.203: Total time for which application threads were stopped: 0.0002129 seconds, Stopping threads took: 0.0000341 seconds
2015-12-06T20:09:49.017+0530: 879.325: Total time for which application threads were stopped: 0.0003302 seconds, Stopping threads took: 0.0000606 seconds
2015-12-06T20:09:49.018+0530: 879.326: Total time for which application threads were stopped: 0.0002975 seconds, Stopping threads took: 0.0000515 seconds
2015-12-06T20:09:49.018+0530: 879.326: Total time for which application threads were stopped: 0.0002920 seconds, Stopping threads took: 0.0000442 seconds
2015-12-06T20:09:54.650+0530: 884.958: Total time for which application threads were stopped: 0.0003553 seconds, Stopping threads took: 0.0001335 seconds
2015-12-06T20:09:54.651+0530: 884.959: Total time for which application threads were stopped: 0.0003545 seconds, Stopping threads took: 0.0001349 seconds
2015-12-06T20:09:55.651+0530: 885.959: Total time for which application threads were stopped: 0.0002615 seconds, Stopping threads took: 0.0000579 seconds
2015-12-06T20:09:56.651+0530: 886.960: Total time for which application threads were stopped: 0.0001559 seconds, Stopping threads took: 0.0000331 seconds
2015-12-06T20:09:56.733+0530: 887.041: Total time for which application threads were stopped: 0.0001649 seconds, Stopping threads took: 0.0000323 seconds
2015-12-06T20:09:59.259+0530: 889.567: Total time for which application threads were stopped: 0.0002445 seconds, Stopping threads took: 0.0000645 seconds
2015-12-06T20:09:59.263+0530: 889.572: Total time for which application threads were stopped: 0.0004192 seconds, Stopping threads took: 0.0000872 seconds
2015-12-06T20:09:59.268+0530: 889.576: Total time for which application threads were stopped: 0.0001803 seconds, Stopping threads took: 0.0000558 seconds
2015-12-06T20:09:59.270+0530: 889.578: Total time for which application threads were stopped: 0.0001775 seconds, Stopping threads took: 0.0000472 seconds
2015-12-06T20:10:00.270+0530: 890.578: Total time for which application threads were stopped: 0.0003466 seconds, Stopping threads took: 0.0000633 seconds
2015-12-06T20:10:00.742+0530: 891.050: Total time for which application threads were stopped: 0.0001633 seconds, Stopping threads took: 0.0000311 seconds
2015-12-06T20:10:01.325+0530: 891.633: Total time for which application threads were stopped: 0.0002089 seconds, Stopping threads took: 0.0000349 seconds
2015-12-06T20:10:01.325+0530: 891.633: Total time for which application threads were stopped: 0.0001106 seconds, Stopping threads took: 0.0000131 seconds
2015-12-06T20:10:01.378+0530: 891.686: Total time for which application threads were stopped: 0.0001834 seconds, Stopping threads took: 0.0000336 seconds
2015-12-06T20:10:01.379+0530: 891.687: Total time for which application threads were stopped: 0.0002182 seconds, Stopping threads took: 0.0000367 seconds
2015-12-06T20:10:01.379+0530: 891.687: Total time for which application threads were stopped: 0.0001129 seconds, Stopping threads took: 0.0000154 seconds
2015-12-06T20:10:08.157+0530: 898.465: Total time for which application threads were stopped: 0.0003816 seconds, Stopping threads took: 0.0000604 seconds
2015-12-06T20:10:08.158+0530: 898.466: Total time for which application threads were stopped: 0.0008603 seconds, Stopping threads took: 0.0000657 seconds
2015-12-06T20:10:26.753+0530: 917.062: Total time for which application threads were stopped: 0.0001386 seconds, Stopping threads took: 0.0000225 seconds
2015-12-06T20:10:26.754+0530: 917.062: Total time for which application threads were stopped: 0.0000777 seconds, Stopping threads took: 0.0000204 seconds
2015-12-06T20:10:26.754+0530: 917.062: Total time for which application threads were stopped: 0.0002940 seconds, Stopping threads took: 0.0000318 seconds
2015-12-06T20:10:30.755+0530: 921.063: Total time for which application threads were stopped: 0.0001555 seconds, Stopping threads took: 0.0000319 seconds
2015-12-06T20:10:31.186+0530: 921.494: Total time for which application threads were stopped: 0.0003245 seconds, Stopping threads took: 0.0000531 seconds
2015-12-06T20:10:32.186+0530: 922.494: Total time for which application threads were stopped: 0.0002087 seconds, Stopping threads took: 0.0000326 seconds
2015-12-06T20:10:33.187+0530: 923.495: Total time for which application threads were stopped: 0.0002297 seconds, Stopping threads took: 0.0000442 seconds
2015-12-06T20:10:34.187+0530: 924.495: Total time for which application threads were stopped: 0.0002589 seconds, Stopping threads took: 0.0000515 seconds
2015-12-06T20:10:34.764+0530: 925.072: Total time for which application threads were stopped: 0.0003195 seconds, Stopping threads took: 0.0000577 seconds
2015-12-06T20:10:35.764+0530: 926.072: Total time for which application threads were stopped: 0.0003019 seconds, Stopping threads took: 0.0000421 seconds
2015-12-06T20:10:38.765+0530: 929.073: Total time for which application threads were stopped: 0.0001938 seconds, Stopping threads took: 0.0000316 seconds
2015-12-06T20:10:38.800+0530: 929.108: Total time for which application threads were stopped: 0.0001797 seconds, Stopping threads took: 0.0000311 seconds
2015-12-06T20:10:38.803+0530: 929.111: Total time for which application threads were stopped: 0.0027188 seconds, Stopping threads took: 0.0026147 seconds
2015-12-06T20:10:38.803+0530: 929.112: Total time for which application threads were stopped: 0.0000869 seconds, Stopping threads took: 0.0000177 seconds
2015-12-06T20:10:46.261+0530: 936.569: Total time for which application threads were stopped: 0.0003569 seconds, Stopping threads took: 0.0000636 seconds
2015-12-06T20:10:46.261+0530: 936.569: Total time for which application threads were stopped: 0.0002191 seconds, Stopping threads took: 0.0000326 seconds
2015-12-06T20:10:46.406+0530: 936.714: Total time for which application threads were stopped: 0.0003677 seconds, Stopping threads took: 0.0000594 seconds
2015-12-06T20:10:48.406+0530: 938.714: Total time for which application threads were stopped: 0.0001723 seconds, Stopping threads took: 0.0000305 seconds
{Heap before GC invocations=39 (full 1):
 par new generation   total 109248K, used 97113K [0x00000000e0000000, 0x00000000e8000000, 0x00000000e8000000)
  eden space 87424K, 100% used [0x00000000e0000000, 0x00000000e5560000, 0x00000000e5560000)
  from space 21824K,  44% used [0x00000000e6ab0000, 0x00000000e7426690, 0x00000000e8000000)
  to   space 21824K,   0% used [0x00000000e5560000, 0x00000000e5560000, 0x00000000e6ab0000)
 concurrent mark-sweep generation total 393216K, used 24007K [0x00000000e8000000, 0x0000000100000000, 0x0000000100000000)
 Metaspace       used 34875K, capacity 35360K, committed 35532K, reserved 1081344K
  class space    used 3845K, capacity 3989K, committed 4044K, reserved 1048576K
2015-12-06T20:10:51.846+0530: 942.155: [GC (Allocation Failure) 942.155: [ParNew
Desired survivor size 20112992 bytes, new threshold 8 (max 8)
- age   1:    6018512 bytes,    6018512 total
- age   2:     399440 bytes,    6417952 total
- age   3:     353776 bytes,    6771728 total
- age   4:     419840 bytes,    7191568 total
- age   5:       9416 bytes,    7200984 total
- age   6:      14976 bytes,    7215960 total
- age   7:       7536 bytes,    7223496 total
- age   8:      11288 bytes,    7234784 total
: 97113K->8754K(109248K), 0.0134435 secs] 121120K->32768K(502464K), 0.0764302 secs] [Times: user=0.04 sys=0.00, real=0.08 secs] 
Heap after GC invocations=40 (full 1):
 par new generation   total 109248K, used 8754K [0x00000000e0000000, 0x00000000e8000000, 0x00000000e8000000)
  eden space 87424K,   0% used [0x00000000e0000000, 0x00000000e0000000, 0x00000000e5560000)
  from space 21824K,  40% used [0x00000000e5560000, 0x00000000e5decab8, 0x00000000e6ab0000)
  to   space 21824K,   0% used [0x00000000e6ab0000, 0x00000000e6ab0000, 0x00000000e8000000)
 concurrent mark-sweep generation total 393216K, used 24013K [0x00000000e8000000, 0x0000000100000000, 0x0000000100000000)
 Metaspace       used 34875K, capacity 35360K, committed 35532K, reserved 1081344K
  class space    used 3845K, capacity 3989K, committed 4044K, reserved 1048576K
}
2015-12-06T20:10:51.923+0530: 942.231: Total time for which application threads were stopped: 0.0772278 seconds, Stopping threads took: 0.0000785 seconds
2015-12-06T20:10:51.924+0530: 942.232: Total time for which application threads were stopped: 0.0004079 seconds, Stopping threads took: 0.0000944 seconds
2015-12-06T20:10:57.065+0530: 947.373: Total time for which application threads were stopped: 0.0002560 seconds, Stopping threads took: 0.0000523 seconds
2015-12-06T20:10:57.448+0530: 947.756: Total time for which application threads were stopped: 0.0001996 seconds, Stopping threads took: 0.0000413 seconds
2015-12-06T20:10:57.465+0530: 947.773: Total time for which application threads were stopped: 0.0002372 seconds, Stopping threads took: 0.0000746 seconds
2015-12-06T20:10:57.465+0530: 947.773: Total time for which application threads were stopped: 0.0001089 seconds, Stopping threads took: 0.0000288 seconds
2015-12-06T20:10:58.136+0530: 948.444: Total time for which application threads were stopped: 0.0002689 seconds, Stopping threads took: 0.0000842 seconds
2015-12-06T20:10:58.140+0530: 948.448: Total time for which application threads were stopped: 0.0018244 seconds, Stopping threads took: 0.0016663 seconds
2015-12-06T20:10:58.141+0530: 948.450: Total time for which application threads were stopped: 0.0009425 seconds, Stopping threads took: 0.0002351 seconds
2015-12-06T20:11:00.142+0530: 950.450: Total time for which application threads were stopped: 0.0002368 seconds, Stopping threads took: 0.0000473 seconds
2015-12-06T20:11:02.142+0530: 952.451: Total time for which application threads were stopped: 0.0002789 seconds, Stopping threads took: 0.0000535 seconds
2015-12-06T20:11:03.143+0530: 953.451: Total time for which application threads were stopped: 0.0002729 seconds, Stopping threads took: 0.0000500 seconds
2015-12-06T20:11:04.143+0530: 954.452: Total time for which application threads were stopped: 0.0003225 seconds, Stopping threads took: 0.0000502 seconds
2015-12-06T20:11:07.144+0530: 957.452: Total time for which application threads were stopped: 0.0001222 seconds, Stopping threads took: 0.0000223 seconds
2015-12-06T20:11:09.335+0530: 959.643: Total time for which application threads were stopped: 0.0002905 seconds, Stopping threads took: 0.0000308 seconds
2015-12-06T20:11:09.336+0530: 959.644: Total time for which application threads were stopped: 0.0001955 seconds, Stopping threads took: 0.0000129 seconds
2015-12-06T20:11:09.336+0530: 959.644: Total time for which application threads were stopped: 0.0000631 seconds, Stopping threads took: 0.0000096 seconds
2015-12-06T20:11:10.179+0530: 960.487: Total time for which application threads were stopped: 0.0001495 seconds, Stopping threads took: 0.0000299 seconds
2015-12-06T20:11:10.179+0530: 960.487: Total time for which application threads were stopped: 0.0000739 seconds, Stopping threads took: 0.0000205 seconds
2015-12-06T20:11:10.596+0530: 960.905: Total time for which application threads were stopped: 0.0001986 seconds, Stopping threads took: 0.0000434 seconds
2015-12-06T20:11:13.597+0530: 963.905: Total time for which application threads were stopped: 0.0003614 seconds, Stopping threads took: 0.0000498 seconds
2015-12-06T20:11:15.439+0530: 965.747: Total time for which application threads were stopped: 0.0001932 seconds, Stopping threads took: 0.0000298 seconds
2015-12-06T20:11:15.541+0530: 965.850: Total time for which application threads were stopped: 0.0004132 seconds, Stopping threads took: 0.0000640 seconds
2015-12-06T20:11:15.542+0530: 965.850: Total time for which application threads were stopped: 0.0002988 seconds, Stopping threads took: 0.0000994 seconds
2015-12-06T20:11:16.542+0530: 966.850: Total time for which application threads were stopped: 0.0002678 seconds, Stopping threads took: 0.0000494 seconds
2015-12-06T20:11:24.006+0530: 974.314: Total time for which application threads were stopped: 0.0002821 seconds, Stopping threads took: 0.0000770 seconds
2015-12-06T20:11:32.176+0530: 982.484: Total time for which application threads were stopped: 0.0003022 seconds, Stopping threads took: 0.0000459 seconds
2015-12-06T20:11:32.176+0530: 982.485: Total time for which application threads were stopped: 0.0001967 seconds, Stopping threads took: 0.0000406 seconds
2015-12-06T20:11:32.177+0530: 982.485: Total time for which application threads were stopped: 0.0001789 seconds, Stopping threads took: 0.0000354 seconds
2015-12-06T20:11:46.179+0530: 996.487: Total time for which application threads were stopped: 0.0002677 seconds, Stopping threads took: 0.0000493 seconds
2015-12-06T20:11:50.180+0530: 1000.488: Total time for which application threads were stopped: 0.0002185 seconds, Stopping threads took: 0.0000384 seconds
2015-12-06T20:11:54.181+0530: 1004.489: Total time for which application threads were stopped: 0.0002974 seconds, Stopping threads took: 0.0000497 seconds
{Heap before GC invocations=40 (full 1):
 par new generation   total 109248K, used 96178K [0x00000000e0000000, 0x00000000e8000000, 0x00000000e8000000)
  eden space 87424K, 100% used [0x00000000e0000000, 0x00000000e5560000, 0x00000000e5560000)
  from space 21824K,  40% used [0x00000000e5560000, 0x00000000e5decab8, 0x00000000e6ab0000)
  to   space 21824K,   0% used [0x00000000e6ab0000, 0x00000000e6ab0000, 0x00000000e8000000)
 concurrent mark-sweep generation total 393216K, used 24013K [0x00000000e8000000, 0x0000000100000000, 0x0000000100000000)
 Metaspace       used 34907K, capacity 35424K, committed 35532K, reserved 1081344K
  class space    used 3845K, capacity 3989K, committed 4044K, reserved 1048576K
2015-12-06T20:11:54.410+0530: 1004.718: [GC (Allocation Failure) 1004.718: [ParNew
Desired survivor size 20112992 bytes, new threshold 8 (max 8)
- age   1:    6417504 bytes,    6417504 total
- age   2:     413536 bytes,    6831040 total
- age   3:     352992 bytes,    7184032 total
- age   4:     349824 bytes,    7533856 total
- age   5:     149616 bytes,    7683472 total
- age   6:       8680 bytes,    7692152 total
- age   7:      14192 bytes,    7706344 total
- age   8:       7536 bytes,    7713880 total
: 96178K->10933K(109248K), 0.0095849 secs] 120192K->34958K(502464K), 0.0098266 secs] [Times: user=0.03 sys=0.00, real=0.01 secs] 
Heap after GC invocations=41 (full 1):
 par new generation   total 109248K, used 10933K [0x00000000e0000000, 0x00000000e8000000, 0x00000000e8000000)
  eden space 87424K,   0% used [0x00000000e0000000, 0x00000000e0000000, 0x00000000e5560000)
  from space 21824K,  50% used [0x00000000e6ab0000, 0x00000000e755d598, 0x00000000e8000000)
  to   space 21824K,   0% used [0x00000000e5560000, 0x00000000e5560000, 0x00000000e6ab0000)
 concurrent mark-sweep generation total 393216K, used 24025K [0x00000000e8000000, 0x0000000100000000, 0x0000000100000000)
 Metaspace       used 34907K, capacity 35424K, committed 35532K, reserved 1081344K
  class space    used 3845K, capacity 3989K, committed 4044K, reserved 1048576K
}
2015-12-06T20:11:54.420+0530: 1004.728: Total time for which application threads were stopped: 0.0102289 seconds, Stopping threads took: 0.0000328 seconds
2015-12-06T20:11:57.420+0530: 1007.728: Total time for which application threads were stopped: 0.0003105 seconds, Stopping threads took: 0.0000498 seconds
2015-12-06T20:12:08.539+0530: 1018.848: Total time for which application threads were stopped: 0.0004191 seconds, Stopping threads took: 0.0000504 seconds
2015-12-06T20:12:08.946+0530: 1019.254: Total time for which application threads were stopped: 0.0001543 seconds, Stopping threads took: 0.0000259 seconds
2015-12-06T20:12:09.925+0530: 1020.233: Total time for which application threads were stopped: 0.0003811 seconds, Stopping threads took: 0.0001127 seconds
2015-12-06T20:12:10.206+0530: 1020.514: Total time for which application threads were stopped: 0.0003602 seconds, Stopping threads took: 0.0000561 seconds
2015-12-06T20:12:11.206+0530: 1021.515: Total time for which application threads were stopped: 0.0003485 seconds, Stopping threads took: 0.0000504 seconds
2015-12-06T20:12:16.207+0530: 1026.516: Total time for which application threads were stopped: 0.0003180 seconds, Stopping threads took: 0.0000504 seconds
2015-12-06T20:12:24.544+0530: 1034.852: Total time for which application threads were stopped: 0.0003342 seconds, Stopping threads took: 0.0000565 seconds
2015-12-06T20:12:24.544+0530: 1034.852: Total time for which application threads were stopped: 0.0001877 seconds, Stopping threads took: 0.0000340 seconds
2015-12-06T20:12:24.544+0530: 1034.853: Total time for which application threads were stopped: 0.0001607 seconds, Stopping threads took: 0.0000215 seconds
2015-12-06T20:12:25.545+0530: 1035.853: Total time for which application threads were stopped: 0.0002377 seconds, Stopping threads took: 0.0000434 seconds
2015-12-06T20:12:27.545+0530: 1037.854: Total time for which application threads were stopped: 0.0003125 seconds, Stopping threads took: 0.0000525 seconds
2015-12-06T20:12:29.546+0530: 1039.854: Total time for which application threads were stopped: 0.0001584 seconds, Stopping threads took: 0.0000293 seconds
2015-12-06T20:12:30.992+0530: 1041.300: Total time for which application threads were stopped: 0.0001420 seconds, Stopping threads took: 0.0000250 seconds
2015-12-06T20:12:32.082+0530: 1042.390: Total time for which application threads were stopped: 0.0001899 seconds, Stopping threads took: 0.0000598 seconds
2015-12-06T20:12:33.082+0530: 1043.391: Total time for which application threads were stopped: 0.0003238 seconds, Stopping threads took: 0.0000500 seconds
2015-12-06T20:12:37.683+0530: 1047.992: Total time for which application threads were stopped: 0.0001557 seconds, Stopping threads took: 0.0000274 seconds
2015-12-06T20:12:37.684+0530: 1047.992: Total time for which application threads were stopped: 0.0000703 seconds, Stopping threads took: 0.0000128 seconds
2015-12-06T20:12:37.684+0530: 1047.992: Total time for which application threads were stopped: 0.0000590 seconds, Stopping threads took: 0.0000100 seconds
2015-12-06T20:12:40.818+0530: 1051.126: Total time for which application threads were stopped: 0.0002008 seconds, Stopping threads took: 0.0000331 seconds
2015-12-06T20:12:40.818+0530: 1051.127: Total time for which application threads were stopped: 0.0001165 seconds, Stopping threads took: 0.0000209 seconds
2015-12-06T20:12:40.932+0530: 1051.240: Total time for which application threads were stopped: 0.0001867 seconds, Stopping threads took: 0.0000364 seconds
2015-12-06T20:12:46.573+0530: 1056.881: Total time for which application threads were stopped: 0.0004158 seconds, Stopping threads took: 0.0000598 seconds
{Heap before GC invocations=41 (full 1):
 par new generation   total 109248K, used 98357K [0x00000000e0000000, 0x00000000e8000000, 0x00000000e8000000)
  eden space 87424K, 100% used [0x00000000e0000000, 0x00000000e5560000, 0x00000000e5560000)
  from space 21824K,  50% used [0x00000000e6ab0000, 0x00000000e755d598, 0x00000000e8000000)
  to   space 21824K,   0% used [0x00000000e5560000, 0x00000000e5560000, 0x00000000e6ab0000)
 concurrent mark-sweep generation total 393216K, used 24025K [0x00000000e8000000, 0x0000000100000000, 0x0000000100000000)
 Metaspace       used 34916K, capacity 35424K, committed 35532K, reserved 1081344K
  class space    used 3845K, capacity 3989K, committed 4044K, reserved 1048576K
2015-12-06T20:12:49.052+0530: 1059.360: [GC (Allocation Failure) 1059.450: [ParNew
Desired survivor size 20112992 bytes, new threshold 8 (max 8)
- age   1:    7763720 bytes,    7763720 total
- age   2:     326624 bytes,    8090344 total
- age   3:     356888 bytes,    8447232 total
- age   4:     351344 bytes,    8798576 total
- age   5:     214296 bytes,    9012872 total
- age   6:      14160 bytes,    9027032 total
- age   7:       8680 bytes,    9035712 total
- age   8:      13408 bytes,    9049120 total
: 98357K->12063K(109248K), 0.0114870 secs] 122382K->36096K(502464K), 0.4685886 secs] [Times: user=0.02 sys=0.00, real=0.47 secs] 
Heap after GC invocations=42 (full 1):
 par new generation   total 109248K, used 12063K [0x00000000e0000000, 0x00000000e8000000, 0x00000000e8000000)
  eden space 87424K,   0% used [0x00000000e0000000, 0x00000000e0000000, 0x00000000e5560000)
  from space 21824K,  55% used [0x00000000e5560000, 0x00000000e6127ef0, 0x00000000e6ab0000)
  to   space 21824K,   0% used [0x00000000e6ab0000, 0x00000000e6ab0000, 0x00000000e8000000)
 concurrent mark-sweep generation total 393216K, used 24032K [0x00000000e8000000, 0x0000000100000000, 0x0000000100000000)
 Metaspace       used 34916K, capacity 35424K, committed 35532K, reserved 1081344K
  class space    used 3845K, capacity 3989K, committed 4044K, reserved 1048576K
}
2015-12-06T20:12:49.521+0530: 1059.829: Total time for which application threads were stopped: 0.4694486 seconds, Stopping threads took: 0.0000324 seconds
2015-12-06T20:12:49.522+0530: 1059.831: Total time for which application threads were stopped: 0.0007882 seconds, Stopping threads took: 0.0001322 seconds
2015-12-06T20:12:52.523+0530: 1062.831: Total time for which application threads were stopped: 0.0003373 seconds, Stopping threads took: 0.0000498 seconds
2015-12-06T20:12:53.524+0530: 1063.832: Total time for which application threads were stopped: 0.0002807 seconds, Stopping threads took: 0.0000486 seconds
2015-12-06T20:13:00.477+0530: 1070.785: Total time for which application threads were stopped: 0.0003816 seconds, Stopping threads took: 0.0000686 seconds
2015-12-06T20:13:01.477+0530: 1071.786: Total time for which application threads were stopped: 0.0002304 seconds, Stopping threads took: 0.0000455 seconds
2015-12-06T20:13:07.561+0530: 1077.869: Total time for which application threads were stopped: 0.0003866 seconds, Stopping threads took: 0.0000661 seconds
2015-12-06T20:13:07.782+0530: 1078.090: Total time for which application threads were stopped: 0.0002711 seconds, Stopping threads took: 0.0000567 seconds
2015-12-06T20:13:09.782+0530: 1080.090: Total time for which application threads were stopped: 0.0003626 seconds, Stopping threads took: 0.0000553 seconds
2015-12-06T20:13:10.759+0530: 1081.067: Total time for which application threads were stopped: 0.0001976 seconds, Stopping threads took: 0.0000313 seconds
2015-12-06T20:13:10.759+0530: 1081.068: Total time for which application threads were stopped: 0.0001172 seconds, Stopping threads took: 0.0000237 seconds
2015-12-06T20:13:10.760+0530: 1081.068: Total time for which application threads were stopped: 0.0000803 seconds, Stopping threads took: 0.0000102 seconds
2015-12-06T20:13:11.813+0530: 1082.121: Total time for which application threads were stopped: 0.0043655 seconds, Stopping threads took: 0.0042305 seconds
2015-12-06T20:13:11.814+0530: 1082.122: Total time for which application threads were stopped: 0.0000789 seconds, Stopping threads took: 0.0000164 seconds
2015-12-06T20:13:11.814+0530: 1082.122: Total time for which application threads were stopped: 0.0000576 seconds, Stopping threads took: 0.0000106 seconds
2015-12-06T20:13:33.069+0530: 1103.377: Total time for which application threads were stopped: 0.0020896 seconds, Stopping threads took: 0.0017705 seconds
2015-12-06T20:13:34.614+0530: 1104.922: Total time for which application threads were stopped: 0.0075160 seconds, Stopping threads took: 0.0070893 seconds
2015-12-06T20:13:34.670+0530: 1104.978: Total time for which application threads were stopped: 0.0082240 seconds, Stopping threads took: 0.0076918 seconds
2015-12-06T20:13:34.671+0530: 1104.979: Total time for which application threads were stopped: 0.0003809 seconds, Stopping threads took: 0.0001593 seconds
2015-12-06T20:13:34.671+0530: 1104.979: Total time for which application threads were stopped: 0.0001089 seconds, Stopping threads took: 0.0000229 seconds
2015-12-06T20:13:35.945+0530: 1106.253: Total time for which application threads were stopped: 0.0001578 seconds, Stopping threads took: 0.0000287 seconds
2015-12-06T20:13:40.239+0530: 1110.547: Total time for which application threads were stopped: 0.0002960 seconds, Stopping threads took: 0.0000407 seconds
2015-12-06T20:13:40.329+0530: 1110.637: Total time for which application threads were stopped: 0.0003288 seconds, Stopping threads took: 0.0000529 seconds
2015-12-06T20:13:40.329+0530: 1110.637: Total time for which application threads were stopped: 0.0002856 seconds, Stopping threads took: 0.0000394 seconds
2015-12-06T20:13:52.331+0530: 1122.639: Total time for which application threads were stopped: 0.0001401 seconds, Stopping threads took: 0.0000275 seconds
2015-12-06T20:13:56.332+0530: 1126.640: Total time for which application threads were stopped: 0.0002737 seconds, Stopping threads took: 0.0000434 seconds
2015-12-06T20:13:58.332+0530: 1128.640: Total time for which application threads were stopped: 0.0002732 seconds, Stopping threads took: 0.0000509 seconds
2015-12-06T20:13:59.333+0530: 1129.641: Total time for which application threads were stopped: 0.0002612 seconds, Stopping threads took: 0.0000463 seconds
2015-12-06T20:14:01.333+0530: 1131.641: Total time for which application threads were stopped: 0.0002691 seconds, Stopping threads took: 0.0000429 seconds
2015-12-06T20:14:02.581+0530: 1132.889: Total time for which application threads were stopped: 0.0003691 seconds, Stopping threads took: 0.0000558 seconds
2015-12-06T20:14:08.679+0530: 1138.987: Total time for which application threads were stopped: 0.0002084 seconds, Stopping threads took: 0.0000342 seconds
{Heap before GC invocations=42 (full 1):
 par new generation   total 109248K, used 99487K [0x00000000e0000000, 0x00000000e8000000, 0x00000000e8000000)
  eden space 87424K, 100% used [0x00000000e0000000, 0x00000000e5560000, 0x00000000e5560000)
  from space 21824K,  55% used [0x00000000e5560000, 0x00000000e6127ef0, 0x00000000e6ab0000)
  to   space 21824K,   0% used [0x00000000e6ab0000, 0x00000000e6ab0000, 0x00000000e8000000)
 concurrent mark-sweep generation total 393216K, used 24032K [0x00000000e8000000, 0x0000000100000000, 0x0000000100000000)
 Metaspace       used 34963K, capacity 35424K, committed 35532K, reserved 1081344K
  class space    used 3845K, capacity 3989K, committed 4044K, reserved 1048576K
2015-12-06T20:14:11.842+0530: 1142.150: [GC (Allocation Failure) 1142.246: [ParNew
Desired survivor size 20112992 bytes, new threshold 8 (max 8)
- age   1:    5905528 bytes,    5905528 total
- age   2:    1391376 bytes,    7296904 total
- age   3:     278368 bytes,    7575272 total
- age   4:     415392 bytes,    7990664 total
- age   5:     145696 bytes,    8136360 total
- age   6:       8776 bytes,    8145136 total
- age   7:      12568 bytes,    8157704 total
- age   8:       7896 bytes,    8165600 total
: 99487K->11026K(109248K), 0.0134116 secs] 123520K->35071K(502464K), 0.3718918 secs] [Times: user=0.03 sys=0.00, real=0.37 secs] 
Heap after GC invocations=43 (full 1):
 par new generation   total 109248K, used 11026K [0x00000000e0000000, 0x00000000e8000000, 0x00000000e8000000)
  eden space 87424K,   0% used [0x00000000e0000000, 0x00000000e0000000, 0x00000000e5560000)
  from space 21824K,  50% used [0x00000000e6ab0000, 0x00000000e75749f0, 0x00000000e8000000)
  to   space 21824K,   0% used [0x00000000e5560000, 0x00000000e5560000, 0x00000000e6ab0000)
 concurrent mark-sweep generation total 393216K, used 24045K [0x00000000e8000000, 0x0000000100000000, 0x0000000100000000)
 Metaspace       used 34963K, capacity 35424K, committed 35532K, reserved 1081344K
  class space    used 3845K, capacity 3989K, committed 4044K, reserved 1048576K
}
2015-12-06T20:14:12.215+0530: 1142.523: Total time for which application threads were stopped: 0.3724354 seconds, Stopping threads took: 0.0000327 seconds
2015-12-06T20:14:13.322+0530: 1143.630: Total time for which application threads were stopped: 0.0002923 seconds, Stopping threads took: 0.0001640 seconds
2015-12-06T20:14:15.714+0530: 1146.022: Total time for which application threads were stopped: 0.0001481 seconds, Stopping threads took: 0.0000257 seconds
2015-12-06T20:14:15.714+0530: 1146.022: Total time for which application threads were stopped: 0.0000668 seconds, Stopping threads took: 0.0000130 seconds
2015-12-06T20:14:15.714+0530: 1146.022: Total time for which application threads were stopped: 0.0000577 seconds, Stopping threads took: 0.0000105 seconds
2015-12-06T20:14:28.500+0530: 1158.808: Total time for which application threads were stopped: 0.0004048 seconds, Stopping threads took: 0.0000495 seconds
2015-12-06T20:14:28.501+0530: 1158.809: Total time for which application threads were stopped: 0.0002076 seconds, Stopping threads took: 0.0000309 seconds
2015-12-06T20:14:28.501+0530: 1158.809: Total time for which application threads were stopped: 0.0001502 seconds, Stopping threads took: 0.0000289 seconds
2015-12-06T20:14:44.502+0530: 1174.811: Total time for which application threads were stopped: 0.0002997 seconds, Stopping threads took: 0.0000545 seconds
2015-12-06T20:14:45.503+0530: 1175.811: Total time for which application threads were stopped: 0.0002511 seconds, Stopping threads took: 0.0000467 seconds
2015-12-06T20:14:46.218+0530: 1176.526: Total time for which application threads were stopped: 0.0001462 seconds, Stopping threads took: 0.0000311 seconds
2015-12-06T20:14:46.873+0530: 1177.181: Total time for which application threads were stopped: 0.0002008 seconds, Stopping threads took: 0.0000338 seconds
2015-12-06T20:14:46.880+0530: 1177.188: Total time for which application threads were stopped: 0.0001526 seconds, Stopping threads took: 0.0000263 seconds
2015-12-06T20:14:47.250+0530: 1177.558: Total time for which application threads were stopped: 0.0001722 seconds, Stopping threads took: 0.0000447 seconds
{Heap before GC invocations=43 (full 1):
 par new generation   total 109248K, used 98434K [0x00000000e0000000, 0x00000000e8000000, 0x00000000e8000000)
  eden space 87424K,  99% used [0x00000000e0000000, 0x00000000e555bf78, 0x00000000e5560000)
  from space 21824K,  50% used [0x00000000e6ab0000, 0x00000000e75749f0, 0x00000000e8000000)
  to   space 21824K,   0% used [0x00000000e5560000, 0x00000000e5560000, 0x00000000e6ab0000)
 concurrent mark-sweep generation total 393216K, used 24045K [0x00000000e8000000, 0x0000000100000000, 0x0000000100000000)
 Metaspace       used 34975K, capacity 35424K, committed 35532K, reserved 1081344K
  class space    used 3845K, capacity 3989K, committed 4044K, reserved 1048576K
2015-12-06T20:14:47.367+0530: 1177.675: [GC (Allocation Failure) 1178.294: [ParNew
Desired survivor size 20112992 bytes, new threshold 8 (max 8)
- age   1:    9038328 bytes,    9038328 total
- age   2:    3124904 bytes,   12163232 total
- age   3:     216792 bytes,   12380024 total
- age   4:     277560 bytes,   12657584 total
- age   5:     211168 bytes,   12868752 total
- age   6:      75680 bytes,   12944432 total
- age   7:       8776 bytes,   12953208 total
- age   8:      12568 bytes,   12965776 total
: 98434K->15258K(109248K), 0.0210057 secs] 122479K->39311K(502464K), 0.6400952 secs] [Times: user=0.04 sys=0.00, real=0.64 secs] 
Heap after GC invocations=44 (full 1):
 par new generation   total 109248K, used 15258K [0x00000000e0000000, 0x00000000e8000000, 0x00000000e8000000)
  eden space 87424K,   0% used [0x00000000e0000000, 0x00000000e0000000, 0x00000000e5560000)
  from space 21824K,  69% used [0x00000000e5560000, 0x00000000e6446a88, 0x00000000e6ab0000)
  to   space 21824K,   0% used [0x00000000e6ab0000, 0x00000000e6ab0000, 0x00000000e8000000)
 concurrent mark-sweep generation total 393216K, used 24053K [0x00000000e8000000, 0x0000000100000000, 0x0000000100000000)
 Metaspace       used 34975K, capacity 35424K, committed 35532K, reserved 1081344K
  class space    used 3845K, capacity 3989K, committed 4044K, reserved 1048576K
}
2015-12-06T20:14:48.007+0530: 1178.315: Total time for which application threads were stopped: 0.6404796 seconds, Stopping threads took: 0.0000344 seconds
2015-12-06T20:14:48.008+0530: 1178.316: Total time for which application threads were stopped: 0.0004241 seconds, Stopping threads took: 0.0000860 seconds
2015-12-06T20:14:50.010+0530: 1180.318: Total time for which application threads were stopped: 0.0001725 seconds, Stopping threads took: 0.0000295 seconds
2015-12-06T20:14:50.010+0530: 1180.318: Total time for which application threads were stopped: 0.0000897 seconds, Stopping threads took: 0.0000132 seconds
2015-12-06T20:14:50.010+0530: 1180.318: Total time for which application threads were stopped: 0.0000805 seconds, Stopping threads took: 0.0000113 seconds
2015-12-06T20:14:53.713+0530: 1184.021: Total time for which application threads were stopped: 0.0008212 seconds, Stopping threads took: 0.0006349 seconds
2015-12-06T20:14:53.714+0530: 1184.022: Total time for which application threads were stopped: 0.0001396 seconds, Stopping threads took: 0.0000267 seconds
2015-12-06T20:14:53.714+0530: 1184.022: Total time for which application threads were stopped: 0.0001073 seconds, Stopping threads took: 0.0000130 seconds
2015-12-06T20:14:53.714+0530: 1184.022: Total time for which application threads were stopped: 0.0001330 seconds, Stopping threads took: 0.0000332 seconds
2015-12-06T20:14:53.714+0530: 1184.022: Total time for which application threads were stopped: 0.0001194 seconds, Stopping threads took: 0.0000281 seconds
2015-12-06T20:14:53.714+0530: 1184.022: Total time for which application threads were stopped: 0.0001118 seconds, Stopping threads took: 0.0000272 seconds
2015-12-06T20:14:53.714+0530: 1184.023: Total time for which application threads were stopped: 0.0001059 seconds, Stopping threads took: 0.0000284 seconds
2015-12-06T20:14:56.719+0530: 1187.027: Total time for which application threads were stopped: 0.0001775 seconds, Stopping threads took: 0.0000277 seconds
2015-12-06T20:14:56.720+0530: 1187.028: Total time for which application threads were stopped: 0.0000847 seconds, Stopping threads took: 0.0000112 seconds
2015-12-06T20:14:56.720+0530: 1187.028: Total time for which application threads were stopped: 0.0000769 seconds, Stopping threads took: 0.0000097 seconds
2015-12-06T20:15:20.861+0530: 1211.169: Total time for which application threads were stopped: 0.0002601 seconds, Stopping threads took: 0.0000363 seconds
2015-12-06T20:15:20.861+0530: 1211.169: Total time for which application threads were stopped: 0.0001069 seconds, Stopping threads took: 0.0000205 seconds
2015-12-06T20:15:20.862+0530: 1211.170: Total time for which application threads were stopped: 0.0000844 seconds, Stopping threads took: 0.0000124 seconds
2015-12-06T20:15:33.863+0530: 1224.171: Total time for which application threads were stopped: 0.0002581 seconds, Stopping threads took: 0.0000385 seconds
2015-12-06T20:15:35.396+0530: 1225.704: Total time for which application threads were stopped: 0.0003994 seconds, Stopping threads took: 0.0000507 seconds
2015-12-06T20:15:38.397+0530: 1228.705: Total time for which application threads were stopped: 0.0001541 seconds, Stopping threads took: 0.0000293 seconds
2015-12-06T20:15:39.397+0530: 1229.705: Total time for which application threads were stopped: 0.0002027 seconds, Stopping threads took: 0.0000297 seconds
2015-12-06T20:15:43.332+0530: 1233.640: Total time for which application threads were stopped: 0.0001550 seconds, Stopping threads took: 0.0000235 seconds
2015-12-06T20:15:43.332+0530: 1233.640: Total time for which application threads were stopped: 0.0000654 seconds, Stopping threads took: 0.0000087 seconds
2015-12-06T20:15:43.332+0530: 1233.640: Total time for which application threads were stopped: 0.0000627 seconds, Stopping threads took: 0.0000176 seconds
2015-12-06T20:15:46.333+0530: 1236.641: Total time for which application threads were stopped: 0.0003216 seconds, Stopping threads took: 0.0000501 seconds
2015-12-06T20:15:48.333+0530: 1238.641: Total time for which application threads were stopped: 0.0003455 seconds, Stopping threads took: 0.0000501 seconds
2015-12-06T20:15:53.334+0530: 1243.642: Total time for which application threads were stopped: 0.0001557 seconds, Stopping threads took: 0.0000290 seconds
2015-12-06T20:15:56.032+0530: 1246.341: Total time for which application threads were stopped: 0.0001774 seconds, Stopping threads took: 0.0000311 seconds
2015-12-06T20:15:56.033+0530: 1246.341: Total time for which application threads were stopped: 0.0001032 seconds, Stopping threads took: 0.0000169 seconds
2015-12-06T20:15:56.033+0530: 1246.341: Total time for which application threads were stopped: 0.0000810 seconds, Stopping threads took: 0.0000094 seconds
2015-12-06T20:16:17.036+0530: 1267.344: Total time for which application threads were stopped: 0.0002775 seconds, Stopping threads took: 0.0000501 seconds
2015-12-06T20:16:17.577+0530: 1267.885: Total time for which application threads were stopped: 0.0003440 seconds, Stopping threads took: 0.0000571 seconds
2015-12-06T20:16:18.577+0530: 1268.886: Total time for which application threads were stopped: 0.0001465 seconds, Stopping threads took: 0.0000286 seconds
2015-12-06T20:16:20.587+0530: 1270.895: Total time for which application threads were stopped: 0.0003964 seconds, Stopping threads took: 0.0000983 seconds
2015-12-06T20:16:21.587+0530: 1271.895: Total time for which application threads were stopped: 0.0002950 seconds, Stopping threads took: 0.0000514 seconds
{Heap before GC invocations=44 (full 1):
 par new generation   total 109248K, used 102682K [0x00000000e0000000, 0x00000000e8000000, 0x00000000e8000000)
  eden space 87424K, 100% used [0x00000000e0000000, 0x00000000e5560000, 0x00000000e5560000)
  from space 21824K,  69% used [0x00000000e5560000, 0x00000000e6446a88, 0x00000000e6ab0000)
  to   space 21824K,   0% used [0x00000000e6ab0000, 0x00000000e6ab0000, 0x00000000e8000000)
 concurrent mark-sweep generation total 393216K, used 24053K [0x00000000e8000000, 0x0000000100000000, 0x0000000100000000)
 Metaspace       used 34985K, capacity 35488K, committed 35788K, reserved 1081344K
  class space    used 3845K, capacity 3989K, committed 4044K, reserved 1048576K
2015-12-06T20:16:22.173+0530: 1272.481: [GC (Allocation Failure) 1272.560: [ParNew
Desired survivor size 20112992 bytes, new threshold 8 (max 8)
- age   1:    6653968 bytes,    6653968 total
- age   2:    5359752 bytes,   12013720 total
- age   3:     310848 bytes,   12324568 total
- age   4:     210520 bytes,   12535088 total
- age   5:     275920 bytes,   12811008 total
- age   6:       7960 bytes,   12818968 total
- age   7:       7952 bytes,   12826920 total
- age   8:       8776 bytes,   12835696 total
: 102682K->18398K(109248K), 0.0160748 secs] 126735K->42464K(502464K), 0.2844095 secs] [Times: user=0.05 sys=0.00, real=0.29 secs] 
Heap after GC invocations=45 (full 1):
 par new generation   total 109248K, used 18398K [0x00000000e0000000, 0x00000000e8000000, 0x00000000e8000000)
  eden space 87424K,   0% used [0x00000000e0000000, 0x00000000e0000000, 0x00000000e5560000)
  from space 21824K,  84% used [0x00000000e6ab0000, 0x00000000e7ca7bd0, 0x00000000e8000000)
  to   space 21824K,   0% used [0x00000000e5560000, 0x00000000e5560000, 0x00000000e6ab0000)
 concurrent mark-sweep generation total 393216K, used 24065K [0x00000000e8000000, 0x0000000100000000, 0x0000000100000000)
 Metaspace       used 34985K, capacity 35488K, committed 35788K, reserved 1081344K
  class space    used 3845K, capacity 3989K, committed 4044K, reserved 1048576K
}
2015-12-06T20:16:22.458+0530: 1272.766: Total time for which application threads were stopped: 0.2853103 seconds, Stopping threads took: 0.0000295 seconds
2015-12-06T20:16:23.458+0530: 1273.766: Total time for which application threads were stopped: 0.0001514 seconds, Stopping threads took: 0.0000304 seconds
2015-12-06T20:16:24.459+0530: 1274.767: Total time for which application threads were stopped: 0.0002119 seconds, Stopping threads took: 0.0000572 seconds
2015-12-06T20:16:25.459+0530: 1275.767: Total time for which application threads were stopped: 0.0003033 seconds, Stopping threads took: 0.0000555 seconds
2015-12-06T20:16:28.460+0530: 1278.768: Total time for which application threads were stopped: 0.0002663 seconds, Stopping threads took: 0.0000460 seconds
2015-12-06T20:16:29.460+0530: 1279.768: Total time for which application threads were stopped: 0.0002281 seconds, Stopping threads took: 0.0000471 seconds
2015-12-06T20:16:32.119+0530: 1282.427: Total time for which application threads were stopped: 0.0001603 seconds, Stopping threads took: 0.0000248 seconds
2015-12-06T20:16:32.119+0530: 1282.427: Total time for which application threads were stopped: 0.0000859 seconds, Stopping threads took: 0.0000140 seconds
2015-12-06T20:16:32.119+0530: 1282.427: Total time for which application threads were stopped: 0.0000750 seconds, Stopping threads took: 0.0000108 seconds
2015-12-06T20:16:38.027+0530: 1288.335: Total time for which application threads were stopped: 0.0002990 seconds, Stopping threads took: 0.0000451 seconds
2015-12-06T20:16:38.027+0530: 1288.336: Total time for which application threads were stopped: 0.0002280 seconds, Stopping threads took: 0.0000338 seconds
2015-12-06T20:16:38.028+0530: 1288.336: Total time for which application threads were stopped: 0.0007839 seconds, Stopping threads took: 0.0000333 seconds
2015-12-06T20:16:39.253+0530: 1289.562: Total time for which application threads were stopped: 0.0003713 seconds, Stopping threads took: 0.0001142 seconds
2015-12-06T20:16:40.254+0530: 1290.562: Total time for which application threads were stopped: 0.0002231 seconds, Stopping threads took: 0.0000386 seconds
2015-12-06T20:16:41.254+0530: 1291.562: Total time for which application threads were stopped: 0.0002847 seconds, Stopping threads took: 0.0000511 seconds
2015-12-06T20:16:43.255+0530: 1293.563: Total time for which application threads were stopped: 0.0001668 seconds, Stopping threads took: 0.0000308 seconds
2015-12-06T20:16:55.256+0530: 1305.565: Total time for which application threads were stopped: 0.0001604 seconds, Stopping threads took: 0.0000294 seconds
2015-12-06T20:16:56.257+0530: 1306.565: Total time for which application threads were stopped: 0.0001968 seconds, Stopping threads took: 0.0000342 seconds
2015-12-06T20:16:57.257+0530: 1307.565: Total time for which application threads were stopped: 0.0003328 seconds, Stopping threads took: 0.0000510 seconds
2015-12-06T20:16:57.512+0530: 1307.820: Total time for which application threads were stopped: 0.0001905 seconds, Stopping threads took: 0.0000365 seconds
2015-12-06T20:16:57.513+0530: 1307.821: Total time for which application threads were stopped: 0.0000792 seconds, Stopping threads took: 0.0000134 seconds
2015-12-06T20:16:57.513+0530: 1307.821: Total time for which application threads were stopped: 0.0000700 seconds, Stopping threads took: 0.0000125 seconds
2015-12-06T20:16:58.740+0530: 1309.048: Total time for which application threads were stopped: 0.0004835 seconds, Stopping threads took: 0.0000708 seconds
2015-12-06T20:16:58.740+0530: 1309.048: Total time for which application threads were stopped: 0.0003140 seconds, Stopping threads took: 0.0000555 seconds
2015-12-06T20:16:58.741+0530: 1309.049: Total time for which application threads were stopped: 0.0002888 seconds, Stopping threads took: 0.0000454 seconds
2015-12-06T20:17:01.075+0530: 1311.383: Total time for which application threads were stopped: 0.0002395 seconds, Stopping threads took: 0.0000400 seconds
2015-12-06T20:17:02.076+0530: 1312.384: Total time for which application threads were stopped: 0.0001468 seconds, Stopping threads took: 0.0000290 seconds
2015-12-06T20:17:03.076+0530: 1313.384: Total time for which application threads were stopped: 0.0001369 seconds, Stopping threads took: 0.0000228 seconds
2015-12-06T20:17:04.076+0530: 1314.384: Total time for which application threads were stopped: 0.0002714 seconds, Stopping threads took: 0.0000504 seconds
2015-12-06T20:17:09.111+0530: 1319.419: Total time for which application threads were stopped: 0.0001961 seconds, Stopping threads took: 0.0000413 seconds
2015-12-06T20:17:10.111+0530: 1320.419: Total time for which application threads were stopped: 0.0003096 seconds, Stopping threads took: 0.0000515 seconds
{Heap before GC invocations=45 (full 1):
 par new generation   total 109248K, used 105822K [0x00000000e0000000, 0x00000000e8000000, 0x00000000e8000000)
  eden space 87424K, 100% used [0x00000000e0000000, 0x00000000e5560000, 0x00000000e5560000)
  from space 21824K,  84% used [0x00000000e6ab0000, 0x00000000e7ca7bd0, 0x00000000e8000000)
  to   space 21824K,   0% used [0x00000000e5560000, 0x00000000e5560000, 0x00000000e6ab0000)
 concurrent mark-sweep generation total 393216K, used 24065K [0x00000000e8000000, 0x0000000100000000, 0x0000000100000000)
 Metaspace       used 35032K, capacity 35488K, committed 35788K, reserved 1081344K
  class space    used 3845K, capacity 3989K, committed 4044K, reserved 1048576K
2015-12-06T20:17:10.359+0530: 1320.667: [GC (Allocation Failure) 1320.743: [ParNew
Desired survivor size 20112992 bytes, new threshold 8 (max 8)
- age   1:    6779552 bytes,    6779552 total
- age   2:    3560080 bytes,   10339632 total
- age   3:     146712 bytes,   10486344 total
- age   4:     290112 bytes,   10776456 total
- age   5:     141936 bytes,   10918392 total
- age   6:       4976 bytes,   10923368 total
- age   7:       7960 bytes,   10931328 total
- age   8:       7952 bytes,   10939280 total
: 105822K->14658K(109248K), 0.0130439 secs] 129888K->38732K(502464K), 0.3030479 secs] [Times: user=0.04 sys=0.00, real=0.31 secs] 
Heap after GC invocations=46 (full 1):
 par new generation   total 109248K, used 14658K [0x00000000e0000000, 0x00000000e8000000, 0x00000000e8000000)
  eden space 87424K,   0% used [0x00000000e0000000, 0x00000000e0000000, 0x00000000e5560000)
  from space 21824K,  67% used [0x00000000e5560000, 0x00000000e63b0800, 0x00000000e6ab0000)
  to   space 21824K,   0% used [0x00000000e6ab0000, 0x00000000e6ab0000, 0x00000000e8000000)
 concurrent mark-sweep generation total 393216K, used 24074K [0x00000000e8000000, 0x0000000100000000, 0x0000000100000000)
 Metaspace       used 35032K, capacity 35488K, committed 35788K, reserved 1081344K
  class space    used 3845K, capacity 3989K, committed 4044K, reserved 1048576K
}
2015-12-06T20:17:10.662+0530: 1320.971: Total time for which application threads were stopped: 0.3035603 seconds, Stopping threads took: 0.0000289 seconds
2015-12-06T20:17:10.663+0530: 1320.971: Total time for which application threads were stopped: 0.0004157 seconds, Stopping threads took: 0.0000698 seconds
2015-12-06T20:17:13.664+0530: 1323.972: Total time for which application threads were stopped: 0.0002354 seconds, Stopping threads took: 0.0000518 seconds
2015-12-06T20:17:17.607+0530: 1327.915: Total time for which application threads were stopped: 0.0003042 seconds, Stopping threads took: 0.0000447 seconds
2015-12-06T20:17:17.608+0530: 1327.916: Total time for which application threads were stopped: 0.0001768 seconds, Stopping threads took: 0.0000290 seconds
2015-12-06T20:17:17.608+0530: 1327.916: Total time for which application threads were stopped: 0.0001633 seconds, Stopping threads took: 0.0000222 seconds
2015-12-06T20:17:20.287+0530: 1330.595: Total time for which application threads were stopped: 0.0003395 seconds, Stopping threads took: 0.0000313 seconds
2015-12-06T20:17:20.288+0530: 1330.596: Total time for which application threads were stopped: 0.0001730 seconds, Stopping threads took: 0.0000106 seconds
2015-12-06T20:17:20.288+0530: 1330.596: Total time for which application threads were stopped: 0.0000641 seconds, Stopping threads took: 0.0000186 seconds
2015-12-06T20:17:22.747+0530: 1333.055: Total time for which application threads were stopped: 0.0001562 seconds, Stopping threads took: 0.0000314 seconds
2015-12-06T20:17:22.748+0530: 1333.056: Total time for which application threads were stopped: 0.0000793 seconds, Stopping threads took: 0.0000199 seconds
2015-12-06T20:17:27.749+0530: 1338.057: Total time for which application threads were stopped: 0.0002738 seconds, Stopping threads took: 0.0000516 seconds
2015-12-06T20:17:28.749+0530: 1339.057: Total time for which application threads were stopped: 0.0002805 seconds, Stopping threads took: 0.0000497 seconds
2015-12-06T20:17:57.515+0530: 1367.823: Total time for which application threads were stopped: 0.0001676 seconds, Stopping threads took: 0.0000304 seconds
2015-12-06T20:17:57.516+0530: 1367.824: Total time for which application threads were stopped: 0.0000707 seconds, Stopping threads took: 0.0000116 seconds
2015-12-06T20:17:57.516+0530: 1367.824: Total time for which application threads were stopped: 0.0000603 seconds, Stopping threads took: 0.0000177 seconds
2015-12-06T20:18:03.517+0530: 1373.825: Total time for which application threads were stopped: 0.0002890 seconds, Stopping threads took: 0.0000436 seconds
2015-12-06T20:18:06.302+0530: 1376.610: Total time for which application threads were stopped: 0.0003249 seconds, Stopping threads took: 0.0000587 seconds
2015-12-06T20:18:06.302+0530: 1376.610: Total time for which application threads were stopped: 0.0001924 seconds, Stopping threads took: 0.0000355 seconds
2015-12-06T20:18:06.302+0530: 1376.610: Total time for which application threads were stopped: 0.0001701 seconds, Stopping threads took: 0.0000288 seconds
2015-12-06T20:18:06.775+0530: 1377.083: Total time for which application threads were stopped: 0.0006952 seconds, Stopping threads took: 0.0000667 seconds
2015-12-06T20:18:06.778+0530: 1377.086: Total time for which application threads were stopped: 0.0005928 seconds, Stopping threads took: 0.0000762 seconds
2015-12-06T20:18:08.948+0530: 1379.256: Total time for which application threads were stopped: 0.0002685 seconds, Stopping threads took: 0.0000432 seconds
2015-12-06T20:18:10.948+0530: 1381.256: Total time for which application threads were stopped: 0.0003460 seconds, Stopping threads took: 0.0000579 seconds
2015-12-06T20:18:11.949+0530: 1382.257: Total time for which application threads were stopped: 0.0003296 seconds, Stopping threads took: 0.0000511 seconds
2015-12-06T20:18:12.949+0530: 1383.257: Total time for which application threads were stopped: 0.0002603 seconds, Stopping threads took: 0.0000437 seconds
2015-12-06T20:18:13.504+0530: 1383.812: Total time for which application threads were stopped: 0.0002005 seconds, Stopping threads took: 0.0000411 seconds
2015-12-06T20:18:14.464+0530: 1384.772: Total time for which application threads were stopped: 0.0002167 seconds, Stopping threads took: 0.0000347 seconds
2015-12-06T20:18:14.465+0530: 1384.773: Total time for which application threads were stopped: 0.0001213 seconds, Stopping threads took: 0.0000203 seconds
2015-12-06T20:18:14.465+0530: 1384.773: Total time for which application threads were stopped: 0.0000717 seconds, Stopping threads took: 0.0000129 seconds
{Heap before GC invocations=46 (full 1):
 par new generation   total 109248K, used 102082K [0x00000000e0000000, 0x00000000e8000000, 0x00000000e8000000)
  eden space 87424K, 100% used [0x00000000e0000000, 0x00000000e5560000, 0x00000000e5560000)
  from space 21824K,  67% used [0x00000000e5560000, 0x00000000e63b0800, 0x00000000e6ab0000)
  to   space 21824K,   0% used [0x00000000e6ab0000, 0x00000000e6ab0000, 0x00000000e8000000)
 concurrent mark-sweep generation total 393216K, used 24074K [0x00000000e8000000, 0x0000000100000000, 0x0000000100000000)
 Metaspace       used 35043K, capacity 35488K, committed 35788K, reserved 1081344K
  class space    used 3845K, capacity 3989K, committed 4044K, reserved 1048576K
2015-12-06T20:18:15.958+0530: 1386.266: [GC (Allocation Failure) 1386.364: [ParNew
Desired survivor size 20112992 bytes, new threshold 8 (max 8)
- age   1:    5884768 bytes,    5884768 total
- age   2:    2358824 bytes,    8243592 total
- age   3:     355712 bytes,    8599304 total
- age   4:     141424 bytes,    8740728 total
- age   5:     221576 bytes,    8962304 total
- age   6:      73432 bytes,    9035736 total
- age   7:       4976 bytes,    9040712 total
- age   8:       7152 bytes,    9047864 total
: 102082K->13082K(109248K), 0.0129076 secs] 126156K->37164K(502464K), 0.3374583 secs] [Times: user=0.04 sys=0.00, real=0.34 secs] 
Heap after GC invocations=47 (full 1):
 par new generation   total 109248K, used 13082K [0x00000000e0000000, 0x00000000e8000000, 0x00000000e8000000)
  eden space 87424K,   0% used [0x00000000e0000000, 0x00000000e0000000, 0x00000000e5560000)
  from space 21824K,  59% used [0x00000000e6ab0000, 0x00000000e7776918, 0x00000000e8000000)
  to   space 21824K,   0% used [0x00000000e5560000, 0x00000000e5560000, 0x00000000e6ab0000)
 concurrent mark-sweep generation total 393216K, used 24081K [0x00000000e8000000, 0x0000000100000000, 0x0000000100000000)
 Metaspace       used 35043K, capacity 35488K, committed 35788K, reserved 1081344K
  class space    used 3845K, capacity 3989K, committed 4044K, reserved 1048576K
}
2015-12-06T20:18:16.296+0530: 1386.604: Total time for which application threads were stopped: 0.3380985 seconds, Stopping threads took: 0.0000537 seconds
2015-12-06T20:18:23.301+0530: 1393.609: Total time for which application threads were stopped: 0.0004029 seconds, Stopping threads took: 0.0000659 seconds
2015-12-06T20:18:33.303+0530: 1403.611: Total time for which application threads were stopped: 0.0002534 seconds, Stopping threads took: 0.0000517 seconds
2015-12-06T20:18:36.303+0530: 1406.611: Total time for which application threads were stopped: 0.0001902 seconds, Stopping threads took: 0.0000303 seconds
2015-12-06T20:18:40.304+0530: 1410.612: Total time for which application threads were stopped: 0.0002938 seconds, Stopping threads took: 0.0000467 seconds
2015-12-06T20:18:41.304+0530: 1411.613: Total time for which application threads were stopped: 0.0001484 seconds, Stopping threads took: 0.0000285 seconds
2015-12-06T20:18:45.391+0530: 1415.699: Total time for which application threads were stopped: 0.0001985 seconds, Stopping threads took: 0.0000343 seconds
2015-12-06T20:18:45.391+0530: 1415.699: Total time for which application threads were stopped: 0.0000719 seconds, Stopping threads took: 0.0000138 seconds
2015-12-06T20:18:45.391+0530: 1415.700: Total time for which application threads were stopped: 0.0000576 seconds, Stopping threads took: 0.0000080 seconds
2015-12-06T20:18:46.457+0530: 1416.765: Total time for which application threads were stopped: 0.0002917 seconds, Stopping threads took: 0.0000329 seconds
2015-12-06T20:18:46.458+0530: 1416.766: Total time for which application threads were stopped: 0.0001987 seconds, Stopping threads took: 0.0000369 seconds
2015-12-06T20:18:46.458+0530: 1416.766: Total time for which application threads were stopped: 0.0000998 seconds, Stopping threads took: 0.0000132 seconds
2015-12-06T20:18:50.459+0530: 1420.767: Total time for which application threads were stopped: 0.0003547 seconds, Stopping threads took: 0.0001025 seconds
2015-12-06T20:18:52.460+0530: 1422.768: Total time for which application threads were stopped: 0.0003082 seconds, Stopping threads took: 0.0000574 seconds
2015-12-06T20:19:01.461+0530: 1431.769: Total time for which application threads were stopped: 0.0003502 seconds, Stopping threads took: 0.0000583 seconds
2015-12-06T20:19:08.462+0530: 1438.771: Total time for which application threads were stopped: 0.0002847 seconds, Stopping threads took: 0.0000523 seconds
2015-12-06T20:19:10.384+0530: 1440.692: Total time for which application threads were stopped: 0.0003596 seconds, Stopping threads took: 0.0000549 seconds
{Heap before GC invocations=47 (full 1):
 par new generation   total 109248K, used 100506K [0x00000000e0000000, 0x00000000e8000000, 0x00000000e8000000)
  eden space 87424K, 100% used [0x00000000e0000000, 0x00000000e5560000, 0x00000000e5560000)
  from space 21824K,  59% used [0x00000000e6ab0000, 0x00000000e7776918, 0x00000000e8000000)
  to   space 21824K,   0% used [0x00000000e5560000, 0x00000000e5560000, 0x00000000e6ab0000)
 concurrent mark-sweep generation total 393216K, used 24081K [0x00000000e8000000, 0x0000000100000000, 0x0000000100000000)
 Metaspace       used 35065K, capacity 35552K, committed 35788K, reserved 1081344K
  class space    used 3845K, capacity 3989K, committed 4044K, reserved 1048576K
2015-12-06T20:19:18.282+0530: 1448.591: [GC (Allocation Failure) 1449.639: [ParNew
Desired survivor size 20112992 bytes, new threshold 8 (max 8)
- age   1:    7556104 bytes,    7556104 total
- age   2:    3264504 bytes,   10820608 total
- age   3:     302792 bytes,   11123400 total
- age   4:     350248 bytes,   11473648 total
- age   5:     140592 bytes,   11614240 total
- age   6:      16000 bytes,   11630240 total
- age   7:       5704 bytes,   11635944 total
- age   8:       4976 bytes,   11640920 total
: 100506K->14301K(109248K), 0.4112532 secs] 124588K->38389K(502464K), 1.6206126 secs] [Times: user=0.03 sys=0.00, real=1.62 secs] 
Heap after GC invocations=48 (full 1):
 par new generation   total 109248K, used 14301K [0x00000000e0000000, 0x00000000e8000000, 0x00000000e8000000)
  eden space 87424K,   0% used [0x00000000e0000000, 0x00000000e0000000, 0x00000000e5560000)
  from space 21824K,  65% used [0x00000000e5560000, 0x00000000e6357400, 0x00000000e6ab0000)
  to   space 21824K,   0% used [0x00000000e6ab0000, 0x00000000e6ab0000, 0x00000000e8000000)
 concurrent mark-sweep generation total 393216K, used 24088K [0x00000000e8000000, 0x0000000100000000, 0x0000000100000000)
 Metaspace       used 35065K, capacity 35552K, committed 35788K, reserved 1081344K
  class space    used 3845K, capacity 3989K, committed 4044K, reserved 1048576K
}
2015-12-06T20:19:19.903+0530: 1450.211: Total time for which application threads were stopped: 1.6211243 seconds, Stopping threads took: 0.0000305 seconds
2015-12-06T20:19:19.904+0530: 1450.212: Total time for which application threads were stopped: 0.0003497 seconds, Stopping threads took: 0.0000427 seconds
2015-12-06T20:19:22.292+0530: 1452.601: Total time for which application threads were stopped: 0.0005036 seconds, Stopping threads took: 0.0001481 seconds
2015-12-06T20:19:30.467+0530: 1460.776: Total time for which application threads were stopped: 0.0003174 seconds, Stopping threads took: 0.0000563 seconds
2015-12-06T20:19:30.468+0530: 1460.776: Total time for which application threads were stopped: 0.0001841 seconds, Stopping threads took: 0.0000263 seconds
2015-12-06T20:19:30.468+0530: 1460.776: Total time for which application threads were stopped: 0.0001659 seconds, Stopping threads took: 0.0000250 seconds
2015-12-06T20:19:33.341+0530: 1463.649: Total time for which application threads were stopped: 0.0003053 seconds, Stopping threads took: 0.0000607 seconds
2015-12-06T20:19:33.341+0530: 1463.649: Total time for which application threads were stopped: 0.0001891 seconds, Stopping threads took: 0.0000340 seconds
2015-12-06T20:19:33.341+0530: 1463.649: Total time for which application threads were stopped: 0.0001086 seconds, Stopping threads took: 0.0000256 seconds
2015-12-06T20:19:36.342+0530: 1466.650: Total time for which application threads were stopped: 0.0002347 seconds, Stopping threads took: 0.0000383 seconds
2015-12-06T20:19:37.342+0530: 1467.650: Total time for which application threads were stopped: 0.0001433 seconds, Stopping threads took: 0.0000292 seconds
2015-12-06T20:19:54.345+0530: 1484.653: Total time for which application threads were stopped: 0.0001606 seconds, Stopping threads took: 0.0000330 seconds
2015-12-06T20:19:57.539+0530: 1487.848: Total time for which application threads were stopped: 0.0001776 seconds, Stopping threads took: 0.0000365 seconds
2015-12-06T20:19:57.540+0530: 1487.848: Total time for which application threads were stopped: 0.0001637 seconds, Stopping threads took: 0.0000355 seconds
2015-12-06T20:19:57.541+0530: 1487.849: Total time for which application threads were stopped: 0.0001441 seconds, Stopping threads took: 0.0000476 seconds
2015-12-06T20:20:05.542+0530: 1495.850: Total time for which application threads were stopped: 0.0004756 seconds, Stopping threads took: 0.0000709 seconds
2015-12-06T20:20:06.446+0530: 1496.754: Total time for which application threads were stopped: 0.0003211 seconds, Stopping threads took: 0.0000759 seconds
2015-12-06T20:20:06.449+0530: 1496.757: Total time for which application threads were stopped: 0.0001650 seconds, Stopping threads took: 0.0000254 seconds
2015-12-06T20:20:06.449+0530: 1496.757: Total time for which application threads were stopped: 0.0000781 seconds, Stopping threads took: 0.0000112 seconds
2015-12-06T20:20:06.449+0530: 1496.757: Total time for which application threads were stopped: 0.0000732 seconds, Stopping threads took: 0.0000108 seconds
{Heap before GC invocations=48 (full 1):
 par new generation   total 109248K, used 101725K [0x00000000e0000000, 0x00000000e8000000, 0x00000000e8000000)
  eden space 87424K, 100% used [0x00000000e0000000, 0x00000000e5560000, 0x00000000e5560000)
  from space 21824K,  65% used [0x00000000e5560000, 0x00000000e6357400, 0x00000000e6ab0000)
  to   space 21824K,   0% used [0x00000000e6ab0000, 0x00000000e6ab0000, 0x00000000e8000000)
 concurrent mark-sweep generation total 393216K, used 24088K [0x00000000e8000000, 0x0000000100000000, 0x0000000100000000)
 Metaspace       used 35066K, capacity 35552K, committed 35788K, reserved 1081344K
  class space    used 3845K, capacity 3989K, committed 4044K, reserved 1048576K
2015-12-06T20:20:08.143+0530: 1498.452: [GC (Allocation Failure) 1498.452: [ParNew
Desired survivor size 20112992 bytes, new threshold 8 (max 8)
- age   1:    8257464 bytes,    8257464 total
- age   2:    2845800 bytes,   11103264 total
- age   3:     361928 bytes,   11465192 total
- age   4:     281128 bytes,   11746320 total
- age   5:     276728 bytes,   12023048 total
- age   6:      72864 bytes,   12095912 total
- age   7:      15216 bytes,   12111128 total
- age   8:       5704 bytes,   12116832 total
: 101725K->17006K(109248K), 0.0169169 secs] 125813K->41100K(502464K), 0.2839465 secs] [Times: user=0.04 sys=0.00, real=0.28 secs] 
Heap after GC invocations=49 (full 1):
 par new generation   total 109248K, used 17006K [0x00000000e0000000, 0x00000000e8000000, 0x00000000e8000000)
  eden space 87424K,   0% used [0x00000000e0000000, 0x00000000e0000000, 0x00000000e5560000)
  from space 21824K,  77% used [0x00000000e6ab0000, 0x00000000e7b4b8e8, 0x00000000e8000000)
  to   space 21824K,   0% used [0x00000000e5560000, 0x00000000e5560000, 0x00000000e6ab0000)
 concurrent mark-sweep generation total 393216K, used 24093K [0x00000000e8000000, 0x0000000100000000, 0x0000000100000000)
 Metaspace       used 35066K, capacity 35552K, committed 35788K, reserved 1081344K
  class space    used 3845K, capacity 3989K, committed 4044K, reserved 1048576K
}
2015-12-06T20:20:08.428+0530: 1498.736: Total time for which application threads were stopped: 1.3906113 seconds, Stopping threads took: 0.0000627 seconds
2015-12-06T20:20:15.115+0530: 1505.423: Total time for which application threads were stopped: 0.0002159 seconds, Stopping threads took: 0.0000372 seconds
2015-12-06T20:20:15.116+0530: 1505.424: Total time for which application threads were stopped: 0.0001638 seconds, Stopping threads took: 0.0000223 seconds
2015-12-06T20:20:15.116+0530: 1505.424: Total time for which application threads were stopped: 0.0002198 seconds, Stopping threads took: 0.0001233 seconds
2015-12-06T20:20:18.604+0530: 1508.913: Total time for which application threads were stopped: 0.0004867 seconds, Stopping threads took: 0.0001220 seconds
2015-12-06T20:20:18.605+0530: 1508.913: Total time for which application threads were stopped: 0.0003497 seconds, Stopping threads took: 0.0001216 seconds
2015-12-06T20:20:18.605+0530: 1508.914: Total time for which application threads were stopped: 0.0001331 seconds, Stopping threads took: 0.0000261 seconds
2015-12-06T20:20:30.454+0530: 1520.762: Total time for which application threads were stopped: 0.0003219 seconds, Stopping threads took: 0.0000506 seconds
2015-12-06T20:20:31.817+0530: 1522.125: Total time for which application threads were stopped: 0.0002859 seconds, Stopping threads took: 0.0000437 seconds
2015-12-06T20:20:31.817+0530: 1522.125: Total time for which application threads were stopped: 0.0000931 seconds, Stopping threads took: 0.0000163 seconds
2015-12-06T20:20:31.817+0530: 1522.126: Total time for which application threads were stopped: 0.0000739 seconds, Stopping threads took: 0.0000096 seconds
2015-12-06T20:20:41.735+0530: 1532.043: Total time for which application threads were stopped: 0.0003257 seconds, Stopping threads took: 0.0000610 seconds
2015-12-06T20:20:43.736+0530: 1534.044: Total time for which application threads were stopped: 0.0002975 seconds, Stopping threads took: 0.0000521 seconds
2015-12-06T20:20:51.737+0530: 1542.045: Total time for which application threads were stopped: 0.0001819 seconds, Stopping threads took: 0.0000303 seconds
2015-12-06T20:20:52.737+0530: 1543.046: Total time for which application threads were stopped: 0.0002395 seconds, Stopping threads took: 0.0000440 seconds
2015-12-06T20:20:53.738+0530: 1544.046: Total time for which application threads were stopped: 0.0003304 seconds, Stopping threads took: 0.0000508 seconds
2015-12-06T20:20:54.140+0530: 1544.448: Total time for which application threads were stopped: 0.0003287 seconds, Stopping threads took: 0.0000454 seconds
2015-12-06T20:20:54.672+0530: 1544.980: Total time for which application threads were stopped: 0.0003519 seconds, Stopping threads took: 0.0000726 seconds
2015-12-06T20:20:54.673+0530: 1544.981: Total time for which application threads were stopped: 0.0003032 seconds, Stopping threads took: 0.0000838 seconds
2015-12-06T20:20:54.673+0530: 1544.981: Total time for which application threads were stopped: 0.0003161 seconds, Stopping threads took: 0.0001133 seconds
2015-12-06T20:20:56.452+0530: 1546.760: Total time for which application threads were stopped: 0.0002013 seconds, Stopping threads took: 0.0000443 seconds
{Heap before GC invocations=49 (full 1):
 par new generation   total 109248K, used 104430K [0x00000000e0000000, 0x00000000e8000000, 0x00000000e8000000)
  eden space 87424K, 100% used [0x00000000e0000000, 0x00000000e5560000, 0x00000000e5560000)
  from space 21824K,  77% used [0x00000000e6ab0000, 0x00000000e7b4b8e8, 0x00000000e8000000)
  to   space 21824K,   0% used [0x00000000e5560000, 0x00000000e5560000, 0x00000000e6ab0000)
 concurrent mark-sweep generation total 393216K, used 24093K [0x00000000e8000000, 0x0000000100000000, 0x0000000100000000)
 Metaspace       used 35069K, capacity 35552K, committed 35788K, reserved 1081344K
  class space    used 3845K, capacity 3989K, committed 4044K, reserved 1048576K
2015-12-06T20:20:58.035+0530: 1548.343: [GC (Allocation Failure) 1548.344: [ParNew
Desired survivor size 20112992 bytes, new threshold 8 (max 8)
- age   1:    8280368 bytes,    8280368 total
- age   2:    3038360 bytes,   11318728 total
- age   3:     149552 bytes,   11468280 total
- age   4:     348816 bytes,   11817096 total
- age   5:     210240 bytes,   12027336 total
- age   6:      73472 bytes,   12100808 total
- age   7:       3568 bytes,   12104376 total
- age   8:      12888 bytes,   12117264 total
: 104430K->17166K(109248K), 0.0163636 secs] 128524K->41266K(502464K), 0.1543737 secs] [Times: user=0.05 sys=0.00, real=0.15 secs] 
Heap after GC invocations=50 (full 1):
 par new generation   total 109248K, used 17166K [0x00000000e0000000, 0x00000000e8000000, 0x00000000e8000000)
  eden space 87424K,   0% used [0x00000000e0000000, 0x00000000e0000000, 0x00000000e5560000)
  from space 21824K,  78% used [0x00000000e5560000, 0x00000000e6623bd0, 0x00000000e6ab0000)
  to   space 21824K,   0% used [0x00000000e6ab0000, 0x00000000e6ab0000, 0x00000000e8000000)
 concurrent mark-sweep generation total 393216K, used 24099K [0x00000000e8000000, 0x0000000100000000, 0x0000000100000000)
 Metaspace       used 35069K, capacity 35552K, committed 35788K, reserved 1081344K
  class space    used 3845K, capacity 3989K, committed 4044K, reserved 1048576K
}
2015-12-06T20:20:58.190+0530: 1548.498: Total time for which application threads were stopped: 0.9803586 seconds, Stopping threads took: 0.0000307 seconds
2015-12-06T20:20:58.191+0530: 1548.499: Total time for which application threads were stopped: 0.0004034 seconds, Stopping threads took: 0.0001056 seconds
2015-12-06T20:21:00.191+0530: 1550.499: Total time for which application threads were stopped: 0.0002794 seconds, Stopping threads took: 0.0000530 seconds
2015-12-06T20:21:06.098+0530: 1556.406: Total time for which application threads were stopped: 0.0002933 seconds, Stopping threads took: 0.0000542 seconds
2015-12-06T20:21:06.098+0530: 1556.406: Total time for which application threads were stopped: 0.0001890 seconds, Stopping threads took: 0.0000398 seconds
2015-12-06T20:21:06.099+0530: 1556.407: Total time for which application threads were stopped: 0.0001565 seconds, Stopping threads took: 0.0000242 seconds
2015-12-06T20:21:12.100+0530: 1562.408: Total time for which application threads were stopped: 0.0002717 seconds, Stopping threads took: 0.0000532 seconds
2015-12-06T20:21:22.101+0530: 1572.409: Total time for which application threads were stopped: 0.0003102 seconds, Stopping threads took: 0.0000947 seconds
2015-12-06T20:21:22.716+0530: 1573.024: Total time for which application threads were stopped: 0.0002133 seconds, Stopping threads took: 0.0000422 seconds
2015-12-06T20:21:23.292+0530: 1573.600: Total time for which application threads were stopped: 0.0001696 seconds, Stopping threads took: 0.0000286 seconds
2015-12-06T20:21:23.292+0530: 1573.600: Total time for which application threads were stopped: 0.0000914 seconds, Stopping threads took: 0.0000162 seconds
2015-12-06T20:21:23.292+0530: 1573.600: Total time for which application threads were stopped: 0.0000757 seconds, Stopping threads took: 0.0000114 seconds
2015-12-06T20:21:29.293+0530: 1579.601: Total time for which application threads were stopped: 0.0001969 seconds, Stopping threads took: 0.0000297 seconds
2015-12-06T20:21:30.293+0530: 1580.601: Total time for which application threads were stopped: 0.0001457 seconds, Stopping threads took: 0.0000318 seconds
2015-12-06T20:21:31.157+0530: 1581.465: Total time for which application threads were stopped: 0.0001537 seconds, Stopping threads took: 0.0000272 seconds
2015-12-06T20:21:31.157+0530: 1581.465: Total time for which application threads were stopped: 0.0000695 seconds, Stopping threads took: 0.0000115 seconds
2015-12-06T20:21:31.157+0530: 1581.465: Total time for which application threads were stopped: 0.0000607 seconds, Stopping threads took: 0.0000103 seconds
2015-12-06T20:21:44.714+0530: 1595.022: Total time for which application threads were stopped: 0.0002902 seconds, Stopping threads took: 0.0000481 seconds
2015-12-06T20:21:45.710+0530: 1596.018: Total time for which application threads were stopped: 0.0002394 seconds, Stopping threads took: 0.0000721 seconds
2015-12-06T20:21:46.377+0530: 1596.685: Total time for which application threads were stopped: 0.0001724 seconds, Stopping threads took: 0.0000271 seconds
{Heap before GC invocations=50 (full 1):
 par new generation   total 109248K, used 104577K [0x00000000e0000000, 0x00000000e8000000, 0x00000000e8000000)
  eden space 87424K,  99% used [0x00000000e0000000, 0x00000000e555c9f0, 0x00000000e5560000)
  from space 21824K,  78% used [0x00000000e5560000, 0x00000000e6623bd0, 0x00000000e6ab0000)
  to   space 21824K,   0% used [0x00000000e6ab0000, 0x00000000e6ab0000, 0x00000000e8000000)
 concurrent mark-sweep generation total 393216K, used 24099K [0x00000000e8000000, 0x0000000100000000, 0x0000000100000000)
 Metaspace       used 35069K, capacity 35552K, committed 35788K, reserved 1081344K
  class space    used 3845K, capacity 3989K, committed 4044K, reserved 1048576K
2015-12-06T20:21:47.478+0530: 1597.786: [GC (Allocation Failure) 1597.786: [ParNew
Desired survivor size 20112992 bytes, new threshold 8 (max 8)
- age   1:    8650784 bytes,    8650784 total
- age   2:    7163976 bytes,   15814760 total
- age   3:     285000 bytes,   16099760 total
- age   4:     147208 bytes,   16246968 total
- age   5:     345576 bytes,   16592544 total
- age   6:     140976 bytes,   16733520 total
- age   7:       5744 bytes,   16739264 total
- age   8:       3568 bytes,   16742832 total
: 104577K->20001K(109248K), 0.0152302 secs] 128676K->44112K(502464K), 0.2417710 secs] [Times: user=0.05 sys=0.00, real=0.24 secs] 
Heap after GC invocations=51 (full 1):
 par new generation   total 109248K, used 20001K [0x00000000e0000000, 0x00000000e8000000, 0x00000000e8000000)
  eden space 87424K,   0% used [0x00000000e0000000, 0x00000000e0000000, 0x00000000e5560000)
  from space 21824K,  91% used [0x00000000e6ab0000, 0x00000000e7e38470, 0x00000000e8000000)
  to   space 21824K,   0% used [0x00000000e5560000, 0x00000000e5560000, 0x00000000e6ab0000)
 concurrent mark-sweep generation total 393216K, used 24111K [0x00000000e8000000, 0x0000000100000000, 0x0000000100000000)
 Metaspace       used 35069K, capacity 35552K, committed 35788K, reserved 1081344K
  class space    used 3845K, capacity 3989K, committed 4044K, reserved 1048576K
}
2015-12-06T20:21:47.720+0530: 1598.028: Total time for which application threads were stopped: 0.6576949 seconds, Stopping threads took: 0.0000300 seconds
2015-12-06T20:21:51.814+0530: 1602.123: Total time for which application threads were stopped: 0.0001830 seconds, Stopping threads took: 0.0000333 seconds
2015-12-06T20:21:51.815+0530: 1602.123: Total time for which application threads were stopped: 0.0000938 seconds, Stopping threads took: 0.0000136 seconds
2015-12-06T20:21:51.815+0530: 1602.123: Total time for which application threads were stopped: 0.0000892 seconds, Stopping threads took: 0.0000136 seconds
2015-12-06T20:21:51.815+0530: 1602.123: Total time for which application threads were stopped: 0.0000835 seconds, Stopping threads took: 0.0000109 seconds
2015-12-06T20:21:53.938+0530: 1604.246: Total time for which application threads were stopped: 0.0003035 seconds, Stopping threads took: 0.0000556 seconds
2015-12-06T20:21:53.938+0530: 1604.247: Total time for which application threads were stopped: 0.0001742 seconds, Stopping threads took: 0.0000271 seconds
2015-12-06T20:21:53.939+0530: 1604.247: Total time for which application threads were stopped: 0.0001630 seconds, Stopping threads took: 0.0000243 seconds
2015-12-06T20:22:00.033+0530: 1610.341: Total time for which application threads were stopped: 0.0006173 seconds, Stopping threads took: 0.0001553 seconds
2015-12-06T20:22:00.043+0530: 1610.351: Total time for which application threads were stopped: 0.0055570 seconds, Stopping threads took: 0.0053785 seconds
2015-12-06T20:22:01.117+0530: 1611.425: Total time for which application threads were stopped: 0.0001533 seconds, Stopping threads took: 0.0000285 seconds
2015-12-06T20:22:01.117+0530: 1611.425: Total time for which application threads were stopped: 0.0000644 seconds, Stopping threads took: 0.0000116 seconds
2015-12-06T20:22:01.117+0530: 1611.425: Total time for which application threads were stopped: 0.0002341 seconds, Stopping threads took: 0.0000095 seconds
2015-12-06T20:22:03.448+0530: 1613.756: Total time for which application threads were stopped: 0.0001417 seconds, Stopping threads took: 0.0000275 seconds
2015-12-06T20:22:08.475+0530: 1618.784: Total time for which application threads were stopped: 0.0001830 seconds, Stopping threads took: 0.0000331 seconds
2015-12-06T20:22:08.476+0530: 1618.784: Total time for which application threads were stopped: 0.0001180 seconds, Stopping threads took: 0.0000359 seconds
2015-12-06T20:22:08.476+0530: 1618.784: Total time for which application threads were stopped: 0.0000812 seconds, Stopping threads took: 0.0000158 seconds
2015-12-06T20:22:09.476+0530: 1619.784: Total time for which application threads were stopped: 0.0001482 seconds, Stopping threads took: 0.0000285 seconds
2015-12-06T20:22:18.478+0530: 1628.786: Total time for which application threads were stopped: 0.0002107 seconds, Stopping threads took: 0.0000357 seconds
2015-12-06T20:22:20.478+0530: 1630.786: Total time for which application threads were stopped: 0.0002680 seconds, Stopping threads took: 0.0000420 seconds
2015-12-06T20:22:20.806+0530: 1631.114: Total time for which application threads were stopped: 0.0001612 seconds, Stopping threads took: 0.0000340 seconds
2015-12-06T20:22:26.779+0530: 1637.087: Total time for which application threads were stopped: 0.0006104 seconds, Stopping threads took: 0.0000894 seconds
2015-12-06T20:22:26.923+0530: 1637.232: Total time for which application threads were stopped: 0.0007831 seconds, Stopping threads took: 0.0000835 seconds
2015-12-06T20:22:26.924+0530: 1637.232: Total time for which application threads were stopped: 0.0002522 seconds, Stopping threads took: 0.0000772 seconds
2015-12-06T20:22:28.924+0530: 1639.232: Total time for which application threads were stopped: 0.0001926 seconds, Stopping threads took: 0.0000296 seconds
2015-12-06T20:22:29.023+0530: 1639.331: Total time for which application threads were stopped: 0.0001758 seconds, Stopping threads took: 0.0000277 seconds
2015-12-06T20:22:29.023+0530: 1639.331: Total time for which application threads were stopped: 0.0000946 seconds, Stopping threads took: 0.0000169 seconds
2015-12-06T20:22:35.078+0530: 1645.386: Total time for which application threads were stopped: 0.0001662 seconds, Stopping threads took: 0.0000306 seconds
2015-12-06T20:22:38.209+0530: 1648.517: Total time for which application threads were stopped: 0.0003393 seconds, Stopping threads took: 0.0000546 seconds
2015-12-06T20:22:38.609+0530: 1648.917: Total time for which application threads were stopped: 0.0001683 seconds, Stopping threads took: 0.0000306 seconds
2015-12-06T20:22:38.935+0530: 1649.243: Total time for which application threads were stopped: 0.0001748 seconds, Stopping threads took: 0.0000292 seconds
2015-12-06T20:22:41.278+0530: 1651.586: Total time for which application threads were stopped: 0.0001668 seconds, Stopping threads took: 0.0000301 seconds
2015-12-06T20:22:43.623+0530: 1653.932: Total time for which application threads were stopped: 0.0002680 seconds, Stopping threads took: 0.0000465 seconds
2015-12-06T20:22:43.624+0530: 1653.932: Total time for which application threads were stopped: 0.0001439 seconds, Stopping threads took: 0.0000218 seconds
2015-12-06T20:22:43.624+0530: 1653.932: Total time for which application threads were stopped: 0.0001203 seconds, Stopping threads took: 0.0000151 seconds
2015-12-06T20:22:45.715+0530: 1656.023: Total time for which application threads were stopped: 0.0002146 seconds, Stopping threads took: 0.0000421 seconds
{Heap before GC invocations=51 (full 1):
 par new generation   total 109248K, used 107425K [0x00000000e0000000, 0x00000000e8000000, 0x00000000e8000000)
  eden space 87424K, 100% used [0x00000000e0000000, 0x00000000e5560000, 0x00000000e5560000)
  from space 21824K,  91% used [0x00000000e6ab0000, 0x00000000e7e38470, 0x00000000e8000000)
  to   space 21824K,   0% used [0x00000000e5560000, 0x00000000e5560000, 0x00000000e6ab0000)
 concurrent mark-sweep generation total 393216K, used 24111K [0x00000000e8000000, 0x0000000100000000, 0x0000000100000000)
 Metaspace       used 35072K, capacity 35552K, committed 35788K, reserved 1081344K
  class space    used 3845K, capacity 3989K, committed 4044K, reserved 1048576K
2015-12-06T20:22:46.597+0530: 1656.906: [GC (Allocation Failure) 1656.906: [ParNew
Desired survivor size 20112992 bytes, new threshold 8 (max 8)
- age   1:    5677144 bytes,    5677144 total
- age   2:    3253000 bytes,    8930144 total
- age   3:     362216 bytes,    9292360 total
- age   4:     279464 bytes,    9571824 total
- age   5:     144784 bytes,    9716608 total
- age   6:       4536 bytes,    9721144 total
- age   7:       5464 bytes,    9726608 total
- age   8:       5744 bytes,    9732352 total
: 107425K->20702K(109248K), 0.0197189 secs] 131536K->44816K(502464K), 0.6177282 secs] [Times: user=0.03 sys=0.01, real=0.62 secs] 
Heap after GC invocations=52 (full 1):
 par new generation   total 109248K, used 20702K [0x00000000e0000000, 0x00000000e8000000, 0x00000000e8000000)
  eden space 87424K,   0% used [0x00000000e0000000, 0x00000000e0000000, 0x00000000e5560000)
  from space 21824K,  94% used [0x00000000e5560000, 0x00000000e6997840, 0x00000000e6ab0000)
  to   space 21824K,   0% used [0x00000000e6ab0000, 0x00000000e6ab0000, 0x00000000e8000000)
 concurrent mark-sweep generation total 393216K, used 24114K [0x00000000e8000000, 0x0000000100000000, 0x0000000100000000)
 Metaspace       used 35072K, capacity 35552K, committed 35788K, reserved 1081344K
  class space    used 3845K, capacity 3989K, committed 4044K, reserved 1048576K
}
2015-12-06T20:22:47.216+0530: 1657.524: Total time for which application threads were stopped: 0.6184614 seconds, Stopping threads took: 0.0000270 seconds
2015-12-06T20:22:47.217+0530: 1657.525: Total time for which application threads were stopped: 0.0006254 seconds, Stopping threads took: 0.0000964 seconds
2015-12-06T20:22:47.290+0530: 1657.598: Total time for which application threads were stopped: 0.0002617 seconds, Stopping threads took: 0.0000873 seconds
2015-12-06T20:22:47.290+0530: 1657.599: Total time for which application threads were stopped: 0.0002720 seconds, Stopping threads took: 0.0001680 seconds
2015-12-06T20:22:47.296+0530: 1657.604: Total time for which application threads were stopped: 0.0056296 seconds, Stopping threads took: 0.0054880 seconds
2015-12-06T20:22:54.297+0530: 1664.606: Total time for which application threads were stopped: 0.0002512 seconds, Stopping threads took: 0.0000500 seconds
2015-12-06T20:23:02.299+0530: 1672.607: Total time for which application threads were stopped: 0.0001531 seconds, Stopping threads took: 0.0000290 seconds
2015-12-06T20:23:03.299+0530: 1673.607: Total time for which application threads were stopped: 0.0002497 seconds, Stopping threads took: 0.0000490 seconds
2015-12-06T20:23:04.853+0530: 1675.161: Total time for which application threads were stopped: 0.0001867 seconds, Stopping threads took: 0.0000314 seconds
2015-12-06T20:23:04.853+0530: 1675.161: Total time for which application threads were stopped: 0.0000727 seconds, Stopping threads took: 0.0000179 seconds
2015-12-06T20:23:04.853+0530: 1675.161: Total time for which application threads were stopped: 0.0000688 seconds, Stopping threads took: 0.0000114 seconds
2015-12-06T20:23:06.854+0530: 1677.162: Total time for which application threads were stopped: 0.0003438 seconds, Stopping threads took: 0.0000558 seconds
2015-12-06T20:23:07.854+0530: 1678.162: Total time for which application threads were stopped: 0.0003637 seconds, Stopping threads took: 0.0000555 seconds
2015-12-06T20:23:10.302+0530: 1680.610: Total time for which application threads were stopped: 0.0001633 seconds, Stopping threads took: 0.0000299 seconds
2015-12-06T20:23:10.302+0530: 1680.611: Total time for which application threads were stopped: 0.0000947 seconds, Stopping threads took: 0.0000174 seconds
2015-12-06T20:23:10.303+0530: 1680.611: Total time for which application threads were stopped: 0.0000854 seconds, Stopping threads took: 0.0000198 seconds
2015-12-06T20:23:39.742+0530: 1710.050: Total time for which application threads were stopped: 0.0002594 seconds, Stopping threads took: 0.0000451 seconds
2015-12-06T20:23:40.547+0530: 1710.856: Total time for which application threads were stopped: 0.0002371 seconds, Stopping threads took: 0.0000344 seconds
2015-12-06T20:23:40.805+0530: 1711.113: Total time for which application threads were stopped: 0.0002521 seconds, Stopping threads took: 0.0000917 seconds
2015-12-06T20:23:43.057+0530: 1713.366: Total time for which application threads were stopped: 0.0001898 seconds, Stopping threads took: 0.0000311 seconds
2015-12-06T20:23:43.841+0530: 1714.150: Total time for which application threads were stopped: 0.0002107 seconds, Stopping threads took: 0.0000282 seconds
{Heap before GC invocations=52 (full 1):
 par new generation   total 109248K, used 108126K [0x00000000e0000000, 0x00000000e8000000, 0x00000000e8000000)
  eden space 87424K, 100% used [0x00000000e0000000, 0x00000000e5560000, 0x00000000e5560000)
  from space 21824K,  94% used [0x00000000e5560000, 0x00000000e6997840, 0x00000000e6ab0000)
  to   space 21824K,   0% used [0x00000000e6ab0000, 0x00000000e6ab0000, 0x00000000e8000000)
 concurrent mark-sweep generation total 393216K, used 24114K [0x00000000e8000000, 0x0000000100000000, 0x0000000100000000)
 Metaspace       used 35096K, capacity 35552K, committed 35788K, reserved 1081344K
  class space    used 3845K, capacity 3989K, committed 4044K, reserved 1048576K
2015-12-06T20:23:44.204+0530: 1714.512: [GC (Allocation Failure) 1714.512: [ParNew
Desired survivor size 20112992 bytes, new threshold 8 (max 8)
- age   1:    8089824 bytes,    8089824 total
- age   2:    4577904 bytes,   12667728 total
- age   3:     154032 bytes,   12821760 total
- age   4:     342312 bytes,   13164072 total
- age   5:     211640 bytes,   13375712 total
- age   6:       7808 bytes,   13383520 total
- age   7:       3752 bytes,   13387272 total
- age   8:       4688 bytes,   13391960 total
: 108126K->15697K(109248K), 0.0121867 secs] 132240K->39817K(502464K), 0.5320980 secs] [Times: user=0.03 sys=0.00, real=0.53 secs] 
Heap after GC invocations=53 (full 1):
 par new generation   total 109248K, used 15697K [0x00000000e0000000, 0x00000000e8000000, 0x00000000e8000000)
  eden space 87424K,   0% used [0x00000000e0000000, 0x00000000e0000000, 0x00000000e5560000)
  from space 21824K,  71% used [0x00000000e6ab0000, 0x00000000e7a04480, 0x00000000e8000000)
  to   space 21824K,   0% used [0x00000000e5560000, 0x00000000e5560000, 0x00000000e6ab0000)
 concurrent mark-sweep generation total 393216K, used 24120K [0x00000000e8000000, 0x0000000100000000, 0x0000000100000000)
 Metaspace       used 35096K, capacity 35552K, committed 35788K, reserved 1081344K
  class space    used 3845K, capacity 3989K, committed 4044K, reserved 1048576K
}
2015-12-06T20:23:44.736+0530: 1715.044: Total time for which application threads were stopped: 0.5330933 seconds, Stopping threads took: 0.0000745 seconds
2015-12-06T20:23:44.746+0530: 1715.054: Total time for which application threads were stopped: 0.0002370 seconds, Stopping threads took: 0.0000712 seconds
2015-12-06T20:23:44.746+0530: 1715.054: Total time for which application threads were stopped: 0.0001524 seconds, Stopping threads took: 0.0000374 seconds
2015-12-06T20:23:44.746+0530: 1715.054: Total time for which application threads were stopped: 0.0001020 seconds, Stopping threads took: 0.0000162 seconds
2015-12-06T20:23:54.995+0530: 1725.304: Total time for which application threads were stopped: 0.0001988 seconds, Stopping threads took: 0.0000305 seconds
2015-12-06T20:23:54.996+0530: 1725.304: Total time for which application threads were stopped: 0.0001230 seconds, Stopping threads took: 0.0000200 seconds
2015-12-06T20:23:54.996+0530: 1725.304: Total time for which application threads were stopped: 0.0000982 seconds, Stopping threads took: 0.0000148 seconds
2015-12-06T20:23:56.712+0530: 1727.020: Total time for which application threads were stopped: 0.0025678 seconds, Stopping threads took: 0.0021020 seconds
2015-12-06T20:23:57.240+0530: 1727.548: Total time for which application threads were stopped: 0.0003154 seconds, Stopping threads took: 0.0000598 seconds
2015-12-06T20:23:59.502+0530: 1729.810: Total time for which application threads were stopped: 0.0001706 seconds, Stopping threads took: 0.0000272 seconds
2015-12-06T20:23:59.502+0530: 1729.810: Total time for which application threads were stopped: 0.0000921 seconds, Stopping threads took: 0.0000148 seconds
2015-12-06T20:23:59.502+0530: 1729.810: Total time for which application threads were stopped: 0.0000872 seconds, Stopping threads took: 0.0000181 seconds
2015-12-06T20:24:03.452+0530: 1733.760: Total time for which application threads were stopped: 0.0001960 seconds, Stopping threads took: 0.0000335 seconds
2015-12-06T20:24:03.453+0530: 1733.761: Total time for which application threads were stopped: 0.0001070 seconds, Stopping threads took: 0.0000173 seconds
2015-12-06T20:24:03.453+0530: 1733.761: Total time for which application threads were stopped: 0.0000765 seconds, Stopping threads took: 0.0000112 seconds
2015-12-06T20:24:30.693+0530: 1761.001: Total time for which application threads were stopped: 0.0001450 seconds, Stopping threads took: 0.0000256 seconds
2015-12-06T20:24:35.694+0530: 1766.002: Total time for which application threads were stopped: 0.0001600 seconds, Stopping threads took: 0.0000295 seconds
2015-12-06T20:24:36.357+0530: 1766.665: Total time for which application threads were stopped: 0.0001851 seconds, Stopping threads took: 0.0000350 seconds
2015-12-06T20:24:37.357+0530: 1767.665: Total time for which application threads were stopped: 0.0001746 seconds, Stopping threads took: 0.0000277 seconds
2015-12-06T20:24:37.445+0530: 1767.753: Total time for which application threads were stopped: 0.0020346 seconds, Stopping threads took: 0.0018371 seconds
2015-12-06T20:24:37.454+0530: 1767.762: Total time for which application threads were stopped: 0.0009942 seconds, Stopping threads took: 0.0006902 seconds
2015-12-06T20:24:37.455+0530: 1767.763: Total time for which application threads were stopped: 0.0003109 seconds, Stopping threads took: 0.0000612 seconds
2015-12-06T20:24:37.456+0530: 1767.764: Total time for which application threads were stopped: 0.0001663 seconds, Stopping threads took: 0.0000505 seconds
2015-12-06T20:24:37.486+0530: 1767.794: Total time for which application threads were stopped: 0.0004259 seconds, Stopping threads took: 0.0002507 seconds
2015-12-06T20:24:37.524+0530: 1767.833: Total time for which application threads were stopped: 0.0002292 seconds, Stopping threads took: 0.0000509 seconds
2015-12-06T20:24:38.525+0530: 1768.833: Total time for which application threads were stopped: 0.0002013 seconds, Stopping threads took: 0.0000297 seconds
{Heap before GC invocations=53 (full 1):
 par new generation   total 109248K, used 103121K [0x00000000e0000000, 0x00000000e8000000, 0x00000000e8000000)
  eden space 87424K, 100% used [0x00000000e0000000, 0x00000000e5560000, 0x00000000e5560000)
  from space 21824K,  71% used [0x00000000e6ab0000, 0x00000000e7a04480, 0x00000000e8000000)
  to   space 21824K,   0% used [0x00000000e5560000, 0x00000000e5560000, 0x00000000e6ab0000)
 concurrent mark-sweep generation total 393216K, used 24120K [0x00000000e8000000, 0x0000000100000000, 0x0000000100000000)
 Metaspace       used 35098K, capacity 35552K, committed 35788K, reserved 1081344K
  class space    used 3845K, capacity 3989K, committed 4044K, reserved 1048576K
2015-12-06T20:24:38.956+0530: 1769.264: [GC (Allocation Failure) 1770.237: [ParNew
Desired survivor size 20112992 bytes, new threshold 8 (max 8)
- age   1:    8871632 bytes,    8871632 total
- age   2:    3558696 bytes,   12430328 total
- age   3:     412064 bytes,   12842392 total
- age   4:     141232 bytes,   12983624 total
- age   5:     274512 bytes,   13258136 total
- age   6:       8432 bytes,   13266568 total
- age   7:       7808 bytes,   13274376 total
- age   8:       3752 bytes,   13278128 total
: 103121K->19454K(109248K), 0.0188057 secs] 127241K->43579K(502464K), 0.9921181 secs] [Times: user=0.08 sys=0.00, real=0.99 secs] 
Heap after GC invocations=54 (full 1):
 par new generation   total 109248K, used 19454K [0x00000000e0000000, 0x00000000e8000000, 0x00000000e8000000)
  eden space 87424K,   0% used [0x00000000e0000000, 0x00000000e0000000, 0x00000000e5560000)
  from space 21824K,  89% used [0x00000000e5560000, 0x00000000e685f8d0, 0x00000000e6ab0000)
  to   space 21824K,   0% used [0x00000000e6ab0000, 0x00000000e6ab0000, 0x00000000e8000000)
 concurrent mark-sweep generation total 393216K, used 24124K [0x00000000e8000000, 0x0000000100000000, 0x0000000100000000)
 Metaspace       used 35098K, capacity 35552K, committed 35788K, reserved 1081344K
  class space    used 3845K, capacity 3989K, committed 4044K, reserved 1048576K
}
2015-12-06T20:24:39.948+0530: 1770.257: Total time for which application threads were stopped: 0.9925039 seconds, Stopping threads took: 0.0000331 seconds
2015-12-06T20:24:39.949+0530: 1770.257: Total time for which application threads were stopped: 0.0004306 seconds, Stopping threads took: 0.0000947 seconds
2015-12-06T20:24:39.963+0530: 1770.271: Total time for which application threads were stopped: 0.0002018 seconds, Stopping threads took: 0.0000544 seconds
2015-12-06T20:24:39.963+0530: 1770.271: Total time for which application threads were stopped: 0.0000970 seconds, Stopping threads took: 0.0000310 seconds
2015-12-06T20:24:39.963+0530: 1770.271: Total time for which application threads were stopped: 0.0000843 seconds, Stopping threads took: 0.0000265 seconds
2015-12-06T20:24:41.964+0530: 1772.272: Total time for which application threads were stopped: 0.0002866 seconds, Stopping threads took: 0.0000514 seconds
2015-12-06T20:24:44.964+0530: 1775.272: Total time for which application threads were stopped: 0.0002576 seconds, Stopping threads took: 0.0000452 seconds
2015-12-06T20:25:11.968+0530: 1802.276: Total time for which application threads were stopped: 0.0002797 seconds, Stopping threads took: 0.0000493 seconds
2015-12-06T20:25:18.034+0530: 1808.342: Total time for which application threads were stopped: 0.0003998 seconds, Stopping threads took: 0.0000623 seconds
2015-12-06T20:25:19.155+0530: 1809.464: Total time for which application threads were stopped: 0.0003556 seconds, Stopping threads took: 0.0000396 seconds
2015-12-06T20:25:21.156+0530: 1811.464: Total time for which application threads were stopped: 0.0002785 seconds, Stopping threads took: 0.0000494 seconds
2015-12-06T20:25:29.157+0530: 1819.466: Total time for which application threads were stopped: 0.0003774 seconds, Stopping threads took: 0.0000752 seconds
2015-12-06T20:25:29.936+0530: 1820.244: Total time for which application threads were stopped: 0.0003332 seconds, Stopping threads took: 0.0001960 seconds
2015-12-06T20:25:29.936+0530: 1820.244: Total time for which application threads were stopped: 0.0001135 seconds, Stopping threads took: 0.0000421 seconds
2015-12-06T20:25:29.936+0530: 1820.244: Total time for which application threads were stopped: 0.0000660 seconds, Stopping threads took: 0.0000120 seconds
2015-12-06T20:25:31.936+0530: 1822.245: Total time for which application threads were stopped: 0.0001945 seconds, Stopping threads took: 0.0000342 seconds
2015-12-06T20:25:32.937+0530: 1823.245: Total time for which application threads were stopped: 0.0003662 seconds, Stopping threads took: 0.0000562 seconds
2015-12-06T20:25:33.937+0530: 1824.246: Total time for which application threads were stopped: 0.0003224 seconds, Stopping threads took: 0.0000572 seconds
2015-12-06T20:25:34.938+0530: 1825.246: Total time for which application threads were stopped: 0.0002828 seconds, Stopping threads took: 0.0000533 seconds
2015-12-06T20:25:40.754+0530: 1831.062: Total time for which application threads were stopped: 0.0003265 seconds, Stopping threads took: 0.0000554 seconds
2015-12-06T20:25:40.755+0530: 1831.063: Total time for which application threads were stopped: 0.0002114 seconds, Stopping threads took: 0.0000417 seconds
2015-12-06T20:25:40.755+0530: 1831.063: Total time for which application threads were stopped: 0.0001907 seconds, Stopping threads took: 0.0000398 seconds
2015-12-06T20:25:47.996+0530: 1838.304: Total time for which application threads were stopped: 0.0003796 seconds, Stopping threads took: 0.0000710 seconds
2015-12-06T20:25:50.997+0530: 1841.305: Total time for which application threads were stopped: 0.0001896 seconds, Stopping threads took: 0.0000376 seconds
2015-12-06T20:25:57.998+0530: 1848.306: Total time for which application threads were stopped: 0.0002746 seconds, Stopping threads took: 0.0000573 seconds
2015-12-06T20:26:01.998+0530: 1852.307: Total time for which application threads were stopped: 0.0001588 seconds, Stopping threads took: 0.0000316 seconds
2015-12-06T20:26:02.999+0530: 1853.307: Total time for which application threads were stopped: 0.0002547 seconds, Stopping threads took: 0.0000361 seconds
2015-12-06T20:26:05.999+0530: 1856.307: Total time for which application threads were stopped: 0.0001611 seconds, Stopping threads took: 0.0000297 seconds
2015-12-06T20:26:09.282+0530: 1859.590: Total time for which application threads were stopped: 0.0001777 seconds, Stopping threads took: 0.0000265 seconds
2015-12-06T20:26:09.282+0530: 1859.590: Total time for which application threads were stopped: 0.0001042 seconds, Stopping threads took: 0.0000161 seconds
2015-12-06T20:26:09.282+0530: 1859.591: Total time for which application threads were stopped: 0.0000848 seconds, Stopping threads took: 0.0000121 seconds
2015-12-06T20:26:12.283+0530: 1862.591: Total time for which application threads were stopped: 0.0002874 seconds, Stopping threads took: 0.0000519 seconds
2015-12-06T20:26:14.742+0530: 1865.050: Total time for which application threads were stopped: 0.0002475 seconds, Stopping threads took: 0.0000482 seconds
2015-12-06T20:26:15.742+0530: 1866.050: Total time for which application threads were stopped: 0.0001807 seconds, Stopping threads took: 0.0000341 seconds
{Heap before GC invocations=54 (full 1):
 par new generation   total 109248K, used 106878K [0x00000000e0000000, 0x00000000e8000000, 0x00000000e8000000)
  eden space 87424K, 100% used [0x00000000e0000000, 0x00000000e5560000, 0x00000000e5560000)
  from space 21824K,  89% used [0x00000000e5560000, 0x00000000e685f8d0, 0x00000000e6ab0000)
  to   space 21824K,   0% used [0x00000000e6ab0000, 0x00000000e6ab0000, 0x00000000e8000000)
 concurrent mark-sweep generation total 393216K, used 24124K [0x00000000e8000000, 0x0000000100000000, 0x0000000100000000)
 Metaspace       used 35110K, capacity 35570K, committed 35788K, reserved 1081344K
  class space    used 3847K, capacity 3992K, committed 4044K, reserved 1048576K
2015-12-06T20:26:16.199+0530: 1866.507: [GC (Allocation Failure) 1866.650: [ParNew
Desired survivor size 20112992 bytes, new threshold 8 (max 8)
- age   1:    3873280 bytes,    3873280 total
- age   2:    3037336 bytes,    6910616 total
- age   3:     216832 bytes,    7127448 total
- age   4:     343248 bytes,    7470696 total
- age   5:      71312 bytes,    7542008 total
- age   6:       3600 bytes,    7545608 total
- age   7:       8432 bytes,    7554040 total
- age   8:       7024 bytes,    7561064 total
: 106878K->13373K(109248K), 0.0145493 secs] 131003K->37501K(502464K), 0.1788392 secs] [Times: user=0.04 sys=0.00, real=0.18 secs] 
Heap after GC invocations=55 (full 1):
 par new generation   total 109248K, used 13373K [0x00000000e0000000, 0x00000000e8000000, 0x00000000e8000000)
  eden space 87424K,   0% used [0x00000000e0000000, 0x00000000e0000000, 0x00000000e5560000)
  from space 21824K,  61% used [0x00000000e6ab0000, 0x00000000e77bf440, 0x00000000e8000000)
  to   space 21824K,   0% used [0x00000000e5560000, 0x00000000e5560000, 0x00000000e6ab0000)
 concurrent mark-sweep generation total 393216K, used 24128K [0x00000000e8000000, 0x0000000100000000, 0x0000000100000000)
 Metaspace       used 35110K, capacity 35570K, committed 35788K, reserved 1081344K
  class space    used 3847K, capacity 3992K, committed 4044K, reserved 1048576K
}
2015-12-06T20:26:16.379+0530: 1866.687: Total time for which application threads were stopped: 0.1793701 seconds, Stopping threads took: 0.0000389 seconds
2015-12-06T20:26:18.379+0530: 1868.687: Total time for which application threads were stopped: 0.0002538 seconds, Stopping threads took: 0.0000458 seconds
2015-12-06T20:26:18.570+0530: 1868.878: Total time for which application threads were stopped: 0.0002327 seconds, Stopping threads took: 0.0000380 seconds
2015-12-06T20:26:19.570+0530: 1869.878: Total time for which application threads were stopped: 0.0001632 seconds, Stopping threads took: 0.0000307 seconds
2015-12-06T20:26:21.570+0530: 1871.878: Total time for which application threads were stopped: 0.0001533 seconds, Stopping threads took: 0.0000296 seconds
2015-12-06T20:26:22.271+0530: 1872.579: Total time for which application threads were stopped: 0.0002045 seconds, Stopping threads took: 0.0000326 seconds
2015-12-06T20:26:22.271+0530: 1872.579: Total time for which application threads were stopped: 0.0001086 seconds, Stopping threads took: 0.0000168 seconds
2015-12-06T20:26:22.271+0530: 1872.580: Total time for which application threads were stopped: 0.0001294 seconds, Stopping threads took: 0.0000444 seconds
2015-12-06T20:26:24.272+0530: 1874.580: Total time for which application threads were stopped: 0.0002874 seconds, Stopping threads took: 0.0000536 seconds
2015-12-06T20:26:25.272+0530: 1875.580: Total time for which application threads were stopped: 0.0001668 seconds, Stopping threads took: 0.0000303 seconds
2015-12-06T20:26:30.786+0530: 1881.094: Total time for which application threads were stopped: 0.0003383 seconds, Stopping threads took: 0.0000482 seconds
2015-12-06T20:26:30.787+0530: 1881.095: Total time for which application threads were stopped: 0.0002363 seconds, Stopping threads took: 0.0000418 seconds
2015-12-06T20:26:30.787+0530: 1881.095: Total time for which application threads were stopped: 0.0001839 seconds, Stopping threads took: 0.0000248 seconds
2015-12-06T20:27:04.791+0530: 1915.099: Total time for which application threads were stopped: 0.0001579 seconds, Stopping threads took: 0.0000264 seconds
2015-12-06T20:27:07.792+0530: 1918.100: Total time for which application threads were stopped: 0.0002228 seconds, Stopping threads took: 0.0000401 seconds
2015-12-06T20:27:07.941+0530: 1918.249: Total time for which application threads were stopped: 0.0004649 seconds, Stopping threads took: 0.0000761 seconds
2015-12-06T20:27:08.943+0530: 1919.251: Total time for which application threads were stopped: 0.0018168 seconds, Stopping threads took: 0.0016437 seconds
{Heap before GC invocations=55 (full 1):
 par new generation   total 109248K, used 100797K [0x00000000e0000000, 0x00000000e8000000, 0x00000000e8000000)
  eden space 87424K, 100% used [0x00000000e0000000, 0x00000000e5560000, 0x00000000e5560000)
  from space 21824K,  61% used [0x00000000e6ab0000, 0x00000000e77bf440, 0x00000000e8000000)
  to   space 21824K,   0% used [0x00000000e5560000, 0x00000000e5560000, 0x00000000e6ab0000)
 concurrent mark-sweep generation total 393216K, used 24128K [0x00000000e8000000, 0x0000000100000000, 0x0000000100000000)
 Metaspace       used 35119K, capacity 35570K, committed 35788K, reserved 1081344K
  class space    used 3847K, capacity 3992K, committed 4044K, reserved 1048576K
2015-12-06T20:27:08.971+0530: 1919.279: [GC (Allocation Failure) 1919.962: [ParNew
Desired survivor size 20112992 bytes, new threshold 8 (max 8)
- age   1:    7076728 bytes,    7076728 total
- age   2:    1942136 bytes,    9018864 total
- age   3:     352704 bytes,    9371568 total
- age   4:     210368 bytes,    9581936 total
- age   5:     343192 bytes,    9925128 total
- age   6:       3552 bytes,    9928680 total
- age   7:       3600 bytes,    9932280 total
- age   8:       8432 bytes,    9940712 total
: 100797K->10708K(109248K), 0.0235072 secs] 124925K->34843K(502464K), 0.7064633 secs] [Times: user=0.04 sys=0.00, real=0.71 secs] 
Heap after GC invocations=56 (full 1):
 par new generation   total 109248K, used 10708K [0x00000000e0000000, 0x00000000e8000000, 0x00000000e8000000)
  eden space 87424K,   0% used [0x00000000e0000000, 0x00000000e0000000, 0x00000000e5560000)
  from space 21824K,  49% used [0x00000000e5560000, 0x00000000e5fd51c8, 0x00000000e6ab0000)
  to   space 21824K,   0% used [0x00000000e6ab0000, 0x00000000e6ab0000, 0x00000000e8000000)
 concurrent mark-sweep generation total 393216K, used 24135K [0x00000000e8000000, 0x0000000100000000, 0x0000000100000000)
 Metaspace       used 35119K, capacity 35570K, committed 35788K, reserved 1081344K
  class space    used 3847K, capacity 3992K, committed 4044K, reserved 1048576K
}
2015-12-06T20:27:09.678+0530: 1919.986: Total time for which application threads were stopped: 0.7068654 seconds, Stopping threads took: 0.0000254 seconds
2015-12-06T20:27:09.682+0530: 1919.990: Total time for which application threads were stopped: 0.0003551 seconds, Stopping threads took: 0.0000498 seconds
2015-12-06T20:27:11.683+0530: 1921.991: Total time for which application threads were stopped: 0.0003149 seconds, Stopping threads took: 0.0000513 seconds
2015-12-06T20:27:14.683+0530: 1924.991: Total time for which application threads were stopped: 0.0002318 seconds, Stopping threads took: 0.0000490 seconds
2015-12-06T20:27:16.684+0530: 1926.992: Total time for which application threads were stopped: 0.0002346 seconds, Stopping threads took: 0.0000491 seconds
2015-12-06T20:27:17.415+0530: 1927.723: Total time for which application threads were stopped: 0.0001336 seconds, Stopping threads took: 0.0000254 seconds
2015-12-06T20:27:17.415+0530: 1927.724: Total time for which application threads were stopped: 0.0000858 seconds, Stopping threads took: 0.0000153 seconds
2015-12-06T20:27:17.416+0530: 1927.724: Total time for which application threads were stopped: 0.0000752 seconds, Stopping threads took: 0.0000126 seconds
2015-12-06T20:27:17.416+0530: 1927.724: Total time for which application threads were stopped: 0.0001184 seconds, Stopping threads took: 0.0000444 seconds
2015-12-06T20:27:17.416+0530: 1927.724: Total time for which application threads were stopped: 0.0001133 seconds, Stopping threads took: 0.0000174 seconds
2015-12-06T20:27:17.416+0530: 1927.724: Total time for which application threads were stopped: 0.0000859 seconds, Stopping threads took: 0.0000119 seconds
2015-12-06T20:27:17.417+0530: 1927.725: Total time for which application threads were stopped: 0.0002613 seconds, Stopping threads took: 0.0000080 seconds
2015-12-06T20:27:19.783+0530: 1930.091: Total time for which application threads were stopped: 0.0001756 seconds, Stopping threads took: 0.0000266 seconds
2015-12-06T20:27:19.783+0530: 1930.091: Total time for which application threads were stopped: 0.0000758 seconds, Stopping threads took: 0.0000109 seconds
2015-12-06T20:27:19.783+0530: 1930.092: Total time for which application threads were stopped: 0.0000705 seconds, Stopping threads took: 0.0000103 seconds
2015-12-06T20:28:02.148+0530: 1972.457: Total time for which application threads were stopped: 0.0005367 seconds, Stopping threads took: 0.0001412 seconds
2015-12-06T20:28:02.149+0530: 1972.458: Total time for which application threads were stopped: 0.0002371 seconds, Stopping threads took: 0.0000425 seconds
2015-12-06T20:28:02.150+0530: 1972.458: Total time for which application threads were stopped: 0.0001789 seconds, Stopping threads took: 0.0000310 seconds
2015-12-06T20:28:26.153+0530: 1996.461: Total time for which application threads were stopped: 0.0003028 seconds, Stopping threads took: 0.0000748 seconds
2015-12-06T20:28:28.153+0530: 1998.462: Total time for which application threads were stopped: 0.0004801 seconds, Stopping threads took: 0.0000766 seconds
2015-12-06T20:28:28.205+0530: 1998.513: Total time for which application threads were stopped: 0.0002122 seconds, Stopping threads took: 0.0000316 seconds
2015-12-06T20:28:28.205+0530: 1998.513: Total time for which application threads were stopped: 0.0001403 seconds, Stopping threads took: 0.0000446 seconds
2015-12-06T20:28:28.206+0530: 1998.514: Total time for which application threads were stopped: 0.0001199 seconds, Stopping threads took: 0.0000190 seconds
2015-12-06T20:28:28.212+0530: 1998.520: Total time for which application threads were stopped: 0.0002942 seconds, Stopping threads took: 0.0000426 seconds
2015-12-06T20:28:30.659+0530: 2000.967: Total time for which application threads were stopped: 0.0003727 seconds, Stopping threads took: 0.0001576 seconds
2015-12-06T20:28:38.411+0530: 2008.719: Total time for which application threads were stopped: 0.0002897 seconds, Stopping threads took: 0.0000452 seconds
2015-12-06T20:28:38.417+0530: 2008.725: Total time for which application threads were stopped: 0.0060051 seconds, Stopping threads took: 0.0058219 seconds
2015-12-06T20:28:38.418+0530: 2008.726: Total time for which application threads were stopped: 0.0004841 seconds, Stopping threads took: 0.0000260 seconds
2015-12-06T20:28:45.987+0530: 2016.295: Total time for which application threads were stopped: 0.0002162 seconds, Stopping threads took: 0.0000388 seconds
{Heap before GC invocations=56 (full 1):
 par new generation   total 109248K, used 98117K [0x00000000e0000000, 0x00000000e8000000, 0x00000000e8000000)
  eden space 87424K,  99% used [0x00000000e0000000, 0x00000000e555c5d8, 0x00000000e5560000)
  from space 21824K,  49% used [0x00000000e5560000, 0x00000000e5fd51c8, 0x00000000e6ab0000)
  to   space 21824K,   0% used [0x00000000e6ab0000, 0x00000000e6ab0000, 0x00000000e8000000)
 concurrent mark-sweep generation total 393216K, used 24135K [0x00000000e8000000, 0x0000000100000000, 0x0000000100000000)
 Metaspace       used 35120K, capacity 35570K, committed 35788K, reserved 1081344K
  class space    used 3847K, capacity 3992K, committed 4044K, reserved 1048576K
2015-12-06T20:28:52.618+0530: 2022.927: [GC (Allocation Failure) 2022.927: [ParNew
Desired survivor size 20112992 bytes, new threshold 8 (max 8)
- age   1:    5056800 bytes,    5056800 total
- age   2:     298208 bytes,    5355008 total
- age   3:     245376 bytes,    5600384 total
- age   4:     347584 bytes,    5947968 total
- age   5:      74032 bytes,    6022000 total
- age   6:       4528 bytes,    6026528 total
- age   7:       3552 bytes,    6030080 total
- age   8:       3568 bytes,    6033648 total
: 98117K->12156K(109248K), 0.0276439 secs] 122253K->36299K(502464K), 0.0279291 secs] [Times: user=0.06 sys=0.00, real=0.03 secs] 
Heap after GC invocations=57 (full 1):
 par new generation   total 109248K, used 12156K [0x00000000e0000000, 0x00000000e8000000, 0x00000000e8000000)
  eden space 87424K,   0% used [0x00000000e0000000, 0x00000000e0000000, 0x00000000e5560000)
  from space 21824K,  55% used [0x00000000e6ab0000, 0x00000000e768f330, 0x00000000e8000000)
  to   space 21824K,   0% used [0x00000000e5560000, 0x00000000e5560000, 0x00000000e6ab0000)
 concurrent mark-sweep generation total 393216K, used 24143K [0x00000000e8000000, 0x0000000100000000, 0x0000000100000000)
 Metaspace       used 35120K, capacity 35570K, committed 35788K, reserved 1081344K
  class space    used 3847K, capacity 3992K, committed 4044K, reserved 1048576K
}
2015-12-06T20:28:52.647+0530: 2022.955: Total time for which application threads were stopped: 0.0284102 seconds, Stopping threads took: 0.0000585 seconds
2015-12-06T20:28:53.278+0530: 2023.586: Total time for which application threads were stopped: 0.0001682 seconds, Stopping threads took: 0.0000251 seconds
2015-12-06T20:28:53.278+0530: 2023.587: Total time for which application threads were stopped: 0.0001346 seconds, Stopping threads took: 0.0000253 seconds
2015-12-06T20:28:53.279+0530: 2023.587: Total time for which application threads were stopped: 0.0000925 seconds, Stopping threads took: 0.0000118 seconds
2015-12-06T20:29:15.281+0530: 2045.589: Total time for which application threads were stopped: 0.0003778 seconds, Stopping threads took: 0.0000646 seconds
2015-12-06T20:29:18.282+0530: 2048.590: Total time for which application threads were stopped: 0.0002791 seconds, Stopping threads took: 0.0000611 seconds
2015-12-06T20:29:24.191+0530: 2054.499: Total time for which application threads were stopped: 0.0002275 seconds, Stopping threads took: 0.0000418 seconds
2015-12-06T20:29:24.191+0530: 2054.499: Total time for which application threads were stopped: 0.0001349 seconds, Stopping threads took: 0.0000247 seconds
2015-12-06T20:29:24.191+0530: 2054.499: Total time for which application threads were stopped: 0.0001177 seconds, Stopping threads took: 0.0000181 seconds
2015-12-06T20:29:34.900+0530: 2065.208: Total time for which application threads were stopped: 0.0001918 seconds, Stopping threads took: 0.0000252 seconds
2015-12-06T20:29:37.900+0530: 2068.209: Total time for which application threads were stopped: 0.0001976 seconds, Stopping threads took: 0.0000371 seconds
2015-12-06T20:29:47.005+0530: 2077.313: Total time for which application threads were stopped: 0.0003224 seconds, Stopping threads took: 0.0000640 seconds
2015-12-06T20:30:05.221+0530: 2095.529: Total time for which application threads were stopped: 0.0004174 seconds, Stopping threads took: 0.0000306 seconds
2015-12-06T20:30:05.222+0530: 2095.530: Total time for which application threads were stopped: 0.0003476 seconds, Stopping threads took: 0.0000266 seconds
2015-12-06T20:30:05.796+0530: 2096.104: Total time for which application threads were stopped: 0.0085236 seconds, Stopping threads took: 0.0080124 seconds
2015-12-06T20:30:05.796+0530: 2096.105: Total time for which application threads were stopped: 0.0004422 seconds, Stopping threads took: 0.0000252 seconds
2015-12-06T20:30:05.797+0530: 2096.105: Total time for which application threads were stopped: 0.0003376 seconds, Stopping threads took: 0.0000443 seconds
2015-12-06T20:30:05.886+0530: 2096.194: Total time for which application threads were stopped: 0.0002681 seconds, Stopping threads took: 0.0000883 seconds
2015-12-06T20:30:05.886+0530: 2096.194: Total time for which application threads were stopped: 0.0001888 seconds, Stopping threads took: 0.0000493 seconds
2015-12-06T20:30:16.888+0530: 2107.196: Total time for which application threads were stopped: 0.0003387 seconds, Stopping threads took: 0.0000582 seconds
2015-12-06T20:30:18.888+0530: 2109.196: Total time for which application threads were stopped: 0.0001994 seconds, Stopping threads took: 0.0000349 seconds
2015-12-06T20:30:21.889+0530: 2112.197: Total time for which application threads were stopped: 0.0002227 seconds, Stopping threads took: 0.0000356 seconds
{Heap before GC invocations=57 (full 1):
 par new generation   total 109248K, used 99580K [0x00000000e0000000, 0x00000000e8000000, 0x00000000e8000000)
  eden space 87424K, 100% used [0x00000000e0000000, 0x00000000e5560000, 0x00000000e5560000)
  from space 21824K,  55% used [0x00000000e6ab0000, 0x00000000e768f330, 0x00000000e8000000)
  to   space 21824K,   0% used [0x00000000e5560000, 0x00000000e5560000, 0x00000000e6ab0000)
 concurrent mark-sweep generation total 393216K, used 24143K [0x00000000e8000000, 0x0000000100000000, 0x0000000100000000)
 Metaspace       used 35123K, capacity 35570K, committed 35788K, reserved 1081344K
  class space    used 3847K, capacity 3992K, committed 4044K, reserved 1048576K
2015-12-06T20:30:22.702+0530: 2113.010: [GC (Allocation Failure) 2113.100: [ParNew
Desired survivor size 20112992 bytes, new threshold 8 (max 8)
- age   1:    5237376 bytes,    5237376 total
- age   2:     454864 bytes,    5692240 total
- age   3:     155288 bytes,    5847528 total
- age   4:     217168 bytes,    6064696 total
- age   5:     275832 bytes,    6340528 total
- age   6:       4784 bytes,    6345312 total
- age   7:       3744 bytes,    6349056 total
- age   8:       3552 bytes,    6352608 total
: 99580K->7827K(109248K), 0.0188577 secs] 123723K->31973K(502464K), 0.2896141 secs] [Times: user=0.04 sys=0.00, real=0.28 secs] 
Heap after GC invocations=58 (full 1):
 par new generation   total 109248K, used 7827K [0x00000000e0000000, 0x00000000e8000000, 0x00000000e8000000)
  eden space 87424K,   0% used [0x00000000e0000000, 0x00000000e0000000, 0x00000000e5560000)
  from space 21824K,  35% used [0x00000000e5560000, 0x00000000e5d04d10, 0x00000000e6ab0000)
  to   space 21824K,   0% used [0x00000000e6ab0000, 0x00000000e6ab0000, 0x00000000e8000000)
 concurrent mark-sweep generation total 393216K, used 24146K [0x00000000e8000000, 0x0000000100000000, 0x0000000100000000)
 Metaspace       used 35123K, capacity 35570K, committed 35788K, reserved 1081344K
  class space    used 3847K, capacity 3992K, committed 4044K, reserved 1048576K
}
2015-12-06T20:30:22.992+0530: 2113.300: Total time for which application threads were stopped: 0.2903390 seconds, Stopping threads took: 0.0000597 seconds
2015-12-06T20:30:22.993+0530: 2113.301: Total time for which application threads were stopped: 0.0004339 seconds, Stopping threads took: 0.0000684 seconds
2015-12-06T20:30:23.993+0530: 2114.301: Total time for which application threads were stopped: 0.0003374 seconds, Stopping threads took: 0.0000517 seconds
2015-12-06T20:30:38.995+0530: 2129.303: Total time for which application threads were stopped: 0.0001584 seconds, Stopping threads took: 0.0000299 seconds
2015-12-06T20:30:40.084+0530: 2130.392: Total time for which application threads were stopped: 0.0002261 seconds, Stopping threads took: 0.0000582 seconds
2015-12-06T20:30:40.085+0530: 2130.393: Total time for which application threads were stopped: 0.0002152 seconds, Stopping threads took: 0.0000421 seconds
2015-12-06T20:30:40.085+0530: 2130.393: Total time for which application threads were stopped: 0.0001500 seconds, Stopping threads took: 0.0000240 seconds
2015-12-06T20:30:59.087+0530: 2149.395: Total time for which application threads were stopped: 0.0002240 seconds, Stopping threads took: 0.0000401 seconds
2015-12-06T20:31:10.447+0530: 2160.755: Total time for which application threads were stopped: 0.0002246 seconds, Stopping threads took: 0.0000333 seconds
2015-12-06T20:31:26.346+0530: 2176.655: Total time for which application threads were stopped: 0.0001847 seconds, Stopping threads took: 0.0000310 seconds
2015-12-06T20:31:28.255+0530: 2178.563: Total time for which application threads were stopped: 0.0002522 seconds, Stopping threads took: 0.0000425 seconds
2015-12-06T20:31:28.255+0530: 2178.563: Total time for which application threads were stopped: 0.0001343 seconds, Stopping threads took: 0.0000139 seconds
2015-12-06T20:31:28.255+0530: 2178.563: Total time for which application threads were stopped: 0.0001186 seconds, Stopping threads took: 0.0000114 seconds
2015-12-06T20:31:39.257+0530: 2189.565: Total time for which application threads were stopped: 0.0002883 seconds, Stopping threads took: 0.0000506 seconds
2015-12-06T20:31:46.196+0530: 2196.504: Total time for which application threads were stopped: 0.0003289 seconds, Stopping threads took: 0.0000623 seconds
2015-12-06T20:31:46.197+0530: 2196.505: Total time for which application threads were stopped: 0.0001876 seconds, Stopping threads took: 0.0000406 seconds
2015-12-06T20:31:46.197+0530: 2196.505: Total time for which application threads were stopped: 0.0001620 seconds, Stopping threads took: 0.0000257 seconds
2015-12-06T20:31:53.232+0530: 2203.540: Total time for which application threads were stopped: 0.0001540 seconds, Stopping threads took: 0.0000288 seconds
2015-12-06T20:31:58.419+0530: 2208.727: Total time for which application threads were stopped: 0.0008494 seconds, Stopping threads took: 0.0005493 seconds
2015-12-06T20:31:58.426+0530: 2208.734: Total time for which application threads were stopped: 0.0065155 seconds, Stopping threads took: 0.0058377 seconds
2015-12-06T20:31:58.427+0530: 2208.735: Total time for which application threads were stopped: 0.0001242 seconds, Stopping threads took: 0.0000186 seconds
2015-12-06T20:31:58.427+0530: 2208.735: Total time for which application threads were stopped: 0.0000741 seconds, Stopping threads took: 0.0000094 seconds
2015-12-06T20:31:59.549+0530: 2209.857: Total time for which application threads were stopped: 0.1218774 seconds, Stopping threads took: 0.1217469 seconds
{Heap before GC invocations=58 (full 1):
 par new generation   total 109248K, used 95251K [0x00000000e0000000, 0x00000000e8000000, 0x00000000e8000000)
  eden space 87424K, 100% used [0x00000000e0000000, 0x00000000e5560000, 0x00000000e5560000)
  from space 21824K,  35% used [0x00000000e5560000, 0x00000000e5d04d10, 0x00000000e6ab0000)
  to   space 21824K,   0% used [0x00000000e6ab0000, 0x00000000e6ab0000, 0x00000000e8000000)
 concurrent mark-sweep generation total 393216K, used 24146K [0x00000000e8000000, 0x0000000100000000, 0x0000000100000000)
 Metaspace       used 35130K, capacity 35570K, committed 35788K, reserved 1081344K
  class space    used 3847K, capacity 3992K, committed 4044K, reserved 1048576K
2015-12-06T20:32:03.425+0530: 2213.733: [GC (Allocation Failure) 2213.733: [ParNew
Desired survivor size 20112992 bytes, new threshold 8 (max 8)
- age   1:    5310920 bytes,    5310920 total
- age   2:     288424 bytes,    5599344 total
- age   3:     287824 bytes,    5887168 total
- age   4:     137640 bytes,    6024808 total
- age   5:      80448 bytes,    6105256 total
- age   6:       4232 bytes,    6109488 total
- age   7:       4784 bytes,    6114272 total
- age   8:       3744 bytes,    6118016 total
: 95251K->10871K(109248K), 0.0260309 secs] 119397K->35021K(502464K), 0.0264990 secs] [Times: user=0.05 sys=0.00, real=0.02 secs] 
Heap after GC invocations=59 (full 1):
 par new generation   total 109248K, used 10871K [0x00000000e0000000, 0x00000000e8000000, 0x00000000e8000000)
  eden space 87424K,   0% used [0x00000000e0000000, 0x00000000e0000000, 0x00000000e5560000)
  from space 21824K,  49% used [0x00000000e6ab0000, 0x00000000e754dc80, 0x00000000e8000000)
  to   space 21824K,   0% used [0x00000000e5560000, 0x00000000e5560000, 0x00000000e6ab0000)
 concurrent mark-sweep generation total 393216K, used 24149K [0x00000000e8000000, 0x0000000100000000, 0x0000000100000000)
 Metaspace       used 35130K, capacity 35570K, committed 35788K, reserved 1081344K
  class space    used 3847K, capacity 3992K, committed 4044K, reserved 1048576K
}
2015-12-06T20:32:03.452+0530: 2213.760: Total time for which application threads were stopped: 0.0271270 seconds, Stopping threads took: 0.0001159 seconds
2015-12-06T20:32:10.066+0530: 2220.374: Total time for which application threads were stopped: 0.0001811 seconds, Stopping threads took: 0.0000259 seconds
2015-12-06T20:32:10.066+0530: 2220.374: Total time for which application threads were stopped: 0.0000794 seconds, Stopping threads took: 0.0000132 seconds
2015-12-06T20:32:10.066+0530: 2220.374: Total time for which application threads were stopped: 0.0000711 seconds, Stopping threads took: 0.0000121 seconds
2015-12-06T20:32:31.069+0530: 2241.377: Total time for which application threads were stopped: 0.0001793 seconds, Stopping threads took: 0.0000304 seconds
2015-12-06T20:32:43.171+0530: 2253.480: Total time for which application threads were stopped: 0.0062364 seconds, Stopping threads took: 0.0060752 seconds
2015-12-06T20:32:43.172+0530: 2253.480: Total time for which application threads were stopped: 0.0001462 seconds, Stopping threads took: 0.0000477 seconds
2015-12-06T20:32:44.172+0530: 2254.480: Total time for which application threads were stopped: 0.0002088 seconds, Stopping threads took: 0.0000315 seconds
2015-12-06T20:32:44.455+0530: 2254.763: Total time for which application threads were stopped: 0.0002702 seconds, Stopping threads took: 0.0000867 seconds
2015-12-06T20:32:44.493+0530: 2254.802: Total time for which application threads were stopped: 0.0049385 seconds, Stopping threads took: 0.0047360 seconds
2015-12-06T20:32:44.495+0530: 2254.803: Total time for which application threads were stopped: 0.0007547 seconds, Stopping threads took: 0.0000449 seconds
2015-12-06T20:32:44.496+0530: 2254.804: Total time for which application threads were stopped: 0.0006718 seconds, Stopping threads took: 0.0005027 seconds
2015-12-06T20:32:56.498+0530: 2266.806: Total time for which application threads were stopped: 0.0003916 seconds, Stopping threads took: 0.0000362 seconds
2015-12-06T20:33:02.499+0530: 2272.807: Total time for which application threads were stopped: 0.0002016 seconds, Stopping threads took: 0.0000301 seconds
2015-12-06T20:33:03.551+0530: 2273.860: Total time for which application threads were stopped: 0.0001944 seconds, Stopping threads took: 0.0000296 seconds
2015-12-06T20:33:14.270+0530: 2284.579: Total time for which application threads were stopped: 0.0003267 seconds, Stopping threads took: 0.0000495 seconds
2015-12-06T20:33:14.271+0530: 2284.579: Total time for which application threads were stopped: 0.0002021 seconds, Stopping threads took: 0.0000299 seconds
2015-12-06T20:33:14.271+0530: 2284.579: Total time for which application threads were stopped: 0.0001782 seconds, Stopping threads took: 0.0000256 seconds
2015-12-06T20:33:18.272+0530: 2288.580: Total time for which application threads were stopped: 0.0002938 seconds, Stopping threads took: 0.0000542 seconds
2015-12-06T20:33:22.273+0530: 2292.581: Total time for which application threads were stopped: 0.0003489 seconds, Stopping threads took: 0.0000540 seconds
{Heap before GC invocations=59 (full 1):
 par new generation   total 109248K, used 98295K [0x00000000e0000000, 0x00000000e8000000, 0x00000000e8000000)
  eden space 87424K, 100% used [0x00000000e0000000, 0x00000000e5560000, 0x00000000e5560000)
  from space 21824K,  49% used [0x00000000e6ab0000, 0x00000000e754dc80, 0x00000000e8000000)
  to   space 21824K,   0% used [0x00000000e5560000, 0x00000000e5560000, 0x00000000e6ab0000)
 concurrent mark-sweep generation total 393216K, used 24149K [0x00000000e8000000, 0x0000000100000000, 0x0000000100000000)
 Metaspace       used 35134K, capacity 35570K, committed 35788K, reserved 1081344K
  class space    used 3847K, capacity 3992K, committed 4044K, reserved 1048576K
2015-12-06T20:33:35.504+0530: 2305.812: [GC (Allocation Failure) 2305.812: [ParNew
Desired survivor size 20112992 bytes, new threshold 8 (max 8)
- age   1:    5137096 bytes,    5137096 total
- age   2:     446944 bytes,    5584040 total
- age   3:     222608 bytes,    5806648 total
- age   4:     278288 bytes,    6084936 total
- age   5:      69912 bytes,    6154848 total
- age   6:      11960 bytes,    6166808 total
- age   7:       4232 bytes,    6171040 total
- age   8:       4784 bytes,    6175824 total
: 98295K->7693K(109248K), 0.0263610 secs] 122445K->31847K(502464K), 0.0268749 secs] [Times: user=0.05 sys=0.01, real=0.02 secs] 
Heap after GC invocations=60 (full 1):
 par new generation   total 109248K, used 7693K [0x00000000e0000000, 0x00000000e8000000, 0x00000000e8000000)
  eden space 87424K,   0% used [0x00000000e0000000, 0x00000000e0000000, 0x00000000e5560000)
  from space 21824K,  35% used [0x00000000e5560000, 0x00000000e5ce35c0, 0x00000000e6ab0000)
  to   space 21824K,   0% used [0x00000000e6ab0000, 0x00000000e6ab0000, 0x00000000e8000000)
 concurrent mark-sweep generation total 393216K, used 24153K [0x00000000e8000000, 0x0000000100000000, 0x0000000100000000)
 Metaspace       used 35134K, capacity 35570K, committed 35788K, reserved 1081344K
  class space    used 3847K, capacity 3992K, committed 4044K, reserved 1048576K
}
2015-12-06T20:33:35.531+0530: 2305.839: Total time for which application threads were stopped: 0.2054329 seconds, Stopping threads took: 0.0000465 seconds
2015-12-06T20:33:35.532+0530: 2305.840: Total time for which application threads were stopped: 0.0004532 seconds, Stopping threads took: 0.0000509 seconds
2015-12-06T20:33:36.839+0530: 2307.147: Total time for which application threads were stopped: 0.0002085 seconds, Stopping threads took: 0.0000375 seconds
2015-12-06T20:33:36.839+0530: 2307.147: Total time for which application threads were stopped: 0.0001043 seconds, Stopping threads took: 0.0000229 seconds
2015-12-06T20:33:36.839+0530: 2307.148: Total time for which application threads were stopped: 0.0000941 seconds, Stopping threads took: 0.0000211 seconds
2015-12-06T20:33:44.840+0530: 2315.149: Total time for which application threads were stopped: 0.0001444 seconds, Stopping threads took: 0.0000246 seconds
2015-12-06T20:33:45.841+0530: 2316.149: Total time for which application threads were stopped: 0.0002408 seconds, Stopping threads took: 0.0000428 seconds
2015-12-06T20:33:47.818+0530: 2318.126: Total time for which application threads were stopped: 0.0003982 seconds, Stopping threads took: 0.0001545 seconds
2015-12-06T20:33:47.948+0530: 2318.256: Total time for which application threads were stopped: 0.0001935 seconds, Stopping threads took: 0.0000337 seconds
2015-12-06T20:33:53.693+0530: 2324.001: Total time for which application threads were stopped: 0.0003823 seconds, Stopping threads took: 0.0000562 seconds
2015-12-06T20:33:53.694+0530: 2324.002: Total time for which application threads were stopped: 0.0001919 seconds, Stopping threads took: 0.0000293 seconds
2015-12-06T20:33:53.694+0530: 2324.002: Total time for which application threads were stopped: 0.0001926 seconds, Stopping threads took: 0.0000225 seconds
2015-12-06T20:33:54.357+0530: 2324.665: Total time for which application threads were stopped: 0.0006191 seconds, Stopping threads took: 0.0001426 seconds
2015-12-06T20:33:59.658+0530: 2329.966: Total time for which application threads were stopped: 0.0001937 seconds, Stopping threads took: 0.0000316 seconds
2015-12-06T20:33:59.658+0530: 2329.966: Total time for which application threads were stopped: 0.0001017 seconds, Stopping threads took: 0.0000163 seconds
2015-12-06T20:33:59.658+0530: 2329.967: Total time for which application threads were stopped: 0.0000658 seconds, Stopping threads took: 0.0000097 seconds
2015-12-06T20:34:05.659+0530: 2335.968: Total time for which application threads were stopped: 0.0003013 seconds, Stopping threads took: 0.0000518 seconds
2015-12-06T20:34:11.371+0530: 2341.679: Total time for which application threads were stopped: 0.0003661 seconds, Stopping threads took: 0.0000600 seconds
2015-12-06T20:34:16.372+0530: 2346.680: Total time for which application threads were stopped: 0.0002946 seconds, Stopping threads took: 0.0000512 seconds
2015-12-06T20:34:40.375+0530: 2370.683: Total time for which application threads were stopped: 0.0002647 seconds, Stopping threads took: 0.0000509 seconds
2015-12-06T20:34:40.950+0530: 2371.258: Total time for which application threads were stopped: 0.0019424 seconds, Stopping threads took: 0.0017664 seconds
{Heap before GC invocations=60 (full 1):
 par new generation   total 109248K, used 95117K [0x00000000e0000000, 0x00000000e8000000, 0x00000000e8000000)
  eden space 87424K, 100% used [0x00000000e0000000, 0x00000000e5560000, 0x00000000e5560000)
  from space 21824K,  35% used [0x00000000e5560000, 0x00000000e5ce35c0, 0x00000000e6ab0000)
  to   space 21824K,   0% used [0x00000000e6ab0000, 0x00000000e6ab0000, 0x00000000e8000000)
 concurrent mark-sweep generation total 393216K, used 24153K [0x00000000e8000000, 0x0000000100000000, 0x0000000100000000)
 Metaspace       used 35135K, capacity 35570K, committed 35788K, reserved 1081344K
  class space    used 3847K, capacity 3992K, committed 4044K, reserved 1048576K
2015-12-06T20:34:42.841+0530: 2373.149: [GC (Allocation Failure) 2373.149: [ParNew
Desired survivor size 20112992 bytes, new threshold 8 (max 8)
- age   1:    4727096 bytes,    4727096 total
- age   2:     508112 bytes,    5235208 total
- age   3:     396768 bytes,    5631976 total
- age   4:     215728 bytes,    5847704 total
- age   5:     142784 bytes,    5990488 total
- age   6:       2184 bytes,    5992672 total
- age   7:      11696 bytes,    6004368 total
- age   8:       4232 bytes,    6008600 total
: 95117K->9902K(109248K), 0.0159465 secs] 119271K->34060K(502464K), 0.0163695 secs] [Times: user=0.03 sys=0.00, real=0.02 secs] 
Heap after GC invocations=61 (full 1):
 par new generation   total 109248K, used 9902K [0x00000000e0000000, 0x00000000e8000000, 0x00000000e8000000)
  eden space 87424K,   0% used [0x00000000e0000000, 0x00000000e0000000, 0x00000000e5560000)
  from space 21824K,  45% used [0x00000000e6ab0000, 0x00000000e745b840, 0x00000000e8000000)
  to   space 21824K,   0% used [0x00000000e5560000, 0x00000000e5560000, 0x00000000e6ab0000)
 concurrent mark-sweep generation total 393216K, used 24158K [0x00000000e8000000, 0x0000000100000000, 0x0000000100000000)
 Metaspace       used 35135K, capacity 35570K, committed 35788K, reserved 1081344K
  class space    used 3847K, capacity 3992K, committed 4044K, reserved 1048576K
}
2015-12-06T20:34:42.858+0530: 2373.166: Total time for which application threads were stopped: 0.0168971 seconds, Stopping threads took: 0.0000335 seconds
2015-12-06T20:34:44.859+0530: 2375.167: Total time for which application threads were stopped: 0.0002803 seconds, Stopping threads took: 0.0000472 seconds
2015-12-06T20:34:47.709+0530: 2378.017: Total time for which application threads were stopped: 0.0003143 seconds, Stopping threads took: 0.0000499 seconds
2015-12-06T20:34:47.710+0530: 2378.018: Total time for which application threads were stopped: 0.0002220 seconds, Stopping threads took: 0.0000374 seconds
2015-12-06T20:34:47.710+0530: 2378.018: Total time for which application threads were stopped: 0.0001934 seconds, Stopping threads took: 0.0000368 seconds
2015-12-06T20:34:47.710+0530: 2378.018: Total time for which application threads were stopped: 0.0001759 seconds, Stopping threads took: 0.0000358 seconds
2015-12-06T20:34:47.711+0530: 2378.019: Total time for which application threads were stopped: 0.0001562 seconds, Stopping threads took: 0.0000283 seconds
2015-12-06T20:34:47.711+0530: 2378.019: Total time for which application threads were stopped: 0.0001469 seconds, Stopping threads took: 0.0000275 seconds
2015-12-06T20:34:47.711+0530: 2378.019: Total time for which application threads were stopped: 0.0001466 seconds, Stopping threads took: 0.0000285 seconds
2015-12-06T20:34:47.711+0530: 2378.019: Total time for which application threads were stopped: 0.0001423 seconds, Stopping threads took: 0.0000241 seconds
2015-12-06T20:34:48.712+0530: 2379.020: Total time for which application threads were stopped: 0.0003300 seconds, Stopping threads took: 0.0000537 seconds
2015-12-06T20:34:48.993+0530: 2379.301: Total time for which application threads were stopped: 0.0001498 seconds, Stopping threads took: 0.0000267 seconds
2015-12-06T20:34:50.151+0530: 2380.459: Total time for which application threads were stopped: 0.0003070 seconds, Stopping threads took: 0.0000688 seconds
2015-12-06T20:34:50.151+0530: 2380.459: Total time for which application threads were stopped: 0.0001618 seconds, Stopping threads took: 0.0000253 seconds
2015-12-06T20:34:50.151+0530: 2380.459: Total time for which application threads were stopped: 0.0001357 seconds, Stopping threads took: 0.0000234 seconds
2015-12-06T20:34:51.303+0530: 2381.611: Total time for which application threads were stopped: 0.0001629 seconds, Stopping threads took: 0.0000305 seconds
2015-12-06T20:34:51.303+0530: 2381.611: Total time for which application threads were stopped: 0.0000939 seconds, Stopping threads took: 0.0000222 seconds
2015-12-06T20:34:51.304+0530: 2381.612: Total time for which application threads were stopped: 0.0001096 seconds, Stopping threads took: 0.0000450 seconds
2015-12-06T20:35:06.511+0530: 2396.819: Total time for which application threads were stopped: 0.0003512 seconds, Stopping threads took: 0.0000628 seconds
2015-12-06T20:35:28.195+0530: 2418.503: Total time for which application threads were stopped: 0.0001447 seconds, Stopping threads took: 0.0000268 seconds
2015-12-06T20:35:57.200+0530: 2447.508: Total time for which application threads were stopped: 0.0003257 seconds, Stopping threads took: 0.0000578 seconds
2015-12-06T20:36:03.260+0530: 2453.568: Total time for which application threads were stopped: 0.0003668 seconds, Stopping threads took: 0.0000732 seconds
{Heap before GC invocations=61 (full 1):
 par new generation   total 109248K, used 97326K [0x00000000e0000000, 0x00000000e8000000, 0x00000000e8000000)
  eden space 87424K, 100% used [0x00000000e0000000, 0x00000000e5560000, 0x00000000e5560000)
  from space 21824K,  45% used [0x00000000e6ab0000, 0x00000000e745b840, 0x00000000e8000000)
  to   space 21824K,   0% used [0x00000000e5560000, 0x00000000e5560000, 0x00000000e6ab0000)
 concurrent mark-sweep generation total 393216K, used 24158K [0x00000000e8000000, 0x0000000100000000, 0x0000000100000000)
 Metaspace       used 35136K, capacity 35570K, committed 35788K, reserved 1081344K
  class space    used 3847K, capacity 3992K, committed 4044K, reserved 1048576K
2015-12-06T20:36:13.252+0530: 2463.560: [GC (Allocation Failure) 2463.560: [ParNew
Desired survivor size 20112992 bytes, new threshold 8 (max 8)
- age   1:    5461536 bytes,    5461536 total
- age   2:     346896 bytes,    5808432 total
- age   3:     229704 bytes,    6038136 total
- age   4:     354480 bytes,    6392616 total
- age   5:     214144 bytes,    6606760 total
- age   6:       5768 bytes,    6612528 total
- age   7:       2184 bytes,    6614712 total
- age   8:      11696 bytes,    6626408 total
: 97326K->8790K(109248K), 0.2577970 secs] 121484K->32952K(502464K), 0.4209010 secs] [Times: user=0.04 sys=0.00, real=0.42 secs] 
Heap after GC invocations=62 (full 1):
 par new generation   total 109248K, used 8790K [0x00000000e0000000, 0x00000000e8000000, 0x00000000e8000000)
  eden space 87424K,   0% used [0x00000000e0000000, 0x00000000e0000000, 0x00000000e5560000)
  from space 21824K,  40% used [0x00000000e5560000, 0x00000000e5df58f0, 0x00000000e6ab0000)
  to   space 21824K,   0% used [0x00000000e6ab0000, 0x00000000e6ab0000, 0x00000000e8000000)
 concurrent mark-sweep generation total 393216K, used 24162K [0x00000000e8000000, 0x0000000100000000, 0x0000000100000000)
 Metaspace       used 35136K, capacity 35570K, committed 35788K, reserved 1081344K
  class space    used 3847K, capacity 3992K, committed 4044K, reserved 1048576K
}
2015-12-06T20:36:13.673+0530: 2463.981: Total time for which application threads were stopped: 0.4216690 seconds, Stopping threads took: 0.0000916 seconds
2015-12-06T20:36:13.674+0530: 2463.982: Total time for which application threads were stopped: 0.0005153 seconds, Stopping threads took: 0.0000383 seconds
2015-12-06T20:36:13.678+0530: 2463.986: Total time for which application threads were stopped: 0.0002728 seconds, Stopping threads took: 0.0000565 seconds
2015-12-06T20:36:13.678+0530: 2463.987: Total time for which application threads were stopped: 0.0001637 seconds, Stopping threads took: 0.0000260 seconds
2015-12-06T20:36:13.679+0530: 2463.987: Total time for which application threads were stopped: 0.0001463 seconds, Stopping threads took: 0.0000208 seconds
2015-12-06T20:36:19.372+0530: 2469.680: Total time for which application threads were stopped: 0.0003049 seconds, Stopping threads took: 0.0000609 seconds
2015-12-06T20:36:19.383+0530: 2469.691: Total time for which application threads were stopped: 0.0003822 seconds, Stopping threads took: 0.0000752 seconds
2015-12-06T20:36:19.384+0530: 2469.692: Total time for which application threads were stopped: 0.0001735 seconds, Stopping threads took: 0.0000268 seconds
2015-12-06T20:36:19.384+0530: 2469.692: Total time for which application threads were stopped: 0.0001713 seconds, Stopping threads took: 0.0000593 seconds
2015-12-06T20:36:19.384+0530: 2469.692: Total time for which application threads were stopped: 0.0001214 seconds, Stopping threads took: 0.0000275 seconds
2015-12-06T20:36:22.221+0530: 2472.529: Total time for which application threads were stopped: 0.0002095 seconds, Stopping threads took: 0.0000346 seconds
2015-12-06T20:36:22.221+0530: 2472.529: Total time for which application threads were stopped: 0.0001230 seconds, Stopping threads took: 0.0000187 seconds
2015-12-06T20:36:22.221+0530: 2472.529: Total time for which application threads were stopped: 0.0000901 seconds, Stopping threads took: 0.0000199 seconds
2015-12-06T20:36:26.222+0530: 2476.530: Total time for which application threads were stopped: 0.0002830 seconds, Stopping threads took: 0.0000554 seconds
2015-12-06T20:36:28.710+0530: 2479.018: Total time for which application threads were stopped: 0.0001376 seconds, Stopping threads took: 0.0000269 seconds
2015-12-06T20:36:29.556+0530: 2479.864: Total time for which application threads were stopped: 0.0001587 seconds, Stopping threads took: 0.0000327 seconds
2015-12-06T20:36:29.564+0530: 2479.872: Total time for which application threads were stopped: 0.0003826 seconds, Stopping threads took: 0.0000522 seconds
2015-12-06T20:36:29.565+0530: 2479.873: Total time for which application threads were stopped: 0.0001443 seconds, Stopping threads took: 0.0000215 seconds
2015-12-06T20:36:29.565+0530: 2479.873: Total time for which application threads were stopped: 0.0000821 seconds, Stopping threads took: 0.0000092 seconds
2015-12-06T20:36:34.566+0530: 2484.874: Total time for which application threads were stopped: 0.0003568 seconds, Stopping threads took: 0.0000577 seconds
2015-12-06T20:36:42.448+0530: 2492.756: Total time for which application threads were stopped: 0.0003208 seconds, Stopping threads took: 0.0001050 seconds
2015-12-06T20:36:43.235+0530: 2493.544: Total time for which application threads were stopped: 0.0070698 seconds, Stopping threads took: 0.0068417 seconds
2015-12-06T20:36:43.240+0530: 2493.549: Total time for which application threads were stopped: 0.0008580 seconds, Stopping threads took: 0.0007050 seconds
2015-12-06T20:36:43.241+0530: 2493.549: Total time for which application threads were stopped: 0.0001532 seconds, Stopping threads took: 0.0000111 seconds
2015-12-06T20:36:43.241+0530: 2493.549: Total time for which application threads were stopped: 0.0001362 seconds, Stopping threads took: 0.0000126 seconds
2015-12-06T20:36:45.365+0530: 2495.673: Total time for which application threads were stopped: 0.1235477 seconds, Stopping threads took: 0.1233716 seconds
2015-12-06T20:37:14.587+0530: 2524.895: Total time for which application threads were stopped: 0.0001566 seconds, Stopping threads took: 0.0000252 seconds
2015-12-06T20:37:14.587+0530: 2524.895: Total time for which application threads were stopped: 0.0000753 seconds, Stopping threads took: 0.0000130 seconds
2015-12-06T20:37:14.587+0530: 2524.895: Total time for which application threads were stopped: 0.0000633 seconds, Stopping threads took: 0.0000099 seconds
{Heap before GC invocations=62 (full 1):
 par new generation   total 109248K, used 96198K [0x00000000e0000000, 0x00000000e8000000, 0x00000000e8000000)
  eden space 87424K,  99% used [0x00000000e0000000, 0x00000000e555c008, 0x00000000e5560000)
  from space 21824K,  40% used [0x00000000e5560000, 0x00000000e5df58f0, 0x00000000e6ab0000)
  to   space 21824K,   0% used [0x00000000e6ab0000, 0x00000000e6ab0000, 0x00000000e8000000)
 concurrent mark-sweep generation total 393216K, used 24162K [0x00000000e8000000, 0x0000000100000000, 0x0000000100000000)
 Metaspace       used 35137K, capacity 35570K, committed 35788K, reserved 1081344K
  class space    used 3847K, capacity 3992K, committed 4044K, reserved 1048576K
2015-12-06T20:37:44.337+0530: 2554.646: [GC (Allocation Failure) 2555.241: [ParNew
Desired survivor size 20112992 bytes, new threshold 8 (max 8)
- age   1:    5830976 bytes,    5830976 total
- age   2:     380504 bytes,    6211480 total
- age   3:     161496 bytes,    6372976 total
- age   4:     209176 bytes,    6582152 total
- age   5:     347592 bytes,    6929744 total
- age   6:      10136 bytes,    6939880 total
- age   7:       5032 bytes,    6944912 total
- age   8:       2184 bytes,    6947096 total
: 96198K->8532K(109248K), 0.0167994 secs] 120360K->32706K(502464K), 0.6120134 secs] [Times: user=0.05 sys=0.01, real=0.61 secs] 
Heap after GC invocations=63 (full 1):
 par new generation   total 109248K, used 8532K [0x00000000e0000000, 0x00000000e8000000, 0x00000000e8000000)
  eden space 87424K,   0% used [0x00000000e0000000, 0x00000000e0000000, 0x00000000e5560000)
  from space 21824K,  39% used [0x00000000e6ab0000, 0x00000000e7305348, 0x00000000e8000000)
  to   space 21824K,   0% used [0x00000000e5560000, 0x00000000e5560000, 0x00000000e6ab0000)
 concurrent mark-sweep generation total 393216K, used 24174K [0x00000000e8000000, 0x0000000100000000, 0x0000000100000000)
 Metaspace       used 35137K, capacity 35570K, committed 35788K, reserved 1081344K
  class space    used 3847K, capacity 3992K, committed 4044K, reserved 1048576K
}
2015-12-06T20:37:44.950+0530: 2555.258: Total time for which application threads were stopped: 0.6124328 seconds, Stopping threads took: 0.0000591 seconds
2015-12-06T20:37:44.951+0530: 2555.259: Total time for which application threads were stopped: 0.0003872 seconds, Stopping threads took: 0.0000506 seconds
2015-12-06T20:37:51.632+0530: 2561.940: Total time for which application threads were stopped: 0.0001816 seconds, Stopping threads took: 0.0000315 seconds
2015-12-06T20:37:52.632+0530: 2562.941: Total time for which application threads were stopped: 0.0001437 seconds, Stopping threads took: 0.0000267 seconds
2015-12-06T20:37:58.417+0530: 2568.725: Total time for which application threads were stopped: 0.0002464 seconds, Stopping threads took: 0.0000397 seconds
2015-12-06T20:38:01.716+0530: 2572.024: Total time for which application threads were stopped: 0.0003693 seconds, Stopping threads took: 0.0000606 seconds
2015-12-06T20:38:01.717+0530: 2572.025: Total time for which application threads were stopped: 0.0001946 seconds, Stopping threads took: 0.0000348 seconds
2015-12-06T20:38:01.718+0530: 2572.026: Total time for which application threads were stopped: 0.0007204 seconds, Stopping threads took: 0.0000279 seconds
2015-12-06T20:38:02.941+0530: 2573.249: Total time for which application threads were stopped: 0.0001670 seconds, Stopping threads took: 0.0000272 seconds
2015-12-06T20:38:05.301+0530: 2575.609: Total time for which application threads were stopped: 0.0003187 seconds, Stopping threads took: 0.0001639 seconds
2015-12-06T20:38:05.302+0530: 2575.611: Total time for which application threads were stopped: 0.0001390 seconds, Stopping threads took: 0.0000252 seconds
2015-12-06T20:38:05.343+0530: 2575.651: Total time for which application threads were stopped: 0.0016749 seconds, Stopping threads took: 0.0015517 seconds
2015-12-06T20:38:06.343+0530: 2576.652: Total time for which application threads were stopped: 0.0003330 seconds, Stopping threads took: 0.0000558 seconds
2015-12-06T20:38:07.915+0530: 2578.223: Total time for which application threads were stopped: 0.0001679 seconds, Stopping threads took: 0.0000296 seconds
2015-12-06T20:38:07.915+0530: 2578.223: Total time for which application threads were stopped: 0.0000891 seconds, Stopping threads took: 0.0000145 seconds
2015-12-06T20:38:07.915+0530: 2578.223: Total time for which application threads were stopped: 0.0000708 seconds, Stopping threads took: 0.0000108 seconds
2015-12-06T20:38:32.919+0530: 2603.227: Total time for which application threads were stopped: 0.0002807 seconds, Stopping threads took: 0.0000525 seconds
2015-12-06T20:38:33.605+0530: 2603.914: Total time for which application threads were stopped: 0.0001818 seconds, Stopping threads took: 0.0000504 seconds
2015-12-06T20:38:34.164+0530: 2604.472: Total time for which application threads were stopped: 0.0003896 seconds, Stopping threads took: 0.0000319 seconds
2015-12-06T20:38:34.165+0530: 2604.473: Total time for which application threads were stopped: 0.0002591 seconds, Stopping threads took: 0.0000163 seconds
2015-12-06T20:38:34.165+0530: 2604.473: Total time for which application threads were stopped: 0.0000913 seconds, Stopping threads took: 0.0000151 seconds
2015-12-06T20:38:34.186+0530: 2604.494: Total time for which application threads were stopped: 0.0002008 seconds, Stopping threads took: 0.0000336 seconds
2015-12-06T20:38:34.186+0530: 2604.495: Total time for which application threads were stopped: 0.0001099 seconds, Stopping threads took: 0.0000367 seconds
2015-12-06T20:38:35.374+0530: 2605.682: Total time for which application threads were stopped: 0.0001613 seconds, Stopping threads took: 0.0000511 seconds
2015-12-06T20:38:36.380+0530: 2606.688: Total time for which application threads were stopped: 0.0062778 seconds, Stopping threads took: 0.0061161 seconds
2015-12-06T20:38:45.382+0530: 2615.690: Total time for which application threads were stopped: 0.0003579 seconds, Stopping threads took: 0.0000529 seconds
{Heap before GC invocations=63 (full 1):
 par new generation   total 109248K, used 95956K [0x00000000e0000000, 0x00000000e8000000, 0x00000000e8000000)
  eden space 87424K, 100% used [0x00000000e0000000, 0x00000000e5560000, 0x00000000e5560000)
  from space 21824K,  39% used [0x00000000e6ab0000, 0x00000000e7305348, 0x00000000e8000000)
  to   space 21824K,   0% used [0x00000000e5560000, 0x00000000e5560000, 0x00000000e6ab0000)
 concurrent mark-sweep generation total 393216K, used 24174K [0x00000000e8000000, 0x0000000100000000, 0x0000000100000000)
 Metaspace       used 35153K, capacity 35634K, committed 35788K, reserved 1081344K
  class space    used 3848K, capacity 3992K, committed 4044K, reserved 1048576K
2015-12-06T20:38:45.759+0530: 2616.067: [GC (Allocation Failure) 2616.068: [ParNew
Desired survivor size 20112992 bytes, new threshold 8 (max 8)
- age   1:    5802912 bytes,    5802912 total
- age   2:     471568 bytes,    6274480 total
- age   3:     225320 bytes,    6499800 total
- age   4:     144816 bytes,    6644616 total
- age   5:     208328 bytes,    6852944 total
- age   6:      75880 bytes,    6928824 total
- age   7:       7800 bytes,    6936624 total
- age   8:       5032 bytes,    6941656 total
: 95956K->10261K(109248K), 0.0179901 secs] 120130K->34438K(502464K), 0.4673140 secs] [Times: user=0.03 sys=0.01, real=0.47 secs] 
Heap after GC invocations=64 (full 1):
 par new generation   total 109248K, used 10261K [0x00000000e0000000, 0x00000000e8000000, 0x00000000e8000000)
  eden space 87424K,   0% used [0x00000000e0000000, 0x00000000e0000000, 0x00000000e5560000)
  from space 21824K,  47% used [0x00000000e5560000, 0x00000000e5f65790, 0x00000000e6ab0000)
  to   space 21824K,   0% used [0x00000000e6ab0000, 0x00000000e6ab0000, 0x00000000e8000000)
 concurrent mark-sweep generation total 393216K, used 24176K [0x00000000e8000000, 0x0000000100000000, 0x0000000100000000)
 Metaspace       used 35153K, capacity 35634K, committed 35788K, reserved 1081344K
  class space    used 3848K, capacity 3992K, committed 4044K, reserved 1048576K
}
2015-12-06T20:38:46.227+0530: 2616.535: Total time for which application threads were stopped: 0.4687161 seconds, Stopping threads took: 0.0001249 seconds
2015-12-06T20:38:46.231+0530: 2616.539: Total time for which application threads were stopped: 0.0011155 seconds, Stopping threads took: 0.0002202 seconds
2015-12-06T20:38:49.890+0530: 2620.198: Total time for which application threads were stopped: 0.0001989 seconds, Stopping threads took: 0.0000319 seconds
2015-12-06T20:38:49.890+0530: 2620.199: Total time for which application threads were stopped: 0.0001201 seconds, Stopping threads took: 0.0000211 seconds
2015-12-06T20:38:49.891+0530: 2620.199: Total time for which application threads were stopped: 0.0000883 seconds, Stopping threads took: 0.0000108 seconds
2015-12-06T20:38:57.782+0530: 2628.090: Total time for which application threads were stopped: 0.0003595 seconds, Stopping threads took: 0.0000608 seconds
2015-12-06T20:39:42.407+0530: 2672.715: Total time for which application threads were stopped: 0.0002698 seconds, Stopping threads took: 0.0000935 seconds
2015-12-06T20:39:42.407+0530: 2672.715: Total time for which application threads were stopped: 0.0001556 seconds, Stopping threads took: 0.0000185 seconds
2015-12-06T20:39:42.810+0530: 2673.118: Total time for which application threads were stopped: 0.0002271 seconds, Stopping threads took: 0.0000426 seconds
2015-12-06T20:39:46.811+0530: 2677.119: Total time for which application threads were stopped: 0.0002153 seconds, Stopping threads took: 0.0000480 seconds
2015-12-06T20:39:47.811+0530: 2678.119: Total time for which application threads were stopped: 0.0001635 seconds, Stopping threads took: 0.0000237 seconds
2015-12-06T20:39:51.516+0530: 2681.824: Total time for which application threads were stopped: 0.0004380 seconds, Stopping threads took: 0.0000583 seconds
2015-12-06T20:39:51.971+0530: 2682.279: Total time for which application threads were stopped: 0.0004203 seconds, Stopping threads took: 0.0000762 seconds
2015-12-06T20:39:53.758+0530: 2684.066: Total time for which application threads were stopped: 0.0001941 seconds, Stopping threads took: 0.0000336 seconds
2015-12-06T20:39:53.758+0530: 2684.067: Total time for which application threads were stopped: 0.0000964 seconds, Stopping threads took: 0.0000144 seconds
2015-12-06T20:39:53.759+0530: 2684.067: Total time for which application threads were stopped: 0.0000777 seconds, Stopping threads took: 0.0000107 seconds
2015-12-06T20:40:02.624+0530: 2692.933: Total time for which application threads were stopped: 0.0001800 seconds, Stopping threads took: 0.0000308 seconds
2015-12-06T20:40:06.625+0530: 2696.933: Total time for which application threads were stopped: 0.0002100 seconds, Stopping threads took: 0.0000313 seconds
2015-12-06T20:40:12.715+0530: 2703.023: Total time for which application threads were stopped: 0.0003087 seconds, Stopping threads took: 0.0000769 seconds
{Heap before GC invocations=64 (full 1):
 par new generation   total 109248K, used 97665K [0x00000000e0000000, 0x00000000e8000000, 0x00000000e8000000)
  eden space 87424K,  99% used [0x00000000e0000000, 0x00000000e555acd0, 0x00000000e5560000)
  from space 21824K,  47% used [0x00000000e5560000, 0x00000000e5f65790, 0x00000000e6ab0000)
  to   space 21824K,   0% used [0x00000000e6ab0000, 0x00000000e6ab0000, 0x00000000e8000000)
 concurrent mark-sweep generation total 393216K, used 24176K [0x00000000e8000000, 0x0000000100000000, 0x0000000100000000)
 Metaspace       used 35157K, capacity 35634K, committed 35788K, reserved 1081344K
  class space    used 3848K, capacity 3992K, committed 4044K, reserved 1048576K
2015-12-06T20:40:24.565+0530: 2714.873: [GC (Allocation Failure) 2714.873: [ParNew
Desired survivor size 20112992 bytes, new threshold 8 (max 8)
- age   1:    5763080 bytes,    5763080 total
- age   2:     338200 bytes,    6101280 total
- age   3:     290456 bytes,    6391736 total
- age   4:     211592 bytes,    6603328 total
- age   5:     144744 bytes,    6748072 total
- age   6:       5144 bytes,    6753216 total
- age   7:       8152 bytes,    6761368 total
- age   8:       7800 bytes,    6769168 total
: 97665K->8691K(109248K), 0.0254992 secs] 121841K->32873K(502464K), 0.0258630 secs] [Times: user=0.03 sys=0.00, real=0.02 secs] 
Heap after GC invocations=65 (full 1):
 par new generation   total 109248K, used 8691K [0x00000000e0000000, 0x00000000e8000000, 0x00000000e8000000)
  eden space 87424K,   0% used [0x00000000e0000000, 0x00000000e0000000, 0x00000000e5560000)
  from space 21824K,  39% used [0x00000000e6ab0000, 0x00000000e732cfe8, 0x00000000e8000000)
  to   space 21824K,   0% used [0x00000000e5560000, 0x00000000e5560000, 0x00000000e6ab0000)
 concurrent mark-sweep generation total 393216K, used 24181K [0x00000000e8000000, 0x0000000100000000, 0x0000000100000000)
 Metaspace       used 35157K, capacity 35634K, committed 35788K, reserved 1081344K
  class space    used 3848K, capacity 3992K, committed 4044K, reserved 1048576K
}
2015-12-06T20:40:24.591+0530: 2714.899: Total time for which application threads were stopped: 0.0265409 seconds, Stopping threads took: 0.0000445 seconds
2015-12-06T20:40:29.104+0530: 2719.412: Total time for which application threads were stopped: 0.0003245 seconds, Stopping threads took: 0.0000457 seconds
2015-12-06T20:40:29.104+0530: 2719.412: Total time for which application threads were stopped: 0.0002298 seconds, Stopping threads took: 0.0000338 seconds
2015-12-06T20:40:29.104+0530: 2719.413: Total time for which application threads were stopped: 0.0001861 seconds, Stopping threads took: 0.0000250 seconds
2015-12-06T20:40:40.242+0530: 2730.550: Total time for which application threads were stopped: 0.0009260 seconds, Stopping threads took: 0.0000822 seconds
2015-12-06T20:40:51.445+0530: 2741.753: Total time for which application threads were stopped: 0.0002737 seconds, Stopping threads took: 0.0000863 seconds
2015-12-06T20:40:51.445+0530: 2741.754: Total time for which application threads were stopped: 0.0002139 seconds, Stopping threads took: 0.0000626 seconds
2015-12-06T20:40:51.446+0530: 2741.754: Total time for which application threads were stopped: 0.0001837 seconds, Stopping threads took: 0.0000810 seconds
2015-12-06T20:41:12.997+0530: 2763.306: Total time for which application threads were stopped: 0.0038123 seconds, Stopping threads took: 0.0035842 seconds
2015-12-06T20:41:21.518+0530: 2771.826: Total time for which application threads were stopped: 0.0001338 seconds, Stopping threads took: 0.0000290 seconds
2015-12-06T20:41:22.216+0530: 2772.524: Total time for which application threads were stopped: 0.0003879 seconds, Stopping threads took: 0.0000655 seconds
2015-12-06T20:41:22.217+0530: 2772.525: Total time for which application threads were stopped: 0.0002298 seconds, Stopping threads took: 0.0000351 seconds
2015-12-06T20:41:22.217+0530: 2772.525: Total time for which application threads were stopped: 0.0002271 seconds, Stopping threads took: 0.0000398 seconds
2015-12-06T20:41:22.229+0530: 2772.537: Total time for which application threads were stopped: 0.0001803 seconds, Stopping threads took: 0.0000292 seconds
2015-12-06T20:41:22.229+0530: 2772.537: Total time for which application threads were stopped: 0.0001177 seconds, Stopping threads took: 0.0000165 seconds
2015-12-06T20:41:22.229+0530: 2772.537: Total time for which application threads were stopped: 0.0000925 seconds, Stopping threads took: 0.0000154 seconds
{Heap before GC invocations=65 (full 1):
 par new generation   total 109248K, used 96115K [0x00000000e0000000, 0x00000000e8000000, 0x00000000e8000000)
  eden space 87424K, 100% used [0x00000000e0000000, 0x00000000e5560000, 0x00000000e5560000)
  from space 21824K,  39% used [0x00000000e6ab0000, 0x00000000e732cfe8, 0x00000000e8000000)
  to   space 21824K,   0% used [0x00000000e5560000, 0x00000000e5560000, 0x00000000e6ab0000)
 concurrent mark-sweep generation total 393216K, used 24181K [0x00000000e8000000, 0x0000000100000000, 0x0000000100000000)
 Metaspace       used 35157K, capacity 35634K, committed 35788K, reserved 1081344K
  class space    used 3848K, capacity 3992K, committed 4044K, reserved 1048576K
2015-12-06T20:41:33.444+0530: 2783.752: [GC (Allocation Failure) 2783.752: [ParNew
Desired survivor size 20112992 bytes, new threshold 8 (max 8)
- age   1:    5327408 bytes,    5327408 total
- age   2:     284976 bytes,    5612384 total
- age   3:     241408 bytes,    5853792 total
- age   4:     286152 bytes,    6139944 total
- age   5:     141496 bytes,    6281440 total
- age   6:       7736 bytes,    6289176 total
- age   7:       5144 bytes,    6294320 total
- age   8:       7376 bytes,    6301696 total
: 96115K->8172K(109248K), 0.0125331 secs] 120297K->32361K(502464K), 0.0128815 secs] [Times: user=0.02 sys=0.00, real=0.01 secs] 
Heap after GC invocations=66 (full 1):
 par new generation   total 109248K, used 8172K [0x00000000e0000000, 0x00000000e8000000, 0x00000000e8000000)
  eden space 87424K,   0% used [0x00000000e0000000, 0x00000000e0000000, 0x00000000e5560000)
  from space 21824K,  37% used [0x00000000e5560000, 0x00000000e5d5b340, 0x00000000e6ab0000)
  to   space 21824K,   0% used [0x00000000e6ab0000, 0x00000000e6ab0000, 0x00000000e8000000)
 concurrent mark-sweep generation total 393216K, used 24188K [0x00000000e8000000, 0x0000000100000000, 0x0000000100000000)
 Metaspace       used 35157K, capacity 35634K, committed 35788K, reserved 1081344K
  class space    used 3848K, capacity 3992K, committed 4044K, reserved 1048576K
}
2015-12-06T20:41:33.457+0530: 2783.765: Total time for which application threads were stopped: 0.0133284 seconds, Stopping threads took: 0.0000351 seconds
2015-12-06T20:41:33.462+0530: 2783.770: Total time for which application threads were stopped: 0.0005353 seconds, Stopping threads took: 0.0000365 seconds
2015-12-06T20:41:34.462+0530: 2784.770: Total time for which application threads were stopped: 0.0001544 seconds, Stopping threads took: 0.0000285 seconds
2015-12-06T20:41:37.463+0530: 2787.771: Total time for which application threads were stopped: 0.0002445 seconds, Stopping threads took: 0.0000438 seconds
2015-12-06T20:42:02.990+0530: 2813.298: Total time for which application threads were stopped: 0.0003211 seconds, Stopping threads took: 0.0000493 seconds
2015-12-06T20:42:02.990+0530: 2813.298: Total time for which application threads were stopped: 0.0001145 seconds, Stopping threads took: 0.0000189 seconds
2015-12-06T20:42:02.990+0530: 2813.298: Total time for which application threads were stopped: 0.0000811 seconds, Stopping threads took: 0.0000102 seconds
2015-12-06T20:42:03.019+0530: 2813.327: Total time for which application threads were stopped: 0.0001620 seconds, Stopping threads took: 0.0000305 seconds
2015-12-06T20:42:04.019+0530: 2814.327: Total time for which application threads were stopped: 0.0001766 seconds, Stopping threads took: 0.0000304 seconds
2015-12-06T20:42:07.989+0530: 2818.298: Total time for which application threads were stopped: 0.1495777 seconds, Stopping threads took: 0.1493021 seconds
2015-12-06T20:42:07.990+0530: 2818.299: Total time for which application threads were stopped: 0.0006635 seconds, Stopping threads took: 0.0003874 seconds
2015-12-06T20:42:07.991+0530: 2818.299: Total time for which application threads were stopped: 0.0007158 seconds, Stopping threads took: 0.0005003 seconds
2015-12-06T20:42:11.992+0530: 2822.300: Total time for which application threads were stopped: 0.0002950 seconds, Stopping threads took: 0.0000513 seconds
2015-12-06T20:42:17.993+0530: 2828.301: Total time for which application threads were stopped: 0.0003508 seconds, Stopping threads took: 0.0000520 seconds
2015-12-06T20:42:22.122+0530: 2832.431: Total time for which application threads were stopped: 0.0004799 seconds, Stopping threads took: 0.0003032 seconds
2015-12-06T20:42:28.124+0530: 2838.432: Total time for which application threads were stopped: 0.0003065 seconds, Stopping threads took: 0.0000534 seconds
2015-12-06T20:42:40.125+0530: 2850.434: Total time for which application threads were stopped: 0.0001718 seconds, Stopping threads took: 0.0000319 seconds
2015-12-06T20:42:49.127+0530: 2859.435: Total time for which application threads were stopped: 0.0001717 seconds, Stopping threads took: 0.0000307 seconds
2015-12-06T20:43:08.130+0530: 2878.438: Total time for which application threads were stopped: 0.0002956 seconds, Stopping threads took: 0.0000525 seconds
2015-12-06T20:43:20.064+0530: 2890.372: Total time for which application threads were stopped: 0.0005094 seconds, Stopping threads took: 0.0003143 seconds
2015-12-06T20:43:20.064+0530: 2890.372: Total time for which application threads were stopped: 0.0001822 seconds, Stopping threads took: 0.0000626 seconds
2015-12-06T20:43:20.064+0530: 2890.372: Total time for which application threads were stopped: 0.0001093 seconds, Stopping threads took: 0.0000117 seconds
{Heap before GC invocations=66 (full 1):
 par new generation   total 109248K, used 95596K [0x00000000e0000000, 0x00000000e8000000, 0x00000000e8000000)
  eden space 87424K, 100% used [0x00000000e0000000, 0x00000000e5560000, 0x00000000e5560000)
  from space 21824K,  37% used [0x00000000e5560000, 0x00000000e5d5b340, 0x00000000e6ab0000)
  to   space 21824K,   0% used [0x00000000e6ab0000, 0x00000000e6ab0000, 0x00000000e8000000)
 concurrent mark-sweep generation total 393216K, used 24188K [0x00000000e8000000, 0x0000000100000000, 0x0000000100000000)
 Metaspace       used 35162K, capacity 35634K, committed 35788K, reserved 1081344K
  class space    used 3848K, capacity 3992K, committed 4044K, reserved 1048576K
2015-12-06T20:43:22.313+0530: 2892.621: [GC (Allocation Failure) 2892.622: [ParNew
Desired survivor size 20112992 bytes, new threshold 8 (max 8)
- age   1:    2001864 bytes,    2001864 total
- age   2:    4872080 bytes,    6873944 total
- age   3:     249648 bytes,    7123592 total
- age   4:     236608 bytes,    7360200 total
- age   5:     216816 bytes,    7577016 total
- age   6:       4472 bytes,    7581488 total
- age   7:       7736 bytes,    7589224 total
- age   8:       5144 bytes,    7594368 total
: 95596K->9375K(109248K), 0.2733324 secs] 119785K->33571K(502464K), 0.3885554 secs] [Times: user=0.03 sys=0.00, real=0.39 secs] 
Heap after GC invocations=67 (full 1):
 par new generation   total 109248K, used 9375K [0x00000000e0000000, 0x00000000e8000000, 0x00000000e8000000)
  eden space 87424K,   0% used [0x00000000e0000000, 0x00000000e0000000, 0x00000000e5560000)
  from space 21824K,  42% used [0x00000000e6ab0000, 0x00000000e73d7c60, 0x00000000e8000000)
  to   space 21824K,   0% used [0x00000000e5560000, 0x00000000e5560000, 0x00000000e6ab0000)
 concurrent mark-sweep generation total 393216K, used 24195K [0x00000000e8000000, 0x0000000100000000, 0x0000000100000000)
 Metaspace       used 35162K, capacity 35634K, committed 35788K, reserved 1081344K
  class space    used 3848K, capacity 3992K, committed 4044K, reserved 1048576K
}
2015-12-06T20:43:22.702+0530: 2893.011: Total time for which application threads were stopped: 0.3896175 seconds, Stopping threads took: 0.0000476 seconds
2015-12-06T20:43:24.703+0530: 2895.011: Total time for which application threads were stopped: 0.0003141 seconds, Stopping threads took: 0.0000524 seconds
2015-12-06T20:43:26.218+0530: 2896.526: Total time for which application threads were stopped: 0.0001887 seconds, Stopping threads took: 0.0000307 seconds
2015-12-06T20:43:26.218+0530: 2896.526: Total time for which application threads were stopped: 0.0001031 seconds, Stopping threads took: 0.0000173 seconds
2015-12-06T20:43:26.218+0530: 2896.527: Total time for which application threads were stopped: 0.0000950 seconds, Stopping threads took: 0.0000121 seconds
2015-12-06T20:43:27.788+0530: 2898.096: Total time for which application threads were stopped: 0.0024863 seconds, Stopping threads took: 0.0022952 seconds
2015-12-06T20:43:27.789+0530: 2898.097: Total time for which application threads were stopped: 0.0001240 seconds, Stopping threads took: 0.0000240 seconds
2015-12-06T20:43:27.789+0530: 2898.097: Total time for which application threads were stopped: 0.0000963 seconds, Stopping threads took: 0.0000132 seconds
2015-12-06T20:43:28.966+0530: 2899.274: Total time for which application threads were stopped: 0.0009492 seconds, Stopping threads took: 0.0008069 seconds
2015-12-06T20:43:43.968+0530: 2914.276: Total time for which application threads were stopped: 0.0002759 seconds, Stopping threads took: 0.0000509 seconds
2015-12-06T20:43:49.888+0530: 2920.196: Total time for which application threads were stopped: 0.0003882 seconds, Stopping threads took: 0.0000614 seconds
2015-12-06T20:43:52.889+0530: 2923.197: Total time for which application threads were stopped: 0.0001719 seconds, Stopping threads took: 0.0000318 seconds
2015-12-06T20:43:54.635+0530: 2924.943: Total time for which application threads were stopped: 0.0002178 seconds, Stopping threads took: 0.0000618 seconds
2015-12-06T20:43:54.635+0530: 2924.943: Total time for which application threads were stopped: 0.0001114 seconds, Stopping threads took: 0.0000353 seconds
2015-12-06T20:43:54.635+0530: 2924.943: Total time for which application threads were stopped: 0.0000753 seconds, Stopping threads took: 0.0000116 seconds
2015-12-06T20:43:54.646+0530: 2924.955: Total time for which application threads were stopped: 0.0002042 seconds, Stopping threads took: 0.0000496 seconds
2015-12-06T20:43:57.647+0530: 2927.955: Total time for which application threads were stopped: 0.0002553 seconds, Stopping threads took: 0.0000388 seconds
2015-12-06T20:44:00.648+0530: 2930.956: Total time for which application threads were stopped: 0.0003014 seconds, Stopping threads took: 0.0000557 seconds
2015-12-06T20:44:12.490+0530: 2942.798: Total time for which application threads were stopped: 0.0001629 seconds, Stopping threads took: 0.0000228 seconds
2015-12-06T20:44:12.490+0530: 2942.798: Total time for which application threads were stopped: 0.0000733 seconds, Stopping threads took: 0.0000103 seconds
2015-12-06T20:44:12.490+0530: 2942.798: Total time for which application threads were stopped: 0.0000705 seconds, Stopping threads took: 0.0000088 seconds
{Heap before GC invocations=67 (full 1):
 par new generation   total 109248K, used 96799K [0x00000000e0000000, 0x00000000e8000000, 0x00000000e8000000)
  eden space 87424K, 100% used [0x00000000e0000000, 0x00000000e5560000, 0x00000000e5560000)
  from space 21824K,  42% used [0x00000000e6ab0000, 0x00000000e73d7c60, 0x00000000e8000000)
  to   space 21824K,   0% used [0x00000000e5560000, 0x00000000e5560000, 0x00000000e6ab0000)
 concurrent mark-sweep generation total 393216K, used 24195K [0x00000000e8000000, 0x0000000100000000, 0x0000000100000000)
 Metaspace       used 35165K, capacity 35634K, committed 35788K, reserved 1081344K
  class space    used 3848K, capacity 3992K, committed 4044K, reserved 1048576K
2015-12-06T20:44:46.956+0530: 2977.265: [GC (Allocation Failure) 2977.265: [ParNew
Desired survivor size 20112992 bytes, new threshold 8 (max 8)
- age   1:    2153928 bytes,    2153928 total
- age   2:     645048 bytes,    2798976 total
- age   3:     245672 bytes,    3044648 total
- age   4:     220128 bytes,    3264776 total
- age   5:     167240 bytes,    3432016 total
- age   6:      12856 bytes,    3444872 total
- age   7:       4472 bytes,    3449344 total
- age   8:       7736 bytes,    3457080 total
: 96799K->6343K(109248K), 0.0172845 secs] 120995K->30544K(502464K), 0.4711776 secs] [Times: user=0.03 sys=0.00, real=0.47 secs] 
Heap after GC invocations=68 (full 1):
 par new generation   total 109248K, used 6343K [0x00000000e0000000, 0x00000000e8000000, 0x00000000e8000000)
  eden space 87424K,   0% used [0x00000000e0000000, 0x00000000e0000000, 0x00000000e5560000)
  from space 21824K,  29% used [0x00000000e5560000, 0x00000000e5b91e40, 0x00000000e6ab0000)
  to   space 21824K,   0% used [0x00000000e6ab0000, 0x00000000e6ab0000, 0x00000000e8000000)
 concurrent mark-sweep generation total 393216K, used 24201K [0x00000000e8000000, 0x0000000100000000, 0x0000000100000000)
 Metaspace       used 35165K, capacity 35634K, committed 35788K, reserved 1081344K
  class space    used 3848K, capacity 3992K, committed 4044K, reserved 1048576K
}
2015-12-06T20:44:47.428+0530: 2977.736: Total time for which application threads were stopped: 0.4727050 seconds, Stopping threads took: 0.0000644 seconds
2015-12-06T20:44:47.433+0530: 2977.741: Total time for which application threads were stopped: 0.0007782 seconds, Stopping threads took: 0.0000992 seconds
2015-12-06T20:44:47.435+0530: 2977.743: Total time for which application threads were stopped: 0.0005623 seconds, Stopping threads took: 0.0000430 seconds
2015-12-06T20:45:19.439+0530: 3009.747: Total time for which application threads were stopped: 0.0002889 seconds, Stopping threads took: 0.0000517 seconds
2015-12-06T20:45:19.998+0530: 3010.306: Total time for which application threads were stopped: 0.0006799 seconds, Stopping threads took: 0.0005100 seconds
2015-12-06T20:45:20.998+0530: 3011.306: Total time for which application threads were stopped: 0.0001600 seconds, Stopping threads took: 0.0000329 seconds
2015-12-06T20:45:22.510+0530: 3012.818: Total time for which application threads were stopped: 0.0003386 seconds, Stopping threads took: 0.0000688 seconds
2015-12-06T20:45:22.510+0530: 3012.818: Total time for which application threads were stopped: 0.0003220 seconds, Stopping threads took: 0.0000427 seconds
2015-12-06T20:45:22.510+0530: 3012.819: Total time for which application threads were stopped: 0.0002020 seconds, Stopping threads took: 0.0000334 seconds
2015-12-06T20:45:27.511+0530: 3017.819: Total time for which application threads were stopped: 0.0002909 seconds, Stopping threads took: 0.0000507 seconds
2015-12-06T20:45:32.935+0530: 3023.243: Total time for which application threads were stopped: 0.0003343 seconds, Stopping threads took: 0.0000934 seconds
2015-12-06T20:45:35.936+0530: 3026.244: Total time for which application threads were stopped: 0.0004093 seconds, Stopping threads took: 0.0000564 seconds
2015-12-06T20:45:55.156+0530: 3045.464: Total time for which application threads were stopped: 0.0005186 seconds, Stopping threads took: 0.0001529 seconds
2015-12-06T20:46:04.247+0530: 3054.555: Total time for which application threads were stopped: 0.0004762 seconds, Stopping threads took: 0.0000322 seconds
2015-12-06T20:46:04.248+0530: 3054.556: Total time for which application threads were stopped: 0.0004298 seconds, Stopping threads took: 0.0000554 seconds
2015-12-06T20:46:05.311+0530: 3055.619: Total time for which application threads were stopped: 0.0075265 seconds, Stopping threads took: 0.0072272 seconds
2015-12-06T20:46:05.312+0530: 3055.620: Total time for which application threads were stopped: 0.0008188 seconds, Stopping threads took: 0.0006151 seconds
2015-12-06T20:46:05.312+0530: 3055.620: Total time for which application threads were stopped: 0.0001176 seconds, Stopping threads took: 0.0000286 seconds
2015-12-06T20:46:06.312+0530: 3056.620: Total time for which application threads were stopped: 0.0001906 seconds, Stopping threads took: 0.0000305 seconds
{Heap before GC invocations=68 (full 1):
 par new generation   total 109248K, used 93767K [0x00000000e0000000, 0x00000000e8000000, 0x00000000e8000000)
  eden space 87424K, 100% used [0x00000000e0000000, 0x00000000e5560000, 0x00000000e5560000)
  from space 21824K,  29% used [0x00000000e5560000, 0x00000000e5b91e40, 0x00000000e6ab0000)
  to   space 21824K,   0% used [0x00000000e6ab0000, 0x00000000e6ab0000, 0x00000000e8000000)
 concurrent mark-sweep generation total 393216K, used 24201K [0x00000000e8000000, 0x0000000100000000, 0x0000000100000000)
 Metaspace       used 35165K, capacity 35634K, committed 35788K, reserved 1081344K
  class space    used 3848K, capacity 3992K, committed 4044K, reserved 1048576K
2015-12-06T20:46:21.834+0530: 3072.142: [GC (Allocation Failure) 3072.143: [ParNew
Desired survivor size 20112992 bytes, new threshold 8 (max 8)
- age   1:    2105912 bytes,    2105912 total
- age   2:     529104 bytes,    2635016 total
- age   3:     240336 bytes,    2875352 total
- age   4:     209488 bytes,    3084840 total
- age   5:     214800 bytes,    3299640 total
- age   6:      28672 bytes,    3328312 total
- age   7:      12856 bytes,    3341168 total
- age   8:       4472 bytes,    3345640 total
: 93767K->4821K(109248K), 0.0188613 secs] 117968K->29030K(502464K), 0.0201738 secs] [Times: user=0.03 sys=0.00, real=0.02 secs] 
Heap after GC invocations=69 (full 1):
 par new generation   total 109248K, used 4821K [0x00000000e0000000, 0x00000000e8000000, 0x00000000e8000000)
  eden space 87424K,   0% used [0x00000000e0000000, 0x00000000e0000000, 0x00000000e5560000)
  from space 21824K,  22% used [0x00000000e6ab0000, 0x00000000e6f65760, 0x00000000e8000000)
  to   space 21824K,   0% used [0x00000000e5560000, 0x00000000e5560000, 0x00000000e6ab0000)
 concurrent mark-sweep generation total 393216K, used 24208K [0x00000000e8000000, 0x0000000100000000, 0x0000000100000000)
 Metaspace       used 35165K, capacity 35634K, committed 35788K, reserved 1081344K
  class space    used 3848K, capacity 3992K, committed 4044K, reserved 1048576K
}
2015-12-06T20:46:21.855+0530: 3072.163: Total time for which application threads were stopped: 0.4430565 seconds, Stopping threads took: 0.0000515 seconds
2015-12-06T20:46:22.855+0530: 3073.163: Total time for which application threads were stopped: 0.0002094 seconds, Stopping threads took: 0.0000334 seconds
2015-12-06T20:46:31.718+0530: 3082.027: Total time for which application threads were stopped: 0.0002010 seconds, Stopping threads took: 0.0000448 seconds
2015-12-06T20:46:31.719+0530: 3082.027: Total time for which application threads were stopped: 0.0001056 seconds, Stopping threads took: 0.0000184 seconds
2015-12-06T20:46:53.963+0530: 3104.271: Total time for which application threads were stopped: 0.0002810 seconds, Stopping threads took: 0.0000356 seconds
2015-12-06T20:47:03.127+0530: 3113.435: Total time for which application threads were stopped: 0.0001705 seconds, Stopping threads took: 0.0000230 seconds
2015-12-06T20:47:03.127+0530: 3113.435: Total time for which application threads were stopped: 0.0001019 seconds, Stopping threads took: 0.0000142 seconds
2015-12-06T20:47:03.127+0530: 3113.435: Total time for which application threads were stopped: 0.0000988 seconds, Stopping threads took: 0.0000173 seconds
2015-12-06T20:47:20.357+0530: 3130.665: Total time for which application threads were stopped: 0.0047468 seconds, Stopping threads took: 0.0043063 seconds
2015-12-06T20:47:52.156+0530: 3162.464: Total time for which application threads were stopped: 0.0003940 seconds, Stopping threads took: 0.0001204 seconds
2015-12-06T20:47:52.255+0530: 3162.563: Total time for which application threads were stopped: 0.0002513 seconds, Stopping threads took: 0.0000619 seconds
2015-12-06T20:47:52.255+0530: 3162.563: Total time for which application threads were stopped: 0.0001080 seconds, Stopping threads took: 0.0000132 seconds
2015-12-06T20:47:52.255+0530: 3162.563: Total time for which application threads were stopped: 0.0000946 seconds, Stopping threads took: 0.0000100 seconds
{Heap before GC invocations=69 (full 1):
 par new generation   total 109248K, used 92245K [0x00000000e0000000, 0x00000000e8000000, 0x00000000e8000000)
  eden space 87424K, 100% used [0x00000000e0000000, 0x00000000e5560000, 0x00000000e5560000)
  from space 21824K,  22% used [0x00000000e6ab0000, 0x00000000e6f65760, 0x00000000e8000000)
  to   space 21824K,   0% used [0x00000000e5560000, 0x00000000e5560000, 0x00000000e6ab0000)
 concurrent mark-sweep generation total 393216K, used 24208K [0x00000000e8000000, 0x0000000100000000, 0x0000000100000000)
 Metaspace       used 35166K, capacity 35634K, committed 35788K, reserved 1081344K
  class space    used 3848K, capacity 3992K, committed 4044K, reserved 1048576K
2015-12-06T20:48:01.573+0530: 3171.881: [GC (Allocation Failure) 3171.881: [ParNew
Desired survivor size 20112992 bytes, new threshold 8 (max 8)
- age   1:    1420136 bytes,    1420136 total
- age   2:     511584 bytes,    1931720 total
- age   3:     237192 bytes,    2168912 total
- age   4:     210720 bytes,    2379632 total
- age   5:     208664 bytes,    2588296 total
- age   6:      12352 bytes,    2600648 total
- age   7:      27160 bytes,    2627808 total
- age   8:      12856 bytes,    2640664 total
: 92245K->3382K(109248K), 0.0092961 secs] 116454K->27594K(502464K), 0.0096786 secs] [Times: user=0.02 sys=0.00, real=0.02 secs] 
Heap after GC invocations=70 (full 1):
 par new generation   total 109248K, used 3382K [0x00000000e0000000, 0x00000000e8000000, 0x00000000e8000000)
  eden space 87424K,   0% used [0x00000000e0000000, 0x00000000e0000000, 0x00000000e5560000)
  from space 21824K,  15% used [0x00000000e5560000, 0x00000000e58ad800, 0x00000000e6ab0000)
  to   space 21824K,   0% used [0x00000000e6ab0000, 0x00000000e6ab0000, 0x00000000e8000000)
 concurrent mark-sweep generation total 393216K, used 24212K [0x00000000e8000000, 0x0000000100000000, 0x0000000100000000)
 Metaspace       used 35166K, capacity 35634K, committed 35788K, reserved 1081344K
  class space    used 3848K, capacity 3992K, committed 4044K, reserved 1048576K
}
2015-12-06T20:48:01.583+0530: 3171.891: Total time for which application threads were stopped: 0.0101912 seconds, Stopping threads took: 0.0000342 seconds
2015-12-06T20:48:03.485+0530: 3173.794: Total time for which application threads were stopped: 0.0002657 seconds, Stopping threads took: 0.0000548 seconds
2015-12-06T20:48:03.816+0530: 3174.124: Total time for which application threads were stopped: 0.0005984 seconds, Stopping threads took: 0.0000329 seconds
2015-12-06T20:48:06.816+0530: 3177.124: Total time for which application threads were stopped: 0.0003516 seconds, Stopping threads took: 0.0000573 seconds
2015-12-06T20:48:09.234+0530: 3179.542: Total time for which application threads were stopped: 0.0001784 seconds, Stopping threads took: 0.0000279 seconds
2015-12-06T20:48:09.273+0530: 3179.581: Total time for which application threads were stopped: 0.0002195 seconds, Stopping threads took: 0.0000339 seconds
2015-12-06T20:48:09.273+0530: 3179.582: Total time for which application threads were stopped: 0.0001577 seconds, Stopping threads took: 0.0000235 seconds
2015-12-06T20:48:09.274+0530: 3179.582: Total time for which application threads were stopped: 0.0000956 seconds, Stopping threads took: 0.0000114 seconds
2015-12-06T20:48:35.098+0530: 3205.406: Total time for which application threads were stopped: 0.0002196 seconds, Stopping threads took: 0.0000583 seconds
2015-12-06T20:48:36.099+0530: 3206.407: Total time for which application threads were stopped: 0.0004096 seconds, Stopping threads took: 0.0000616 seconds
2015-12-06T20:48:50.396+0530: 3220.704: Total time for which application threads were stopped: 0.0001619 seconds, Stopping threads took: 0.0000251 seconds
2015-12-06T20:48:58.617+0530: 3228.925: Total time for which application threads were stopped: 0.0004341 seconds, Stopping threads took: 0.0001447 seconds
2015-12-06T20:48:59.617+0530: 3229.925: Total time for which application threads were stopped: 0.0001809 seconds, Stopping threads took: 0.0000332 seconds
2015-12-06T20:49:03.057+0530: 3233.365: Total time for which application threads were stopped: 0.0036167 seconds, Stopping threads took: 0.0034609 seconds
2015-12-06T20:49:03.410+0530: 3233.718: Total time for which application threads were stopped: 0.3521738 seconds, Stopping threads took: 0.3517170 seconds
2015-12-06T20:49:03.410+0530: 3233.718: Total time for which application threads were stopped: 0.0003525 seconds, Stopping threads took: 0.0000384 seconds
2015-12-06T20:49:21.401+0530: 3251.709: Total time for which application threads were stopped: 0.0022348 seconds, Stopping threads took: 0.0020718 seconds
2015-12-06T20:49:24.955+0530: 3255.264: Total time for which application threads were stopped: 0.0001700 seconds, Stopping threads took: 0.0000317 seconds
2015-12-06T20:49:24.956+0530: 3255.264: Total time for which application threads were stopped: 0.0000877 seconds, Stopping threads took: 0.0000153 seconds
2015-12-06T20:49:24.956+0530: 3255.264: Total time for which application threads were stopped: 0.0003699 seconds, Stopping threads took: 0.0000196 seconds
2015-12-06T20:49:27.889+0530: 3258.198: Total time for which application threads were stopped: 0.0003634 seconds, Stopping threads took: 0.0000868 seconds
2015-12-06T20:49:29.890+0530: 3260.198: Total time for which application threads were stopped: 0.0003790 seconds, Stopping threads took: 0.0000743 seconds
{Heap before GC invocations=70 (full 1):
 par new generation   total 109248K, used 90806K [0x00000000e0000000, 0x00000000e8000000, 0x00000000e8000000)
  eden space 87424K, 100% used [0x00000000e0000000, 0x00000000e5560000, 0x00000000e5560000)
  from space 21824K,  15% used [0x00000000e5560000, 0x00000000e58ad800, 0x00000000e6ab0000)
  to   space 21824K,   0% used [0x00000000e6ab0000, 0x00000000e6ab0000, 0x00000000e8000000)
 concurrent mark-sweep generation total 393216K, used 24212K [0x00000000e8000000, 0x0000000100000000, 0x0000000100000000)
 Metaspace       used 35167K, capacity 35698K, committed 36044K, reserved 1081344K
  class space    used 3848K, capacity 3992K, committed 4044K, reserved 1048576K
2015-12-06T20:49:56.023+0530: 3286.331: [GC (Allocation Failure) 3286.530: [ParNew
Desired survivor size 20112992 bytes, new threshold 8 (max 8)
- age   1:    2116312 bytes,    2116312 total
- age   2:     507576 bytes,    2623888 total
- age   3:     260008 bytes,    2883896 total
- age   4:     212192 bytes,    3096088 total
- age   5:     142920 bytes,    3239008 total
- age   6:       5480 bytes,    3244488 total
- age   7:      12352 bytes,    3256840 total
- age   8:      27160 bytes,    3284000 total
: 90806K->4053K(109248K), 0.0207109 secs] 115018K->28278K(502464K), 0.2206275 secs] [Times: user=0.04 sys=0.00, real=0.22 secs] 
Heap after GC invocations=71 (full 1):
 par new generation   total 109248K, used 4053K [0x00000000e0000000, 0x00000000e8000000, 0x00000000e8000000)
  eden space 87424K,   0% used [0x00000000e0000000, 0x00000000e0000000, 0x00000000e5560000)
  from space 21824K,  18% used [0x00000000e6ab0000, 0x00000000e6ea54f0, 0x00000000e8000000)
  to   space 21824K,   0% used [0x00000000e5560000, 0x00000000e5560000, 0x00000000e6ab0000)
 concurrent mark-sweep generation total 393216K, used 24224K [0x00000000e8000000, 0x0000000100000000, 0x0000000100000000)
 Metaspace       used 35167K, capacity 35698K, committed 36044K, reserved 1081344K
  class space    used 3848K, capacity 3992K, committed 4044K, reserved 1048576K
}
2015-12-06T20:49:56.244+0530: 3286.552: Total time for which application threads were stopped: 0.2209940 seconds, Stopping threads took: 0.0000237 seconds
2015-12-06T20:49:57.467+0530: 3287.776: Total time for which application threads were stopped: 0.0002844 seconds, Stopping threads took: 0.0000888 seconds
2015-12-06T20:49:57.792+0530: 3288.100: Total time for which application threads were stopped: 0.0007855 seconds, Stopping threads took: 0.0000635 seconds
2015-12-06T20:50:10.794+0530: 3301.102: Total time for which application threads were stopped: 0.0003001 seconds, Stopping threads took: 0.0000526 seconds
2015-12-06T20:50:20.486+0530: 3310.794: Total time for which application threads were stopped: 0.0002594 seconds, Stopping threads took: 0.0000525 seconds
2015-12-06T20:50:22.521+0530: 3312.830: Total time for which application threads were stopped: 0.0004034 seconds, Stopping threads took: 0.0000589 seconds
2015-12-06T20:50:22.851+0530: 3313.159: Total time for which application threads were stopped: 0.0004051 seconds, Stopping threads took: 0.0000792 seconds
2015-12-06T20:50:22.866+0530: 3313.174: Total time for which application threads were stopped: 0.0002577 seconds, Stopping threads took: 0.0000736 seconds
2015-12-06T20:50:22.878+0530: 3313.186: Total time for which application threads were stopped: 0.0063854 seconds, Stopping threads took: 0.0062019 seconds
2015-12-06T20:50:24.667+0530: 3314.975: Total time for which application threads were stopped: 0.0025528 seconds, Stopping threads took: 0.0023844 seconds
2015-12-06T20:50:24.669+0530: 3314.977: Total time for which application threads were stopped: 0.0024294 seconds, Stopping threads took: 0.0022919 seconds
2015-12-06T20:50:24.670+0530: 3314.978: Total time for which application threads were stopped: 0.0001989 seconds, Stopping threads took: 0.0000701 seconds
2015-12-06T20:50:47.023+0530: 3337.331: Total time for which application threads were stopped: 0.0009383 seconds, Stopping threads took: 0.0001077 seconds
2015-12-06T20:50:47.023+0530: 3337.332: Total time for which application threads were stopped: 0.0004013 seconds, Stopping threads took: 0.0000562 seconds
2015-12-06T20:50:47.024+0530: 3337.332: Total time for which application threads were stopped: 0.0002665 seconds, Stopping threads took: 0.0000203 seconds
2015-12-06T20:50:54.629+0530: 3344.937: Total time for which application threads were stopped: 0.0003777 seconds, Stopping threads took: 0.0000484 seconds
2015-12-06T20:50:54.629+0530: 3344.937: Total time for which application threads were stopped: 0.0002300 seconds, Stopping threads took: 0.0000333 seconds
{Heap before GC invocations=71 (full 1):
 par new generation   total 109248K, used 91477K [0x00000000e0000000, 0x00000000e8000000, 0x00000000e8000000)
  eden space 87424K, 100% used [0x00000000e0000000, 0x00000000e5560000, 0x00000000e5560000)
  from space 21824K,  18% used [0x00000000e6ab0000, 0x00000000e6ea54f0, 0x00000000e8000000)
  to   space 21824K,   0% used [0x00000000e5560000, 0x00000000e5560000, 0x00000000e6ab0000)
 concurrent mark-sweep generation total 393216K, used 24224K [0x00000000e8000000, 0x0000000100000000, 0x0000000100000000)
 Metaspace       used 35169K, capacity 35698K, committed 36044K, reserved 1081344K
  class space    used 3848K, capacity 3992K, committed 4044K, reserved 1048576K
2015-12-06T20:51:48.665+0530: 3398.974: [GC (Allocation Failure) 3398.975: [ParNew
Desired survivor size 20112992 bytes, new threshold 8 (max 8)
- age   1:    2215248 bytes,    2215248 total
- age   2:     681032 bytes,    2896280 total
- age   3:     166608 bytes,    3062888 total
- age   4:     157200 bytes,    3220088 total
- age   5:     144440 bytes,    3364528 total
- age   6:      75192 bytes,    3439720 total
- age   7:       5480 bytes,    3445200 total
- age   8:      12352 bytes,    3457552 total
: 91477K->4082K(109248K), 0.4706776 secs] 115702K->28334K(502464K), 0.6745019 secs] [Times: user=0.05 sys=0.00, real=0.67 secs] 
Heap after GC invocations=72 (full 1):
 par new generation   total 109248K, used 4082K [0x00000000e0000000, 0x00000000e8000000, 0x00000000e8000000)
  eden space 87424K,   0% used [0x00000000e0000000, 0x00000000e0000000, 0x00000000e5560000)
  from space 21824K,  18% used [0x00000000e5560000, 0x00000000e595c8b0, 0x00000000e6ab0000)
  to   space 21824K,   0% used [0x00000000e6ab0000, 0x00000000e6ab0000, 0x00000000e8000000)
 concurrent mark-sweep generation total 393216K, used 24252K [0x00000000e8000000, 0x0000000100000000, 0x0000000100000000)
 Metaspace       used 35169K, capacity 35698K, committed 36044K, reserved 1081344K
  class space    used 3848K, capacity 3992K, committed 4044K, reserved 1048576K
}
2015-12-06T20:51:49.340+0530: 3399.648: Total time for which application threads were stopped: 0.6753701 seconds, Stopping threads took: 0.0002519 seconds
2015-12-06T20:52:14.622+0530: 3424.930: Total time for which application threads were stopped: 0.0001858 seconds, Stopping threads took: 0.0000318 seconds
2015-12-06T20:52:19.435+0530: 3429.743: Total time for which application threads were stopped: 0.0002548 seconds, Stopping threads took: 0.0000439 seconds
2015-12-06T20:52:19.457+0530: 3429.765: Total time for which application threads were stopped: 0.0023033 seconds, Stopping threads took: 0.0021613 seconds
2015-12-06T20:52:29.667+0530: 3439.975: Total time for which application threads were stopped: 0.0002947 seconds, Stopping threads took: 0.0000443 seconds
2015-12-06T20:52:29.668+0530: 3439.976: Total time for which application threads were stopped: 0.0001926 seconds, Stopping threads took: 0.0000360 seconds
2015-12-06T20:52:29.668+0530: 3439.976: Total time for which application threads were stopped: 0.0001672 seconds, Stopping threads took: 0.0000275 seconds
2015-12-06T20:52:36.496+0530: 3446.804: Total time for which application threads were stopped: 0.0002581 seconds, Stopping threads took: 0.0000447 seconds
2015-12-06T20:52:38.846+0530: 3449.154: Total time for which application threads were stopped: 0.0029650 seconds, Stopping threads took: 0.0026339 seconds
2015-12-06T20:52:38.846+0530: 3449.154: Total time for which application threads were stopped: 0.0002143 seconds, Stopping threads took: 0.0000364 seconds
2015-12-06T20:52:38.846+0530: 3449.154: Total time for which application threads were stopped: 0.0001748 seconds, Stopping threads took: 0.0000251 seconds
2015-12-06T20:52:38.847+0530: 3449.155: Total time for which application threads were stopped: 0.0002980 seconds, Stopping threads took: 0.0000479 seconds
2015-12-06T20:53:29.752+0530: 3500.060: Total time for which application threads were stopped: 0.0002015 seconds, Stopping threads took: 0.0000445 seconds
2015-12-06T20:53:30.053+0530: 3500.361: Total time for which application threads were stopped: 0.0002551 seconds, Stopping threads took: 0.0000691 seconds
2015-12-06T20:53:39.251+0530: 3509.559: Total time for which application threads were stopped: 0.1962762 seconds, Stopping threads took: 0.1959464 seconds
{Heap before GC invocations=72 (full 1):
 par new generation   total 109248K, used 91506K [0x00000000e0000000, 0x00000000e8000000, 0x00000000e8000000)
  eden space 87424K, 100% used [0x00000000e0000000, 0x00000000e5560000, 0x00000000e5560000)
  from space 21824K,  18% used [0x00000000e5560000, 0x00000000e595c8b0, 0x00000000e6ab0000)
  to   space 21824K,   0% used [0x00000000e6ab0000, 0x00000000e6ab0000, 0x00000000e8000000)
 concurrent mark-sweep generation total 393216K, used 24252K [0x00000000e8000000, 0x0000000100000000, 0x0000000100000000)
 Metaspace       used 35169K, capacity 35698K, committed 36044K, reserved 1081344K
  class space    used 3848K, capacity 3992K, committed 4044K, reserved 1048576K
2015-12-06T20:53:48.667+0530: 3518.975: [GC (Allocation Failure) 3518.975: [ParNew
Desired survivor size 20112992 bytes, new threshold 8 (max 8)
- age   1:    2181064 bytes,    2181064 total
- age   2:     432568 bytes,    2613632 total
- age   3:     249840 bytes,    2863472 total
- age   4:     142008 bytes,    3005480 total
- age   5:     146112 bytes,    3151592 total
- age   6:       8208 bytes,    3159800 total
- age   7:       7464 bytes,    3167264 total
- age   8:       3920 bytes,    3171184 total
: 91506K->3908K(109248K), 0.0139510 secs] 115758K->28173K(502464K), 0.0281799 secs] [Times: user=0.02 sys=0.00, real=0.03 secs] 
Heap after GC invocations=73 (full 1):
 par new generation   total 109248K, used 3908K [0x00000000e0000000, 0x00000000e8000000, 0x00000000e8000000)
  eden space 87424K,   0% used [0x00000000e0000000, 0x00000000e0000000, 0x00000000e5560000)
  from space 21824K,  17% used [0x00000000e6ab0000, 0x00000000e6e812e0, 0x00000000e8000000)
  to   space 21824K,   0% used [0x00000000e5560000, 0x00000000e5560000, 0x00000000e6ab0000)
 concurrent mark-sweep generation total 393216K, used 24264K [0x00000000e8000000, 0x0000000100000000, 0x0000000100000000)
 Metaspace       used 35169K, capacity 35698K, committed 36044K, reserved 1081344K
  class space    used 3848K, capacity 3992K, committed 4044K, reserved 1048576K
}
2015-12-06T20:53:48.696+0530: 3519.004: Total time for which application threads were stopped: 0.0298387 seconds, Stopping threads took: 0.0000362 seconds
2015-12-06T20:53:49.264+0530: 3519.572: Total time for which application threads were stopped: 0.0007305 seconds, Stopping threads took: 0.0003970 seconds
2015-12-06T20:53:49.265+0530: 3519.573: Total time for which application threads were stopped: 0.0001358 seconds, Stopping threads took: 0.0000172 seconds
2015-12-06T20:53:49.265+0530: 3519.573: Total time for which application threads were stopped: 0.0001004 seconds, Stopping threads took: 0.0000100 seconds
2015-12-06T20:54:18.463+0530: 3548.771: Total time for which application threads were stopped: 0.0085242 seconds, Stopping threads took: 0.0083401 seconds
2015-12-06T20:54:18.472+0530: 3548.780: Total time for which application threads were stopped: 0.0008540 seconds, Stopping threads took: 0.0000924 seconds
2015-12-06T20:54:31.442+0530: 3561.750: Total time for which application threads were stopped: 0.0001882 seconds, Stopping threads took: 0.0000291 seconds
2015-12-06T20:54:31.442+0530: 3561.750: Total time for which application threads were stopped: 0.0001086 seconds, Stopping threads took: 0.0000154 seconds
2015-12-06T20:54:31.442+0530: 3561.750: Total time for which application threads were stopped: 0.0000883 seconds, Stopping threads took: 0.0000115 seconds
2015-12-06T20:54:35.136+0530: 3565.444: Total time for which application threads were stopped: 0.0004064 seconds, Stopping threads took: 0.0002775 seconds
2015-12-06T20:54:36.709+0530: 3567.018: Total time for which application threads were stopped: 0.5727755 seconds, Stopping threads took: 0.5725141 seconds
2015-12-06T20:54:37.710+0530: 3568.018: Total time for which application threads were stopped: 0.0002093 seconds, Stopping threads took: 0.0000308 seconds
2015-12-06T20:54:38.710+0530: 3569.019: Total time for which application threads were stopped: 0.0003084 seconds, Stopping threads took: 0.0000521 seconds
2015-12-06T20:54:46.821+0530: 3577.129: Total time for which application threads were stopped: 0.0002048 seconds, Stopping threads took: 0.0000293 seconds
2015-12-06T20:54:59.122+0530: 3589.430: Total time for which application threads were stopped: 0.0003526 seconds, Stopping threads took: 0.0000466 seconds
2015-12-06T20:54:59.122+0530: 3589.430: Total time for which application threads were stopped: 0.0002163 seconds, Stopping threads took: 0.0000325 seconds
2015-12-06T20:54:59.123+0530: 3589.431: Total time for which application threads were stopped: 0.0002102 seconds, Stopping threads took: 0.0000324 seconds
2015-12-06T20:55:03.603+0530: 3593.911: Total time for which application threads were stopped: 0.0002056 seconds, Stopping threads took: 0.0000241 seconds
{Heap before GC invocations=73 (full 1):
 par new generation   total 109248K, used 91332K [0x00000000e0000000, 0x00000000e8000000, 0x00000000e8000000)
  eden space 87424K, 100% used [0x00000000e0000000, 0x00000000e5560000, 0x00000000e5560000)
  from space 21824K,  17% used [0x00000000e6ab0000, 0x00000000e6e812e0, 0x00000000e8000000)
  to   space 21824K,   0% used [0x00000000e5560000, 0x00000000e5560000, 0x00000000e6ab0000)
 concurrent mark-sweep generation total 393216K, used 24264K [0x00000000e8000000, 0x0000000100000000, 0x0000000100000000)
 Metaspace       used 35170K, capacity 35698K, committed 36044K, reserved 1081344K
  class space    used 3848K, capacity 3992K, committed 4044K, reserved 1048576K
2015-12-06T20:55:18.313+0530: 3608.621: [GC (Allocation Failure) 3608.621: [ParNew
Desired survivor size 20112992 bytes, new threshold 8 (max 8)
- age   1:    2036472 bytes,    2036472 total
- age   2:     437664 bytes,    2474136 total
- age   3:     163424 bytes,    2637560 total
- age   4:     211264 bytes,    2848824 total
- age   5:     141224 bytes,    2990048 total
- age   6:      77600 bytes,    3067648 total
- age   7:       6648 bytes,    3074296 total
- age   8:       7464 bytes,    3081760 total
: 91332K->4461K(109248K), 0.0258029 secs] 115597K->28729K(502464K), 0.0260922 secs] [Times: user=0.03 sys=0.00, real=0.03 secs] 
Heap after GC invocations=74 (full 1):
 par new generation   total 109248K, used 4461K [0x00000000e0000000, 0x00000000e8000000, 0x00000000e8000000)
  eden space 87424K,   0% used [0x00000000e0000000, 0x00000000e0000000, 0x00000000e5560000)
  from space 21824K,  20% used [0x00000000e5560000, 0x00000000e59bb4c0, 0x00000000e6ab0000)
  to   space 21824K,   0% used [0x00000000e6ab0000, 0x00000000e6ab0000, 0x00000000e8000000)
 concurrent mark-sweep generation total 393216K, used 24268K [0x00000000e8000000, 0x0000000100000000, 0x0000000100000000)
 Metaspace       used 35170K, capacity 35698K, committed 36044K, reserved 1081344K
  class space    used 3848K, capacity 3992K, committed 4044K, reserved 1048576K
}
2015-12-06T20:55:18.339+0530: 3608.647: Total time for which application threads were stopped: 0.0451485 seconds, Stopping threads took: 0.0000583 seconds
2015-12-06T20:55:44.207+0530: 3634.515: Total time for which application threads were stopped: 0.0003719 seconds, Stopping threads took: 0.0001390 seconds
2015-12-06T20:55:44.209+0530: 3634.517: Total time for which application threads were stopped: 0.0002101 seconds, Stopping threads took: 0.0000254 seconds
2015-12-06T20:55:45.105+0530: 3635.413: Total time for which application threads were stopped: 0.0002302 seconds, Stopping threads took: 0.0000352 seconds
2015-12-06T20:55:45.106+0530: 3635.414: Total time for which application threads were stopped: 0.0002645 seconds, Stopping threads took: 0.0000911 seconds
2015-12-06T20:55:45.106+0530: 3635.414: Total time for which application threads were stopped: 0.0002278 seconds, Stopping threads took: 0.0001091 seconds
2015-12-06T20:56:17.694+0530: 3668.003: Total time for which application threads were stopped: 0.0002376 seconds, Stopping threads took: 0.0000695 seconds
2015-12-06T20:56:17.699+0530: 3668.007: Total time for which application threads were stopped: 0.0002064 seconds, Stopping threads took: 0.0000354 seconds
2015-12-06T20:56:17.763+0530: 3668.071: Total time for which application threads were stopped: 0.0001949 seconds, Stopping threads took: 0.0000399 seconds
2015-12-06T20:56:29.970+0530: 3680.278: Total time for which application threads were stopped: 0.0002197 seconds, Stopping threads took: 0.0000376 seconds
2015-12-06T20:56:29.970+0530: 3680.278: Total time for which application threads were stopped: 0.0001363 seconds, Stopping threads took: 0.0000210 seconds
2015-12-06T20:56:29.970+0530: 3680.278: Total time for which application threads were stopped: 0.0001108 seconds, Stopping threads took: 0.0000135 seconds
2015-12-06T20:56:42.972+0530: 3693.280: Total time for which application threads were stopped: 0.0002663 seconds, Stopping threads took: 0.0000452 seconds
2015-12-06T20:56:45.162+0530: 3695.470: Total time for which application threads were stopped: 0.0004319 seconds, Stopping threads took: 0.0001418 seconds
2015-12-06T20:56:45.645+0530: 3695.953: Total time for which application threads were stopped: 0.0002631 seconds, Stopping threads took: 0.0000821 seconds
2015-12-06T20:56:46.368+0530: 3696.676: Total time for which application threads were stopped: 0.0063622 seconds, Stopping threads took: 0.0061541 seconds
2015-12-06T20:56:46.369+0530: 3696.677: Total time for which application threads were stopped: 0.0010194 seconds, Stopping threads took: 0.0007023 seconds
2015-12-06T20:56:46.371+0530: 3696.679: Total time for which application threads were stopped: 0.0012971 seconds, Stopping threads took: 0.0007989 seconds
{Heap before GC invocations=74 (full 1):
 par new generation   total 109248K, used 91870K [0x00000000e0000000, 0x00000000e8000000, 0x00000000e8000000)
  eden space 87424K,  99% used [0x00000000e0000000, 0x00000000e555c4c0, 0x00000000e5560000)
  from space 21824K,  20% used [0x00000000e5560000, 0x00000000e59bb4c0, 0x00000000e6ab0000)
  to   space 21824K,   0% used [0x00000000e6ab0000, 0x00000000e6ab0000, 0x00000000e8000000)
 concurrent mark-sweep generation total 393216K, used 24268K [0x00000000e8000000, 0x0000000100000000, 0x0000000100000000)
 Metaspace       used 35179K, capacity 35698K, committed 36044K, reserved 1081344K
  class space    used 3849K, capacity 3992K, committed 4044K, reserved 1048576K
2015-12-06T20:56:49.004+0530: 3699.312: [GC (Allocation Failure) 3699.313: [ParNew
Desired survivor size 20112992 bytes, new threshold 8 (max 8)
- age   1:    2098640 bytes,    2098640 total
- age   2:     361208 bytes,    2459848 total
- age   3:     196760 bytes,    2656608 total
- age   4:     162008 bytes,    2818616 total
- age   5:     142656 bytes,    2961272 total
- age   6:       5816 bytes,    2967088 total
- age   7:       8304 bytes,    2975392 total
- age   8:       5872 bytes,    2981264 total
: 91870K->4128K(109248K), 0.0134198 secs] 116138K->28403K(502464K), 0.2642234 secs] [Times: user=0.04 sys=0.00, real=0.26 secs] 
Heap after GC invocations=75 (full 1):
 par new generation   total 109248K, used 4128K [0x00000000e0000000, 0x00000000e8000000, 0x00000000e8000000)
  eden space 87424K,   0% used [0x00000000e0000000, 0x00000000e0000000, 0x00000000e5560000)
  from space 21824K,  18% used [0x00000000e6ab0000, 0x00000000e6eb8120, 0x00000000e8000000)
  to   space 21824K,   0% used [0x00000000e5560000, 0x00000000e5560000, 0x00000000e6ab0000)
 concurrent mark-sweep generation total 393216K, used 24275K [0x00000000e8000000, 0x0000000100000000, 0x0000000100000000)
 Metaspace       used 35179K, capacity 35698K, committed 36044K, reserved 1081344K
  class space    used 3849K, capacity 3992K, committed 4044K, reserved 1048576K
}
2015-12-06T20:56:49.269+0530: 3699.577: Total time for which application threads were stopped: 0.2665831 seconds, Stopping threads took: 0.0000699 seconds
2015-12-06T20:57:05.271+0530: 3715.579: Total time for which application threads were stopped: 0.0002845 seconds, Stopping threads took: 0.0000478 seconds
2015-12-06T20:57:05.797+0530: 3716.105: Total time for which application threads were stopped: 0.0014808 seconds, Stopping threads took: 0.0013188 seconds
2015-12-06T20:57:11.410+0530: 3721.718: Total time for which application threads were stopped: 0.0009288 seconds, Stopping threads took: 0.0006443 seconds
2015-12-06T20:57:44.010+0530: 3754.318: Total time for which application threads were stopped: 0.0002033 seconds, Stopping threads took: 0.0000497 seconds
2015-12-06T20:57:44.010+0530: 3754.319: Total time for which application threads were stopped: 0.0001181 seconds, Stopping threads took: 0.0000362 seconds
2015-12-06T20:57:44.011+0530: 3754.319: Total time for which application threads were stopped: 0.0000843 seconds, Stopping threads took: 0.0000123 seconds
2015-12-06T20:57:55.159+0530: 3765.467: Total time for which application threads were stopped: 0.0002133 seconds, Stopping threads took: 0.0000320 seconds
2015-12-06T20:57:55.233+0530: 3765.541: Total time for which application threads were stopped: 0.0003531 seconds, Stopping threads took: 0.0001022 seconds
2015-12-06T20:57:56.306+0530: 3766.614: Total time for which application threads were stopped: 0.0001731 seconds, Stopping threads took: 0.0000288 seconds
2015-12-06T20:57:56.307+0530: 3766.615: Total time for which application threads were stopped: 0.0001216 seconds, Stopping threads took: 0.0000157 seconds
2015-12-06T20:57:56.307+0530: 3766.615: Total time for which application threads were stopped: 0.0000842 seconds, Stopping threads took: 0.0000094 seconds
2015-12-06T20:58:12.297+0530: 3782.605: Total time for which application threads were stopped: 0.0002530 seconds, Stopping threads took: 0.0000317 seconds
{Heap before GC invocations=75 (full 1):
 par new generation   total 109248K, used 91535K [0x00000000e0000000, 0x00000000e8000000, 0x00000000e8000000)
  eden space 87424K,  99% used [0x00000000e0000000, 0x00000000e555bb60, 0x00000000e5560000)
  from space 21824K,  18% used [0x00000000e6ab0000, 0x00000000e6eb8120, 0x00000000e8000000)
  to   space 21824K,   0% used [0x00000000e5560000, 0x00000000e5560000, 0x00000000e6ab0000)
 concurrent mark-sweep generation total 393216K, used 24275K [0x00000000e8000000, 0x0000000100000000, 0x0000000100000000)
 Metaspace       used 35190K, capacity 35698K, committed 36044K, reserved 1081344K
  class space    used 3849K, capacity 3992K, committed 4044K, reserved 1048576K
2015-12-06T20:58:13.335+0530: 3783.643: [GC (Allocation Failure) 3783.845: [ParNew
Desired survivor size 20112992 bytes, new threshold 8 (max 8)
- age   1:    2128016 bytes,    2128016 total
- age   2:     808136 bytes,    2936152 total
- age   3:     257784 bytes,    3193936 total
- age   4:     170112 bytes,    3364048 total
- age   5:     155704 bytes,    3519752 total
- age   6:       5640 bytes,    3525392 total
- age   7:       5816 bytes,    3531208 total
- age   8:       8304 bytes,    3539512 total
: 91535K->4341K(109248K), 0.0194469 secs] 115810K->28622K(502464K), 0.6074958 secs] [Times: user=0.04 sys=0.00, real=0.61 secs] 
Heap after GC invocations=76 (full 1):
 par new generation   total 109248K, used 4341K [0x00000000e0000000, 0x00000000e8000000, 0x00000000e8000000)
  eden space 87424K,   0% used [0x00000000e0000000, 0x00000000e0000000, 0x00000000e5560000)
  from space 21824K,  19% used [0x00000000e5560000, 0x00000000e599d5b0, 0x00000000e6ab0000)
  to   space 21824K,   0% used [0x00000000e6ab0000, 0x00000000e6ab0000, 0x00000000e8000000)
 concurrent mark-sweep generation total 393216K, used 24281K [0x00000000e8000000, 0x0000000100000000, 0x0000000100000000)
 Metaspace       used 35190K, capacity 35698K, committed 36044K, reserved 1081344K
  class space    used 3849K, capacity 3992K, committed 4044K, reserved 1048576K
}
2015-12-06T20:58:13.944+0530: 3784.252: Total time for which application threads were stopped: 0.6091218 seconds, Stopping threads took: 0.0000268 seconds
2015-12-06T20:58:45.948+0530: 3816.256: Total time for which application threads were stopped: 0.0001921 seconds, Stopping threads took: 0.0000358 seconds
2015-12-06T20:58:46.530+0530: 3816.838: Total time for which application threads were stopped: 0.0002607 seconds, Stopping threads took: 0.0000710 seconds
2015-12-06T20:58:46.531+0530: 3816.839: Total time for which application threads were stopped: 0.0012257 seconds, Stopping threads took: 0.0008071 seconds
2015-12-06T20:58:53.018+0530: 3823.326: Total time for which application threads were stopped: 0.0001654 seconds, Stopping threads took: 0.0000325 seconds
2015-12-06T20:58:53.018+0530: 3823.327: Total time for which application threads were stopped: 0.0000811 seconds, Stopping threads took: 0.0000201 seconds
2015-12-06T20:58:53.019+0530: 3823.327: Total time for which application threads were stopped: 0.0000781 seconds, Stopping threads took: 0.0000118 seconds
2015-12-06T20:59:07.021+0530: 3837.329: Total time for which application threads were stopped: 0.0001665 seconds, Stopping threads took: 0.0000270 seconds
2015-12-06T20:59:10.021+0530: 3840.329: Total time for which application threads were stopped: 0.0003051 seconds, Stopping threads took: 0.0000432 seconds
2015-12-06T20:59:44.644+0530: 3874.952: Total time for which application threads were stopped: 0.0003503 seconds, Stopping threads took: 0.0000593 seconds
2015-12-06T20:59:52.752+0530: 3883.060: Total time for which application threads were stopped: 0.0019243 seconds, Stopping threads took: 0.0000662 seconds
2015-12-06T20:59:52.790+0530: 3883.098: Total time for which application threads were stopped: 0.0001634 seconds, Stopping threads took: 0.0000302 seconds
2015-12-06T20:59:57.256+0530: 3887.564: Total time for which application threads were stopped: 0.0005201 seconds, Stopping threads took: 0.0001541 seconds
{Heap before GC invocations=76 (full 1):
 par new generation   total 109248K, used 91765K [0x00000000e0000000, 0x00000000e8000000, 0x00000000e8000000)
  eden space 87424K, 100% used [0x00000000e0000000, 0x00000000e5560000, 0x00000000e5560000)
  from space 21824K,  19% used [0x00000000e5560000, 0x00000000e599d5b0, 0x00000000e6ab0000)
  to   space 21824K,   0% used [0x00000000e6ab0000, 0x00000000e6ab0000, 0x00000000e8000000)
 concurrent mark-sweep generation total 393216K, used 24281K [0x00000000e8000000, 0x0000000100000000, 0x0000000100000000)
 Metaspace       used 35200K, capacity 35698K, committed 36044K, reserved 1081344K
  class space    used 3849K, capacity 3992K, committed 4044K, reserved 1048576K
2015-12-06T21:00:03.667+0530: 3893.975: [GC (Allocation Failure) 3894.338: [ParNew
Desired survivor size 20112992 bytes, new threshold 8 (max 8)
- age   1:    1876368 bytes,    1876368 total
- age   2:     436416 bytes,    2312784 total
- age   3:     420048 bytes,    2732832 total
- age   4:     224456 bytes,    2957288 total
- age   5:     101584 bytes,    3058872 total
- age   6:      20248 bytes,    3079120 total
- age   7:       5608 bytes,    3084728 total
- age   8:       5816 bytes,    3090544 total
: 91765K->4568K(109248K), 0.0146355 secs] 116046K->28857K(502464K), 0.5283791 secs] [Times: user=0.03 sys=0.00, real=0.53 secs] 
Heap after GC invocations=77 (full 1):
 par new generation   total 109248K, used 4568K [0x00000000e0000000, 0x00000000e8000000, 0x00000000e8000000)
  eden space 87424K,   0% used [0x00000000e0000000, 0x00000000e0000000, 0x00000000e5560000)
  from space 21824K,  20% used [0x00000000e6ab0000, 0x00000000e6f26030, 0x00000000e8000000)
  to   space 21824K,   0% used [0x00000000e5560000, 0x00000000e5560000, 0x00000000e6ab0000)
 concurrent mark-sweep generation total 393216K, used 24289K [0x00000000e8000000, 0x0000000100000000, 0x0000000100000000)
 Metaspace       used 35200K, capacity 35698K, committed 36044K, reserved 1081344K
  class space    used 3849K, capacity 3992K, committed 4044K, reserved 1048576K
}
2015-12-06T21:00:04.196+0530: 3894.504: Total time for which application threads were stopped: 0.5294678 seconds, Stopping threads took: 0.0000968 seconds
2015-12-06T21:00:07.399+0530: 3897.707: Total time for which application threads were stopped: 0.0010021 seconds, Stopping threads took: 0.0008064 seconds
2015-12-06T21:00:07.399+0530: 3897.707: Total time for which application threads were stopped: 0.0001106 seconds, Stopping threads took: 0.0000377 seconds
2015-12-06T21:00:07.399+0530: 3897.707: Total time for which application threads were stopped: 0.0000980 seconds, Stopping threads took: 0.0000281 seconds
2015-12-06T21:00:10.509+0530: 3900.817: Total time for which application threads were stopped: 0.0061686 seconds, Stopping threads took: 0.0060360 seconds
2015-12-06T21:00:23.671+0530: 3913.979: Total time for which application threads were stopped: 0.0002099 seconds, Stopping threads took: 0.0000299 seconds
2015-12-06T21:00:23.671+0530: 3913.979: Total time for which application threads were stopped: 0.0001116 seconds, Stopping threads took: 0.0000142 seconds
2015-12-06T21:00:23.671+0530: 3913.979: Total time for which application threads were stopped: 0.0001500 seconds, Stopping threads took: 0.0000621 seconds
2015-12-06T21:00:25.672+0530: 3915.980: Total time for which application threads were stopped: 0.0002735 seconds, Stopping threads took: 0.0000506 seconds
2015-12-06T21:00:48.159+0530: 3938.467: Total time for which application threads were stopped: 0.0002629 seconds, Stopping threads took: 0.0001001 seconds
2015-12-06T21:01:13.547+0530: 3963.855: Total time for which application threads were stopped: 0.0002146 seconds, Stopping threads took: 0.0000358 seconds
2015-12-06T21:01:14.547+0530: 3964.855: Total time for which application threads were stopped: 0.0003144 seconds, Stopping threads took: 0.0000579 seconds
2015-12-06T21:01:18.852+0530: 3969.160: Total time for which application threads were stopped: 0.3042446 seconds, Stopping threads took: 0.3040307 seconds
2015-12-06T21:01:41.007+0530: 3991.315: Total time for which application threads were stopped: 0.0006171 seconds, Stopping threads took: 0.0000386 seconds
{Heap before GC invocations=77 (full 1):
 par new generation   total 109248K, used 91992K [0x00000000e0000000, 0x00000000e8000000, 0x00000000e8000000)
  eden space 87424K, 100% used [0x00000000e0000000, 0x00000000e5560000, 0x00000000e5560000)
  from space 21824K,  20% used [0x00000000e6ab0000, 0x00000000e6f26030, 0x00000000e8000000)
  to   space 21824K,   0% used [0x00000000e5560000, 0x00000000e5560000, 0x00000000e6ab0000)
 concurrent mark-sweep generation total 393216K, used 24289K [0x00000000e8000000, 0x0000000100000000, 0x0000000100000000)
 Metaspace       used 35207K, capacity 35702K, committed 36044K, reserved 1081344K
  class space    used 3849K, capacity 3992K, committed 4044K, reserved 1048576K
2015-12-06T21:01:47.406+0530: 3997.715: [GC (Allocation Failure) 3997.715: [ParNew
Desired survivor size 20112992 bytes, new threshold 8 (max 8)
- age   1:    1519216 bytes,    1519216 total
- age   2:     674152 bytes,    2193368 total
- age   3:     165576 bytes,    2358944 total
- age   4:     378728 bytes,    2737672 total
- age   5:     211816 bytes,    2949488 total
- age   6:      32288 bytes,    2981776 total
- age   7:      19464 bytes,    3001240 total
- age   8:       5608 bytes,    3006848 total
: 91992K->4016K(109248K), 0.0351213 secs] 116281K->28312K(502464K), 0.6487295 secs] [Times: user=0.04 sys=0.00, real=0.65 secs] 
Heap after GC invocations=78 (full 1):
 par new generation   total 109248K, used 4016K [0x00000000e0000000, 0x00000000e8000000, 0x00000000e8000000)
  eden space 87424K,   0% used [0x00000000e0000000, 0x00000000e0000000, 0x00000000e5560000)
  from space 21824K,  18% used [0x00000000e5560000, 0x00000000e594c370, 0x00000000e6ab0000)
  to   space 21824K,   0% used [0x00000000e6ab0000, 0x00000000e6ab0000, 0x00000000e8000000)
 concurrent mark-sweep generation total 393216K, used 24295K [0x00000000e8000000, 0x0000000100000000, 0x0000000100000000)
 Metaspace       used 35207K, capacity 35702K, committed 36044K, reserved 1081344K
  class space    used 3849K, capacity 3992K, committed 4044K, reserved 1048576K
}
2015-12-06T21:01:48.056+0530: 3998.364: Total time for which application threads were stopped: 0.6497619 seconds, Stopping threads took: 0.0000514 seconds
2015-12-06T21:01:51.192+0530: 4001.501: Total time for which application threads were stopped: 0.0002028 seconds, Stopping threads took: 0.0000376 seconds
2015-12-06T21:01:51.193+0530: 4001.501: Total time for which application threads were stopped: 0.0002271 seconds, Stopping threads took: 0.0001050 seconds
2015-12-06T21:01:51.193+0530: 4001.501: Total time for which application threads were stopped: 0.0001267 seconds, Stopping threads took: 0.0000433 seconds
2015-12-06T21:01:51.194+0530: 4001.502: Total time for which application threads were stopped: 0.0006580 seconds, Stopping threads took: 0.0000679 seconds
2015-12-06T21:01:54.605+0530: 4004.913: Total time for which application threads were stopped: 0.0003091 seconds, Stopping threads took: 0.0000412 seconds
2015-12-06T21:01:54.606+0530: 4004.914: Total time for which application threads were stopped: 0.0001643 seconds, Stopping threads took: 0.0000259 seconds
2015-12-06T21:01:54.606+0530: 4004.914: Total time for which application threads were stopped: 0.0001572 seconds, Stopping threads took: 0.0000328 seconds
2015-12-06T21:02:18.609+0530: 4028.917: Total time for which application threads were stopped: 0.0002641 seconds, Stopping threads took: 0.0000411 seconds
2015-12-06T21:02:26.556+0530: 4036.864: Total time for which application threads were stopped: 0.0001709 seconds, Stopping threads took: 0.0000421 seconds
2015-12-06T21:02:26.556+0530: 4036.864: Total time for which application threads were stopped: 0.0000668 seconds, Stopping threads took: 0.0000097 seconds
2015-12-06T21:02:26.556+0530: 4036.864: Total time for which application threads were stopped: 0.0000681 seconds, Stopping threads took: 0.0000178 seconds
2015-12-06T21:02:31.966+0530: 4042.274: Total time for which application threads were stopped: 0.0002352 seconds, Stopping threads took: 0.0000599 seconds
2015-12-06T21:02:32.967+0530: 4043.275: Total time for which application threads were stopped: 0.0001761 seconds, Stopping threads took: 0.0000303 seconds
2015-12-06T21:02:36.967+0530: 4047.275: Total time for which application threads were stopped: 0.0001808 seconds, Stopping threads took: 0.0000315 seconds
2015-12-06T21:02:49.360+0530: 4059.668: Total time for which application threads were stopped: 0.0008045 seconds, Stopping threads took: 0.0004941 seconds
2015-12-06T21:02:49.696+0530: 4060.005: Total time for which application threads were stopped: 0.0007205 seconds, Stopping threads took: 0.0004659 seconds
2015-12-06T21:02:51.764+0530: 4062.072: Total time for which application threads were stopped: 0.0667926 seconds, Stopping threads took: 0.0664675 seconds
2015-12-06T21:03:03.766+0530: 4074.074: Total time for which application threads were stopped: 0.0003053 seconds, Stopping threads took: 0.0000446 seconds
2015-12-06T21:03:29.657+0530: 4099.965: Total time for which application threads were stopped: 0.0006079 seconds, Stopping threads took: 0.0001930 seconds
2015-12-06T21:03:29.658+0530: 4099.966: Total time for which application threads were stopped: 0.0002232 seconds, Stopping threads took: 0.0000659 seconds
2015-12-06T21:03:29.658+0530: 4099.966: Total time for which application threads were stopped: 0.0002213 seconds, Stopping threads took: 0.0000919 seconds
{Heap before GC invocations=78 (full 1):
 par new generation   total 109248K, used 91417K [0x00000000e0000000, 0x00000000e8000000, 0x00000000e8000000)
  eden space 87424K,  99% used [0x00000000e0000000, 0x00000000e555a180, 0x00000000e5560000)
  from space 21824K,  18% used [0x00000000e5560000, 0x00000000e594c370, 0x00000000e6ab0000)
  to   space 21824K,   0% used [0x00000000e6ab0000, 0x00000000e6ab0000, 0x00000000e8000000)
 concurrent mark-sweep generation total 393216K, used 24295K [0x00000000e8000000, 0x0000000100000000, 0x0000000100000000)
 Metaspace       used 35208K, capacity 35702K, committed 36044K, reserved 1081344K
  class space    used 3849K, capacity 3992K, committed 4044K, reserved 1048576K
2015-12-06T21:03:41.549+0530: 4111.857: [GC (Allocation Failure) 4111.858: [ParNew
Desired survivor size 20112992 bytes, new threshold 8 (max 8)
- age   1:    2105224 bytes,    2105224 total
- age   2:     413760 bytes,    2518984 total
- age   3:     169400 bytes,    2688384 total
- age   4:     158208 bytes,    2846592 total
- age   5:     372840 bytes,    3219432 total
- age   6:      75584 bytes,    3295016 total
- age   7:      32288 bytes,    3327304 total
- age   8:      18680 bytes,    3345984 total
: 91417K->4265K(109248K), 0.0220163 secs] 115712K->28566K(502464K), 0.0226378 secs] [Times: user=0.04 sys=0.00, real=0.02 secs] 
Heap after GC invocations=79 (full 1):
 par new generation   total 109248K, used 4265K [0x00000000e0000000, 0x00000000e8000000, 0x00000000e8000000)
  eden space 87424K,   0% used [0x00000000e0000000, 0x00000000e0000000, 0x00000000e5560000)
  from space 21824K,  19% used [0x00000000e6ab0000, 0x00000000e6eda660, 0x00000000e8000000)
  to   space 21824K,   0% used [0x00000000e5560000, 0x00000000e5560000, 0x00000000e6ab0000)
 concurrent mark-sweep generation total 393216K, used 24300K [0x00000000e8000000, 0x0000000100000000, 0x0000000100000000)
 Metaspace       used 35208K, capacity 35702K, committed 36044K, reserved 1081344K
  class space    used 3849K, capacity 3992K, committed 4044K, reserved 1048576K
}
2015-12-06T21:03:41.572+0530: 4111.880: Total time for which application threads were stopped: 0.0237838 seconds, Stopping threads took: 0.0001260 seconds
2015-12-06T21:03:56.575+0530: 4126.883: Total time for which application threads were stopped: 0.0002900 seconds, Stopping threads took: 0.0000532 seconds
2015-12-06T21:04:24.579+0530: 4154.887: Total time for which application threads were stopped: 0.0002912 seconds, Stopping threads took: 0.0000522 seconds
2015-12-06T21:04:33.580+0530: 4163.888: Total time for which application threads were stopped: 0.0001634 seconds, Stopping threads took: 0.0000302 seconds
2015-12-06T21:04:37.264+0530: 4167.572: Total time for which application threads were stopped: 0.0001561 seconds, Stopping threads took: 0.0000417 seconds
2015-12-06T21:04:38.264+0530: 4168.572: Total time for which application threads were stopped: 0.0001629 seconds, Stopping threads took: 0.0000302 seconds
2015-12-06T21:04:40.265+0530: 4170.573: Total time for which application threads were stopped: 0.0003748 seconds, Stopping threads took: 0.0000558 seconds
2015-12-06T21:04:43.265+0530: 4173.574: Total time for which application threads were stopped: 0.0002560 seconds, Stopping threads took: 0.0000440 seconds
2015-12-06T21:04:46.266+0530: 4176.574: Total time for which application threads were stopped: 0.0001678 seconds, Stopping threads took: 0.0000280 seconds
2015-12-06T21:04:47.266+0530: 4177.574: Total time for which application threads were stopped: 0.0002827 seconds, Stopping threads took: 0.0000514 seconds
2015-12-06T21:04:47.809+0530: 4178.117: Total time for which application threads were stopped: 0.0003345 seconds, Stopping threads took: 0.0000462 seconds
2015-12-06T21:04:52.644+0530: 4182.952: Total time for which application threads were stopped: 0.0001672 seconds, Stopping threads took: 0.0000303 seconds
2015-12-06T21:04:52.644+0530: 4182.952: Total time for which application threads were stopped: 0.0000819 seconds, Stopping threads took: 0.0000198 seconds
2015-12-06T21:04:52.644+0530: 4182.952: Total time for which application threads were stopped: 0.0000767 seconds, Stopping threads took: 0.0000194 seconds
2015-12-06T21:04:53.488+0530: 4183.796: Total time for which application threads were stopped: 0.0003062 seconds, Stopping threads took: 0.0000556 seconds
2015-12-06T21:04:55.488+0530: 4185.797: Total time for which application threads were stopped: 0.0002178 seconds, Stopping threads took: 0.0000333 seconds
2015-12-06T21:05:07.490+0530: 4197.799: Total time for which application threads were stopped: 0.0002998 seconds, Stopping threads took: 0.0000515 seconds
2015-12-06T21:05:09.168+0530: 4199.476: Total time for which application threads were stopped: 0.0002522 seconds, Stopping threads took: 0.0000974 seconds
2015-12-06T21:05:11.169+0530: 4201.477: Total time for which application threads were stopped: 0.0007430 seconds, Stopping threads took: 0.0001784 seconds
{Heap before GC invocations=79 (full 1):
 par new generation   total 109248K, used 91662K [0x00000000e0000000, 0x00000000e8000000, 0x00000000e8000000)
  eden space 87424K,  99% used [0x00000000e0000000, 0x00000000e55592a8, 0x00000000e5560000)
  from space 21824K,  19% used [0x00000000e6ab0000, 0x00000000e6eda660, 0x00000000e8000000)
  to   space 21824K,   0% used [0x00000000e5560000, 0x00000000e5560000, 0x00000000e6ab0000)
 concurrent mark-sweep generation total 393216K, used 24300K [0x00000000e8000000, 0x0000000100000000, 0x0000000100000000)
 Metaspace       used 35208K, capacity 35702K, committed 36044K, reserved 1081344K
  class space    used 3849K, capacity 3992K, committed 4044K, reserved 1048576K
2015-12-06T21:05:14.046+0530: 4204.354: [GC (Allocation Failure) 4204.354: [ParNew
Desired survivor size 20112992 bytes, new threshold 8 (max 8)
- age   1:    1718112 bytes,    1718112 total
- age   2:     503344 bytes,    2221456 total
- age   3:     117992 bytes,    2339448 total
- age   4:     155672 bytes,    2495120 total
- age   5:     140448 bytes,    2635568 total
- age   6:     233136 bytes,    2868704 total
- age   7:       5512 bytes,    2874216 total
- age   8:      32288 bytes,    2906504 total
: 91662K->3488K(109248K), 0.0483429 secs] 115962K->27808K(502464K), 0.5638396 secs] [Times: user=0.09 sys=0.00, real=0.56 secs] 
Heap after GC invocations=80 (full 1):
 par new generation   total 109248K, used 3488K [0x00000000e0000000, 0x00000000e8000000, 0x00000000e8000000)
  eden space 87424K,   0% used [0x00000000e0000000, 0x00000000e0000000, 0x00000000e5560000)
  from space 21824K,  15% used [0x00000000e5560000, 0x00000000e58c8330, 0x00000000e6ab0000)
  to   space 21824K,   0% used [0x00000000e6ab0000, 0x00000000e6ab0000, 0x00000000e8000000)
 concurrent mark-sweep generation total 393216K, used 24319K [0x00000000e8000000, 0x0000000100000000, 0x0000000100000000)
 Metaspace       used 35208K, capacity 35702K, committed 36044K, reserved 1081344K
  class space    used 3849K, capacity 3992K, committed 4044K, reserved 1048576K
}
2015-12-06T21:05:14.610+0530: 4204.918: Total time for which application threads were stopped: 0.8597031 seconds, Stopping threads took: 0.0000627 seconds
2015-12-06T21:05:18.611+0530: 4208.919: Total time for which application threads were stopped: 0.0001679 seconds, Stopping threads took: 0.0000316 seconds
2015-12-06T21:05:39.614+0530: 4229.922: Total time for which application threads were stopped: 0.0002202 seconds, Stopping threads took: 0.0000331 seconds
2015-12-06T21:05:39.841+0530: 4230.149: Total time for which application threads were stopped: 0.0003278 seconds, Stopping threads took: 0.0000558 seconds
2015-12-06T21:05:39.841+0530: 4230.149: Total time for which application threads were stopped: 0.0002392 seconds, Stopping threads took: 0.0000558 seconds
2015-12-06T21:05:39.842+0530: 4230.150: Total time for which application threads were stopped: 0.0009229 seconds, Stopping threads took: 0.0000241 seconds
2015-12-06T21:05:43.115+0530: 4233.423: Total time for which application threads were stopped: 0.0001872 seconds, Stopping threads took: 0.0000268 seconds
2015-12-06T21:05:54.116+0530: 4244.425: Total time for which application threads were stopped: 0.0002730 seconds, Stopping threads took: 0.0000452 seconds
2015-12-06T21:06:01.118+0530: 4251.426: Total time for which application threads were stopped: 0.0003053 seconds, Stopping threads took: 0.0000525 seconds
2015-12-06T21:06:26.121+0530: 4276.430: Total time for which application threads were stopped: 0.0003033 seconds, Stopping threads took: 0.0000481 seconds
2015-12-06T21:07:17.128+0530: 4327.437: Total time for which application threads were stopped: 0.0003317 seconds, Stopping threads took: 0.0000500 seconds
2015-12-06T21:07:21.518+0530: 4331.826: Total time for which application threads were stopped: 0.0003457 seconds, Stopping threads took: 0.0000548 seconds
2015-12-06T21:07:22.235+0530: 4332.543: Total time for which application threads were stopped: 0.0001835 seconds, Stopping threads took: 0.0000319 seconds
2015-12-06T21:07:22.235+0530: 4332.543: Total time for which application threads were stopped: 0.0001378 seconds, Stopping threads took: 0.0000354 seconds
2015-12-06T21:07:22.235+0530: 4332.543: Total time for which application threads were stopped: 0.0001119 seconds, Stopping threads took: 0.0000256 seconds
2015-12-06T21:07:22.896+0530: 4333.204: Total time for which application threads were stopped: 0.0001423 seconds, Stopping threads took: 0.0000255 seconds
2015-12-06T21:07:36.478+0530: 4346.786: Total time for which application threads were stopped: 0.0006959 seconds, Stopping threads took: 0.0000619 seconds
2015-12-06T21:07:36.481+0530: 4346.789: Total time for which application threads were stopped: 0.0015044 seconds, Stopping threads took: 0.0000625 seconds
{Heap before GC invocations=80 (full 1):
 par new generation   total 109248K, used 90912K [0x00000000e0000000, 0x00000000e8000000, 0x00000000e8000000)
  eden space 87424K, 100% used [0x00000000e0000000, 0x00000000e5560000, 0x00000000e5560000)
  from space 21824K,  15% used [0x00000000e5560000, 0x00000000e58c8330, 0x00000000e6ab0000)
  to   space 21824K,   0% used [0x00000000e6ab0000, 0x00000000e6ab0000, 0x00000000e8000000)
 concurrent mark-sweep generation total 393216K, used 24319K [0x00000000e8000000, 0x0000000100000000, 0x0000000100000000)
 Metaspace       used 35208K, capacity 35702K, committed 36044K, reserved 1081344K
  class space    used 3849K, capacity 3992K, committed 4044K, reserved 1048576K
2015-12-06T21:07:36.513+0530: 4346.821: [GC (Allocation Failure) 4346.821: [ParNew
Desired survivor size 20112992 bytes, new threshold 8 (max 8)
- age   1:    1306592 bytes,    1306592 total
- age   2:     252128 bytes,    1558720 total
- age   3:     240744 bytes,    1799464 total
- age   4:      72448 bytes,    1871912 total
- age   5:      75640 bytes,    1947552 total
- age   6:      72720 bytes,    2020272 total
- age   7:     162288 bytes,    2182560 total
- age   8:       5512 bytes,    2188072 total
: 90912K->4307K(109248K), 0.0267737 secs] 115232K->28658K(502464K), 0.7101672 secs] [Times: user=0.04 sys=0.00, real=0.72 secs] 
Heap after GC invocations=81 (full 1):
 par new generation   total 109248K, used 4307K [0x00000000e0000000, 0x00000000e8000000, 0x00000000e8000000)
  eden space 87424K,   0% used [0x00000000e0000000, 0x00000000e0000000, 0x00000000e5560000)
  from space 21824K,  19% used [0x00000000e6ab0000, 0x00000000e6ee4d30, 0x00000000e8000000)
  to   space 21824K,   0% used [0x00000000e5560000, 0x00000000e5560000, 0x00000000e6ab0000)
 concurrent mark-sweep generation total 393216K, used 24351K [0x00000000e8000000, 0x0000000100000000, 0x0000000100000000)
 Metaspace       used 35208K, capacity 35702K, committed 36044K, reserved 1081344K
  class space    used 3849K, capacity 3992K, committed 4044K, reserved 1048576K
}
2015-12-06T21:07:37.223+0530: 4347.531: Total time for which application threads were stopped: 0.7172399 seconds, Stopping threads took: 0.0061175 seconds
2015-12-06T21:07:38.002+0530: 4348.310: Total time for which application threads were stopped: 0.0023717 seconds, Stopping threads took: 0.0019244 seconds
2015-12-06T21:07:38.002+0530: 4348.310: Total time for which application threads were stopped: 0.0003071 seconds, Stopping threads took: 0.0000730 seconds
2015-12-06T21:07:38.002+0530: 4348.310: Total time for which application threads were stopped: 0.0000883 seconds, Stopping threads took: 0.0000245 seconds
2015-12-06T21:07:38.064+0530: 4348.372: Total time for which application threads were stopped: 0.0002557 seconds, Stopping threads took: 0.0000832 seconds
2015-12-06T21:07:38.065+0530: 4348.373: Total time for which application threads were stopped: 0.0001476 seconds, Stopping threads took: 0.0000456 seconds
2015-12-06T21:07:55.272+0530: 4365.580: Total time for which application threads were stopped: 0.0001814 seconds, Stopping threads took: 0.0000509 seconds
2015-12-06T21:08:00.409+0530: 4370.718: Total time for which application threads were stopped: 0.1367090 seconds, Stopping threads took: 0.1364700 seconds
2015-12-06T21:08:19.718+0530: 4390.026: Total time for which application threads were stopped: 0.0205300 seconds, Stopping threads took: 0.0196704 seconds
2015-12-06T21:08:19.720+0530: 4390.028: Total time for which application threads were stopped: 0.0007183 seconds, Stopping threads took: 0.0001861 seconds
2015-12-06T21:08:19.721+0530: 4390.029: Total time for which application threads were stopped: 0.0015376 seconds, Stopping threads took: 0.0001886 seconds
2015-12-06T21:09:00.727+0530: 4431.035: Total time for which application threads were stopped: 0.0003627 seconds, Stopping threads took: 0.0000528 seconds
{Heap before GC invocations=81 (full 1):
 par new generation   total 109248K, used 91731K [0x00000000e0000000, 0x00000000e8000000, 0x00000000e8000000)
  eden space 87424K, 100% used [0x00000000e0000000, 0x00000000e5560000, 0x00000000e5560000)
  from space 21824K,  19% used [0x00000000e6ab0000, 0x00000000e6ee4d30, 0x00000000e8000000)
  to   space 21824K,   0% used [0x00000000e5560000, 0x00000000e5560000, 0x00000000e6ab0000)
 concurrent mark-sweep generation total 393216K, used 24351K [0x00000000e8000000, 0x0000000100000000, 0x0000000100000000)
 Metaspace       used 35209K, capacity 35702K, committed 36044K, reserved 1081344K
  class space    used 3849K, capacity 3992K, committed 4044K, reserved 1048576K
2015-12-06T21:09:07.062+0530: 4437.370: [GC (Allocation Failure) 4437.371: [ParNew
Desired survivor size 20112992 bytes, new threshold 8 (max 8)
- age   1:    1878624 bytes,    1878624 total
- age   2:     703192 bytes,    2581816 total
- age   3:     222144 bytes,    2803960 total
- age   4:     226472 bytes,    3030432 total
- age   5:      71672 bytes,    3102104 total
- age   6:      74040 bytes,    3176144 total
- age   7:      71936 bytes,    3248080 total
- age   8:     158840 bytes,    3406920 total
: 91731K->4036K(109248K), 0.0233030 secs] 116082K->28392K(502464K), 0.0240792 secs] [Times: user=0.05 sys=0.00, real=0.02 secs] 
Heap after GC invocations=82 (full 1):
 par new generation   total 109248K, used 4036K [0x00000000e0000000, 0x00000000e8000000, 0x00000000e8000000)
  eden space 87424K,   0% used [0x00000000e0000000, 0x00000000e0000000, 0x00000000e5560000)
  from space 21824K,  18% used [0x00000000e5560000, 0x00000000e5951020, 0x00000000e6ab0000)
  to   space 21824K,   0% used [0x00000000e6ab0000, 0x00000000e6ab0000, 0x00000000e8000000)
 concurrent mark-sweep generation total 393216K, used 24356K [0x00000000e8000000, 0x0000000100000000, 0x0000000100000000)
 Metaspace       used 35209K, capacity 35702K, committed 36044K, reserved 1081344K
  class space    used 3849K, capacity 3992K, committed 4044K, reserved 1048576K
}
2015-12-06T21:09:07.086+0530: 4437.395: Total time for which application threads were stopped: 0.0248428 seconds, Stopping threads took: 0.0000619 seconds
2015-12-06T21:09:25.801+0530: 4456.110: Total time for which application threads were stopped: 0.0004562 seconds, Stopping threads took: 0.0001515 seconds
2015-12-06T21:09:25.803+0530: 4456.111: Total time for which application threads were stopped: 0.0003039 seconds, Stopping threads took: 0.0000390 seconds
2015-12-06T21:09:25.803+0530: 4456.111: Total time for which application threads were stopped: 0.0002879 seconds, Stopping threads took: 0.0000476 seconds
2015-12-06T21:09:25.804+0530: 4456.112: Total time for which application threads were stopped: 0.0003457 seconds, Stopping threads took: 0.0001081 seconds
2015-12-06T21:09:25.804+0530: 4456.112: Total time for which application threads were stopped: 0.0002792 seconds, Stopping threads took: 0.0000414 seconds
2015-12-06T21:09:25.804+0530: 4456.113: Total time for which application threads were stopped: 0.0002632 seconds, Stopping threads took: 0.0000321 seconds
2015-12-06T21:09:25.805+0530: 4456.113: Total time for which application threads were stopped: 0.0002662 seconds, Stopping threads took: 0.0000316 seconds
2015-12-06T21:09:25.805+0530: 4456.113: Total time for which application threads were stopped: 0.0002594 seconds, Stopping threads took: 0.0000315 seconds
2015-12-06T21:09:25.806+0530: 4456.114: Total time for which application threads were stopped: 0.0001376 seconds, Stopping threads took: 0.0000189 seconds
2015-12-06T21:09:25.806+0530: 4456.114: Total time for which application threads were stopped: 0.0001324 seconds, Stopping threads took: 0.0000173 seconds
2015-12-06T21:09:31.091+0530: 4461.399: Total time for which application threads were stopped: 0.0003333 seconds, Stopping threads took: 0.0000472 seconds
2015-12-06T21:09:31.091+0530: 4461.400: Total time for which application threads were stopped: 0.0002009 seconds, Stopping threads took: 0.0000320 seconds
2015-12-06T21:09:31.092+0530: 4461.400: Total time for which application threads were stopped: 0.0001938 seconds, Stopping threads took: 0.0000263 seconds
2015-12-06T21:09:37.571+0530: 4467.879: Total time for which application threads were stopped: 0.0001971 seconds, Stopping threads took: 0.0000421 seconds
2015-12-06T21:09:51.573+0530: 4481.881: Total time for which application threads were stopped: 0.0002419 seconds, Stopping threads took: 0.0000303 seconds
2015-12-06T21:10:05.441+0530: 4495.749: Total time for which application threads were stopped: 0.0002188 seconds, Stopping threads took: 0.0000445 seconds
2015-12-06T21:10:05.444+0530: 4495.752: Total time for which application threads were stopped: 0.0008681 seconds, Stopping threads took: 0.0002569 seconds
2015-12-06T21:10:14.915+0530: 4505.223: Total time for which application threads were stopped: 0.0003727 seconds, Stopping threads took: 0.0000668 seconds
2015-12-06T21:10:14.915+0530: 4505.223: Total time for which application threads were stopped: 0.0002678 seconds, Stopping threads took: 0.0000547 seconds
2015-12-06T21:10:14.915+0530: 4505.224: Total time for which application threads were stopped: 0.0003502 seconds, Stopping threads took: 0.0001538 seconds
{Heap before GC invocations=82 (full 1):
 par new generation   total 109248K, used 91460K [0x00000000e0000000, 0x00000000e8000000, 0x00000000e8000000)
  eden space 87424K, 100% used [0x00000000e0000000, 0x00000000e5560000, 0x00000000e5560000)
  from space 21824K,  18% used [0x00000000e5560000, 0x00000000e5951020, 0x00000000e6ab0000)
  to   space 21824K,   0% used [0x00000000e6ab0000, 0x00000000e6ab0000, 0x00000000e8000000)
 concurrent mark-sweep generation total 393216K, used 24356K [0x00000000e8000000, 0x0000000100000000, 0x0000000100000000)
 Metaspace       used 35212K, capacity 35702K, committed 36044K, reserved 1081344K
  class space    used 3849K, capacity 3992K, committed 4044K, reserved 1048576K
2015-12-06T21:10:42.452+0530: 4532.760: [GC (Allocation Failure) 4532.761: [ParNew
Desired survivor size 20112992 bytes, new threshold 8 (max 8)
- age   1:    2197216 bytes,    2197216 total
- age   2:     696144 bytes,    2893360 total
- age   3:     222312 bytes,    3115672 total
- age   4:      85792 bytes,    3201464 total
- age   5:     213088 bytes,    3414552 total
- age   6:       3920 bytes,    3418472 total
- age   7:      74040 bytes,    3492512 total
- age   8:       3432 bytes,    3495944 total
: 91460K->4842K(109248K), 0.0182700 secs] 115816K->29351K(502464K), 0.0186516 secs] [Times: user=0.04 sys=0.00, real=0.02 secs] 
Heap after GC invocations=83 (full 1):
 par new generation   total 109248K, used 4842K [0x00000000e0000000, 0x00000000e8000000, 0x00000000e8000000)
  eden space 87424K,   0% used [0x00000000e0000000, 0x00000000e0000000, 0x00000000e5560000)
  from space 21824K,  22% used [0x00000000e6ab0000, 0x00000000e6f6a9d0, 0x00000000e8000000)
  to   space 21824K,   0% used [0x00000000e5560000, 0x00000000e5560000, 0x00000000e6ab0000)
 concurrent mark-sweep generation total 393216K, used 24509K [0x00000000e8000000, 0x0000000100000000, 0x0000000100000000)
 Metaspace       used 35212K, capacity 35702K, committed 36044K, reserved 1081344K
  class space    used 3849K, capacity 3992K, committed 4044K, reserved 1048576K
}
2015-12-06T21:10:42.471+0530: 4532.779: Total time for which application threads were stopped: 0.0200267 seconds, Stopping threads took: 0.0000572 seconds
2015-12-06T21:10:56.474+0530: 4546.782: Total time for which application threads were stopped: 0.0003508 seconds, Stopping threads took: 0.0000539 seconds
2015-12-06T21:11:31.921+0530: 4582.229: Total time for which application threads were stopped: 0.0002936 seconds, Stopping threads took: 0.0000470 seconds
2015-12-06T21:11:31.922+0530: 4582.230: Total time for which application threads were stopped: 0.0003811 seconds, Stopping threads took: 0.0000476 seconds
2015-12-06T21:11:31.922+0530: 4582.230: Total time for which application threads were stopped: 0.0003365 seconds, Stopping threads took: 0.0000399 seconds
2015-12-06T21:11:31.923+0530: 4582.231: Total time for which application threads were stopped: 0.0004885 seconds, Stopping threads took: 0.0001333 seconds
2015-12-06T21:11:31.923+0530: 4582.231: Total time for which application threads were stopped: 0.0003796 seconds, Stopping threads took: 0.0001293 seconds
2015-12-06T21:11:42.630+0530: 4592.938: Total time for which application threads were stopped: 0.0002900 seconds, Stopping threads took: 0.0001000 seconds
2015-12-06T21:11:46.603+0530: 4596.911: Total time for which application threads were stopped: 0.0006289 seconds, Stopping threads took: 0.0004325 seconds
2015-12-06T21:11:46.609+0530: 4596.917: Total time for which application threads were stopped: 0.0060405 seconds, Stopping threads took: 0.0058553 seconds
2015-12-06T21:11:46.610+0530: 4596.918: Total time for which application threads were stopped: 0.0001532 seconds, Stopping threads took: 0.0000216 seconds
2015-12-06T21:12:07.674+0530: 4617.982: Total time for which application threads were stopped: 0.0002638 seconds, Stopping threads took: 0.0000505 seconds
2015-12-06T21:12:17.783+0530: 4628.091: Total time for which application threads were stopped: 0.0001940 seconds, Stopping threads took: 0.0000448 seconds
2015-12-06T21:12:17.783+0530: 4628.091: Total time for which application threads were stopped: 0.0001079 seconds, Stopping threads took: 0.0000141 seconds
2015-12-06T21:12:17.783+0530: 4628.092: Total time for which application threads were stopped: 0.0001099 seconds, Stopping threads took: 0.0000321 seconds
{Heap before GC invocations=83 (full 1):
 par new generation   total 109248K, used 92266K [0x00000000e0000000, 0x00000000e8000000, 0x00000000e8000000)
  eden space 87424K, 100% used [0x00000000e0000000, 0x00000000e5560000, 0x00000000e5560000)
  from space 21824K,  22% used [0x00000000e6ab0000, 0x00000000e6f6a9d0, 0x00000000e8000000)
  to   space 21824K,   0% used [0x00000000e5560000, 0x00000000e5560000, 0x00000000e6ab0000)
 concurrent mark-sweep generation total 393216K, used 24509K [0x00000000e8000000, 0x0000000100000000, 0x0000000100000000)
 Metaspace       used 35215K, capacity 35702K, committed 36044K, reserved 1081344K
  class space    used 3849K, capacity 3992K, committed 4044K, reserved 1048576K
2015-12-06T21:12:31.508+0530: 4641.816: [GC (Allocation Failure) 4641.817: [ParNew
Desired survivor size 20112992 bytes, new threshold 8 (max 8)
- age   1:    1770600 bytes,    1770600 total
- age   2:     535224 bytes,    2305824 total
- age   3:     185840 bytes,    2491664 total
- age   4:     169128 bytes,    2660792 total
- age   5:      78048 bytes,    2738840 total
- age   6:     210728 bytes,    2949568 total
- age   7:       3920 bytes,    2953488 total
- age   8:       6312 bytes,    2959800 total
: 92266K->3771K(109248K), 0.0181912 secs] 116775K->28283K(502464K), 0.0189217 secs] [Times: user=0.05 sys=0.00, real=0.02 secs] 
Heap after GC invocations=84 (full 1):
 par new generation   total 109248K, used 3771K [0x00000000e0000000, 0x00000000e8000000, 0x00000000e8000000)
  eden space 87424K,   0% used [0x00000000e0000000, 0x00000000e0000000, 0x00000000e5560000)
  from space 21824K,  17% used [0x00000000e5560000, 0x00000000e590ec50, 0x00000000e6ab0000)
  to   space 21824K,   0% used [0x00000000e6ab0000, 0x00000000e6ab0000, 0x00000000e8000000)
 concurrent mark-sweep generation total 393216K, used 24512K [0x00000000e8000000, 0x0000000100000000, 0x0000000100000000)
 Metaspace       used 35215K, capacity 35702K, committed 36044K, reserved 1081344K
  class space    used 3849K, capacity 3992K, committed 4044K, reserved 1048576K
}
2015-12-06T21:12:31.527+0530: 4641.835: Total time for which application threads were stopped: 0.0194249 seconds, Stopping threads took: 0.0000468 seconds
2015-12-06T21:12:35.534+0530: 4645.842: Total time for which application threads were stopped: 0.0003624 seconds, Stopping threads took: 0.0001154 seconds
2015-12-06T21:12:35.534+0530: 4645.842: Total time for which application threads were stopped: 0.0003319 seconds, Stopping threads took: 0.0001288 seconds
2015-12-06T21:12:35.534+0530: 4645.842: Total time for which application threads were stopped: 0.0002488 seconds, Stopping threads took: 0.0000794 seconds
2015-12-06T21:12:36.535+0530: 4646.843: Total time for which application threads were stopped: 0.0003047 seconds, Stopping threads took: 0.0000519 seconds
2015-12-06T21:12:47.489+0530: 4657.797: Total time for which application threads were stopped: 0.0003172 seconds, Stopping threads took: 0.0000527 seconds
2015-12-06T21:12:51.844+0530: 4662.152: Total time for which application threads were stopped: 0.0003046 seconds, Stopping threads took: 0.0000498 seconds
2015-12-06T21:12:53.371+0530: 4663.679: Total time for which application threads were stopped: 0.0001827 seconds, Stopping threads took: 0.0000276 seconds
2015-12-06T21:12:53.371+0530: 4663.679: Total time for which application threads were stopped: 0.0000912 seconds, Stopping threads took: 0.0000178 seconds
2015-12-06T21:12:53.376+0530: 4663.684: Total time for which application threads were stopped: 0.0052665 seconds, Stopping threads took: 0.0048892 seconds
2015-12-06T21:12:53.520+0530: 4663.828: Total time for which application threads were stopped: 0.0001294 seconds, Stopping threads took: 0.0000228 seconds
2015-12-06T21:13:02.218+0530: 4672.526: Total time for which application threads were stopped: 0.0003696 seconds, Stopping threads took: 0.0001143 seconds
2015-12-06T21:13:04.042+0530: 4674.350: Total time for which application threads were stopped: 0.0002538 seconds, Stopping threads took: 0.0000702 seconds
2015-12-06T21:13:04.042+0530: 4674.350: Total time for which application threads were stopped: 0.0001361 seconds, Stopping threads took: 0.0000390 seconds
2015-12-06T21:13:04.042+0530: 4674.350: Total time for which application threads were stopped: 0.0001104 seconds, Stopping threads took: 0.0000258 seconds
2015-12-06T21:13:40.053+0530: 4710.361: Total time for which application threads were stopped: 0.0002026 seconds, Stopping threads took: 0.0000614 seconds
2015-12-06T21:13:58.082+0530: 4728.391: Total time for which application threads were stopped: 0.0003193 seconds, Stopping threads took: 0.0000646 seconds
2015-12-06T21:14:01.083+0530: 4731.391: Total time for which application threads were stopped: 0.0003684 seconds, Stopping threads took: 0.0000522 seconds
2015-12-06T21:14:12.889+0530: 4743.197: Total time for which application threads were stopped: 0.0003433 seconds, Stopping threads took: 0.0000533 seconds
2015-12-06T21:14:12.890+0530: 4743.198: Total time for which application threads were stopped: 0.0003539 seconds, Stopping threads took: 0.0001612 seconds
2015-12-06T21:14:12.890+0530: 4743.198: Total time for which application threads were stopped: 0.0001819 seconds, Stopping threads took: 0.0000445 seconds
{Heap before GC invocations=84 (full 1):
 par new generation   total 109248K, used 91195K [0x00000000e0000000, 0x00000000e8000000, 0x00000000e8000000)
  eden space 87424K, 100% used [0x00000000e0000000, 0x00000000e5560000, 0x00000000e5560000)
  from space 21824K,  17% used [0x00000000e5560000, 0x00000000e590ec50, 0x00000000e6ab0000)
  to   space 21824K,   0% used [0x00000000e6ab0000, 0x00000000e6ab0000, 0x00000000e8000000)
 concurrent mark-sweep generation total 393216K, used 24512K [0x00000000e8000000, 0x0000000100000000, 0x0000000100000000)
 Metaspace       used 35217K, capacity 35702K, committed 36044K, reserved 1081344K
  class space    used 3849K, capacity 3992K, committed 4044K, reserved 1048576K
2015-12-06T21:14:26.295+0530: 4756.603: [GC (Allocation Failure) 4756.603: [ParNew
Desired survivor size 20112992 bytes, new threshold 8 (max 8)
- age   1:    2188224 bytes,    2188224 total
- age   2:     491376 bytes,    2679600 total
- age   3:     250168 bytes,    2929768 total
- age   4:     144872 bytes,    3074640 total
- age   5:     145728 bytes,    3220368 total
- age   6:      73288 bytes,    3293656 total
- age   7:       6768 bytes,    3300424 total
- age   8:       3920 bytes,    3304344 total
: 91195K->3683K(109248K), 0.0096269 secs] 115707K->28202K(502464K), 0.4271671 secs] [Times: user=0.02 sys=0.00, real=0.43 secs] 
Heap after GC invocations=85 (full 1):
 par new generation   total 109248K, used 3683K [0x00000000e0000000, 0x00000000e8000000, 0x00000000e8000000)
  eden space 87424K,   0% used [0x00000000e0000000, 0x00000000e0000000, 0x00000000e5560000)
  from space 21824K,  16% used [0x00000000e6ab0000, 0x00000000e6e48dc8, 0x00000000e8000000)
  to   space 21824K,   0% used [0x00000000e5560000, 0x00000000e5560000, 0x00000000e6ab0000)
 concurrent mark-sweep generation total 393216K, used 24518K [0x00000000e8000000, 0x0000000100000000, 0x0000000100000000)
 Metaspace       used 35217K, capacity 35702K, committed 36044K, reserved 1081344K
  class space    used 3849K, capacity 3992K, committed 4044K, reserved 1048576K
}
2015-12-06T21:14:26.723+0530: 4757.031: Total time for which application threads were stopped: 0.4286046 seconds, Stopping threads took: 0.0002086 seconds
2015-12-06T21:14:40.666+0530: 4770.974: Total time for which application threads were stopped: 0.0002206 seconds, Stopping threads took: 0.0000349 seconds
2015-12-06T21:14:40.666+0530: 4770.974: Total time for which application threads were stopped: 0.0001324 seconds, Stopping threads took: 0.0000225 seconds
2015-12-06T21:14:40.666+0530: 4770.974: Total time for which application threads were stopped: 0.0001085 seconds, Stopping threads took: 0.0000154 seconds
2015-12-06T21:14:50.244+0530: 4780.553: Total time for which application threads were stopped: 0.0002005 seconds, Stopping threads took: 0.0000556 seconds
2015-12-06T21:14:57.246+0530: 4787.554: Total time for which application threads were stopped: 0.0002881 seconds, Stopping threads took: 0.0000520 seconds
2015-12-06T21:15:08.880+0530: 4799.189: Total time for which application threads were stopped: 0.0002180 seconds, Stopping threads took: 0.0000562 seconds
2015-12-06T21:15:22.495+0530: 4812.803: Total time for which application threads were stopped: 0.0002604 seconds, Stopping threads took: 0.0000383 seconds
2015-12-06T21:15:22.499+0530: 4812.808: Total time for which application threads were stopped: 0.0004670 seconds, Stopping threads took: 0.0000375 seconds
2015-12-06T21:15:23.492+0530: 4813.800: Total time for which application threads were stopped: 0.0005075 seconds, Stopping threads took: 0.0001531 seconds
2015-12-06T21:15:23.492+0530: 4813.800: Total time for which application threads were stopped: 0.0001567 seconds, Stopping threads took: 0.0000499 seconds
2015-12-06T21:15:23.492+0530: 4813.801: Total time for which application threads were stopped: 0.0001085 seconds, Stopping threads took: 0.0000255 seconds
2015-12-06T21:16:25.205+0530: 4875.513: Total time for which application threads were stopped: 0.0023249 seconds, Stopping threads took: 0.0020045 seconds
{Heap before GC invocations=85 (full 1):
 par new generation   total 109248K, used 91107K [0x00000000e0000000, 0x00000000e8000000, 0x00000000e8000000)
  eden space 87424K, 100% used [0x00000000e0000000, 0x00000000e5560000, 0x00000000e5560000)
  from space 21824K,  16% used [0x00000000e6ab0000, 0x00000000e6e48dc8, 0x00000000e8000000)
  to   space 21824K,   0% used [0x00000000e5560000, 0x00000000e5560000, 0x00000000e6ab0000)
 concurrent mark-sweep generation total 393216K, used 24518K [0x00000000e8000000, 0x0000000100000000, 0x0000000100000000)
 Metaspace       used 35217K, capacity 35702K, committed 36044K, reserved 1081344K
  class space    used 3849K, capacity 3992K, committed 4044K, reserved 1048576K
2015-12-06T21:16:26.590+0530: 4876.899: [GC (Allocation Failure) 4876.899: [ParNew
Desired survivor size 20112992 bytes, new threshold 8 (max 8)
- age   1:    2068768 bytes,    2068768 total
- age   2:     515064 bytes,    2583832 total
- age   3:     151640 bytes,    2735472 total
- age   4:     141264 bytes,    2876736 total
- age   5:     142512 bytes,    3019248 total
- age   6:      75664 bytes,    3094912 total
- age   7:       5560 bytes,    3100472 total
- age   8:       5992 bytes,    3106464 total
: 91107K->3913K(109248K), 0.0380169 secs] 115626K->28436K(502464K), 0.0390146 secs] [Times: user=0.06 sys=0.00, real=0.04 secs] 
Heap after GC invocations=86 (full 1):
 par new generation   total 109248K, used 3913K [0x00000000e0000000, 0x00000000e8000000, 0x00000000e8000000)
  eden space 87424K,   0% used [0x00000000e0000000, 0x00000000e0000000, 0x00000000e5560000)
  from space 21824K,  17% used [0x00000000e5560000, 0x00000000e59325d0, 0x00000000e6ab0000)
  to   space 21824K,   0% used [0x00000000e6ab0000, 0x00000000e6ab0000, 0x00000000e8000000)
 concurrent mark-sweep generation total 393216K, used 24522K [0x00000000e8000000, 0x0000000100000000, 0x0000000100000000)
 Metaspace       used 35217K, capacity 35702K, committed 36044K, reserved 1081344K
  class space    used 3849K, capacity 3992K, committed 4044K, reserved 1048576K
}
2015-12-06T21:16:26.630+0530: 4876.938: Total time for which application threads were stopped: 0.0397424 seconds, Stopping threads took: 0.0000575 seconds
2015-12-06T21:16:26.639+0530: 4876.947: Total time for which application threads were stopped: 0.0002657 seconds, Stopping threads took: 0.0000925 seconds
2015-12-06T21:16:28.295+0530: 4878.603: Total time for which application threads were stopped: 0.0004337 seconds, Stopping threads took: 0.0002624 seconds
2015-12-06T21:16:28.300+0530: 4878.609: Total time for which application threads were stopped: 0.0056681 seconds, Stopping threads took: 0.0054648 seconds
2015-12-06T21:16:28.301+0530: 4878.609: Total time for which application threads were stopped: 0.0002042 seconds, Stopping threads took: 0.0000940 seconds
2015-12-06T21:16:41.783+0530: 4892.091: Total time for which application threads were stopped: 0.0003107 seconds, Stopping threads took: 0.0000554 seconds
2015-12-06T21:16:57.941+0530: 4908.249: Total time for which application threads were stopped: 0.0002130 seconds, Stopping threads took: 0.0000690 seconds
2015-12-06T21:16:57.943+0530: 4908.251: Total time for which application threads were stopped: 0.0001899 seconds, Stopping threads took: 0.0000463 seconds
2015-12-06T21:17:00.211+0530: 4910.519: Total time for which application threads were stopped: 0.0002205 seconds, Stopping threads took: 0.0000553 seconds
2015-12-06T21:17:00.212+0530: 4910.520: Total time for which application threads were stopped: 0.0000845 seconds, Stopping threads took: 0.0000131 seconds
2015-12-06T21:17:00.212+0530: 4910.520: Total time for which application threads were stopped: 0.0000695 seconds, Stopping threads took: 0.0000119 seconds
2015-12-06T21:17:07.161+0530: 4917.469: Total time for which application threads were stopped: 0.0002280 seconds, Stopping threads took: 0.0000396 seconds
2015-12-06T21:17:07.161+0530: 4917.469: Total time for which application threads were stopped: 0.0001410 seconds, Stopping threads took: 0.0000263 seconds
2015-12-06T21:17:07.161+0530: 4917.469: Total time for which application threads were stopped: 0.0001556 seconds, Stopping threads took: 0.0000205 seconds
2015-12-06T21:17:54.168+0530: 4964.476: Total time for which application threads were stopped: 0.0003152 seconds, Stopping threads took: 0.0000517 seconds
{Heap before GC invocations=86 (full 1):
 par new generation   total 109248K, used 91337K [0x00000000e0000000, 0x00000000e8000000, 0x00000000e8000000)
  eden space 87424K, 100% used [0x00000000e0000000, 0x00000000e5560000, 0x00000000e5560000)
  from space 21824K,  17% used [0x00000000e5560000, 0x00000000e59325d0, 0x00000000e6ab0000)
  to   space 21824K,   0% used [0x00000000e6ab0000, 0x00000000e6ab0000, 0x00000000e8000000)
 concurrent mark-sweep generation total 393216K, used 24522K [0x00000000e8000000, 0x0000000100000000, 0x0000000100000000)
 Metaspace       used 35218K, capacity 35702K, committed 36044K, reserved 1081344K
  class space    used 3849K, capacity 3992K, committed 4044K, reserved 1048576K
2015-12-06T21:18:06.390+0530: 4976.698: [GC (Allocation Failure) 4976.699: [ParNew
Desired survivor size 20112992 bytes, new threshold 8 (max 8)
- age   1:    1822632 bytes,    1822632 total
- age   2:     551136 bytes,    2373768 total
- age   3:     342936 bytes,    2716704 total
- age   4:     145496 bytes,    2862200 total
- age   5:     140456 bytes,    3002656 total
- age   6:      74744 bytes,    3077400 total
- age   7:       7200 bytes,    3084600 total
- age   8:       5560 bytes,    3090160 total
: 91337K->5081K(109248K), 0.0247835 secs] 115860K->29609K(502464K), 0.0256472 secs] [Times: user=0.04 sys=0.00, real=0.03 secs] 
Heap after GC invocations=87 (full 1):
 par new generation   total 109248K, used 5081K [0x00000000e0000000, 0x00000000e8000000, 0x00000000e8000000)
  eden space 87424K,   0% used [0x00000000e0000000, 0x00000000e0000000, 0x00000000e5560000)
  from space 21824K,  23% used [0x00000000e6ab0000, 0x00000000e6fa6480, 0x00000000e8000000)
  to   space 21824K,   0% used [0x00000000e5560000, 0x00000000e5560000, 0x00000000e6ab0000)
 concurrent mark-sweep generation total 393216K, used 24528K [0x00000000e8000000, 0x0000000100000000, 0x0000000100000000)
 Metaspace       used 35218K, capacity 35702K, committed 36044K, reserved 1081344K
  class space    used 3849K, capacity 3992K, committed 4044K, reserved 1048576K
}
2015-12-06T21:18:06.416+0530: 4976.724: Total time for which application threads were stopped: 0.0264006 seconds, Stopping threads took: 0.0000561 seconds
2015-12-06T21:18:17.409+0530: 4987.717: Total time for which application threads were stopped: 0.0004330 seconds, Stopping threads took: 0.0001070 seconds
2015-12-06T21:18:17.410+0530: 4987.718: Total time for which application threads were stopped: 0.0003213 seconds, Stopping threads took: 0.0000393 seconds
2015-12-06T21:18:17.410+0530: 4987.718: Total time for which application threads were stopped: 0.0003755 seconds, Stopping threads took: 0.0001091 seconds
2015-12-06T21:18:17.411+0530: 4987.719: Total time for which application threads were stopped: 0.0003279 seconds, Stopping threads took: 0.0000848 seconds
2015-12-06T21:18:17.412+0530: 4987.720: Total time for which application threads were stopped: 0.0010965 seconds, Stopping threads took: 0.0000822 seconds
2015-12-06T21:18:17.552+0530: 4987.860: Total time for which application threads were stopped: 0.0001670 seconds, Stopping threads took: 0.0000271 seconds
2015-12-06T21:18:18.606+0530: 4988.914: Total time for which application threads were stopped: 0.0001876 seconds, Stopping threads took: 0.0000426 seconds
2015-12-06T21:18:19.474+0530: 4989.782: Total time for which application threads were stopped: 0.0023550 seconds, Stopping threads took: 0.0022156 seconds
2015-12-06T21:18:19.475+0530: 4989.783: Total time for which application threads were stopped: 0.0002905 seconds, Stopping threads took: 0.0001954 seconds
2015-12-06T21:18:19.475+0530: 4989.783: Total time for which application threads were stopped: 0.0002068 seconds, Stopping threads took: 0.0001198 seconds
2015-12-06T21:18:49.308+0530: 5019.617: Total time for which application threads were stopped: 0.0003381 seconds, Stopping threads took: 0.0000536 seconds
2015-12-06T21:18:49.309+0530: 5019.617: Total time for which application threads were stopped: 0.0002419 seconds, Stopping threads took: 0.0000426 seconds
2015-12-06T21:18:49.309+0530: 5019.617: Total time for which application threads were stopped: 0.0002381 seconds, Stopping threads took: 0.0000298 seconds
2015-12-06T21:19:31.390+0530: 5061.698: Total time for which application threads were stopped: 0.0006771 seconds, Stopping threads took: 0.0005247 seconds
2015-12-06T21:19:37.433+0530: 5067.741: Total time for which application threads were stopped: 0.0043995 seconds, Stopping threads took: 0.0042568 seconds
2015-12-06T21:19:39.685+0530: 5069.993: Total time for which application threads were stopped: 0.0004156 seconds, Stopping threads took: 0.0002461 seconds
2015-12-06T21:20:01.396+0530: 5091.704: Total time for which application threads were stopped: 0.0003601 seconds, Stopping threads took: 0.0000714 seconds
2015-12-06T21:20:01.397+0530: 5091.705: Total time for which application threads were stopped: 0.0002860 seconds, Stopping threads took: 0.0000990 seconds
2015-12-06T21:20:01.397+0530: 5091.705: Total time for which application threads were stopped: 0.0002880 seconds, Stopping threads took: 0.0000769 seconds
{Heap before GC invocations=87 (full 1):
 par new generation   total 109248K, used 92505K [0x00000000e0000000, 0x00000000e8000000, 0x00000000e8000000)
  eden space 87424K, 100% used [0x00000000e0000000, 0x00000000e5560000, 0x00000000e5560000)
  from space 21824K,  23% used [0x00000000e6ab0000, 0x00000000e6fa6480, 0x00000000e8000000)
  to   space 21824K,   0% used [0x00000000e5560000, 0x00000000e5560000, 0x00000000e6ab0000)
 concurrent mark-sweep generation total 393216K, used 24528K [0x00000000e8000000, 0x0000000100000000, 0x0000000100000000)
 Metaspace       used 35220K, capacity 35702K, committed 36044K, reserved 1081344K
  class space    used 3849K, capacity 3992K, committed 4044K, reserved 1048576K
2015-12-06T21:20:07.936+0530: 5098.244: [GC (Allocation Failure) 5098.244: [ParNew
Desired survivor size 20112992 bytes, new threshold 8 (max 8)
- age   1:    2212864 bytes,    2212864 total
- age   2:     753808 bytes,    2966672 total
- age   3:     250408 bytes,    3217080 total
- age   4:     212752 bytes,    3429832 total
- age   5:      74568 bytes,    3504400 total
- age   6:      72728 bytes,    3577128 total
- age   7:       7064 bytes,    3584192 total
- age   8:       5640 bytes,    3589832 total
: 92505K->4148K(109248K), 0.0165393 secs] 117033K->28682K(502464K), 0.1142027 secs] [Times: user=0.05 sys=0.00, real=0.11 secs] 
Heap after GC invocations=88 (full 1):
 par new generation   total 109248K, used 4148K [0x00000000e0000000, 0x00000000e8000000, 0x00000000e8000000)
  eden space 87424K,   0% used [0x00000000e0000000, 0x00000000e0000000, 0x00000000e5560000)
  from space 21824K,  19% used [0x00000000e5560000, 0x00000000e596d340, 0x00000000e6ab0000)
  to   space 21824K,   0% used [0x00000000e6ab0000, 0x00000000e6ab0000, 0x00000000e8000000)
 concurrent mark-sweep generation total 393216K, used 24534K [0x00000000e8000000, 0x0000000100000000, 0x0000000100000000)
 Metaspace       used 35220K, capacity 35702K, committed 36044K, reserved 1081344K
  class space    used 3849K, capacity 3992K, committed 4044K, reserved 1048576K
}
2015-12-06T21:20:08.051+0530: 5098.359: Total time for which application threads were stopped: 0.2335283 seconds, Stopping threads took: 0.0001063 seconds
2015-12-06T21:20:09.415+0530: 5099.723: Total time for which application threads were stopped: 0.0002055 seconds, Stopping threads took: 0.0000532 seconds
2015-12-06T21:20:09.415+0530: 5099.723: Total time for which application threads were stopped: 0.0001185 seconds, Stopping threads took: 0.0000351 seconds
2015-12-06T21:20:09.415+0530: 5099.724: Total time for which application threads were stopped: 0.0000884 seconds, Stopping threads took: 0.0000150 seconds
2015-12-06T21:20:09.416+0530: 5099.724: Total time for which application threads were stopped: 0.0001329 seconds, Stopping threads took: 0.0000513 seconds
2015-12-06T21:20:09.416+0530: 5099.724: Total time for which application threads were stopped: 0.0001144 seconds, Stopping threads took: 0.0000355 seconds
2015-12-06T21:20:09.416+0530: 5099.724: Total time for which application threads were stopped: 0.0000974 seconds, Stopping threads took: 0.0000140 seconds
2015-12-06T21:20:09.417+0530: 5099.725: Total time for which application threads were stopped: 0.0001372 seconds, Stopping threads took: 0.0000182 seconds
2015-12-06T21:20:09.974+0530: 5100.282: Total time for which application threads were stopped: 0.0003970 seconds, Stopping threads took: 0.0001152 seconds
2015-12-06T21:20:09.981+0530: 5100.289: Total time for which application threads were stopped: 0.0035048 seconds, Stopping threads took: 0.0032155 seconds
2015-12-06T21:20:09.991+0530: 5100.299: Total time for which application threads were stopped: 0.0007503 seconds, Stopping threads took: 0.0001134 seconds
2015-12-06T21:20:09.993+0530: 5100.301: Total time for which application threads were stopped: 0.0009720 seconds, Stopping threads took: 0.0001392 seconds
2015-12-06T21:20:09.993+0530: 5100.301: Total time for which application threads were stopped: 0.0004875 seconds, Stopping threads took: 0.0000449 seconds
2015-12-06T21:20:38.998+0530: 5129.306: Total time for which application threads were stopped: 0.0001705 seconds, Stopping threads took: 0.0000316 seconds
2015-12-06T21:20:39.998+0530: 5130.306: Total time for which application threads were stopped: 0.0003345 seconds, Stopping threads took: 0.0000522 seconds
2015-12-06T21:21:44.158+0530: 5194.466: Total time for which application threads were stopped: 0.0003538 seconds, Stopping threads took: 0.0000560 seconds
2015-12-06T21:21:56.795+0530: 5207.103: Total time for which application threads were stopped: 0.0003237 seconds, Stopping threads took: 0.0000573 seconds
2015-12-06T21:21:56.795+0530: 5207.103: Total time for which application threads were stopped: 0.0001888 seconds, Stopping threads took: 0.0000231 seconds
2015-12-06T21:21:56.796+0530: 5207.104: Total time for which application threads were stopped: 0.0008147 seconds, Stopping threads took: 0.0000232 seconds
2015-12-06T21:21:58.718+0530: 5209.026: Total time for which application threads were stopped: 0.0001779 seconds, Stopping threads took: 0.0000263 seconds
2015-12-06T21:22:07.494+0530: 5217.802: Total time for which application threads were stopped: 0.0004922 seconds, Stopping threads took: 0.0001971 seconds
2015-12-06T21:22:08.056+0530: 5218.364: Total time for which application threads were stopped: 0.0004226 seconds, Stopping threads took: 0.0001826 seconds
2015-12-06T21:22:08.648+0530: 5218.956: Total time for which application threads were stopped: 0.0003265 seconds, Stopping threads took: 0.0000611 seconds
2015-12-06T21:22:08.792+0530: 5219.100: Total time for which application threads were stopped: 0.0002217 seconds, Stopping threads took: 0.0000498 seconds
{Heap before GC invocations=88 (full 1):
 par new generation   total 109248K, used 91572K [0x00000000e0000000, 0x00000000e8000000, 0x00000000e8000000)
  eden space 87424K, 100% used [0x00000000e0000000, 0x00000000e5560000, 0x00000000e5560000)
  from space 21824K,  19% used [0x00000000e5560000, 0x00000000e596d340, 0x00000000e6ab0000)
  to   space 21824K,   0% used [0x00000000e6ab0000, 0x00000000e6ab0000, 0x00000000e8000000)
 concurrent mark-sweep generation total 393216K, used 24534K [0x00000000e8000000, 0x0000000100000000, 0x0000000100000000)
 Metaspace       used 35220K, capacity 35702K, committed 36044K, reserved 1081344K
  class space    used 3849K, capacity 3992K, committed 4044K, reserved 1048576K
2015-12-06T21:22:10.562+0530: 5220.870: [GC (Allocation Failure) 5221.022: [ParNew
Desired survivor size 20112992 bytes, new threshold 8 (max 8)
- age   1:    1873240 bytes,    1873240 total
- age   2:     748776 bytes,    2622016 total
- age   3:     247688 bytes,    2869704 total
- age   4:     149968 bytes,    3019672 total
- age   5:     143424 bytes,    3163096 total
- age   6:       6792 bytes,    3169888 total
- age   7:       5048 bytes,    3174936 total
- age   8:       7064 bytes,    3182000 total
: 91572K->4660K(109248K), 0.0159536 secs] 116106K->29200K(502464K), 0.5948280 secs] [Times: user=0.04 sys=0.00, real=0.59 secs] 
Heap after GC invocations=89 (full 1):
 par new generation   total 109248K, used 4660K [0x00000000e0000000, 0x00000000e8000000, 0x00000000e8000000)
  eden space 87424K,   0% used [0x00000000e0000000, 0x00000000e0000000, 0x00000000e5560000)
  from space 21824K,  21% used [0x00000000e6ab0000, 0x00000000e6f3d2f8, 0x00000000e8000000)
  to   space 21824K,   0% used [0x00000000e5560000, 0x00000000e5560000, 0x00000000e6ab0000)
 concurrent mark-sweep generation total 393216K, used 24539K [0x00000000e8000000, 0x0000000100000000, 0x0000000100000000)
 Metaspace       used 35220K, capacity 35702K, committed 36044K, reserved 1081344K
  class space    used 3849K, capacity 3992K, committed 4044K, reserved 1048576K
}
2015-12-06T21:22:11.157+0530: 5221.465: Total time for which application threads were stopped: 0.5954232 seconds, Stopping threads took: 0.0000588 seconds
2015-12-06T21:22:22.112+0530: 5232.420: Total time for which application threads were stopped: 0.0001902 seconds, Stopping threads took: 0.0000325 seconds
2015-12-06T21:22:22.112+0530: 5232.420: Total time for which application threads were stopped: 0.0000953 seconds, Stopping threads took: 0.0000124 seconds
2015-12-06T21:22:22.112+0530: 5232.421: Total time for which application threads were stopped: 0.0000872 seconds, Stopping threads took: 0.0000112 seconds
2015-12-06T21:22:27.611+0530: 5237.919: Total time for which application threads were stopped: 0.0003511 seconds, Stopping threads took: 0.0000692 seconds
2015-12-06T21:22:49.235+0530: 5259.543: Total time for which application threads were stopped: 0.0004438 seconds, Stopping threads took: 0.0001213 seconds
2015-12-06T21:23:22.699+0530: 5293.007: Total time for which application threads were stopped: 0.0006274 seconds, Stopping threads took: 0.0001487 seconds
2015-12-06T21:23:45.709+0530: 5316.017: Total time for which application threads were stopped: 0.0002004 seconds, Stopping threads took: 0.0000730 seconds
2015-12-06T21:23:45.722+0530: 5316.030: Total time for which application threads were stopped: 0.0005879 seconds, Stopping threads took: 0.0000290 seconds
2015-12-06T21:23:45.722+0530: 5316.030: Total time for which application threads were stopped: 0.0003628 seconds, Stopping threads took: 0.0000870 seconds
2015-12-06T21:23:45.722+0530: 5316.031: Total time for which application threads were stopped: 0.0001026 seconds, Stopping threads took: 0.0000128 seconds
{Heap before GC invocations=89 (full 1):
 par new generation   total 109248K, used 92063K [0x00000000e0000000, 0x00000000e8000000, 0x00000000e8000000)
  eden space 87424K,  99% used [0x00000000e0000000, 0x00000000e555ab50, 0x00000000e5560000)
  from space 21824K,  21% used [0x00000000e6ab0000, 0x00000000e6f3d2f8, 0x00000000e8000000)
  to   space 21824K,   0% used [0x00000000e5560000, 0x00000000e5560000, 0x00000000e6ab0000)
 concurrent mark-sweep generation total 393216K, used 24539K [0x00000000e8000000, 0x0000000100000000, 0x0000000100000000)
 Metaspace       used 35220K, capacity 35702K, committed 36044K, reserved 1081344K
  class space    used 3849K, capacity 3992K, committed 4044K, reserved 1048576K
2015-12-06T21:23:45.744+0530: 5316.052: [GC (Allocation Failure) 5316.052: [ParNew
Desired survivor size 20112992 bytes, new threshold 8 (max 8)
- age   1:    1662200 bytes,    1662200 total
- age   2:     423432 bytes,    2085632 total
- age   3:     338360 bytes,    2423992 total
- age   4:     239208 bytes,    2663200 total
- age   5:     147896 bytes,    2811096 total
- age   6:      75696 bytes,    2886792 total
- age   7:       6792 bytes,    2893584 total
- age   8:       5048 bytes,    2898632 total
: 92063K->4183K(109248K), 0.0216069 secs] 116603K->28729K(502464K), 0.0223229 secs] [Times: user=0.05 sys=0.00, real=0.02 secs] 
Heap after GC invocations=90 (full 1):
 par new generation   total 109248K, used 4183K [0x00000000e0000000, 0x00000000e8000000, 0x00000000e8000000)
  eden space 87424K,   0% used [0x00000000e0000000, 0x00000000e0000000, 0x00000000e5560000)
  from space 21824K,  19% used [0x00000000e5560000, 0x00000000e5975c88, 0x00000000e6ab0000)
  to   space 21824K,   0% used [0x00000000e6ab0000, 0x00000000e6ab0000, 0x00000000e8000000)
 concurrent mark-sweep generation total 393216K, used 24546K [0x00000000e8000000, 0x0000000100000000, 0x0000000100000000)
 Metaspace       used 35220K, capacity 35702K, committed 36044K, reserved 1081344K
  class space    used 3849K, capacity 3992K, committed 4044K, reserved 1048576K
}
2015-12-06T21:23:45.767+0530: 5316.075: Total time for which application threads were stopped: 0.0230042 seconds, Stopping threads took: 0.0000294 seconds
2015-12-06T21:23:47.259+0530: 5317.567: Total time for which application threads were stopped: 0.0003235 seconds, Stopping threads took: 0.0000581 seconds
2015-12-06T21:23:47.260+0530: 5317.568: Total time for which application threads were stopped: 0.0001931 seconds, Stopping threads took: 0.0000340 seconds
2015-12-06T21:24:02.719+0530: 5333.027: Total time for which application threads were stopped: 0.0012545 seconds, Stopping threads took: 0.0009797 seconds
2015-12-06T21:24:02.719+0530: 5333.027: Total time for which application threads were stopped: 0.0003531 seconds, Stopping threads took: 0.0001601 seconds
2015-12-06T21:24:02.720+0530: 5333.028: Total time for which application threads were stopped: 0.0001232 seconds, Stopping threads took: 0.0000205 seconds
2015-12-06T21:24:15.278+0530: 5345.586: Total time for which application threads were stopped: 0.0004055 seconds, Stopping threads took: 0.0001397 seconds
2015-12-06T21:24:15.919+0530: 5346.227: Total time for which application threads were stopped: 0.0003419 seconds, Stopping threads took: 0.0000531 seconds
2015-12-06T21:24:32.802+0530: 5363.111: Total time for which application threads were stopped: 0.0001720 seconds, Stopping threads took: 0.0000286 seconds
2015-12-06T21:24:33.453+0530: 5363.762: Total time for which application threads were stopped: 0.0004668 seconds, Stopping threads took: 0.0001780 seconds
2015-12-06T21:24:34.023+0530: 5364.331: Total time for which application threads were stopped: 0.0003269 seconds, Stopping threads took: 0.0000366 seconds
2015-12-06T21:24:34.023+0530: 5364.331: Total time for which application threads were stopped: 0.0002534 seconds, Stopping threads took: 0.0000294 seconds
2015-12-06T21:24:34.023+0530: 5364.332: Total time for which application threads were stopped: 0.0001538 seconds, Stopping threads took: 0.0000396 seconds
2015-12-06T21:24:37.130+0530: 5367.438: Total time for which application threads were stopped: 0.0004225 seconds, Stopping threads took: 0.0000616 seconds
2015-12-06T21:24:37.130+0530: 5367.438: Total time for which application threads were stopped: 0.0003103 seconds, Stopping threads took: 0.0000440 seconds
2015-12-06T21:24:37.131+0530: 5367.439: Total time for which application threads were stopped: 0.0002777 seconds, Stopping threads took: 0.0000387 seconds
2015-12-06T21:24:51.711+0530: 5382.020: Total time for which application threads were stopped: 0.0003616 seconds, Stopping threads took: 0.0000570 seconds
2015-12-06T21:25:33.995+0530: 5424.303: Total time for which application threads were stopped: 0.0010179 seconds, Stopping threads took: 0.0004818 seconds
2015-12-06T21:25:34.995+0530: 5425.303: Total time for which application threads were stopped: 0.0003035 seconds, Stopping threads took: 0.0000525 seconds
2015-12-06T21:25:35.996+0530: 5426.304: Total time for which application threads were stopped: 0.0003150 seconds, Stopping threads took: 0.0000498 seconds
2015-12-06T21:25:40.050+0530: 5430.358: Total time for which application threads were stopped: 0.0002302 seconds, Stopping threads took: 0.0000404 seconds
2015-12-06T21:25:40.050+0530: 5430.358: Total time for which application threads were stopped: 0.0001527 seconds, Stopping threads took: 0.0000206 seconds
2015-12-06T21:25:40.358+0530: 5430.666: Total time for which application threads were stopped: 0.0002302 seconds, Stopping threads took: 0.0000371 seconds
2015-12-06T21:26:27.307+0530: 5477.615: Total time for which application threads were stopped: 0.0005715 seconds, Stopping threads took: 0.0001815 seconds
{Heap before GC invocations=90 (full 1):
 par new generation   total 109248K, used 91607K [0x00000000e0000000, 0x00000000e8000000, 0x00000000e8000000)
  eden space 87424K, 100% used [0x00000000e0000000, 0x00000000e5560000, 0x00000000e5560000)
  from space 21824K,  19% used [0x00000000e5560000, 0x00000000e5975c88, 0x00000000e6ab0000)
  to   space 21824K,   0% used [0x00000000e6ab0000, 0x00000000e6ab0000, 0x00000000e8000000)
 concurrent mark-sweep generation total 393216K, used 24546K [0x00000000e8000000, 0x0000000100000000, 0x0000000100000000)
 Metaspace       used 35227K, capacity 35702K, committed 36044K, reserved 1081344K
  class space    used 3849K, capacity 3992K, committed 4044K, reserved 1048576K
2015-12-06T21:26:27.708+0530: 5478.016: [GC (Allocation Failure) 5478.016: [ParNew
Desired survivor size 20112992 bytes, new threshold 8 (max 8)
- age   1:    1608744 bytes,    1608744 total
- age   2:     501208 bytes,    2109952 total
- age   3:      97560 bytes,    2207512 total
- age   4:     284208 bytes,    2491720 total
- age   5:     144600 bytes,    2636320 total
- age   6:       5176 bytes,    2641496 total
- age   7:       7192 bytes,    2648688 total
- age   8:       6008 bytes,    2654696 total
: 91607K->3556K(109248K), 0.0121836 secs] 116153K->28107K(502464K), 0.0123551 secs] [Times: user=0.03 sys=0.00, real=0.01 secs] 
Heap after GC invocations=91 (full 1):
 par new generation   total 109248K, used 3556K [0x00000000e0000000, 0x00000000e8000000, 0x00000000e8000000)
  eden space 87424K,   0% used [0x00000000e0000000, 0x00000000e0000000, 0x00000000e5560000)
  from space 21824K,  16% used [0x00000000e6ab0000, 0x00000000e6e290e0, 0x00000000e8000000)
  to   space 21824K,   0% used [0x00000000e5560000, 0x00000000e5560000, 0x00000000e6ab0000)
 concurrent mark-sweep generation total 393216K, used 24551K [0x00000000e8000000, 0x0000000100000000, 0x0000000100000000)
 Metaspace       used 35227K, capacity 35702K, committed 36044K, reserved 1081344K
  class space    used 3849K, capacity 3992K, committed 4044K, reserved 1048576K
}
2015-12-06T21:26:27.720+0530: 5478.029: Total time for which application threads were stopped: 0.0127134 seconds, Stopping threads took: 0.0000326 seconds
2015-12-06T21:26:29.068+0530: 5479.377: Total time for which application threads were stopped: 0.0016748 seconds, Stopping threads took: 0.0014171 seconds
2015-12-06T21:26:29.191+0530: 5479.499: Total time for which application threads were stopped: 0.0010863 seconds, Stopping threads took: 0.0006731 seconds
2015-12-06T21:26:36.102+0530: 5486.410: Total time for which application threads were stopped: 0.0001850 seconds, Stopping threads took: 0.0000277 seconds
2015-12-06T21:26:36.102+0530: 5486.411: Total time for which application threads were stopped: 0.0000944 seconds, Stopping threads took: 0.0000125 seconds
2015-12-06T21:26:36.103+0530: 5486.411: Total time for which application threads were stopped: 0.0000867 seconds, Stopping threads took: 0.0000109 seconds
2015-12-06T21:26:42.975+0530: 5493.283: Total time for which application threads were stopped: 0.0004978 seconds, Stopping threads took: 0.0002021 seconds
2015-12-06T21:26:44.247+0530: 5494.555: Total time for which application threads were stopped: 0.0003179 seconds, Stopping threads took: 0.0000451 seconds
2015-12-06T21:26:44.248+0530: 5494.556: Total time for which application threads were stopped: 0.0002180 seconds, Stopping threads took: 0.0000359 seconds
2015-12-06T21:26:44.248+0530: 5494.556: Total time for which application threads were stopped: 0.0001870 seconds, Stopping threads took: 0.0000247 seconds
2015-12-06T21:26:51.728+0530: 5502.036: Total time for which application threads were stopped: 0.0003553 seconds, Stopping threads took: 0.0002073 seconds
{Heap before GC invocations=91 (full 1):
 par new generation   total 109248K, used 90973K [0x00000000e0000000, 0x00000000e8000000, 0x00000000e8000000)
  eden space 87424K,  99% used [0x00000000e0000000, 0x00000000e555e6f0, 0x00000000e5560000)
  from space 21824K,  16% used [0x00000000e6ab0000, 0x00000000e6e290e0, 0x00000000e8000000)
  to   space 21824K,   0% used [0x00000000e5560000, 0x00000000e5560000, 0x00000000e6ab0000)
 concurrent mark-sweep generation total 393216K, used 24551K [0x00000000e8000000, 0x0000000100000000, 0x0000000100000000)
 Metaspace       used 35227K, capacity 35702K, committed 36044K, reserved 1081344K
  class space    used 3849K, capacity 3992K, committed 4044K, reserved 1048576K
2015-12-06T21:27:48.265+0530: 5558.574: [GC (Allocation Failure) 5558.574: [ParNew
Desired survivor size 20112992 bytes, new threshold 8 (max 8)
- age   1:    1884136 bytes,    1884136 total
- age   2:     885296 bytes,    2769432 total
- age   3:     267864 bytes,    3037296 total
- age   4:      78120 bytes,    3115416 total
- age   5:     281832 bytes,    3397248 total
- age   6:       8360 bytes,    3405608 total
- age   7:       5176 bytes,    3410784 total
- age   8:       7192 bytes,    3417976 total
: 90973K->4237K(109248K), 0.0121115 secs] 115525K->28795K(502464K), 0.0126223 secs] [Times: user=0.03 sys=0.00, real=0.01 secs] 
Heap after GC invocations=92 (full 1):
 par new generation   total 109248K, used 4237K [0x00000000e0000000, 0x00000000e8000000, 0x00000000e8000000)
  eden space 87424K,   0% used [0x00000000e0000000, 0x00000000e0000000, 0x00000000e5560000)
  from space 21824K,  19% used [0x00000000e5560000, 0x00000000e59837c0, 0x00000000e6ab0000)
  to   space 21824K,   0% used [0x00000000e6ab0000, 0x00000000e6ab0000, 0x00000000e8000000)
 concurrent mark-sweep generation total 393216K, used 24557K [0x00000000e8000000, 0x0000000100000000, 0x0000000100000000)
 Metaspace       used 35227K, capacity 35702K, committed 36044K, reserved 1081344K
  class space    used 3849K, capacity 3992K, committed 4044K, reserved 1048576K
}
2015-12-06T21:27:48.278+0530: 5558.586: Total time for which application threads were stopped: 0.0193364 seconds, Stopping threads took: 0.0060936 seconds
2015-12-06T21:27:48.820+0530: 5559.128: Total time for which application threads were stopped: 0.0010856 seconds, Stopping threads took: 0.0002621 seconds
2015-12-06T21:27:48.821+0530: 5559.129: Total time for which application threads were stopped: 0.0005812 seconds, Stopping threads took: 0.0001552 seconds
2015-12-06T21:27:48.821+0530: 5559.130: Total time for which application threads were stopped: 0.0004784 seconds, Stopping threads took: 0.0002181 seconds
2015-12-06T21:27:48.822+0530: 5559.130: Total time for which application threads were stopped: 0.0002567 seconds, Stopping threads took: 0.0000697 seconds
2015-12-06T21:27:48.822+0530: 5559.130: Total time for which application threads were stopped: 0.0002341 seconds, Stopping threads took: 0.0000773 seconds
2015-12-06T21:27:48.822+0530: 5559.130: Total time for which application threads were stopped: 0.0002269 seconds, Stopping threads took: 0.0000794 seconds
2015-12-06T21:27:48.823+0530: 5559.131: Total time for which application threads were stopped: 0.0001920 seconds, Stopping threads took: 0.0000579 seconds
2015-12-06T21:27:48.823+0530: 5559.131: Total time for which application threads were stopped: 0.0001878 seconds, Stopping threads took: 0.0000566 seconds
2015-12-06T21:27:48.823+0530: 5559.131: Total time for which application threads were stopped: 0.0001714 seconds, Stopping threads took: 0.0000643 seconds
2015-12-06T21:27:55.976+0530: 5566.285: Total time for which application threads were stopped: 0.0007461 seconds, Stopping threads took: 0.0000543 seconds
2015-12-06T21:28:00.745+0530: 5571.054: Total time for which application threads were stopped: 0.0001823 seconds, Stopping threads took: 0.0000501 seconds
2015-12-06T21:28:01.613+0530: 5571.922: Total time for which application threads were stopped: 0.0028427 seconds, Stopping threads took: 0.0026485 seconds
2015-12-06T21:28:02.135+0530: 5572.443: Total time for which application threads were stopped: 0.0005797 seconds, Stopping threads took: 0.0002059 seconds
2015-12-06T21:28:02.139+0530: 5572.448: Total time for which application threads were stopped: 0.0039147 seconds, Stopping threads took: 0.0036597 seconds
2015-12-06T21:28:02.140+0530: 5572.448: Total time for which application threads were stopped: 0.0002204 seconds, Stopping threads took: 0.0000575 seconds
2015-12-06T21:28:19.894+0530: 5590.202: Total time for which application threads were stopped: 0.0002108 seconds, Stopping threads took: 0.0000317 seconds
2015-12-06T21:28:19.894+0530: 5590.202: Total time for which application threads were stopped: 0.0001027 seconds, Stopping threads took: 0.0000150 seconds
2015-12-06T21:28:19.894+0530: 5590.202: Total time for which application threads were stopped: 0.0000953 seconds, Stopping threads took: 0.0000166 seconds
2015-12-06T21:28:40.772+0530: 5611.080: Total time for which application threads were stopped: 0.0004934 seconds, Stopping threads took: 0.0002011 seconds
2015-12-06T21:29:13.069+0530: 5643.377: Total time for which application threads were stopped: 0.0004626 seconds, Stopping threads took: 0.0000929 seconds
{Heap before GC invocations=92 (full 1):
 par new generation   total 109248K, used 91640K [0x00000000e0000000, 0x00000000e8000000, 0x00000000e8000000)
  eden space 87424K,  99% used [0x00000000e0000000, 0x00000000e555a880, 0x00000000e5560000)
  from space 21824K,  19% used [0x00000000e5560000, 0x00000000e59837c0, 0x00000000e6ab0000)
  to   space 21824K,   0% used [0x00000000e6ab0000, 0x00000000e6ab0000, 0x00000000e8000000)
 concurrent mark-sweep generation total 393216K, used 24557K [0x00000000e8000000, 0x0000000100000000, 0x0000000100000000)
 Metaspace       used 35227K, capacity 35702K, committed 36044K, reserved 1081344K
  class space    used 3849K, capacity 3992K, committed 4044K, reserved 1048576K
2015-12-06T21:29:23.397+0530: 5653.705: [GC (Allocation Failure) 5653.705: [ParNew
Desired survivor size 20112992 bytes, new threshold 8 (max 8)
- age   1:    1952968 bytes,    1952968 total
- age   2:     455208 bytes,    2408176 total
- age   3:     310112 bytes,    2718288 total
- age   4:     150216 bytes,    2868504 total
- age   5:      74952 bytes,    2943456 total
- age   6:     212544 bytes,    3156000 total
- age   7:       8360 bytes,    3164360 total
- age   8:       4392 bytes,    3168752 total
: 91640K->3825K(109248K), 0.0257348 secs] 116197K->28389K(502464K), 0.0261554 secs] [Times: user=0.04 sys=0.01, real=0.03 secs] 
Heap after GC invocations=93 (full 1):
 par new generation   total 109248K, used 3825K [0x00000000e0000000, 0x00000000e8000000, 0x00000000e8000000)
  eden space 87424K,   0% used [0x00000000e0000000, 0x00000000e0000000, 0x00000000e5560000)
  from space 21824K,  17% used [0x00000000e6ab0000, 0x00000000e6e6c590, 0x00000000e8000000)
  to   space 21824K,   0% used [0x00000000e5560000, 0x00000000e5560000, 0x00000000e6ab0000)
 concurrent mark-sweep generation total 393216K, used 24564K [0x00000000e8000000, 0x0000000100000000, 0x0000000100000000)
 Metaspace       used 35227K, capacity 35702K, committed 36044K, reserved 1081344K
  class space    used 3849K, capacity 3992K, committed 4044K, reserved 1048576K
}
2015-12-06T21:29:23.423+0530: 5653.731: Total time for which application threads were stopped: 0.0275747 seconds, Stopping threads took: 0.0004135 seconds
2015-12-06T21:29:36.425+0530: 5666.733: Total time for which application threads were stopped: 0.0003960 seconds, Stopping threads took: 0.0000524 seconds
2015-12-06T21:29:37.837+0530: 5668.145: Total time for which application threads were stopped: 0.0006956 seconds, Stopping threads took: 0.0001628 seconds
2015-12-06T21:29:37.840+0530: 5668.148: Total time for which application threads were stopped: 0.0022164 seconds, Stopping threads took: 0.0001380 seconds
2015-12-06T21:29:37.840+0530: 5668.148: Total time for which application threads were stopped: 0.0001732 seconds, Stopping threads took: 0.0000265 seconds
2015-12-06T21:30:11.146+0530: 5701.454: Total time for which application threads were stopped: 0.0001761 seconds, Stopping threads took: 0.0000323 seconds
2015-12-06T21:30:11.146+0530: 5701.454: Total time for which application threads were stopped: 0.0000801 seconds, Stopping threads took: 0.0000203 seconds
2015-12-06T21:30:11.146+0530: 5701.454: Total time for which application threads were stopped: 0.0000758 seconds, Stopping threads took: 0.0000195 seconds
2015-12-06T21:30:28.818+0530: 5719.126: Total time for which application threads were stopped: 0.0002958 seconds, Stopping threads took: 0.0000599 seconds
2015-12-06T21:30:42.820+0530: 5733.128: Total time for which application threads were stopped: 0.0002875 seconds, Stopping threads took: 0.0000524 seconds
2015-12-06T21:31:23.509+0530: 5773.817: Total time for which application threads were stopped: 0.0001587 seconds, Stopping threads took: 0.0000257 seconds
2015-12-06T21:31:25.922+0530: 5776.230: Total time for which application threads were stopped: 1.4136908 seconds, Stopping threads took: 1.4133715 seconds
2015-12-06T21:31:26.226+0530: 5776.534: Total time for which application threads were stopped: 0.2977981 seconds, Stopping threads took: 0.2975182 seconds
2015-12-06T21:31:26.227+0530: 5776.535: Total time for which application threads were stopped: 0.0013028 seconds, Stopping threads took: 0.0009889 seconds
2015-12-06T21:31:26.229+0530: 5776.537: Total time for which application threads were stopped: 0.0012998 seconds, Stopping threads took: 0.0010410 seconds
{Heap before GC invocations=93 (full 1):
 par new generation   total 109248K, used 91248K [0x00000000e0000000, 0x00000000e8000000, 0x00000000e8000000)
  eden space 87424K,  99% used [0x00000000e0000000, 0x00000000e555fc20, 0x00000000e5560000)
  from space 21824K,  17% used [0x00000000e6ab0000, 0x00000000e6e6c590, 0x00000000e8000000)
  to   space 21824K,   0% used [0x00000000e5560000, 0x00000000e5560000, 0x00000000e6ab0000)
 concurrent mark-sweep generation total 393216K, used 24564K [0x00000000e8000000, 0x0000000100000000, 0x0000000100000000)
 Metaspace       used 35227K, capacity 35702K, committed 36044K, reserved 1081344K
  class space    used 3849K, capacity 3992K, committed 4044K, reserved 1048576K
2015-12-06T21:31:30.956+0530: 5781.265: [GC (Allocation Failure) 5781.266: [ParNew
Desired survivor size 20112992 bytes, new threshold 8 (max 8)
- age   1:    1679792 bytes,    1679792 total
- age   2:     725416 bytes,    2405208 total
- age   3:     207496 bytes,    2612704 total
- age   4:     233176 bytes,    2845880 total
- age   5:     140704 bytes,    2986584 total
- age   6:      74144 bytes,    3060728 total
- age   7:       8576 bytes,    3069304 total
- age   8:       8360 bytes,    3077664 total
: 91248K->4446K(109248K), 0.0249056 secs] 115812K->29015K(502464K), 0.0265649 secs] [Times: user=0.04 sys=0.00, real=0.03 secs] 
Heap after GC invocations=94 (full 1):
 par new generation   total 109248K, used 4446K [0x00000000e0000000, 0x00000000e8000000, 0x00000000e8000000)
  eden space 87424K,   0% used [0x00000000e0000000, 0x00000000e0000000, 0x00000000e5560000)
  from space 21824K,  20% used [0x00000000e5560000, 0x00000000e59b7bd0, 0x00000000e6ab0000)
  to   space 21824K,   0% used [0x00000000e6ab0000, 0x00000000e6ab0000, 0x00000000e8000000)
 concurrent mark-sweep generation total 393216K, used 24568K [0x00000000e8000000, 0x0000000100000000, 0x0000000100000000)
 Metaspace       used 35227K, capacity 35702K, committed 36044K, reserved 1081344K
  class space    used 3849K, capacity 3992K, committed 4044K, reserved 1048576K
}
2015-12-06T21:31:30.983+0530: 5781.291: Total time for which application threads were stopped: 0.0276300 seconds, Stopping threads took: 0.0004337 seconds
2015-12-06T21:31:32.191+0530: 5782.499: Total time for which application threads were stopped: 0.2073428 seconds, Stopping threads took: 0.2071713 seconds
2015-12-06T21:31:46.779+0530: 5797.087: Total time for which application threads were stopped: 0.0004279 seconds, Stopping threads took: 0.0000584 seconds
2015-12-06T21:31:47.855+0530: 5798.163: Total time for which application threads were stopped: 0.0004228 seconds, Stopping threads took: 0.0000635 seconds
2015-12-06T21:31:47.857+0530: 5798.165: Total time for which application threads were stopped: 0.0005093 seconds, Stopping threads took: 0.0001827 seconds
2015-12-06T21:31:47.857+0530: 5798.166: Total time for which application threads were stopped: 0.0003223 seconds, Stopping threads took: 0.0000524 seconds
2015-12-06T21:31:47.858+0530: 5798.166: Total time for which application threads were stopped: 0.0004749 seconds, Stopping threads took: 0.0002052 seconds
2015-12-06T21:31:47.860+0530: 5798.168: Total time for which application threads were stopped: 0.0018086 seconds, Stopping threads took: 0.0015476 seconds
2015-12-06T21:31:47.861+0530: 5798.169: Total time for which application threads were stopped: 0.0003861 seconds, Stopping threads took: 0.0001280 seconds
2015-12-06T21:31:47.861+0530: 5798.169: Total time for which application threads were stopped: 0.0002800 seconds, Stopping threads took: 0.0000349 seconds
2015-12-06T21:31:47.861+0530: 5798.169: Total time for which application threads were stopped: 0.0002773 seconds, Stopping threads took: 0.0000522 seconds
2015-12-06T21:31:47.864+0530: 5798.173: Total time for which application threads were stopped: 0.0030566 seconds, Stopping threads took: 0.0028928 seconds
2015-12-06T21:31:47.865+0530: 5798.173: Total time for which application threads were stopped: 0.0001286 seconds, Stopping threads took: 0.0000226 seconds
2015-12-06T21:32:09.691+0530: 5819.999: Total time for which application threads were stopped: 0.0002383 seconds, Stopping threads took: 0.0000346 seconds
2015-12-06T21:32:09.691+0530: 5819.999: Total time for which application threads were stopped: 0.0001285 seconds, Stopping threads took: 0.0000167 seconds
2015-12-06T21:32:09.691+0530: 5820.000: Total time for which application threads were stopped: 0.0001241 seconds, Stopping threads took: 0.0000158 seconds
2015-12-06T21:32:19.537+0530: 5829.845: Total time for which application threads were stopped: 0.0003302 seconds, Stopping threads took: 0.0000550 seconds
2015-12-06T21:32:51.265+0530: 5861.573: Total time for which application threads were stopped: 0.0003515 seconds, Stopping threads took: 0.0000547 seconds
2015-12-06T21:32:56.997+0530: 5867.305: Total time for which application threads were stopped: 0.0002491 seconds, Stopping threads took: 0.0000579 seconds
2015-12-06T21:32:56.998+0530: 5867.306: Total time for which application threads were stopped: 0.0001555 seconds, Stopping threads took: 0.0000697 seconds
2015-12-06T21:32:56.998+0530: 5867.306: Total time for which application threads were stopped: 0.0001330 seconds, Stopping threads took: 0.0000447 seconds
{Heap before GC invocations=94 (full 1):
 par new generation   total 109248K, used 91855K [0x00000000e0000000, 0x00000000e8000000, 0x00000000e8000000)
  eden space 87424K,  99% used [0x00000000e0000000, 0x00000000e555c078, 0x00000000e5560000)
  from space 21824K,  20% used [0x00000000e5560000, 0x00000000e59b7bd0, 0x00000000e6ab0000)
  to   space 21824K,   0% used [0x00000000e6ab0000, 0x00000000e6ab0000, 0x00000000e8000000)
 concurrent mark-sweep generation total 393216K, used 24568K [0x00000000e8000000, 0x0000000100000000, 0x0000000100000000)
 Metaspace       used 35228K, capacity 35702K, committed 36044K, reserved 1081344K
  class space    used 3849K, capacity 3992K, committed 4044K, reserved 1048576K
2015-12-06T21:33:01.551+0530: 5871.859: [GC (Allocation Failure) 5871.860: [ParNew
Desired survivor size 20112992 bytes, new threshold 8 (max 8)
- age   1:    1457728 bytes,    1457728 total
- age   2:     522104 bytes,    1979832 total
- age   3:     204520 bytes,    2184352 total
- age   4:     155072 bytes,    2339424 total
- age   5:     217056 bytes,    2556480 total
- age   6:       4464 bytes,    2560944 total
- age   7:       6416 bytes,    2567360 total
- age   8:       8544 bytes,    2575904 total
: 91855K->3578K(109248K), 0.0161696 secs] 116423K->28154K(502464K), 0.3213929 secs] [Times: user=0.05 sys=0.00, real=0.32 secs] 
Heap after GC invocations=95 (full 1):
 par new generation   total 109248K, used 3578K [0x00000000e0000000, 0x00000000e8000000, 0x00000000e8000000)
  eden space 87424K,   0% used [0x00000000e0000000, 0x00000000e0000000, 0x00000000e5560000)
  from space 21824K,  16% used [0x00000000e6ab0000, 0x00000000e6e2e830, 0x00000000e8000000)
  to   space 21824K,   0% used [0x00000000e5560000, 0x00000000e5560000, 0x00000000e6ab0000)
 concurrent mark-sweep generation total 393216K, used 24576K [0x00000000e8000000, 0x0000000100000000, 0x0000000100000000)
 Metaspace       used 35228K, capacity 35702K, committed 36044K, reserved 1081344K
  class space    used 3849K, capacity 3992K, committed 4044K, reserved 1048576K
}
2015-12-06T21:33:01.873+0530: 5872.181: Total time for which application threads were stopped: 0.7942190 seconds, Stopping threads took: 0.0000672 seconds
2015-12-06T21:33:14.698+0530: 5885.006: Total time for which application threads were stopped: 0.0002059 seconds, Stopping threads took: 0.0000296 seconds
2015-12-06T21:33:14.698+0530: 5885.006: Total time for which application threads were stopped: 0.0001202 seconds, Stopping threads took: 0.0000182 seconds
2015-12-06T21:33:14.698+0530: 5885.007: Total time for which application threads were stopped: 0.0001151 seconds, Stopping threads took: 0.0000174 seconds
2015-12-06T21:33:18.629+0530: 5888.937: Total time for which application threads were stopped: 0.0004997 seconds, Stopping threads took: 0.0001076 seconds
2015-12-06T21:33:18.630+0530: 5888.938: Total time for which application threads were stopped: 0.0003107 seconds, Stopping threads took: 0.0000404 seconds
2015-12-06T21:33:18.630+0530: 5888.938: Total time for which application threads were stopped: 0.0002964 seconds, Stopping threads took: 0.0000408 seconds
2015-12-06T21:33:18.630+0530: 5888.938: Total time for which application threads were stopped: 0.0002795 seconds, Stopping threads took: 0.0000365 seconds
2015-12-06T21:33:49.699+0530: 5920.007: Total time for which application threads were stopped: 0.0002674 seconds, Stopping threads took: 0.0000401 seconds
2015-12-06T21:34:02.259+0530: 5932.567: Total time for which application threads were stopped: 0.0009403 seconds, Stopping threads took: 0.0000507 seconds
2015-12-06T21:34:02.260+0530: 5932.569: Total time for which application threads were stopped: 0.0005570 seconds, Stopping threads took: 0.0000429 seconds
2015-12-06T21:34:40.937+0530: 5971.246: Total time for which application threads were stopped: 0.0037101 seconds, Stopping threads took: 0.0034909 seconds
2015-12-06T21:34:40.940+0530: 5971.248: Total time for which application threads were stopped: 0.0002225 seconds, Stopping threads took: 0.0000328 seconds
2015-12-06T21:34:40.940+0530: 5971.249: Total time for which application threads were stopped: 0.0001042 seconds, Stopping threads took: 0.0000139 seconds
2015-12-06T21:34:40.941+0530: 5971.249: Total time for which application threads were stopped: 0.0000945 seconds, Stopping threads took: 0.0000238 seconds
2015-12-06T21:34:51.134+0530: 5981.442: Total time for which application threads were stopped: 0.0003328 seconds, Stopping threads took: 0.0000560 seconds
2015-12-06T21:34:51.134+0530: 5981.442: Total time for which application threads were stopped: 0.0001971 seconds, Stopping threads took: 0.0000305 seconds
2015-12-06T21:34:51.134+0530: 5981.443: Total time for which application threads were stopped: 0.0001851 seconds, Stopping threads took: 0.0000274 seconds
{Heap before GC invocations=95 (full 1):
 par new generation   total 109248K, used 91001K [0x00000000e0000000, 0x00000000e8000000, 0x00000000e8000000)
  eden space 87424K,  99% used [0x00000000e0000000, 0x00000000e555ffb8, 0x00000000e5560000)
  from space 21824K,  16% used [0x00000000e6ab0000, 0x00000000e6e2e830, 0x00000000e8000000)
  to   space 21824K,   0% used [0x00000000e5560000, 0x00000000e5560000, 0x00000000e6ab0000)
 concurrent mark-sweep generation total 393216K, used 24576K [0x00000000e8000000, 0x0000000100000000, 0x0000000100000000)
 Metaspace       used 35228K, capacity 35702K, committed 36044K, reserved 1081344K
  class space    used 3849K, capacity 3992K, committed 4044K, reserved 1048576K
2015-12-06T21:35:12.673+0530: 6002.981: [GC (Allocation Failure) 6002.982: [ParNew
Desired survivor size 20112992 bytes, new threshold 8 (max 8)
- age   1:    2289016 bytes,    2289016 total
- age   2:     569520 bytes,    2858536 total
- age   3:     277408 bytes,    3135944 total
- age   4:     156392 bytes,    3292336 total
- age   5:     139680 bytes,    3432016 total
- age   6:      10240 bytes,    3442256 total
- age   7:       4464 bytes,    3446720 total
- age   8:       5632 bytes,    3452352 total
: 91001K->4118K(109248K), 0.0109123 secs] 115578K->28703K(502464K), 0.3897422 secs] [Times: user=0.02 sys=0.00, real=0.39 secs] 
Heap after GC invocations=96 (full 1):
 par new generation   total 109248K, used 4118K [0x00000000e0000000, 0x00000000e8000000, 0x00000000e8000000)
  eden space 87424K,   0% used [0x00000000e0000000, 0x00000000e0000000, 0x00000000e5560000)
  from space 21824K,  18% used [0x00000000e5560000, 0x00000000e5965aa8, 0x00000000e6ab0000)
  to   space 21824K,   0% used [0x00000000e6ab0000, 0x00000000e6ab0000, 0x00000000e8000000)
 concurrent mark-sweep generation total 393216K, used 24585K [0x00000000e8000000, 0x0000000100000000, 0x0000000100000000)
 Metaspace       used 35228K, capacity 35702K, committed 36044K, reserved 1081344K
  class space    used 3849K, capacity 3992K, committed 4044K, reserved 1048576K
}
2015-12-06T21:35:13.064+0530: 6003.372: Total time for which application threads were stopped: 0.3916806 seconds, Stopping threads took: 0.0001017 seconds
2015-12-06T21:35:36.067+0530: 6026.375: Total time for which application threads were stopped: 0.0001910 seconds, Stopping threads took: 0.0000297 seconds
2015-12-06T21:35:38.067+0530: 6028.376: Total time for which application threads were stopped: 0.0002981 seconds, Stopping threads took: 0.0000523 seconds
2015-12-06T21:35:59.157+0530: 6049.465: Total time for which application threads were stopped: 0.0001848 seconds, Stopping threads took: 0.0000274 seconds
2015-12-06T21:36:05.982+0530: 6056.290: Total time for which application threads were stopped: 0.0003340 seconds, Stopping threads took: 0.0000555 seconds
2015-12-06T21:36:11.381+0530: 6061.690: Total time for which application threads were stopped: 0.0001959 seconds, Stopping threads took: 0.0000337 seconds
2015-12-06T21:36:11.382+0530: 6061.690: Total time for which application threads were stopped: 0.0001177 seconds, Stopping threads took: 0.0000209 seconds
2015-12-06T21:36:11.382+0530: 6061.690: Total time for which application threads were stopped: 0.0000886 seconds, Stopping threads took: 0.0000116 seconds
2015-12-06T21:36:17.627+0530: 6067.935: Total time for which application threads were stopped: 0.0008172 seconds, Stopping threads took: 0.0006648 seconds
{Heap before GC invocations=96 (full 1):
 par new generation   total 109248K, used 91542K [0x00000000e0000000, 0x00000000e8000000, 0x00000000e8000000)
  eden space 87424K, 100% used [0x00000000e0000000, 0x00000000e5560000, 0x00000000e5560000)
  from space 21824K,  18% used [0x00000000e5560000, 0x00000000e5965aa8, 0x00000000e6ab0000)
  to   space 21824K,   0% used [0x00000000e6ab0000, 0x00000000e6ab0000, 0x00000000e8000000)
 concurrent mark-sweep generation total 393216K, used 24585K [0x00000000e8000000, 0x0000000100000000, 0x0000000100000000)
 Metaspace       used 35228K, capacity 35702K, committed 36044K, reserved 1081344K
  class space    used 3849K, capacity 3992K, committed 4044K, reserved 1048576K
2015-12-06T21:36:41.651+0530: 6091.959: [GC (Allocation Failure) 6091.960: [ParNew
Desired survivor size 20112992 bytes, new threshold 8 (max 8)
- age   1:    1621760 bytes,    1621760 total
- age   2:     809144 bytes,    2430904 total
- age   3:     344440 bytes,    2775344 total
- age   4:     217392 bytes,    2992736 total
- age   5:     143336 bytes,    3136072 total
- age   6:      71952 bytes,    3208024 total
- age   7:       8672 bytes,    3216696 total
- age   8:       4464 bytes,    3221160 total
: 91542K->4431K(109248K), 0.0161467 secs] 116127K->29022K(502464K), 0.4250110 secs] [Times: user=0.04 sys=0.00, real=0.43 secs] 
Heap after GC invocations=97 (full 1):
 par new generation   total 109248K, used 4431K [0x00000000e0000000, 0x00000000e8000000, 0x00000000e8000000)
  eden space 87424K,   0% used [0x00000000e0000000, 0x00000000e0000000, 0x00000000e5560000)
  from space 21824K,  20% used [0x00000000e6ab0000, 0x00000000e6f03f50, 0x00000000e8000000)
  to   space 21824K,   0% used [0x00000000e5560000, 0x00000000e5560000, 0x00000000e6ab0000)
 concurrent mark-sweep generation total 393216K, used 24590K [0x00000000e8000000, 0x0000000100000000, 0x0000000100000000)
 Metaspace       used 35228K, capacity 35702K, committed 36044K, reserved 1081344K
  class space    used 3849K, capacity 3992K, committed 4044K, reserved 1048576K
}
2015-12-06T21:36:42.077+0530: 6092.385: Total time for which application threads were stopped: 0.4258348 seconds, Stopping threads took: 0.0000555 seconds
2015-12-06T21:36:43.648+0530: 6093.956: Total time for which application threads were stopped: 0.0001529 seconds, Stopping threads took: 0.0000274 seconds
2015-12-06T21:36:43.648+0530: 6093.956: Total time for which application threads were stopped: 0.0001028 seconds, Stopping threads took: 0.0000160 seconds
2015-12-06T21:36:51.840+0530: 6102.149: Total time for which application threads were stopped: 0.0003609 seconds, Stopping threads took: 0.0000558 seconds
2015-12-06T21:37:04.740+0530: 6115.048: Total time for which application threads were stopped: 0.0004444 seconds, Stopping threads took: 0.0001408 seconds
2015-12-06T21:37:04.751+0530: 6115.060: Total time for which application threads were stopped: 0.0007493 seconds, Stopping threads took: 0.0005701 seconds
2015-12-06T21:37:04.752+0530: 6115.060: Total time for which application threads were stopped: 0.0001061 seconds, Stopping threads took: 0.0000140 seconds
2015-12-06T21:37:04.752+0530: 6115.060: Total time for which application threads were stopped: 0.0000957 seconds, Stopping threads took: 0.0000107 seconds
2015-12-06T21:37:04.752+0530: 6115.060: Total time for which application threads were stopped: 0.0000910 seconds, Stopping threads took: 0.0000100 seconds
2015-12-06T21:37:04.752+0530: 6115.060: Total time for which application threads were stopped: 0.0003091 seconds, Stopping threads took: 0.0000098 seconds
2015-12-06T21:37:05.753+0530: 6116.061: Total time for which application threads were stopped: 0.0001728 seconds, Stopping threads took: 0.0000267 seconds
2015-12-06T21:37:13.287+0530: 6123.595: Total time for which application threads were stopped: 0.3176700 seconds, Stopping threads took: 0.3173510 seconds
2015-12-06T21:37:13.290+0530: 6123.598: Total time for which application threads were stopped: 0.0022909 seconds, Stopping threads took: 0.0020556 seconds
2015-12-06T21:37:13.293+0530: 6123.601: Total time for which application threads were stopped: 0.0027914 seconds, Stopping threads took: 0.0025175 seconds
2015-12-06T21:37:37.296+0530: 6147.604: Total time for which application threads were stopped: 0.0002094 seconds, Stopping threads took: 0.0000317 seconds
2015-12-06T21:38:03.390+0530: 6173.698: Total time for which application threads were stopped: 0.0003669 seconds, Stopping threads took: 0.0001700 seconds
2015-12-06T21:38:23.656+0530: 6193.964: Total time for which application threads were stopped: 0.0008714 seconds, Stopping threads took: 0.0005404 seconds
2015-12-06T21:38:24.404+0530: 6194.712: Total time for which application threads were stopped: 0.0001930 seconds, Stopping threads took: 0.0000301 seconds
2015-12-06T21:38:25.844+0530: 6196.152: Total time for which application threads were stopped: 0.0001963 seconds, Stopping threads took: 0.0000276 seconds
2015-12-06T21:38:25.844+0530: 6196.152: Total time for which application threads were stopped: 0.0001740 seconds, Stopping threads took: 0.0000753 seconds
2015-12-06T21:38:25.845+0530: 6196.153: Total time for which application threads were stopped: 0.0004334 seconds, Stopping threads took: 0.0000613 seconds
{Heap before GC invocations=97 (full 1):
 par new generation   total 109248K, used 91853K [0x00000000e0000000, 0x00000000e8000000, 0x00000000e8000000)
  eden space 87424K,  99% used [0x00000000e0000000, 0x00000000e555f6d0, 0x00000000e5560000)
  from space 21824K,  20% used [0x00000000e6ab0000, 0x00000000e6f03f50, 0x00000000e8000000)
  to   space 21824K,   0% used [0x00000000e5560000, 0x00000000e5560000, 0x00000000e6ab0000)
 concurrent mark-sweep generation total 393216K, used 24590K [0x00000000e8000000, 0x0000000100000000, 0x0000000100000000)
 Metaspace       used 35230K, capacity 35702K, committed 36044K, reserved 1081344K
  class space    used 3849K, capacity 3992K, committed 4044K, reserved 1048576K
2015-12-06T21:38:25.905+0530: 6196.213: [GC (Allocation Failure) 6196.214: [ParNew
Desired survivor size 20112992 bytes, new threshold 8 (max 8)
- age   1:    1793808 bytes,    1793808 total
- age   2:     449136 bytes,    2242944 total
- age   3:     374720 bytes,    2617664 total
- age   4:     151072 bytes,    2768736 total
- age   5:     213608 bytes,    2982344 total
- age   6:      75608 bytes,    3057952 total
- age   7:       4224 bytes,    3062176 total
- age   8:       8672 bytes,    3070848 total
: 91853K->3497K(109248K), 0.0119833 secs] 116444K->28093K(502464K), 0.0121965 secs] [Times: user=0.02 sys=0.00, real=0.01 secs] 
Heap after GC invocations=98 (full 1):
 par new generation   total 109248K, used 3497K [0x00000000e0000000, 0x00000000e8000000, 0x00000000e8000000)
  eden space 87424K,   0% used [0x00000000e0000000, 0x00000000e0000000, 0x00000000e5560000)
  from space 21824K,  16% used [0x00000000e5560000, 0x00000000e58ca780, 0x00000000e6ab0000)
  to   space 21824K,   0% used [0x00000000e6ab0000, 0x00000000e6ab0000, 0x00000000e8000000)
 concurrent mark-sweep generation total 393216K, used 24595K [0x00000000e8000000, 0x0000000100000000, 0x0000000100000000)
 Metaspace       used 35230K, capacity 35702K, committed 36044K, reserved 1081344K
  class space    used 3849K, capacity 3992K, committed 4044K, reserved 1048576K
}
2015-12-06T21:38:25.918+0530: 6196.226: Total time for which application threads were stopped: 0.0129369 seconds, Stopping threads took: 0.0000341 seconds
2015-12-06T21:38:25.970+0530: 6196.278: Total time for which application threads were stopped: 0.0001887 seconds, Stopping threads took: 0.0000282 seconds
2015-12-06T21:39:05.149+0530: 6235.457: Total time for which application threads were stopped: 0.0003592 seconds, Stopping threads took: 0.0000713 seconds
2015-12-06T21:39:09.084+0530: 6239.392: Total time for which application threads were stopped: 0.0003319 seconds, Stopping threads took: 0.0000630 seconds
2015-12-06T21:39:10.934+0530: 6241.242: Total time for which application threads were stopped: 0.0022746 seconds, Stopping threads took: 0.0019788 seconds
2015-12-06T21:39:11.634+0530: 6241.942: Total time for which application threads were stopped: 0.0040329 seconds, Stopping threads took: 0.0033475 seconds
2015-12-06T21:39:11.636+0530: 6241.944: Total time for which application threads were stopped: 0.0011286 seconds, Stopping threads took: 0.0002939 seconds
2015-12-06T21:39:11.637+0530: 6241.945: Total time for which application threads were stopped: 0.0003555 seconds, Stopping threads took: 0.0001589 seconds
2015-12-06T21:39:34.899+0530: 6265.207: Total time for which application threads were stopped: 0.0003606 seconds, Stopping threads took: 0.0000602 seconds
2015-12-06T21:39:38.740+0530: 6269.048: Total time for which application threads were stopped: 0.0003830 seconds, Stopping threads took: 0.0002423 seconds
2015-12-06T21:39:38.742+0530: 6269.050: Total time for which application threads were stopped: 0.0001736 seconds, Stopping threads took: 0.0000496 seconds
2015-12-06T21:39:50.841+0530: 6281.149: Total time for which application threads were stopped: 0.0010650 seconds, Stopping threads took: 0.0006058 seconds
2015-12-06T21:39:50.841+0530: 6281.149: Total time for which application threads were stopped: 0.0002393 seconds, Stopping threads took: 0.0000282 seconds
2015-12-06T21:39:50.841+0530: 6281.150: Total time for which application threads were stopped: 0.0000960 seconds, Stopping threads took: 0.0000333 seconds
2015-12-06T21:39:53.662+0530: 6283.970: Total time for which application threads were stopped: 0.0001503 seconds, Stopping threads took: 0.0000212 seconds
2015-12-06T21:39:53.662+0530: 6283.970: Total time for which application threads were stopped: 0.0000709 seconds, Stopping threads took: 0.0000106 seconds
2015-12-06T21:40:09.418+0530: 6299.727: Total time for which application threads were stopped: 0.0004683 seconds, Stopping threads took: 0.0001443 seconds
{Heap before GC invocations=98 (full 1):
 par new generation   total 109248K, used 90921K [0x00000000e0000000, 0x00000000e8000000, 0x00000000e8000000)
  eden space 87424K, 100% used [0x00000000e0000000, 0x00000000e5560000, 0x00000000e5560000)
  from space 21824K,  16% used [0x00000000e5560000, 0x00000000e58ca780, 0x00000000e6ab0000)
  to   space 21824K,   0% used [0x00000000e6ab0000, 0x00000000e6ab0000, 0x00000000e8000000)
 concurrent mark-sweep generation total 393216K, used 24595K [0x00000000e8000000, 0x0000000100000000, 0x0000000100000000)
 Metaspace       used 35230K, capacity 35702K, committed 36044K, reserved 1081344K
  class space    used 3849K, capacity 3992K, committed 4044K, reserved 1048576K
2015-12-06T21:40:09.881+0530: 6300.189: [GC (Allocation Failure) 6300.589: [ParNew
Desired survivor size 20112992 bytes, new threshold 8 (max 8)
- age   1:    2199960 bytes,    2199960 total
- age   2:     597560 bytes,    2797520 total
- age   3:     212584 bytes,    3010104 total
- age   4:     223696 bytes,    3233800 total
- age   5:     140216 bytes,    3374016 total
- age   6:       8088 bytes,    3382104 total
- age   7:       6328 bytes,    3388432 total
- age   8:       4224 bytes,    3392656 total
: 90921K->4983K(109248K), 0.0081800 secs] 115517K->29587K(502464K), 0.5301786 secs] [Times: user=0.02 sys=0.00, real=0.53 secs] 
Heap after GC invocations=99 (full 1):
 par new generation   total 109248K, used 4983K [0x00000000e0000000, 0x00000000e8000000, 0x00000000e8000000)
  eden space 87424K,   0% used [0x00000000e0000000, 0x00000000e0000000, 0x00000000e5560000)
  from space 21824K,  22% used [0x00000000e6ab0000, 0x00000000e6f8de20, 0x00000000e8000000)
  to   space 21824K,   0% used [0x00000000e5560000, 0x00000000e5560000, 0x00000000e6ab0000)
 concurrent mark-sweep generation total 393216K, used 24603K [0x00000000e8000000, 0x0000000100000000, 0x0000000100000000)
 Metaspace       used 35230K, capacity 35702K, committed 36044K, reserved 1081344K
  class space    used 3849K, capacity 3992K, committed 4044K, reserved 1048576K
}
2015-12-06T21:40:10.411+0530: 6300.720: Total time for which application threads were stopped: 0.5311649 seconds, Stopping threads took: 0.0000863 seconds
2015-12-06T21:40:27.592+0530: 6317.900: Total time for which application threads were stopped: 0.0003157 seconds, Stopping threads took: 0.0000447 seconds
2015-12-06T21:40:27.592+0530: 6317.900: Total time for which application threads were stopped: 0.0001969 seconds, Stopping threads took: 0.0000244 seconds
2015-12-06T21:40:27.592+0530: 6317.901: Total time for which application threads were stopped: 0.0001867 seconds, Stopping threads took: 0.0000331 seconds
2015-12-06T21:40:35.525+0530: 6325.833: Total time for which application threads were stopped: 0.0002133 seconds, Stopping threads took: 0.0000356 seconds
2015-12-06T21:41:14.598+0530: 6364.907: Total time for which application threads were stopped: 0.0003801 seconds, Stopping threads took: 0.0000588 seconds
2015-12-06T21:41:14.924+0530: 6365.232: Total time for which application threads were stopped: 0.0004696 seconds, Stopping threads took: 0.0000301 seconds
2015-12-06T21:41:15.020+0530: 6365.328: Total time for which application threads were stopped: 0.0088673 seconds, Stopping threads took: 0.0087069 seconds
2015-12-06T21:41:31.153+0530: 6381.461: Total time for which application threads were stopped: 0.0006689 seconds, Stopping threads took: 0.0001245 seconds
2015-12-06T21:41:32.007+0530: 6382.315: Total time for which application threads were stopped: 0.0004100 seconds, Stopping threads took: 0.0000734 seconds
2015-12-06T21:41:32.008+0530: 6382.316: Total time for which application threads were stopped: 0.0002730 seconds, Stopping threads took: 0.0000411 seconds
2015-12-06T21:41:32.008+0530: 6382.316: Total time for which application threads were stopped: 0.0002141 seconds, Stopping threads took: 0.0000367 seconds
{Heap before GC invocations=99 (full 1):
 par new generation   total 109248K, used 92381K [0x00000000e0000000, 0x00000000e8000000, 0x00000000e8000000)
  eden space 87424K,  99% used [0x00000000e0000000, 0x00000000e5559868, 0x00000000e5560000)
  from space 21824K,  22% used [0x00000000e6ab0000, 0x00000000e6f8de20, 0x00000000e8000000)
  to   space 21824K,   0% used [0x00000000e5560000, 0x00000000e5560000, 0x00000000e6ab0000)
 concurrent mark-sweep generation total 393216K, used 24603K [0x00000000e8000000, 0x0000000100000000, 0x0000000100000000)
 Metaspace       used 35230K, capacity 35702K, committed 36044K, reserved 1081344K
  class space    used 3849K, capacity 3992K, committed 4044K, reserved 1048576K
2015-12-06T21:41:57.116+0530: 6407.425: [GC (Allocation Failure) 6407.425: [ParNew
Desired survivor size 20112992 bytes, new threshold 8 (max 8)
- age   1:    2121016 bytes,    2121016 total
- age   2:     517192 bytes,    2638208 total
- age   3:     177720 bytes,    2815928 total
- age   4:      87088 bytes,    2903016 total
- age   5:     212608 bytes,    3115624 total
- age   6:      72488 bytes,    3188112 total
- age   7:       8088 bytes,    3196200 total
- age   8:       6328 bytes,    3202528 total
: 92381K->4113K(109248K), 0.0128607 secs] 116985K->28721K(502464K), 0.4241283 secs] [Times: user=0.04 sys=0.00, real=0.42 secs] 
Heap after GC invocations=100 (full 1):
 par new generation   total 109248K, used 4113K [0x00000000e0000000, 0x00000000e8000000, 0x00000000e8000000)
  eden space 87424K,   0% used [0x00000000e0000000, 0x00000000e0000000, 0x00000000e5560000)
  from space 21824K,  18% used [0x00000000e5560000, 0x00000000e5964670, 0x00000000e6ab0000)
  to   space 21824K,   0% used [0x00000000e6ab0000, 0x00000000e6ab0000, 0x00000000e8000000)
 concurrent mark-sweep generation total 393216K, used 24607K [0x00000000e8000000, 0x0000000100000000, 0x0000000100000000)
 Metaspace       used 35230K, capacity 35702K, committed 36044K, reserved 1081344K
  class space    used 3849K, capacity 3992K, committed 4044K, reserved 1048576K
}
2015-12-06T21:41:57.541+0530: 6407.850: Total time for which application threads were stopped: 0.4255014 seconds, Stopping threads took: 0.0002003 seconds
2015-12-06T21:42:22.392+0530: 6432.700: Total time for which application threads were stopped: 0.0003443 seconds, Stopping threads took: 0.0000687 seconds
2015-12-06T21:42:26.489+0530: 6436.797: Total time for which application threads were stopped: 0.0003025 seconds, Stopping threads took: 0.0000386 seconds
2015-12-06T21:42:26.490+0530: 6436.798: Total time for which application threads were stopped: 0.0002131 seconds, Stopping threads took: 0.0000275 seconds
2015-12-06T21:42:26.490+0530: 6436.798: Total time for which application threads were stopped: 0.0001753 seconds, Stopping threads took: 0.0000228 seconds
2015-12-06T21:42:40.492+0530: 6450.800: Total time for which application threads were stopped: 0.0002925 seconds, Stopping threads took: 0.0000567 seconds
2015-12-06T21:42:47.494+0530: 6457.802: Total time for which application threads were stopped: 0.0003293 seconds, Stopping threads took: 0.0000520 seconds
{Heap before GC invocations=100 (full 1):
 par new generation   total 109248K, used 91537K [0x00000000e0000000, 0x00000000e8000000, 0x00000000e8000000)
  eden space 87424K, 100% used [0x00000000e0000000, 0x00000000e5560000, 0x00000000e5560000)
  from space 21824K,  18% used [0x00000000e5560000, 0x00000000e5964670, 0x00000000e6ab0000)
  to   space 21824K,   0% used [0x00000000e6ab0000, 0x00000000e6ab0000, 0x00000000e8000000)
 concurrent mark-sweep generation total 393216K, used 24607K [0x00000000e8000000, 0x0000000100000000, 0x0000000100000000)
 Metaspace       used 35231K, capacity 35702K, committed 36044K, reserved 1081344K
  class space    used 3849K, capacity 3992K, committed 4044K, reserved 1048576K
2015-12-06T21:43:20.547+0530: 6490.855: [GC (Allocation Failure) 6490.856: [ParNew
Desired survivor size 20112992 bytes, new threshold 8 (max 8)
- age   1:    1646072 bytes,    1646072 total
- age   2:    1134496 bytes,    2780568 total
- age   3:     490680 bytes,    3271248 total
- age   4:     177720 bytes,    3448968 total
- age   5:      86312 bytes,    3535280 total
- age   6:     209464 bytes,    3744744 total
- age   7:       4760 bytes,    3749504 total
- age   8:       8056 bytes,    3757560 total
: 91537K->4181K(109248K), 0.0229258 secs] 116145K->28795K(502464K), 0.0238470 secs] [Times: user=0.06 sys=0.00, real=0.02 secs] 
Heap after GC invocations=101 (full 1):
 par new generation   total 109248K, used 4181K [0x00000000e0000000, 0x00000000e8000000, 0x00000000e8000000)
  eden space 87424K,   0% used [0x00000000e0000000, 0x00000000e0000000, 0x00000000e5560000)
  from space 21824K,  19% used [0x00000000e6ab0000, 0x00000000e6ec5770, 0x00000000e8000000)
  to   space 21824K,   0% used [0x00000000e5560000, 0x00000000e5560000, 0x00000000e6ab0000)
 concurrent mark-sweep generation total 393216K, used 24613K [0x00000000e8000000, 0x0000000100000000, 0x0000000100000000)
 Metaspace       used 35231K, capacity 35702K, committed 36044K, reserved 1081344K
  class space    used 3849K, capacity 3992K, committed 4044K, reserved 1048576K
}
2015-12-06T21:43:20.571+0530: 6490.879: Total time for which application threads were stopped: 0.0244720 seconds, Stopping threads took: 0.0001299 seconds
2015-12-06T21:43:32.743+0530: 6503.051: Total time for which application threads were stopped: 0.0048549 seconds, Stopping threads took: 0.0034851 seconds
2015-12-06T21:43:32.745+0530: 6503.053: Total time for which application threads were stopped: 0.0002103 seconds, Stopping threads took: 0.0000305 seconds
2015-12-06T21:44:01.302+0530: 6531.610: Total time for which application threads were stopped: 0.0001811 seconds, Stopping threads took: 0.0000323 seconds
2015-12-06T21:44:01.307+0530: 6531.615: Total time for which application threads were stopped: 0.0001611 seconds, Stopping threads took: 0.0000284 seconds
2015-12-06T21:44:02.097+0530: 6532.406: Total time for which application threads were stopped: 0.0001370 seconds, Stopping threads took: 0.0000262 seconds
2015-12-06T21:44:02.185+0530: 6532.493: Total time for which application threads were stopped: 0.0002188 seconds, Stopping threads took: 0.0000366 seconds
2015-12-06T21:44:02.197+0530: 6532.505: Total time for which application threads were stopped: 0.0007829 seconds, Stopping threads took: 0.0000849 seconds
2015-12-06T21:44:02.198+0530: 6532.506: Total time for which application threads were stopped: 0.0005014 seconds, Stopping threads took: 0.0000613 seconds
2015-12-06T21:44:02.199+0530: 6532.507: Total time for which application threads were stopped: 0.0004556 seconds, Stopping threads took: 0.0000928 seconds
2015-12-06T21:44:02.263+0530: 6532.571: Total time for which application threads were stopped: 0.0002016 seconds, Stopping threads took: 0.0000288 seconds
2015-12-06T21:44:02.263+0530: 6532.572: Total time for which application threads were stopped: 0.0001070 seconds, Stopping threads took: 0.0000145 seconds
2015-12-06T21:44:02.264+0530: 6532.572: Total time for which application threads were stopped: 0.0000897 seconds, Stopping threads took: 0.0000113 seconds
2015-12-06T21:44:11.265+0530: 6541.573: Total time for which application threads were stopped: 0.0002433 seconds, Stopping threads took: 0.0000485 seconds
2015-12-06T21:44:28.564+0530: 6558.872: Total time for which application threads were stopped: 0.0003138 seconds, Stopping threads took: 0.0000610 seconds
2015-12-06T21:44:30.565+0530: 6560.873: Total time for which application threads were stopped: 0.0002909 seconds, Stopping threads took: 0.0000520 seconds
2015-12-06T21:44:48.567+0530: 6578.875: Total time for which application threads were stopped: 0.0002821 seconds, Stopping threads took: 0.0000528 seconds
2015-12-06T21:44:49.568+0530: 6579.876: Total time for which application threads were stopped: 0.0003079 seconds, Stopping threads took: 0.0000511 seconds
2015-12-06T21:44:50.568+0530: 6580.876: Total time for which application threads were stopped: 0.0003180 seconds, Stopping threads took: 0.0000512 seconds
2015-12-06T21:44:51.569+0530: 6581.877: Total time for which application threads were stopped: 0.0002935 seconds, Stopping threads took: 0.0000504 seconds
2015-12-06T21:44:51.966+0530: 6582.274: Total time for which application threads were stopped: 0.0005516 seconds, Stopping threads took: 0.0003967 seconds
2015-12-06T21:44:51.984+0530: 6582.292: Total time for which application threads were stopped: 0.0003007 seconds, Stopping threads took: 0.0001014 seconds
2015-12-06T21:44:52.985+0530: 6583.293: Total time for which application threads were stopped: 0.0003157 seconds, Stopping threads took: 0.0000505 seconds
2015-12-06T21:44:56.183+0530: 6586.491: Total time for which application threads were stopped: 0.0004875 seconds, Stopping threads took: 0.0001990 seconds
2015-12-06T21:44:57.184+0530: 6587.492: Total time for which application threads were stopped: 0.0003603 seconds, Stopping threads took: 0.0000540 seconds
2015-12-06T21:45:00.185+0530: 6590.493: Total time for which application threads were stopped: 0.0002708 seconds, Stopping threads took: 0.0000452 seconds
2015-12-06T21:45:01.383+0530: 6591.691: Total time for which application threads were stopped: 0.1490397 seconds, Stopping threads took: 0.1487121 seconds
2015-12-06T21:45:01.384+0530: 6591.692: Total time for which application threads were stopped: 0.0011254 seconds, Stopping threads took: 0.0008556 seconds
2015-12-06T21:45:01.385+0530: 6591.693: Total time for which application threads were stopped: 0.0004478 seconds, Stopping threads took: 0.0002089 seconds
2015-12-06T21:45:11.478+0530: 6601.787: Total time for which application threads were stopped: 0.0925285 seconds, Stopping threads took: 0.0922392 seconds
2015-12-06T21:45:12.479+0530: 6602.787: Total time for which application threads were stopped: 0.0002569 seconds, Stopping threads took: 0.0000457 seconds
2015-12-06T21:45:16.480+0530: 6606.788: Total time for which application threads were stopped: 0.0003304 seconds, Stopping threads took: 0.0000545 seconds
2015-12-06T21:45:17.480+0530: 6607.788: Total time for which application threads were stopped: 0.0001579 seconds, Stopping threads took: 0.0000283 seconds
2015-12-06T21:45:19.480+0530: 6609.789: Total time for which application threads were stopped: 0.0001750 seconds, Stopping threads took: 0.0000306 seconds
2015-12-06T21:45:20.140+0530: 6610.448: Total time for which application threads were stopped: 0.0062400 seconds, Stopping threads took: 0.0060364 seconds
2015-12-06T21:45:20.140+0530: 6610.448: Total time for which application threads were stopped: 0.0001586 seconds, Stopping threads took: 0.0000591 seconds
2015-12-06T21:45:20.140+0530: 6610.448: Total time for which application threads were stopped: 0.0001379 seconds, Stopping threads took: 0.0000603 seconds
{Heap before GC invocations=101 (full 1):
 par new generation   total 109248K, used 91605K [0x00000000e0000000, 0x00000000e8000000, 0x00000000e8000000)
  eden space 87424K, 100% used [0x00000000e0000000, 0x00000000e5560000, 0x00000000e5560000)
  from space 21824K,  19% used [0x00000000e6ab0000, 0x00000000e6ec5770, 0x00000000e8000000)
  to   space 21824K,   0% used [0x00000000e5560000, 0x00000000e5560000, 0x00000000e6ab0000)
 concurrent mark-sweep generation total 393216K, used 24613K [0x00000000e8000000, 0x0000000100000000, 0x0000000100000000)
 Metaspace       used 35242K, capacity 35702K, committed 36044K, reserved 1081344K
  class space    used 3850K, capacity 3992K, committed 4044K, reserved 1048576K
2015-12-06T21:45:20.163+0530: 6610.472: [GC (Allocation Failure) 6610.472: [ParNew
Desired survivor size 20112992 bytes, new threshold 8 (max 8)
- age   1:    2403960 bytes,    2403960 total
- age   2:     314888 bytes,    2718848 total
- age   3:     194776 bytes,    2913624 total
- age   4:     147328 bytes,    3060952 total
- age   5:     149968 bytes,    3210920 total
- age   6:       6624 bytes,    3217544 total
- age   7:       5552 bytes,    3223096 total
- age   8:       4760 bytes,    3227856 total
: 91605K->3646K(109248K), 0.0177442 secs] 116219K->28268K(502464K), 0.8899191 secs] [Times: user=0.04 sys=0.01, real=0.89 secs] 
Heap after GC invocations=102 (full 1):
 par new generation   total 109248K, used 3646K [0x00000000e0000000, 0x00000000e8000000, 0x00000000e8000000)
  eden space 87424K,   0% used [0x00000000e0000000, 0x00000000e0000000, 0x00000000e5560000)
  from space 21824K,  16% used [0x00000000e5560000, 0x00000000e58ef8d8, 0x00000000e6ab0000)
  to   space 21824K,   0% used [0x00000000e6ab0000, 0x00000000e6ab0000, 0x00000000e8000000)
 concurrent mark-sweep generation total 393216K, used 24621K [0x00000000e8000000, 0x0000000100000000, 0x0000000100000000)
 Metaspace       used 35242K, capacity 35702K, committed 36044K, reserved 1081344K
  class space    used 3850K, capacity 3992K, committed 4044K, reserved 1048576K
}
2015-12-06T21:45:21.054+0530: 6611.363: Total time for which application threads were stopped: 0.8976957 seconds, Stopping threads took: 0.0065601 seconds
2015-12-06T21:45:22.055+0530: 6612.363: Total time for which application threads were stopped: 0.0002673 seconds, Stopping threads took: 0.0000539 seconds
2015-12-06T21:45:23.055+0530: 6613.363: Total time for which application threads were stopped: 0.0002625 seconds, Stopping threads took: 0.0000467 seconds
2015-12-06T21:45:49.058+0530: 6639.367: Total time for which application threads were stopped: 0.0001706 seconds, Stopping threads took: 0.0000303 seconds
2015-12-06T21:46:14.062+0530: 6664.370: Total time for which application threads were stopped: 0.0003241 seconds, Stopping threads took: 0.0000549 seconds
2015-12-06T21:46:32.806+0530: 6683.114: Total time for which application threads were stopped: 0.0002843 seconds, Stopping threads took: 0.0000463 seconds
2015-12-06T21:46:44.763+0530: 6695.071: Total time for which application threads were stopped: 0.0004892 seconds, Stopping threads took: 0.0001393 seconds
2015-12-06T21:46:48.764+0530: 6699.072: Total time for which application threads were stopped: 0.0002998 seconds, Stopping threads took: 0.0000540 seconds
2015-12-06T21:46:53.265+0530: 6703.573: Total time for which application threads were stopped: 0.0003241 seconds, Stopping threads took: 0.0001921 seconds
2015-12-06T21:46:55.266+0530: 6705.574: Total time for which application threads were stopped: 0.0001645 seconds, Stopping threads took: 0.0000306 seconds
{Heap before GC invocations=102 (full 1):
 par new generation   total 109248K, used 91070K [0x00000000e0000000, 0x00000000e8000000, 0x00000000e8000000)
  eden space 87424K, 100% used [0x00000000e0000000, 0x00000000e5560000, 0x00000000e5560000)
  from space 21824K,  16% used [0x00000000e5560000, 0x00000000e58ef8d8, 0x00000000e6ab0000)
  to   space 21824K,   0% used [0x00000000e6ab0000, 0x00000000e6ab0000, 0x00000000e8000000)
 concurrent mark-sweep generation total 393216K, used 24621K [0x00000000e8000000, 0x0000000100000000, 0x0000000100000000)
 Metaspace       used 35242K, capacity 35702K, committed 36044K, reserved 1081344K
  class space    used 3850K, capacity 3992K, committed 4044K, reserved 1048576K
2015-12-06T21:46:55.714+0530: 6706.022: [GC (Allocation Failure) 6706.434: [ParNew
Desired survivor size 20112992 bytes, new threshold 8 (max 8)
- age   1:    1771528 bytes,    1771528 total
- age   2:    1341152 bytes,    3112680 total
- age   3:      94720 bytes,    3207400 total
- age   4:     151888 bytes,    3359288 total
- age   5:     144136 bytes,    3503424 total
- age   6:      82176 bytes,    3585600 total
- age   7:       4280 bytes,    3589880 total
- age   8:       5552 bytes,    3595432 total
: 91070K->5413K(109248K), 0.0152038 secs] 115692K->30039K(502464K), 0.6904683 secs] [Times: user=0.03 sys=0.00, real=0.69 secs] 
Heap after GC invocations=103 (full 1):
 par new generation   total 109248K, used 5413K [0x00000000e0000000, 0x00000000e8000000, 0x00000000e8000000)
  eden space 87424K,   0% used [0x00000000e0000000, 0x00000000e0000000, 0x00000000e5560000)
  from space 21824K,  24% used [0x00000000e6ab0000, 0x00000000e6ff95d8, 0x00000000e8000000)
  to   space 21824K,   0% used [0x00000000e5560000, 0x00000000e5560000, 0x00000000e6ab0000)
 concurrent mark-sweep generation total 393216K, used 24626K [0x00000000e8000000, 0x0000000100000000, 0x0000000100000000)
 Metaspace       used 35242K, capacity 35702K, committed 36044K, reserved 1081344K
  class space    used 3850K, capacity 3992K, committed 4044K, reserved 1048576K
}
2015-12-06T21:46:56.405+0530: 6706.713: Total time for which application threads were stopped: 0.6913859 seconds, Stopping threads took: 0.0000472 seconds
2015-12-06T21:46:58.286+0530: 6708.594: Total time for which application threads were stopped: 0.0014078 seconds, Stopping threads took: 0.0011146 seconds
2015-12-06T21:46:58.287+0530: 6708.595: Total time for which application threads were stopped: 0.0003077 seconds, Stopping threads took: 0.0001007 seconds
2015-12-06T21:46:58.287+0530: 6708.595: Total time for which application threads were stopped: 0.0003193 seconds, Stopping threads took: 0.0001325 seconds
2015-12-06T21:46:59.288+0530: 6709.596: Total time for which application threads were stopped: 0.0004155 seconds, Stopping threads took: 0.0000691 seconds
2015-12-06T21:47:03.289+0530: 6713.597: Total time for which application threads were stopped: 0.0002966 seconds, Stopping threads took: 0.0000521 seconds
2015-12-06T21:47:11.671+0530: 6721.980: Total time for which application threads were stopped: 0.0002304 seconds, Stopping threads took: 0.0000322 seconds
2015-12-06T21:47:11.672+0530: 6721.980: Total time for which application threads were stopped: 0.0001249 seconds, Stopping threads took: 0.0000162 seconds
2015-12-06T21:47:11.672+0530: 6721.980: Total time for which application threads were stopped: 0.0001160 seconds, Stopping threads took: 0.0000146 seconds
2015-12-06T21:47:12.400+0530: 6722.708: Total time for which application threads were stopped: 0.0004685 seconds, Stopping threads took: 0.0001156 seconds
2015-12-06T21:47:14.277+0530: 6724.585: Total time for which application threads were stopped: 0.0002000 seconds, Stopping threads took: 0.0000539 seconds
2015-12-06T21:47:21.278+0530: 6731.586: Total time for which application threads were stopped: 0.0003334 seconds, Stopping threads took: 0.0000520 seconds
2015-12-06T21:47:42.960+0530: 6753.268: Total time for which application threads were stopped: 0.0002800 seconds, Stopping threads took: 0.0000607 seconds
2015-12-06T21:47:43.960+0530: 6754.268: Total time for which application threads were stopped: 0.0003099 seconds, Stopping threads took: 0.0000447 seconds
2015-12-06T21:48:11.875+0530: 6782.184: Total time for which application threads were stopped: 0.0002125 seconds, Stopping threads took: 0.0000282 seconds
2015-12-06T21:48:33.879+0530: 6804.187: Total time for which application threads were stopped: 0.0003241 seconds, Stopping threads took: 0.0000498 seconds
2015-12-06T21:48:58.464+0530: 6828.773: Total time for which application threads were stopped: 0.0002028 seconds, Stopping threads took: 0.0000256 seconds
2015-12-06T21:49:19.636+0530: 6849.944: Total time for which application threads were stopped: 0.0004409 seconds, Stopping threads took: 0.0000676 seconds
2015-12-06T21:49:20.636+0530: 6850.944: Total time for which application threads were stopped: 0.0001508 seconds, Stopping threads took: 0.0000326 seconds
2015-12-06T21:50:10.643+0530: 6900.951: Total time for which application threads were stopped: 0.0002684 seconds, Stopping threads took: 0.0000813 seconds
2015-12-06T21:50:29.632+0530: 6919.941: Total time for which application threads were stopped: 0.0036030 seconds, Stopping threads took: 0.0033544 seconds
2015-12-06T21:50:29.634+0530: 6919.942: Total time for which application threads were stopped: 0.0010307 seconds, Stopping threads took: 0.0008908 seconds
2015-12-06T21:50:29.635+0530: 6919.943: Total time for which application threads were stopped: 0.0004248 seconds, Stopping threads took: 0.0000466 seconds
2015-12-06T21:50:29.663+0530: 6919.971: Total time for which application threads were stopped: 0.0033148 seconds, Stopping threads took: 0.0031337 seconds
{Heap before GC invocations=103 (full 1):
 par new generation   total 109248K, used 92837K [0x00000000e0000000, 0x00000000e8000000, 0x00000000e8000000)
  eden space 87424K, 100% used [0x00000000e0000000, 0x00000000e5560000, 0x00000000e5560000)
  from space 21824K,  24% used [0x00000000e6ab0000, 0x00000000e6ff95d8, 0x00000000e8000000)
  to   space 21824K,   0% used [0x00000000e5560000, 0x00000000e5560000, 0x00000000e6ab0000)
 concurrent mark-sweep generation total 393216K, used 24626K [0x00000000e8000000, 0x0000000100000000, 0x0000000100000000)
 Metaspace       used 35262K, capacity 35708K, committed 36044K, reserved 1081344K
  class space    used 3852K, capacity 3993K, committed 4044K, reserved 1048576K
2015-12-06T21:50:29.690+0530: 6919.998: [GC (Allocation Failure) 6919.998: [ParNew
Desired survivor size 20112992 bytes, new threshold 8 (max 8)
- age   1:    2873688 bytes,    2873688 total
- age   2:     220040 bytes,    3093728 total
- age   3:     342496 bytes,    3436224 total
- age   4:      87056 bytes,    3523280 total
- age   5:     149744 bytes,    3673024 total
- age   6:      73296 bytes,    3746320 total
- age   7:      14448 bytes,    3760768 total
- age   8:       4280 bytes,    3765048 total
: 92837K->4383K(109248K), 0.0161708 secs] 117463K->29015K(502464K), 0.0164001 secs] [Times: user=0.03 sys=0.00, real=0.02 secs] 
Heap after GC invocations=104 (full 1):
 par new generation   total 109248K, used 4383K [0x00000000e0000000, 0x00000000e8000000, 0x00000000e8000000)
  eden space 87424K,   0% used [0x00000000e0000000, 0x00000000e0000000, 0x00000000e5560000)
  from space 21824K,  20% used [0x00000000e5560000, 0x00000000e59a7fd0, 0x00000000e6ab0000)
  to   space 21824K,   0% used [0x00000000e6ab0000, 0x00000000e6ab0000, 0x00000000e8000000)
 concurrent mark-sweep generation total 393216K, used 24631K [0x00000000e8000000, 0x0000000100000000, 0x0000000100000000)
 Metaspace       used 35262K, capacity 35708K, committed 36044K, reserved 1081344K
  class space    used 3852K, capacity 3993K, committed 4044K, reserved 1048576K
}
2015-12-06T21:50:29.706+0530: 6920.014: Total time for which application threads were stopped: 0.0229224 seconds, Stopping threads took: 0.0060789 seconds
{Heap before GC invocations=104 (full 1):
 par new generation   total 109248K, used 91792K [0x00000000e0000000, 0x00000000e8000000, 0x00000000e8000000)
  eden space 87424K,  99% used [0x00000000e0000000, 0x00000000e555c378, 0x00000000e5560000)
  from space 21824K,  20% used [0x00000000e5560000, 0x00000000e59a7fd0, 0x00000000e6ab0000)
  to   space 21824K,   0% used [0x00000000e6ab0000, 0x00000000e6ab0000, 0x00000000e8000000)
 concurrent mark-sweep generation total 393216K, used 24631K [0x00000000e8000000, 0x0000000100000000, 0x0000000100000000)
 Metaspace       used 35262K, capacity 35708K, committed 36044K, reserved 1081344K
  class space    used 3852K, capacity 3993K, committed 4044K, reserved 1048576K
2015-12-06T21:50:29.753+0530: 6920.061: [GC (Allocation Failure) 6920.062: [ParNew
Desired survivor size 20112992 bytes, new threshold 8 (max 8)
- age   1:     798168 bytes,     798168 total
- age   2:    2718720 bytes,    3516888 total
- age   3:     218368 bytes,    3735256 total
- age   4:     342360 bytes,    4077616 total
- age   5:      87056 bytes,    4164672 total
- age   6:     149744 bytes,    4314416 total
- age   7:      73296 bytes,    4387712 total
- age   8:      14448 bytes,    4402160 total
: 91792K->6701K(109248K), 0.0219935 secs] 116424K->31337K(502464K), 0.0223048 secs] [Times: user=0.04 sys=0.00, real=0.02 secs] 
Heap after GC invocations=105 (full 1):
 par new generation   total 109248K, used 6701K [0x00000000e0000000, 0x00000000e8000000, 0x00000000e8000000)
  eden space 87424K,   0% used [0x00000000e0000000, 0x00000000e0000000, 0x00000000e5560000)
  from space 21824K,  30% used [0x00000000e6ab0000, 0x00000000e713b518, 0x00000000e8000000)
  to   space 21824K,   0% used [0x00000000e5560000, 0x00000000e5560000, 0x00000000e6ab0000)
 concurrent mark-sweep generation total 393216K, used 24636K [0x00000000e8000000, 0x0000000100000000, 0x0000000100000000)
 Metaspace       used 35262K, capacity 35708K, committed 36044K, reserved 1081344K
  class space    used 3852K, capacity 3993K, committed 4044K, reserved 1048576K
}
2015-12-06T21:50:29.776+0530: 6920.084: Total time for which application threads were stopped: 0.0280782 seconds, Stopping threads took: 0.0053578 seconds
{Heap before GC invocations=105 (full 1):
 par new generation   total 109248K, used 94125K [0x00000000e0000000, 0x00000000e8000000, 0x00000000e8000000)
  eden space 87424K, 100% used [0x00000000e0000000, 0x00000000e5560000, 0x00000000e5560000)
  from space 21824K,  30% used [0x00000000e6ab0000, 0x00000000e713b518, 0x00000000e8000000)
  to   space 21824K,   0% used [0x00000000e5560000, 0x00000000e5560000, 0x00000000e6ab0000)
 concurrent mark-sweep generation total 393216K, used 24636K [0x00000000e8000000, 0x0000000100000000, 0x0000000100000000)
 Metaspace       used 35272K, capacity 35720K, committed 36044K, reserved 1081344K
  class space    used 3853K, capacity 3995K, committed 4044K, reserved 1048576K
2015-12-06T21:50:29.833+0530: 6920.141: [GC (Allocation Failure) 6920.142: [ParNew
Desired survivor size 20112992 bytes, new threshold 8 (max 8)
- age   1:     823992 bytes,     823992 total
- age   2:     481176 bytes,    1305168 total
- age   3:    2718720 bytes,    4023888 total
- age   4:     218368 bytes,    4242256 total
- age   5:     342360 bytes,    4584616 total
- age   6:      87056 bytes,    4671672 total
- age   7:     149744 bytes,    4821416 total
- age   8:      73296 bytes,    4894712 total
: 94125K->6104K(109248K), 0.0165238 secs] 118761K->30754K(502464K), 0.0169170 secs] [Times: user=0.04 sys=0.00, real=0.01 secs] 
Heap after GC invocations=106 (full 1):
 par new generation   total 109248K, used 6104K [0x00000000e0000000, 0x00000000e8000000, 0x00000000e8000000)
  eden space 87424K,   0% used [0x00000000e0000000, 0x00000000e0000000, 0x00000000e5560000)
  from space 21824K,  27% used [0x00000000e5560000, 0x00000000e5b56340, 0x00000000e6ab0000)
  to   space 21824K,   0% used [0x00000000e6ab0000, 0x00000000e6ab0000, 0x00000000e8000000)
 concurrent mark-sweep generation total 393216K, used 24650K [0x00000000e8000000, 0x0000000100000000, 0x0000000100000000)
 Metaspace       used 35272K, capacity 35720K, committed 36044K, reserved 1081344K
  class space    used 3853K, capacity 3995K, committed 4044K, reserved 1048576K
}
2015-12-06T21:50:29.851+0530: 6920.159: Total time for which application threads were stopped: 0.0236200 seconds, Stopping threads took: 0.0062873 seconds
{Heap before GC invocations=106 (full 1):
 par new generation   total 109248K, used 93528K [0x00000000e0000000, 0x00000000e8000000, 0x00000000e8000000)
  eden space 87424K, 100% used [0x00000000e0000000, 0x00000000e5560000, 0x00000000e5560000)
  from space 21824K,  27% used [0x00000000e5560000, 0x00000000e5b56340, 0x00000000e6ab0000)
  to   space 21824K,   0% used [0x00000000e6ab0000, 0x00000000e6ab0000, 0x00000000e8000000)
 concurrent mark-sweep generation total 393216K, used 24650K [0x00000000e8000000, 0x0000000100000000, 0x0000000100000000)
 Metaspace       used 35276K, capacity 35726K, committed 36044K, reserved 1081344K
  class space    used 3854K, capacity 3996K, committed 4044K, reserved 1048576K
2015-12-06T21:50:29.911+0530: 6920.220: [GC (Allocation Failure) 6920.220: [ParNew
Desired survivor size 20112992 bytes, new threshold 8 (max 8)
- age   1:     684904 bytes,     684904 total
- age   2:     271928 bytes,     956832 total
- age   3:     481176 bytes,    1438008 total
- age   4:    2718720 bytes,    4156728 total
- age   5:     218368 bytes,    4375096 total
- age   6:     342360 bytes,    4717456 total
- age   7:      87056 bytes,    4804512 total
- age   8:     149744 bytes,    4954256 total
: 93528K->6817K(109248K), 0.0281504 secs] 118178K->31539K(502464K), 0.0285939 secs] [Times: user=0.04 sys=0.00, real=0.03 secs] 
Heap after GC invocations=107 (full 1):
 par new generation   total 109248K, used 6817K [0x00000000e0000000, 0x00000000e8000000, 0x00000000e8000000)
  eden space 87424K,   0% used [0x00000000e0000000, 0x00000000e0000000, 0x00000000e5560000)
  from space 21824K,  31% used [0x00000000e6ab0000, 0x00000000e71586b0, 0x00000000e8000000)
  to   space 21824K,   0% used [0x00000000e5560000, 0x00000000e5560000, 0x00000000e6ab0000)
 concurrent mark-sweep generation total 393216K, used 24721K [0x00000000e8000000, 0x0000000100000000, 0x0000000100000000)
 Metaspace       used 35276K, capacity 35726K, committed 36044K, reserved 1081344K
  class space    used 3854K, capacity 3996K, committed 4044K, reserved 1048576K
}
2015-12-06T21:50:29.940+0530: 6920.248: Total time for which application threads were stopped: 0.0292422 seconds, Stopping threads took: 0.0001868 seconds
{Heap before GC invocations=107 (full 1):
 par new generation   total 109248K, used 94241K [0x00000000e0000000, 0x00000000e8000000, 0x00000000e8000000)
  eden space 87424K, 100% used [0x00000000e0000000, 0x00000000e5560000, 0x00000000e5560000)
  from space 21824K,  31% used [0x00000000e6ab0000, 0x00000000e71586b0, 0x00000000e8000000)
  to   space 21824K,   0% used [0x00000000e5560000, 0x00000000e5560000, 0x00000000e6ab0000)
 concurrent mark-sweep generation total 393216K, used 24721K [0x00000000e8000000, 0x0000000100000000, 0x0000000100000000)
 Metaspace       used 35314K, capacity 35786K, committed 36044K, reserved 1081344K
  class space    used 3860K, capacity 4006K, committed 4044K, reserved 1048576K
2015-12-06T21:50:30.053+0530: 6920.362: [GC (Allocation Failure) 6920.362: [ParNew
Desired survivor size 20112992 bytes, new threshold 8 (max 8)
- age   1:     858448 bytes,     858448 total
- age   2:      95672 bytes,     954120 total
- age   3:     271384 bytes,    1225504 total
- age   4:     481176 bytes,    1706680 total
- age   5:    2718720 bytes,    4425400 total
- age   6:     218368 bytes,    4643768 total
- age   7:     342360 bytes,    4986128 total
- age   8:      87056 bytes,    5073184 total
: 94241K->6970K(109248K), 0.0322319 secs] 118963K->31838K(502464K), 0.0325676 secs] [Times: user=0.05 sys=0.00, real=0.03 secs] 
Heap after GC invocations=108 (full 1):
 par new generation   total 109248K, used 6970K [0x00000000e0000000, 0x00000000e8000000, 0x00000000e8000000)
  eden space 87424K,   0% used [0x00000000e0000000, 0x00000000e0000000, 0x00000000e5560000)
  from space 21824K,  31% used [0x00000000e5560000, 0x00000000e5c2ea80, 0x00000000e6ab0000)
  to   space 21824K,   0% used [0x00000000e6ab0000, 0x00000000e6ab0000, 0x00000000e8000000)
 concurrent mark-sweep generation total 393216K, used 24868K [0x00000000e8000000, 0x0000000100000000, 0x0000000100000000)
 Metaspace       used 35314K, capacity 35786K, committed 36044K, reserved 1081344K
  class space    used 3860K, capacity 4006K, committed 4044K, reserved 1048576K
}
2015-12-06T21:50:30.086+0530: 6920.394: Total time for which application threads were stopped: 0.0424863 seconds, Stopping threads took: 0.0094161 seconds
{Heap before GC invocations=108 (full 1):
 par new generation   total 109248K, used 94394K [0x00000000e0000000, 0x00000000e8000000, 0x00000000e8000000)
  eden space 87424K, 100% used [0x00000000e0000000, 0x00000000e5560000, 0x00000000e5560000)
  from space 21824K,  31% used [0x00000000e5560000, 0x00000000e5c2ea80, 0x00000000e6ab0000)
  to   space 21824K,   0% used [0x00000000e6ab0000, 0x00000000e6ab0000, 0x00000000e8000000)
 concurrent mark-sweep generation total 393216K, used 24868K [0x00000000e8000000, 0x0000000100000000, 0x0000000100000000)
 Metaspace       used 35334K, capacity 35816K, committed 36044K, reserved 1081344K
  class space    used 3863K, capacity 4011K, committed 4044K, reserved 1048576K
2015-12-06T21:50:30.149+0530: 6920.457: [GC (Allocation Failure) 6920.458: [ParNew
Desired survivor size 20112992 bytes, new threshold 8 (max 8)
- age   1:     715400 bytes,     715400 total
- age   2:      93016 bytes,     808416 total
- age   3:      95312 bytes,     903728 total
- age   4:     270688 bytes,    1174416 total
- age   5:     480096 bytes,    1654512 total
- age   6:    2718424 bytes,    4372936 total
- age   7:     218368 bytes,    4591304 total
- age   8:     342360 bytes,    4933664 total
: 94394K->5748K(109248K), 0.0471298 secs] 119262K->30702K(502464K), 0.0475793 secs] [Times: user=0.06 sys=0.00, real=0.05 secs] 
Heap after GC invocations=109 (full 1):
 par new generation   total 109248K, used 5748K [0x00000000e0000000, 0x00000000e8000000, 0x00000000e8000000)
  eden space 87424K,   0% used [0x00000000e0000000, 0x00000000e0000000, 0x00000000e5560000)
  from space 21824K,  26% used [0x00000000e6ab0000, 0x00000000e704d228, 0x00000000e8000000)
  to   space 21824K,   0% used [0x00000000e5560000, 0x00000000e5560000, 0x00000000e6ab0000)
 concurrent mark-sweep generation total 393216K, used 24953K [0x00000000e8000000, 0x0000000100000000, 0x0000000100000000)
 Metaspace       used 35334K, capacity 35816K, committed 36044K, reserved 1081344K
  class space    used 3863K, capacity 4011K, committed 4044K, reserved 1048576K
}
2015-12-06T21:50:30.197+0530: 6920.505: Total time for which application threads were stopped: 0.0482746 seconds, Stopping threads took: 0.0001123 seconds
{Heap before GC invocations=109 (full 1):
 par new generation   total 109248K, used 93172K [0x00000000e0000000, 0x00000000e8000000, 0x00000000e8000000)
  eden space 87424K, 100% used [0x00000000e0000000, 0x00000000e5560000, 0x00000000e5560000)
  from space 21824K,  26% used [0x00000000e6ab0000, 0x00000000e704d228, 0x00000000e8000000)
  to   space 21824K,   0% used [0x00000000e5560000, 0x00000000e5560000, 0x00000000e6ab0000)
 concurrent mark-sweep generation total 393216K, used 24953K [0x00000000e8000000, 0x0000000100000000, 0x0000000100000000)
 Metaspace       used 35412K, capacity 35936K, committed 36044K, reserved 1081344K
  class space    used 3874K, capacity 4031K, committed 4044K, reserved 1048576K
2015-12-06T21:50:30.367+0530: 6920.675: [GC (Allocation Failure) 6920.675: [ParNew
Desired survivor size 20112992 bytes, new threshold 8 (max 8)
- age   1:    1182512 bytes,    1182512 total
- age   2:     128256 bytes,    1310768 total
- age   3:      91784 bytes,    1402552 total
- age   4:      94760 bytes,    1497312 total
- age   5:     269968 bytes,    1767280 total
- age   6:     479152 bytes,    2246432 total
- age   7:    2718152 bytes,    4964584 total
- age   8:     218368 bytes,    5182952 total
: 93172K->6378K(109248K), 0.0378199 secs] 118126K->31669K(502464K), 0.0381361 secs] [Times: user=0.04 sys=0.00, real=0.04 secs] 
Heap after GC invocations=110 (full 1):
 par new generation   total 109248K, used 6378K [0x00000000e0000000, 0x00000000e8000000, 0x00000000e8000000)
  eden space 87424K,   0% used [0x00000000e0000000, 0x00000000e0000000, 0x00000000e5560000)
  from space 21824K,  29% used [0x00000000e5560000, 0x00000000e5b9a9b0, 0x00000000e6ab0000)
  to   space 21824K,   0% used [0x00000000e6ab0000, 0x00000000e6ab0000, 0x00000000e8000000)
 concurrent mark-sweep generation total 393216K, used 25290K [0x00000000e8000000, 0x0000000100000000, 0x0000000100000000)
 Metaspace       used 35412K, capacity 35936K, committed 36044K, reserved 1081344K
  class space    used 3874K, capacity 4031K, committed 4044K, reserved 1048576K
}
2015-12-06T21:50:30.405+0530: 6920.713: Total time for which application threads were stopped: 0.0391387 seconds, Stopping threads took: 0.0000628 seconds
2015-12-06T21:50:31.418+0530: 6921.726: Total time for which application threads were stopped: 0.0045731 seconds, Stopping threads took: 0.0043410 seconds
2015-12-06T21:50:31.428+0530: 6921.736: Total time for which application threads were stopped: 0.0051346 seconds, Stopping threads took: 0.0048162 seconds
{Heap before GC invocations=110 (full 1):
 par new generation   total 109248K, used 93802K [0x00000000e0000000, 0x00000000e8000000, 0x00000000e8000000)
  eden space 87424K, 100% used [0x00000000e0000000, 0x00000000e5560000, 0x00000000e5560000)
  from space 21824K,  29% used [0x00000000e5560000, 0x00000000e5b9a9b0, 0x00000000e6ab0000)
  to   space 21824K,   0% used [0x00000000e6ab0000, 0x00000000e6ab0000, 0x00000000e8000000)
 concurrent mark-sweep generation total 393216K, used 25290K [0x00000000e8000000, 0x0000000100000000, 0x0000000100000000)
 Metaspace       used 35426K, capacity 35936K, committed 36044K, reserved 1081344K
  class space    used 3874K, capacity 4031K, committed 4044K, reserved 1048576K
2015-12-06T21:50:31.476+0530: 6921.784: [GC (Allocation Failure) 6921.784: [ParNew
Desired survivor size 20112992 bytes, new threshold 8 (max 8)
- age   1:    4814688 bytes,    4814688 total
- age   2:     830464 bytes,    5645152 total
- age   3:     127800 bytes,    5772952 total
- age   4:      91352 bytes,    5864304 total
- age   5:      94424 bytes,    5958728 total
- age   6:      74264 bytes,    6032992 total
- age   7:      41232 bytes,    6074224 total
- age   8:    1090504 bytes,    7164728 total
: 93802K->9718K(109248K), 0.0568145 secs] 119093K->35224K(502464K), 0.0613553 secs] [Times: user=0.05 sys=0.00, real=0.06 secs] 
Heap after GC invocations=111 (full 1):
 par new generation   total 109248K, used 9718K [0x00000000e0000000, 0x00000000e8000000, 0x00000000e8000000)
  eden space 87424K,   0% used [0x00000000e0000000, 0x00000000e0000000, 0x00000000e5560000)
  from space 21824K,  44% used [0x00000000e6ab0000, 0x00000000e742d980, 0x00000000e8000000)
  to   space 21824K,   0% used [0x00000000e5560000, 0x00000000e5560000, 0x00000000e6ab0000)
 concurrent mark-sweep generation total 393216K, used 25505K [0x00000000e8000000, 0x0000000100000000, 0x0000000100000000)
 Metaspace       used 35426K, capacity 35936K, committed 36044K, reserved 1081344K
  class space    used 3874K, capacity 4031K, committed 4044K, reserved 1048576K
}
2015-12-06T21:50:31.538+0530: 6921.846: Total time for which application threads were stopped: 0.0620492 seconds, Stopping threads took: 0.0001444 seconds
{Heap before GC invocations=111 (full 1):
 par new generation   total 109248K, used 97142K [0x00000000e0000000, 0x00000000e8000000, 0x00000000e8000000)
  eden space 87424K, 100% used [0x00000000e0000000, 0x00000000e5560000, 0x00000000e5560000)
  from space 21824K,  44% used [0x00000000e6ab0000, 0x00000000e742d980, 0x00000000e8000000)
  to   space 21824K,   0% used [0x00000000e5560000, 0x00000000e5560000, 0x00000000e6ab0000)
 concurrent mark-sweep generation total 393216K, used 25505K [0x00000000e8000000, 0x0000000100000000, 0x0000000100000000)
 Metaspace       used 35434K, capacity 35948K, committed 36044K, reserved 1081344K
  class space    used 3875K, capacity 4033K, committed 4044K, reserved 1048576K
2015-12-06T21:50:31.578+0530: 6921.886: [GC (Allocation Failure) 6921.886: [ParNew
Desired survivor size 20112992 bytes, new threshold 8 (max 8)
- age   1:     501160 bytes,     501160 total
- age   2:    4208392 bytes,    4709552 total
- age   3:     830464 bytes,    5540016 total
- age   4:     127800 bytes,    5667816 total
- age   5:      91352 bytes,    5759168 total
- age   6:      94424 bytes,    5853592 total
- age   7:      74264 bytes,    5927856 total
- age   8:      41232 bytes,    5969088 total
: 97142K->8636K(109248K), 0.0297167 secs] 122648K->35216K(502464K), 0.0471848 secs] [Times: user=0.04 sys=0.00, real=0.05 secs] 
Heap after GC invocations=112 (full 1):
 par new generation   total 109248K, used 8636K [0x00000000e0000000, 0x00000000e8000000, 0x00000000e8000000)
  eden space 87424K,   0% used [0x00000000e0000000, 0x00000000e0000000, 0x00000000e5560000)
  from space 21824K,  39% used [0x00000000e5560000, 0x00000000e5dcf358, 0x00000000e6ab0000)
  to   space 21824K,   0% used [0x00000000e6ab0000, 0x00000000e6ab0000, 0x00000000e8000000)
 concurrent mark-sweep generation total 393216K, used 26579K [0x00000000e8000000, 0x0000000100000000, 0x0000000100000000)
 Metaspace       used 35434K, capacity 35948K, committed 36044K, reserved 1081344K
  class space    used 3875K, capacity 4033K, committed 4044K, reserved 1048576K
}
2015-12-06T21:50:31.626+0530: 6921.934: Total time for which application threads were stopped: 0.0618819 seconds, Stopping threads took: 0.0142043 seconds
{Heap before GC invocations=112 (full 1):
 par new generation   total 109248K, used 96060K [0x00000000e0000000, 0x00000000e8000000, 0x00000000e8000000)
  eden space 87424K, 100% used [0x00000000e0000000, 0x00000000e5560000, 0x00000000e5560000)
  from space 21824K,  39% used [0x00000000e5560000, 0x00000000e5dcf358, 0x00000000e6ab0000)
  to   space 21824K,   0% used [0x00000000e6ab0000, 0x00000000e6ab0000, 0x00000000e8000000)
 concurrent mark-sweep generation total 393216K, used 26579K [0x00000000e8000000, 0x0000000100000000, 0x0000000100000000)
 Metaspace       used 35436K, capacity 35948K, committed 36044K, reserved 1081344K
  class space    used 3875K, capacity 4033K, committed 4044K, reserved 1048576K
2015-12-06T21:50:31.657+0530: 6921.965: [GC (Allocation Failure) 6921.969: [ParNew
Desired survivor size 20112992 bytes, new threshold 8 (max 8)
- age   1:     887752 bytes,     887752 total
- age   2:      43592 bytes,     931344 total
- age   3:    4208248 bytes,    5139592 total
- age   4:     830464 bytes,    5970056 total
- age   5:     127800 bytes,    6097856 total
- age   6:      91352 bytes,    6189208 total
- age   7:      94424 bytes,    6283632 total
- age   8:      74264 bytes,    6357896 total
: 96060K->7863K(109248K), 0.0611670 secs] 122640K->34485K(502464K), 0.0660271 secs] [Times: user=0.06 sys=0.00, real=0.07 secs] 
Heap after GC invocations=113 (full 1):
 par new generation   total 109248K, used 7863K [0x00000000e0000000, 0x00000000e8000000, 0x00000000e8000000)
  eden space 87424K,   0% used [0x00000000e0000000, 0x00000000e0000000, 0x00000000e5560000)
  from space 21824K,  36% used [0x00000000e6ab0000, 0x00000000e725dff0, 0x00000000e8000000)
  to   space 21824K,   0% used [0x00000000e5560000, 0x00000000e5560000, 0x00000000e6ab0000)
 concurrent mark-sweep generation total 393216K, used 26621K [0x00000000e8000000, 0x0000000100000000, 0x0000000100000000)
 Metaspace       used 35436K, capacity 35948K, committed 36044K, reserved 1081344K
  class space    used 3875K, capacity 4033K, committed 4044K, reserved 1048576K
}
2015-12-06T21:50:31.723+0530: 6922.031: Total time for which application threads were stopped: 0.0686123 seconds, Stopping threads took: 0.0020973 seconds
{Heap before GC invocations=113 (full 1):
 par new generation   total 109248K, used 95287K [0x00000000e0000000, 0x00000000e8000000, 0x00000000e8000000)
  eden space 87424K, 100% used [0x00000000e0000000, 0x00000000e5560000, 0x00000000e5560000)
  from space 21824K,  36% used [0x00000000e6ab0000, 0x00000000e725dff0, 0x00000000e8000000)
  to   space 21824K,   0% used [0x00000000e5560000, 0x00000000e5560000, 0x00000000e6ab0000)
 concurrent mark-sweep generation total 393216K, used 26621K [0x00000000e8000000, 0x0000000100000000, 0x0000000100000000)
 Metaspace       used 35436K, capacity 35948K, committed 36044K, reserved 1081344K
  class space    used 3875K, capacity 4033K, committed 4044K, reserved 1048576K
2015-12-06T21:50:31.785+0530: 6922.093: [GC (Allocation Failure) 6922.093: [ParNew
Desired survivor size 20112992 bytes, new threshold 8 (max 8)
- age   1:     657528 bytes,     657528 total
- age   2:      74824 bytes,     732352 total
- age   3:      43440 bytes,     775792 total
- age   4:    4208248 bytes,    4984040 total
- age   5:     830464 bytes,    5814504 total
- age   6:     127800 bytes,    5942304 total
- age   7:      91352 bytes,    6033656 total
- age   8:      94424 bytes,    6128080 total
: 95287K->8164K(109248K), 0.0702446 secs] 121909K->34861K(502464K), 0.0705329 secs] [Times: user=0.05 sys=0.00, real=0.07 secs] 
Heap after GC invocations=114 (full 1):
 par new generation   total 109248K, used 8164K [0x00000000e0000000, 0x00000000e8000000, 0x00000000e8000000)
  eden space 87424K,   0% used [0x00000000e0000000, 0x00000000e0000000, 0x00000000e5560000)
  from space 21824K,  37% used [0x00000000e5560000, 0x00000000e5d59290, 0x00000000e6ab0000)
  to   space 21824K,   0% used [0x00000000e6ab0000, 0x00000000e6ab0000, 0x00000000e8000000)
 concurrent mark-sweep generation total 393216K, used 26696K [0x00000000e8000000, 0x0000000100000000, 0x0000000100000000)
 Metaspace       used 35436K, capacity 35948K, committed 36044K, reserved 1081344K
  class space    used 3875K, capacity 4033K, committed 4044K, reserved 1048576K
}
2015-12-06T21:50:31.856+0530: 6922.164: Total time for which application threads were stopped: 0.0805821 seconds, Stopping threads took: 0.0096672 seconds
{Heap before GC invocations=114 (full 1):
 par new generation   total 109248K, used 95588K [0x00000000e0000000, 0x00000000e8000000, 0x00000000e8000000)
  eden space 87424K, 100% used [0x00000000e0000000, 0x00000000e5560000, 0x00000000e5560000)
  from space 21824K,  37% used [0x00000000e5560000, 0x00000000e5d59290, 0x00000000e6ab0000)
  to   space 21824K,   0% used [0x00000000e6ab0000, 0x00000000e6ab0000, 0x00000000e8000000)
 concurrent mark-sweep generation total 393216K, used 26696K [0x00000000e8000000, 0x0000000100000000, 0x0000000100000000)
 Metaspace       used 35436K, capacity 35948K, committed 36044K, reserved 1081344K
  class space    used 3875K, capacity 4033K, committed 4044K, reserved 1048576K
2015-12-06T21:50:31.937+0530: 6922.246: [GC (Allocation Failure) 6922.246: [ParNew
Desired survivor size 20112992 bytes, new threshold 8 (max 8)
- age   1:     721320 bytes,     721320 total
- age   2:     120816 bytes,     842136 total
- age   3:      73904 bytes,     916040 total
- age   4:      42896 bytes,     958936 total
- age   5:    4208248 bytes,    5167184 total
- age   6:     830464 bytes,    5997648 total
- age   7:     127800 bytes,    6125448 total
- age   8:      91352 bytes,    6216800 total
: 95588K->8111K(109248K), 0.0306662 secs] 122285K->34902K(502464K), 0.0310012 secs] [Times: user=0.04 sys=0.00, real=0.03 secs] 
Heap after GC invocations=115 (full 1):
 par new generation   total 109248K, used 8111K [0x00000000e0000000, 0x00000000e8000000, 0x00000000e8000000)
  eden space 87424K,   0% used [0x00000000e0000000, 0x00000000e0000000, 0x00000000e5560000)
  from space 21824K,  37% used [0x00000000e6ab0000, 0x00000000e729bc70, 0x00000000e8000000)
  to   space 21824K,   0% used [0x00000000e5560000, 0x00000000e5560000, 0x00000000e6ab0000)
 concurrent mark-sweep generation total 393216K, used 26791K [0x00000000e8000000, 0x0000000100000000, 0x0000000100000000)
 Metaspace       used 35436K, capacity 35948K, committed 36044K, reserved 1081344K
  class space    used 3875K, capacity 4033K, committed 4044K, reserved 1048576K
}
2015-12-06T21:50:31.969+0530: 6922.277: Total time for which application threads were stopped: 0.0426345 seconds, Stopping threads took: 0.0112014 seconds
{Heap before GC invocations=115 (full 1):
 par new generation   total 109248K, used 95535K [0x00000000e0000000, 0x00000000e8000000, 0x00000000e8000000)
  eden space 87424K, 100% used [0x00000000e0000000, 0x00000000e5560000, 0x00000000e5560000)
  from space 21824K,  37% used [0x00000000e6ab0000, 0x00000000e729bc70, 0x00000000e8000000)
  to   space 21824K,   0% used [0x00000000e5560000, 0x00000000e5560000, 0x00000000e6ab0000)
 concurrent mark-sweep generation total 393216K, used 26791K [0x00000000e8000000, 0x0000000100000000, 0x0000000100000000)
 Metaspace       used 35441K, capacity 36018K, committed 36044K, reserved 1081344K
  class space    used 3875K, capacity 4034K, committed 4044K, reserved 1048576K
2015-12-06T21:50:32.031+0530: 6922.340: [GC (Allocation Failure) 6922.340: [ParNew
Desired survivor size 20112992 bytes, new threshold 8 (max 8)
- age   1:     466232 bytes,     466232 total
- age   2:      88952 bytes,     555184 total
- age   3:     120336 bytes,     675520 total
- age   4:      73464 bytes,     748984 total
- age   5:      42392 bytes,     791376 total
- age   6:    4207472 bytes,    4998848 total
- age   7:     830464 bytes,    5829312 total
- age   8:     127800 bytes,    5957112 total
: 95535K->7944K(109248K), 0.0830973 secs] 122326K->34827K(502464K), 0.0833893 secs] [Times: user=0.10 sys=0.00, real=0.09 secs] 
Heap after GC invocations=116 (full 1):
 par new generation   total 109248K, used 7944K [0x00000000e0000000, 0x00000000e8000000, 0x00000000e8000000)
  eden space 87424K,   0% used [0x00000000e0000000, 0x00000000e0000000, 0x00000000e5560000)
  from space 21824K,  36% used [0x00000000e5560000, 0x00000000e5d22310, 0x00000000e6ab0000)
  to   space 21824K,   0% used [0x00000000e6ab0000, 0x00000000e6ab0000, 0x00000000e8000000)
 concurrent mark-sweep generation total 393216K, used 26882K [0x00000000e8000000, 0x0000000100000000, 0x0000000100000000)
 Metaspace       used 35441K, capacity 36018K, committed 36044K, reserved 1081344K
  class space    used 3875K, capacity 4034K, committed 4044K, reserved 1048576K
}
2015-12-06T21:50:32.115+0530: 6922.423: Total time for which application threads were stopped: 0.0840277 seconds, Stopping threads took: 0.0001067 seconds
2015-12-06T21:50:32.707+0530: 6923.015: Total time for which application threads were stopped: 0.0002386 seconds, Stopping threads took: 0.0000359 seconds
2015-12-06T21:50:32.708+0530: 6923.016: Total time for which application threads were stopped: 0.0002237 seconds, Stopping threads took: 0.0000711 seconds
2015-12-06T21:50:32.708+0530: 6923.016: Total time for which application threads were stopped: 0.0001605 seconds, Stopping threads took: 0.0000506 seconds
2015-12-06T21:50:32.708+0530: 6923.016: Total time for which application threads were stopped: 0.0000967 seconds, Stopping threads took: 0.0000156 seconds
{Heap before GC invocations=116 (full 1):
 par new generation   total 109248K, used 95368K [0x00000000e0000000, 0x00000000e8000000, 0x00000000e8000000)
  eden space 87424K, 100% used [0x00000000e0000000, 0x00000000e5560000, 0x00000000e5560000)
  from space 21824K,  36% used [0x00000000e5560000, 0x00000000e5d22310, 0x00000000e6ab0000)
  to   space 21824K,   0% used [0x00000000e6ab0000, 0x00000000e6ab0000, 0x00000000e8000000)
 concurrent mark-sweep generation total 393216K, used 26882K [0x00000000e8000000, 0x0000000100000000, 0x0000000100000000)
 Metaspace       used 35451K, capacity 36018K, committed 36044K, reserved 1081344K
  class space    used 3876K, capacity 4034K, committed 4044K, reserved 1048576K
2015-12-06T21:50:33.198+0530: 6923.506: [GC (Allocation Failure) 6923.506: [ParNew
Desired survivor size 20112992 bytes, new threshold 8 (max 8)
- age   1:    4218936 bytes,    4218936 total
- age   2:     121160 bytes,    4340096 total
- age   3:      87896 bytes,    4427992 total
- age   4:     119712 bytes,    4547704 total
- age   5:      72432 bytes,    4620136 total
- age   6:      41312 bytes,    4661448 total
- age   7:    1745112 bytes,    6406560 total
- age   8:     619368 bytes,    7025928 total
: 95368K->8928K(109248K), 0.0308898 secs] 122251K->35938K(502464K), 0.0313272 secs] [Times: user=0.05 sys=0.00, real=0.03 secs] 
Heap after GC invocations=117 (full 1):
 par new generation   total 109248K, used 8928K [0x00000000e0000000, 0x00000000e8000000, 0x00000000e8000000)
  eden space 87424K,   0% used [0x00000000e0000000, 0x00000000e0000000, 0x00000000e5560000)
  from space 21824K,  40% used [0x00000000e6ab0000, 0x00000000e7368060, 0x00000000e8000000)
  to   space 21824K,   0% used [0x00000000e5560000, 0x00000000e5560000, 0x00000000e6ab0000)
 concurrent mark-sweep generation total 393216K, used 27010K [0x00000000e8000000, 0x0000000100000000, 0x0000000100000000)
 Metaspace       used 35451K, capacity 36018K, committed 36044K, reserved 1081344K
  class space    used 3876K, capacity 4034K, committed 4044K, reserved 1048576K
}
2015-12-06T21:50:33.230+0530: 6923.538: Total time for which application threads were stopped: 0.0336175 seconds, Stopping threads took: 0.0017908 seconds
{Heap before GC invocations=117 (full 1):
 par new generation   total 109248K, used 96347K [0x00000000e0000000, 0x00000000e8000000, 0x00000000e8000000)
  eden space 87424K,  99% used [0x00000000e0000000, 0x00000000e555ee78, 0x00000000e5560000)
  from space 21824K,  40% used [0x00000000e6ab0000, 0x00000000e7368060, 0x00000000e8000000)
  to   space 21824K,   0% used [0x00000000e5560000, 0x00000000e5560000, 0x00000000e6ab0000)
 concurrent mark-sweep generation total 393216K, used 27010K [0x00000000e8000000, 0x0000000100000000, 0x0000000100000000)
 Metaspace       used 35454K, capacity 36018K, committed 36044K, reserved 1081344K
  class space    used 3876K, capacity 4034K, committed 4044K, reserved 1048576K
2015-12-06T21:50:33.273+0530: 6923.582: [GC (Allocation Failure) 6923.582: [ParNew
Desired survivor size 20112992 bytes, new threshold 8 (max 8)
- age   1:    1402104 bytes,    1402104 total
- age   2:    4040112 bytes,    5442216 total
- age   3:     121160 bytes,    5563376 total
- age   4:      87896 bytes,    5651272 total
- age   5:     119712 bytes,    5770984 total
- age   6:      72432 bytes,    5843416 total
- age   7:      41312 bytes,    5884728 total
- age   8:    1745112 bytes,    7629840 total
: 96347K->9121K(109248K), 0.0693663 secs] 123358K->36741K(502464K), 0.0697746 secs] [Times: user=0.10 sys=0.00, real=0.07 secs] 
Heap after GC invocations=118 (full 1):
 par new generation   total 109248K, used 9121K [0x00000000e0000000, 0x00000000e8000000, 0x00000000e8000000)
  eden space 87424K,   0% used [0x00000000e0000000, 0x00000000e0000000, 0x00000000e5560000)
  from space 21824K,  41% used [0x00000000e5560000, 0x00000000e5e48700, 0x00000000e6ab0000)
  to   space 21824K,   0% used [0x00000000e6ab0000, 0x00000000e6ab0000, 0x00000000e8000000)
 concurrent mark-sweep generation total 393216K, used 27619K [0x00000000e8000000, 0x0000000100000000, 0x0000000100000000)
 Metaspace       used 35454K, capacity 36018K, committed 36044K, reserved 1081344K
  class space    used 3876K, capacity 4034K, committed 4044K, reserved 1048576K
}
2015-12-06T21:50:33.343+0530: 6923.652: Total time for which application threads were stopped: 0.0755824 seconds, Stopping threads took: 0.0053067 seconds
{Heap before GC invocations=118 (full 1):
 par new generation   total 109248K, used 96545K [0x00000000e0000000, 0x00000000e8000000, 0x00000000e8000000)
  eden space 87424K, 100% used [0x00000000e0000000, 0x00000000e5560000, 0x00000000e5560000)
  from space 21824K,  41% used [0x00000000e5560000, 0x00000000e5e48700, 0x00000000e6ab0000)
  to   space 21824K,   0% used [0x00000000e6ab0000, 0x00000000e6ab0000, 0x00000000e8000000)
 concurrent mark-sweep generation total 393216K, used 27619K [0x00000000e8000000, 0x0000000100000000, 0x0000000100000000)
 Metaspace       used 35454K, capacity 36018K, committed 36044K, reserved 1081344K
  class space    used 3876K, capacity 4034K, committed 4044K, reserved 1048576K
2015-12-06T21:50:33.404+0530: 6923.712: [GC (Allocation Failure) 6923.712: [ParNew
Desired survivor size 20112992 bytes, new threshold 8 (max 8)
- age   1:     666688 bytes,     666688 total
- age   2:    1027384 bytes,    1694072 total
- age   3:    4040112 bytes,    5734184 total
- age   4:     121160 bytes,    5855344 total
- age   5:      87896 bytes,    5943240 total
- age   6:     119712 bytes,    6062952 total
- age   7:      72432 bytes,    6135384 total
- age   8:      41312 bytes,    6176696 total
: 96545K->8021K(109248K), 0.0546312 secs] 124165K->37354K(502464K), 0.0549189 secs] [Times: user=0.03 sys=0.00, real=0.05 secs] 
Heap after GC invocations=119 (full 1):
 par new generation   total 109248K, used 8021K [0x00000000e0000000, 0x00000000e8000000, 0x00000000e8000000)
  eden space 87424K,   0% used [0x00000000e0000000, 0x00000000e0000000, 0x00000000e5560000)
  from space 21824K,  36% used [0x00000000e6ab0000, 0x00000000e72857a8, 0x00000000e8000000)
  to   space 21824K,   0% used [0x00000000e5560000, 0x00000000e5560000, 0x00000000e6ab0000)
 concurrent mark-sweep generation total 393216K, used 29333K [0x00000000e8000000, 0x0000000100000000, 0x0000000100000000)
 Metaspace       used 35454K, capacity 36018K, committed 36044K, reserved 1081344K
  class space    used 3876K, capacity 4034K, committed 4044K, reserved 1048576K
}
2015-12-06T21:50:33.459+0530: 6923.767: Total time for which application threads were stopped: 0.0703921 seconds, Stopping threads took: 0.0150481 seconds
{Heap before GC invocations=119 (full 1):
 par new generation   total 109248K, used 95445K [0x00000000e0000000, 0x00000000e8000000, 0x00000000e8000000)
  eden space 87424K, 100% used [0x00000000e0000000, 0x00000000e5560000, 0x00000000e5560000)
  from space 21824K,  36% used [0x00000000e6ab0000, 0x00000000e72857a8, 0x00000000e8000000)
  to   space 21824K,   0% used [0x00000000e5560000, 0x00000000e5560000, 0x00000000e6ab0000)
 concurrent mark-sweep generation total 393216K, used 29333K [0x00000000e8000000, 0x0000000100000000, 0x0000000100000000)
 Metaspace       used 35454K, capacity 36018K, committed 36044K, reserved 1081344K
  class space    used 3876K, capacity 4034K, committed 4044K, reserved 1048576K
2015-12-06T21:50:33.497+0530: 6923.805: [GC (Allocation Failure) 6923.806: [ParNew
Desired survivor size 20112992 bytes, new threshold 8 (max 8)
- age   1:     881736 bytes,     881736 total
- age   2:      50240 bytes,     931976 total
- age   3:    1027320 bytes,    1959296 total
- age   4:    4040112 bytes,    5999408 total
- age   5:     121160 bytes,    6120568 total
- age   6:      87896 bytes,    6208464 total
- age   7:     119712 bytes,    6328176 total
- age   8:      72432 bytes,    6400608 total
: 95445K->8699K(109248K), 0.0203851 secs] 124778K->38074K(502464K), 0.0207679 secs] [Times: user=0.04 sys=0.00, real=0.02 secs] 
Heap after GC invocations=120 (full 1):
 par new generation   total 109248K, used 8699K [0x00000000e0000000, 0x00000000e8000000, 0x00000000e8000000)
  eden space 87424K,   0% used [0x00000000e0000000, 0x00000000e0000000, 0x00000000e5560000)
  from space 21824K,  39% used [0x00000000e5560000, 0x00000000e5ddecd0, 0x00000000e6ab0000)
  to   space 21824K,   0% used [0x00000000e6ab0000, 0x00000000e6ab0000, 0x00000000e8000000)
 concurrent mark-sweep generation total 393216K, used 29375K [0x00000000e8000000, 0x0000000100000000, 0x0000000100000000)
 Metaspace       used 35454K, capacity 36018K, committed 36044K, reserved 1081344K
  class space    used 3876K, capacity 4034K, committed 4044K, reserved 1048576K
}
2015-12-06T21:50:33.518+0530: 6923.826: Total time for which application threads were stopped: 0.0213734 seconds, Stopping threads took: 0.0001282 seconds
{Heap before GC invocations=120 (full 1):
 par new generation   total 109248K, used 96123K [0x00000000e0000000, 0x00000000e8000000, 0x00000000e8000000)
  eden space 87424K, 100% used [0x00000000e0000000, 0x00000000e5560000, 0x00000000e5560000)
  from space 21824K,  39% used [0x00000000e5560000, 0x00000000e5ddecd0, 0x00000000e6ab0000)
  to   space 21824K,   0% used [0x00000000e6ab0000, 0x00000000e6ab0000, 0x00000000e8000000)
 concurrent mark-sweep generation total 393216K, used 29375K [0x00000000e8000000, 0x0000000100000000, 0x0000000100000000)
 Metaspace       used 35455K, capacity 36018K, committed 36044K, reserved 1081344K
  class space    used 3876K, capacity 4034K, committed 4044K, reserved 1048576K
2015-12-06T21:50:33.613+0530: 6923.921: [GC (Allocation Failure) 6923.921: [ParNew
Desired survivor size 20112992 bytes, new threshold 8 (max 8)
- age   1:     728232 bytes,     728232 total
- age   2:     100320 bytes,     828552 total
- age   3:      49968 bytes,     878520 total
- age   4:    1027320 bytes,    1905840 total
- age   5:    4040112 bytes,    5945952 total
- age   6:     121160 bytes,    6067112 total
- age   7:      87896 bytes,    6155008 total
- age   8:     119712 bytes,    6274720 total
: 96123K->8276K(109248K), 0.0294172 secs] 125498K->37725K(502464K), 0.0296994 secs] [Times: user=0.06 sys=0.00, real=0.04 secs] 
Heap after GC invocations=121 (full 1):
 par new generation   total 109248K, used 8276K [0x00000000e0000000, 0x00000000e8000000, 0x00000000e8000000)
  eden space 87424K,   0% used [0x00000000e0000000, 0x00000000e0000000, 0x00000000e5560000)
  from space 21824K,  37% used [0x00000000e6ab0000, 0x00000000e72c51a0, 0x00000000e8000000)
  to   space 21824K,   0% used [0x00000000e5560000, 0x00000000e5560000, 0x00000000e6ab0000)
 concurrent mark-sweep generation total 393216K, used 29448K [0x00000000e8000000, 0x0000000100000000, 0x0000000100000000)
 Metaspace       used 35455K, capacity 36018K, committed 36044K, reserved 1081344K
  class space    used 3876K, capacity 4034K, committed 4044K, reserved 1048576K
}
2015-12-06T21:50:33.643+0530: 6923.951: Total time for which application threads were stopped: 0.0301930 seconds, Stopping threads took: 0.0001013 seconds
{Heap before GC invocations=121 (full 1):
 par new generation   total 109248K, used 95700K [0x00000000e0000000, 0x00000000e8000000, 0x00000000e8000000)
  eden space 87424K, 100% used [0x00000000e0000000, 0x00000000e5560000, 0x00000000e5560000)
  from space 21824K,  37% used [0x00000000e6ab0000, 0x00000000e72c51a0, 0x00000000e8000000)
  to   space 21824K,   0% used [0x00000000e5560000, 0x00000000e5560000, 0x00000000e6ab0000)
 concurrent mark-sweep generation total 393216K, used 29448K [0x00000000e8000000, 0x0000000100000000, 0x0000000100000000)
 Metaspace       used 35455K, capacity 36018K, committed 36044K, reserved 1081344K
  class space    used 3876K, capacity 4034K, committed 4044K, reserved 1048576K
2015-12-06T21:50:33.761+0530: 6924.070: [GC (Allocation Failure) 6924.070: [ParNew
Desired survivor size 20112992 bytes, new threshold 8 (max 8)
- age   1:     912464 bytes,     912464 total
- age   2:     108960 bytes,    1021424 total
- age   3:      99832 bytes,    1121256 total
- age   4:      49208 bytes,    1170464 total
- age   5:    1027320 bytes,    2197784 total
- age   6:    4040112 bytes,    6237896 total
- age   7:     121160 bytes,    6359056 total
- age   8:      87896 bytes,    6446952 total
: 95700K->8595K(109248K), 0.0413970 secs] 125149K->38162K(502464K), 0.0417848 secs] [Times: user=0.06 sys=0.00, real=0.04 secs] 
Heap after GC invocations=122 (full 1):
 par new generation   total 109248K, used 8595K [0x00000000e0000000, 0x00000000e8000000, 0x00000000e8000000)
  eden space 87424K,   0% used [0x00000000e0000000, 0x00000000e0000000, 0x00000000e5560000)
  from space 21824K,  39% used [0x00000000e5560000, 0x00000000e5dc4c80, 0x00000000e6ab0000)
  to   space 21824K,   0% used [0x00000000e6ab0000, 0x00000000e6ab0000, 0x00000000e8000000)
 concurrent mark-sweep generation total 393216K, used 29567K [0x00000000e8000000, 0x0000000100000000, 0x0000000100000000)
 Metaspace       used 35455K, capacity 36018K, committed 36044K, reserved 1081344K
  class space    used 3876K, capacity 4034K, committed 4044K, reserved 1048576K
}
2015-12-06T21:50:33.803+0530: 6924.112: Total time for which application threads were stopped: 0.0654871 seconds, Stopping threads took: 0.0232201 seconds
{Heap before GC invocations=122 (full 1):
 par new generation   total 109248K, used 96019K [0x00000000e0000000, 0x00000000e8000000, 0x00000000e8000000)
  eden space 87424K, 100% used [0x00000000e0000000, 0x00000000e5560000, 0x00000000e5560000)
  from space 21824K,  39% used [0x00000000e5560000, 0x00000000e5dc4c80, 0x00000000e6ab0000)
  to   space 21824K,   0% used [0x00000000e6ab0000, 0x00000000e6ab0000, 0x00000000e8000000)
 concurrent mark-sweep generation total 393216K, used 29567K [0x00000000e8000000, 0x0000000100000000, 0x0000000100000000)
 Metaspace       used 35455K, capacity 36018K, committed 36044K, reserved 1081344K
  class space    used 3876K, capacity 4034K, committed 4044K, reserved 1048576K
2015-12-06T21:50:33.908+0530: 6924.216: [GC (Allocation Failure) 6924.217: [ParNew
Desired survivor size 20112992 bytes, new threshold 8 (max 8)
- age   1:     299416 bytes,     299416 total
- age   2:      89928 bytes,     389344 total
- age   3:     108120 bytes,     497464 total
- age   4:      99328 bytes,     596792 total
- age   5:      48488 bytes,     645280 total
- age   6:    1025744 bytes,    1671024 total
- age   7:    4040192 bytes,    5711216 total
- age   8:     121160 bytes,    5832376 total
: 96019K->7070K(109248K), 0.0284023 secs] 125586K->36725K(502464K), 0.0451470 secs] [Times: user=0.08 sys=0.00, real=0.05 secs] 
Heap after GC invocations=123 (full 1):
 par new generation   total 109248K, used 7070K [0x00000000e0000000, 0x00000000e8000000, 0x00000000e8000000)
  eden space 87424K,   0% used [0x00000000e0000000, 0x00000000e0000000, 0x00000000e5560000)
  from space 21824K,  32% used [0x00000000e6ab0000, 0x00000000e71978d0, 0x00000000e8000000)
  to   space 21824K,   0% used [0x00000000e5560000, 0x00000000e5560000, 0x00000000e6ab0000)
 concurrent mark-sweep generation total 393216K, used 29655K [0x00000000e8000000, 0x0000000100000000, 0x0000000100000000)
 Metaspace       used 35455K, capacity 36018K, committed 36044K, reserved 1081344K
  class space    used 3876K, capacity 4034K, committed 4044K, reserved 1048576K
}
2015-12-06T21:50:33.953+0530: 6924.262: Total time for which application threads were stopped: 0.0531937 seconds, Stopping threads took: 0.0075182 seconds
2015-12-06T21:50:34.069+0530: 6924.378: Total time for which application threads were stopped: 0.0003403 seconds, Stopping threads took: 0.0000460 seconds
2015-12-06T21:50:35.070+0530: 6925.378: Total time for which application threads were stopped: 0.0001996 seconds, Stopping threads took: 0.0000366 seconds
{Heap before GC invocations=123 (full 1):
 par new generation   total 109248K, used 94494K [0x00000000e0000000, 0x00000000e8000000, 0x00000000e8000000)
  eden space 87424K, 100% used [0x00000000e0000000, 0x00000000e5560000, 0x00000000e5560000)
  from space 21824K,  32% used [0x00000000e6ab0000, 0x00000000e71978d0, 0x00000000e8000000)
  to   space 21824K,   0% used [0x00000000e5560000, 0x00000000e5560000, 0x00000000e6ab0000)
 concurrent mark-sweep generation total 393216K, used 29655K [0x00000000e8000000, 0x0000000100000000, 0x0000000100000000)
 Metaspace       used 35458K, capacity 36018K, committed 36044K, reserved 1081344K
  class space    used 3876K, capacity 4034K, committed 4044K, reserved 1048576K
2015-12-06T21:50:35.559+0530: 6925.867: [GC (Allocation Failure) 6925.867: [ParNew
Desired survivor size 20112992 bytes, new threshold 8 (max 8)
- age   1:    5295568 bytes,    5295568 total
- age   2:     146304 bytes,    5441872 total
- age   3:      88824 bytes,    5530696 total
- age   4:     107760 bytes,    5638456 total
- age   5:      98848 bytes,    5737304 total
- age   6:      47744 bytes,    5785048 total
- age   7:      36192 bytes,    5821240 total
- age   8:    2348896 bytes,    8170136 total
: 94494K->11378K(109248K), 0.0521491 secs] 124149K->41155K(502464K), 0.0524969 secs] [Times: user=0.06 sys=0.00, real=0.05 secs] 
Heap after GC invocations=124 (full 1):
 par new generation   total 109248K, used 11378K [0x00000000e0000000, 0x00000000e8000000, 0x00000000e8000000)
  eden space 87424K,   0% used [0x00000000e0000000, 0x00000000e0000000, 0x00000000e5560000)
  from space 21824K,  52% used [0x00000000e5560000, 0x00000000e607cbd0, 0x00000000e6ab0000)
  to   space 21824K,   0% used [0x00000000e6ab0000, 0x00000000e6ab0000, 0x00000000e8000000)
 concurrent mark-sweep generation total 393216K, used 29776K [0x00000000e8000000, 0x0000000100000000, 0x0000000100000000)
 Metaspace       used 35458K, capacity 36018K, committed 36044K, reserved 1081344K
  class space    used 3876K, capacity 4034K, committed 4044K, reserved 1048576K
}
2015-12-06T21:50:35.611+0530: 6925.919: Total time for which application threads were stopped: 0.0531122 seconds, Stopping threads took: 0.0000864 seconds
{Heap before GC invocations=124 (full 1):
 par new generation   total 109248K, used 98802K [0x00000000e0000000, 0x00000000e8000000, 0x00000000e8000000)
  eden space 87424K, 100% used [0x00000000e0000000, 0x00000000e5560000, 0x00000000e5560000)
  from space 21824K,  52% used [0x00000000e5560000, 0x00000000e607cbd0, 0x00000000e6ab0000)
  to   space 21824K,   0% used [0x00000000e6ab0000, 0x00000000e6ab0000, 0x00000000e8000000)
 concurrent mark-sweep generation total 393216K, used 29776K [0x00000000e8000000, 0x0000000100000000, 0x0000000100000000)
 Metaspace       used 35459K, capacity 36018K, committed 36044K, reserved 1081344K
  class space    used 3876K, capacity 4034K, committed 4044K, reserved 1048576K
2015-12-06T21:50:35.649+0530: 6925.957: [GC (Allocation Failure) 6925.957: [ParNew
Desired survivor size 20112992 bytes, new threshold 8 (max 8)
- age   1:     686320 bytes,     686320 total
- age   2:    5055144 bytes,    5741464 total
- age   3:     146304 bytes,    5887768 total
- age   4:      88824 bytes,    5976592 total
- age   5:     107760 bytes,    6084352 total
- age   6:      98848 bytes,    6183200 total
- age   7:      47744 bytes,    6230944 total
- age   8:      36192 bytes,    6267136 total
: 98802K->8512K(109248K), 0.0564050 secs] 128579K->40593K(502464K), 0.0566918 secs] [Times: user=0.08 sys=0.00, real=0.06 secs] 
Heap after GC invocations=125 (full 1):
 par new generation   total 109248K, used 8512K [0x00000000e0000000, 0x00000000e8000000, 0x00000000e8000000)
  eden space 87424K,   0% used [0x00000000e0000000, 0x00000000e0000000, 0x00000000e5560000)
  from space 21824K,  39% used [0x00000000e6ab0000, 0x00000000e7300280, 0x00000000e8000000)
  to   space 21824K,   0% used [0x00000000e5560000, 0x00000000e5560000, 0x00000000e6ab0000)
 concurrent mark-sweep generation total 393216K, used 32081K [0x00000000e8000000, 0x0000000100000000, 0x0000000100000000)
 Metaspace       used 35459K, capacity 36018K, committed 36044K, reserved 1081344K
  class space    used 3876K, capacity 4034K, committed 4044K, reserved 1048576K
}
2015-12-06T21:50:35.705+0530: 6926.014: Total time for which application threads were stopped: 0.0587762 seconds, Stopping threads took: 0.0016979 seconds
{Heap before GC invocations=125 (full 1):
 par new generation   total 109248K, used 95936K [0x00000000e0000000, 0x00000000e8000000, 0x00000000e8000000)
  eden space 87424K, 100% used [0x00000000e0000000, 0x00000000e5560000, 0x00000000e5560000)
  from space 21824K,  39% used [0x00000000e6ab0000, 0x00000000e7300280, 0x00000000e8000000)
  to   space 21824K,   0% used [0x00000000e5560000, 0x00000000e5560000, 0x00000000e6ab0000)
 concurrent mark-sweep generation total 393216K, used 32081K [0x00000000e8000000, 0x0000000100000000, 0x0000000100000000)
 Metaspace       used 35459K, capacity 36018K, committed 36044K, reserved 1081344K
  class space    used 3876K, capacity 4034K, committed 4044K, reserved 1048576K
2015-12-06T21:50:35.737+0530: 6926.046: [GC (Allocation Failure) 6926.046: [ParNew
Desired survivor size 20112992 bytes, new threshold 8 (max 8)
- age   1:     451528 bytes,     451528 total
- age   2:     235392 bytes,     686920 total
- age   3:    5046904 bytes,    5733824 total
- age   4:     146304 bytes,    5880128 total
- age   5:      88824 bytes,    5968952 total
- age   6:     107760 bytes,    6076712 total
- age   7:      98848 bytes,    6175560 total
- age   8:      47744 bytes,    6223304 total
: 95936K->7558K(109248K), 0.1057900 secs] 128017K->39676K(502464K), 0.1060173 secs] [Times: user=0.11 sys=0.00, real=0.11 secs] 
Heap after GC invocations=126 (full 1):
 par new generation   total 109248K, used 7558K [0x00000000e0000000, 0x00000000e8000000, 0x00000000e8000000)
  eden space 87424K,   0% used [0x00000000e0000000, 0x00000000e0000000, 0x00000000e5560000)
  from space 21824K,  34% used [0x00000000e5560000, 0x00000000e5cc1820, 0x00000000e6ab0000)
  to   space 21824K,   0% used [0x00000000e6ab0000, 0x00000000e6ab0000, 0x00000000e8000000)
 concurrent mark-sweep generation total 393216K, used 32118K [0x00000000e8000000, 0x0000000100000000, 0x0000000100000000)
 Metaspace       used 35459K, capacity 36018K, committed 36044K, reserved 1081344K
  class space    used 3876K, capacity 4034K, committed 4044K, reserved 1048576K
}
2015-12-06T21:50:35.844+0530: 6926.152: Total time for which application threads were stopped: 0.1065592 seconds, Stopping threads took: 0.0000913 seconds
{Heap before GC invocations=126 (full 1):
 par new generation   total 109248K, used 94982K [0x00000000e0000000, 0x00000000e8000000, 0x00000000e8000000)
  eden space 87424K, 100% used [0x00000000e0000000, 0x00000000e5560000, 0x00000000e5560000)
  from space 21824K,  34% used [0x00000000e5560000, 0x00000000e5cc1820, 0x00000000e6ab0000)
  to   space 21824K,   0% used [0x00000000e6ab0000, 0x00000000e6ab0000, 0x00000000e8000000)
 concurrent mark-sweep generation total 393216K, used 32118K [0x00000000e8000000, 0x0000000100000000, 0x0000000100000000)
 Metaspace       used 35459K, capacity 36018K, committed 36044K, reserved 1081344K
  class space    used 3876K, capacity 4034K, committed 4044K, reserved 1048576K
2015-12-06T21:50:35.943+0530: 6926.251: [GC (Allocation Failure) 6926.252: [ParNew
Desired survivor size 20112992 bytes, new threshold 8 (max 8)
- age   1:     793072 bytes,     793072 total
- age   2:     107608 bytes,     900680 total
- age   3:     234976 bytes,    1135656 total
- age   4:    5041328 bytes,    6176984 total
- age   5:     146304 bytes,    6323288 total
- age   6:      88824 bytes,    6412112 total
- age   7:     107760 bytes,    6519872 total
- age   8:      98848 bytes,    6618720 total
: 94982K->10795K(109248K), 0.0281084 secs] 127100K->42963K(502464K), 0.0290853 secs] [Times: user=0.07 sys=0.00, real=0.02 secs] 
Heap after GC invocations=127 (full 1):
 par new generation   total 109248K, used 10795K [0x00000000e0000000, 0x00000000e8000000, 0x00000000e8000000)
  eden space 87424K,   0% used [0x00000000e0000000, 0x00000000e0000000, 0x00000000e5560000)
  from space 21824K,  49% used [0x00000000e6ab0000, 0x00000000e753af40, 0x00000000e8000000)
  to   space 21824K,   0% used [0x00000000e5560000, 0x00000000e5560000, 0x00000000e6ab0000)
 concurrent mark-sweep generation total 393216K, used 32167K [0x00000000e8000000, 0x0000000100000000, 0x0000000100000000)
 Metaspace       used 35459K, capacity 36018K, committed 36044K, reserved 1081344K
  class space    used 3876K, capacity 4034K, committed 4044K, reserved 1048576K
}
2015-12-06T21:50:35.972+0530: 6926.280: Total time for which application threads were stopped: 0.0397192 seconds, Stopping threads took: 0.0101518 seconds
{Heap before GC invocations=127 (full 1):
 par new generation   total 109248K, used 98219K [0x00000000e0000000, 0x00000000e8000000, 0x00000000e8000000)
  eden space 87424K, 100% used [0x00000000e0000000, 0x00000000e5560000, 0x00000000e5560000)
  from space 21824K,  49% used [0x00000000e6ab0000, 0x00000000e753af40, 0x00000000e8000000)
  to   space 21824K,   0% used [0x00000000e5560000, 0x00000000e5560000, 0x00000000e6ab0000)
 concurrent mark-sweep generation total 393216K, used 32167K [0x00000000e8000000, 0x0000000100000000, 0x0000000100000000)
 Metaspace       used 35459K, capacity 36018K, committed 36044K, reserved 1081344K
  class space    used 3876K, capacity 4034K, committed 4044K, reserved 1048576K
2015-12-06T21:50:36.069+0530: 6926.377: [GC (Allocation Failure) 6926.377: [ParNew
Desired survivor size 20112992 bytes, new threshold 8 (max 8)
- age   1:    1235840 bytes,    1235840 total
- age   2:     161560 bytes,    1397400 total
- age   3:     107336 bytes,    1504736 total
- age   4:     234976 bytes,    1739712 total
- age   5:    5040696 bytes,    6780408 total
- age   6:     146304 bytes,    6926712 total
- age   7:      88824 bytes,    7015536 total
- age   8:     107760 bytes,    7123296 total
: 98219K->8896K(109248K), 0.0306653 secs] 130387K->41162K(502464K), 0.0309412 secs] [Times: user=0.05 sys=0.00, real=0.03 secs] 
Heap after GC invocations=128 (full 1):
 par new generation   total 109248K, used 8896K [0x00000000e0000000, 0x00000000e8000000, 0x00000000e8000000)
  eden space 87424K,   0% used [0x00000000e0000000, 0x00000000e0000000, 0x00000000e5560000)
  from space 21824K,  40% used [0x00000000e5560000, 0x00000000e5e10080, 0x00000000e6ab0000)
  to   space 21824K,   0% used [0x00000000e6ab0000, 0x00000000e6ab0000, 0x00000000e8000000)
 concurrent mark-sweep generation total 393216K, used 32266K [0x00000000e8000000, 0x0000000100000000, 0x0000000100000000)
 Metaspace       used 35459K, capacity 36018K, committed 36044K, reserved 1081344K
  class space    used 3876K, capacity 4034K, committed 4044K, reserved 1048576K
}
2015-12-06T21:50:36.100+0530: 6926.408: Total time for which application threads were stopped: 0.0384288 seconds, Stopping threads took: 0.0071021 seconds
{Heap before GC invocations=128 (full 1):
 par new generation   total 109248K, used 96305K [0x00000000e0000000, 0x00000000e8000000, 0x00000000e8000000)
  eden space 87424K,  99% used [0x00000000e0000000, 0x00000000e555c660, 0x00000000e5560000)
  from space 21824K,  40% used [0x00000000e5560000, 0x00000000e5e10080, 0x00000000e6ab0000)
  to   space 21824K,   0% used [0x00000000e6ab0000, 0x00000000e6ab0000, 0x00000000e8000000)
 concurrent mark-sweep generation total 393216K, used 32266K [0x00000000e8000000, 0x0000000100000000, 0x0000000100000000)
 Metaspace       used 35459K, capacity 36018K, committed 36044K, reserved 1081344K
  class space    used 3876K, capacity 4034K, committed 4044K, reserved 1048576K
2015-12-06T21:50:36.226+0530: 6926.534: [GC (Allocation Failure) 6926.534: [ParNew
Desired survivor size 20112992 bytes, new threshold 8 (max 8)
- age   1:     590248 bytes,     590248 total
- age   2:     102760 bytes,     693008 total
- age   3:     161128 bytes,     854136 total
- age   4:     106848 bytes,     960984 total
- age   5:     234976 bytes,    1195960 total
- age   6:    5036920 bytes,    6232880 total
- age   7:     146304 bytes,    6379184 total
- age   8:      88824 bytes,    6468008 total
: 96305K->8937K(109248K), 0.0307312 secs] 128572K->41311K(502464K), 0.0310844 secs] [Times: user=0.04 sys=0.01, real=0.03 secs] 
Heap after GC invocations=129 (full 1):
 par new generation   total 109248K, used 8937K [0x00000000e0000000, 0x00000000e8000000, 0x00000000e8000000)
  eden space 87424K,   0% used [0x00000000e0000000, 0x00000000e0000000, 0x00000000e5560000)
  from space 21824K,  40% used [0x00000000e6ab0000, 0x00000000e736a790, 0x00000000e8000000)
  to   space 21824K,   0% used [0x00000000e5560000, 0x00000000e5560000, 0x00000000e6ab0000)
 concurrent mark-sweep generation total 393216K, used 32373K [0x00000000e8000000, 0x0000000100000000, 0x0000000100000000)
 Metaspace       used 35459K, capacity 36018K, committed 36044K, reserved 1081344K
  class space    used 3876K, capacity 4034K, committed 4044K, reserved 1048576K
}
2015-12-06T21:50:36.257+0530: 6926.565: Total time for which application threads were stopped: 0.0397946 seconds, Stopping threads took: 0.0082396 seconds
{Heap before GC invocations=129 (full 1):
 par new generation   total 109248K, used 96357K [0x00000000e0000000, 0x00000000e8000000, 0x00000000e8000000)
  eden space 87424K,  99% used [0x00000000e0000000, 0x00000000e555ed10, 0x00000000e5560000)
  from space 21824K,  40% used [0x00000000e6ab0000, 0x00000000e736a790, 0x00000000e8000000)
  to   space 21824K,   0% used [0x00000000e5560000, 0x00000000e5560000, 0x00000000e6ab0000)
 concurrent mark-sweep generation total 393216K, used 32373K [0x00000000e8000000, 0x0000000100000000, 0x0000000100000000)
 Metaspace       used 35460K, capacity 36018K, committed 36044K, reserved 1081344K
  class space    used 3876K, capacity 4034K, committed 4044K, reserved 1048576K
2015-12-06T21:50:36.418+0530: 6926.726: [GC (Allocation Failure) 6926.726: [ParNew
Desired survivor size 20112992 bytes, new threshold 8 (max 8)
- age   1:    1606600 bytes,    1606600 total
- age   2:      89896 bytes,    1696496 total
- age   3:     101728 bytes,    1798224 total
- age   4:     154568 bytes,    1952792 total
- age   5:     105936 bytes,    2058728 total
- age   6:     233824 bytes,    2292552 total
- age   7:    3676032 bytes,    5968584 total
- age   8:     146304 bytes,    6114888 total
: 96357K->8681K(109248K), 0.0345325 secs] 128730K->41143K(502464K), 0.0352006 secs] [Times: user=0.05 sys=0.01, real=0.03 secs] 
Heap after GC invocations=130 (full 1):
 par new generation   total 109248K, used 8681K [0x00000000e0000000, 0x00000000e8000000, 0x00000000e8000000)
  eden space 87424K,   0% used [0x00000000e0000000, 0x00000000e0000000, 0x00000000e5560000)
  from space 21824K,  39% used [0x00000000e5560000, 0x00000000e5dda440, 0x00000000e6ab0000)
  to   space 21824K,   0% used [0x00000000e6ab0000, 0x00000000e6ab0000, 0x00000000e8000000)
 concurrent mark-sweep generation total 393216K, used 32462K [0x00000000e8000000, 0x0000000100000000, 0x0000000100000000)
 Metaspace       used 35460K, capacity 36018K, committed 36044K, reserved 1081344K
  class space    used 3876K, capacity 4034K, committed 4044K, reserved 1048576K
}
2015-12-06T21:50:36.453+0530: 6926.761: Total time for which application threads were stopped: 0.0452211 seconds, Stopping threads took: 0.0095271 seconds
2015-12-06T21:50:36.954+0530: 6927.262: Total time for which application threads were stopped: 0.0007278 seconds, Stopping threads took: 0.0005332 seconds
2015-12-06T21:50:36.955+0530: 6927.263: Total time for which application threads were stopped: 0.0002356 seconds, Stopping threads took: 0.0001065 seconds
2015-12-06T21:50:36.955+0530: 6927.263: Total time for which application threads were stopped: 0.0001499 seconds, Stopping threads took: 0.0000273 seconds
2015-12-06T21:50:36.987+0530: 6927.295: Total time for which application threads were stopped: 0.0004967 seconds, Stopping threads took: 0.0002549 seconds
2015-12-06T21:50:37.005+0530: 6927.313: Total time for which application threads were stopped: 0.0002324 seconds, Stopping threads took: 0.0000441 seconds
2015-12-06T21:50:37.008+0530: 6927.316: Total time for which application threads were stopped: 0.0023458 seconds, Stopping threads took: 0.0021295 seconds
{Heap before GC invocations=130 (full 1):
 par new generation   total 109248K, used 96105K [0x00000000e0000000, 0x00000000e8000000, 0x00000000e8000000)
  eden space 87424K, 100% used [0x00000000e0000000, 0x00000000e5560000, 0x00000000e5560000)
  from space 21824K,  39% used [0x00000000e5560000, 0x00000000e5dda440, 0x00000000e6ab0000)
  to   space 21824K,   0% used [0x00000000e6ab0000, 0x00000000e6ab0000, 0x00000000e8000000)
 concurrent mark-sweep generation total 393216K, used 32462K [0x00000000e8000000, 0x0000000100000000, 0x0000000100000000)
 Metaspace       used 35468K, capacity 36082K, committed 36300K, reserved 1081344K
  class space    used 3877K, capacity 4034K, committed 4044K, reserved 1048576K
2015-12-06T21:50:37.698+0530: 6928.006: [GC (Allocation Failure) 6928.006: [ParNew
Desired survivor size 20112992 bytes, new threshold 8 (max 8)
- age   1:    4390728 bytes,    4390728 total
- age   2:    1237472 bytes,    5628200 total
- age   3:      89416 bytes,    5717616 total
- age   4:     101560 bytes,    5819176 total
- age   5:     154280 bytes,    5973456 total
- age   6:     105600 bytes,    6079056 total
- age   7:      37872 bytes,    6116928 total
- age   8:    2544120 bytes,    8661048 total
: 96105K->10412K(109248K), 0.0312864 secs] 128567K->43021K(502464K), 0.0316471 secs] [Times: user=0.07 sys=0.01, real=0.03 secs] 
Heap after GC invocations=131 (full 1):
 par new generation   total 109248K, used 10412K [0x00000000e0000000, 0x00000000e8000000, 0x00000000e8000000)
  eden space 87424K,   0% used [0x00000000e0000000, 0x00000000e0000000, 0x00000000e5560000)
  from space 21824K,  47% used [0x00000000e6ab0000, 0x00000000e74db260, 0x00000000e8000000)
  to   space 21824K,   0% used [0x00000000e5560000, 0x00000000e5560000, 0x00000000e6ab0000)
 concurrent mark-sweep generation total 393216K, used 32608K [0x00000000e8000000, 0x0000000100000000, 0x0000000100000000)
 Metaspace       used 35468K, capacity 36082K, committed 36300K, reserved 1081344K
  class space    used 3877K, capacity 4034K, committed 4044K, reserved 1048576K
}
2015-12-06T21:50:37.729+0530: 6928.038: Total time for which application threads were stopped: 0.0447103 seconds, Stopping threads took: 0.0125254 seconds
{Heap before GC invocations=131 (full 1):
 par new generation   total 109248K, used 97824K [0x00000000e0000000, 0x00000000e8000000, 0x00000000e8000000)
  eden space 87424K,  99% used [0x00000000e0000000, 0x00000000e555ce78, 0x00000000e5560000)
  from space 21824K,  47% used [0x00000000e6ab0000, 0x00000000e74db260, 0x00000000e8000000)
  to   space 21824K,   0% used [0x00000000e5560000, 0x00000000e5560000, 0x00000000e6ab0000)
 concurrent mark-sweep generation total 393216K, used 32608K [0x00000000e8000000, 0x0000000100000000, 0x0000000100000000)
 Metaspace       used 35468K, capacity 36082K, committed 36300K, reserved 1081344K
  class space    used 3877K, capacity 4034K, committed 4044K, reserved 1048576K
2015-12-06T21:50:37.775+0530: 6928.083: [GC (Allocation Failure) 6928.083: [ParNew
Desired survivor size 20112992 bytes, new threshold 8 (max 8)
- age   1:     681600 bytes,     681600 total
- age   2:    3826864 bytes,    4508464 total
- age   3:    1237472 bytes,    5745936 total
- age   4:      89416 bytes,    5835352 total
- age   5:     101560 bytes,    5936912 total
- age   6:     154280 bytes,    6091192 total
- age   7:     105600 bytes,    6196792 total
- age   8:      37872 bytes,    6234664 total
: 97824K->8930K(109248K), 0.0445855 secs] 130433K->44036K(502464K), 0.0449075 secs] [Times: user=0.09 sys=0.00, real=0.04 secs] 
Heap after GC invocations=132 (full 1):
 par new generation   total 109248K, used 8930K [0x00000000e0000000, 0x00000000e8000000, 0x00000000e8000000)
  eden space 87424K,   0% used [0x00000000e0000000, 0x00000000e0000000, 0x00000000e5560000)
  from space 21824K,  40% used [0x00000000e5560000, 0x00000000e5e18aa8, 0x00000000e6ab0000)
  to   space 21824K,   0% used [0x00000000e6ab0000, 0x00000000e6ab0000, 0x00000000e8000000)
 concurrent mark-sweep generation total 393216K, used 35105K [0x00000000e8000000, 0x0000000100000000, 0x0000000100000000)
 Metaspace       used 35468K, capacity 36082K, committed 36300K, reserved 1081344K
  class space    used 3877K, capacity 4034K, committed 4044K, reserved 1048576K
}
2015-12-06T21:50:37.820+0530: 6928.128: Total time for which application threads were stopped: 0.0606948 seconds, Stopping threads took: 0.0153229 seconds
{Heap before GC invocations=132 (full 1):
 par new generation   total 109248K, used 96354K [0x00000000e0000000, 0x00000000e8000000, 0x00000000e8000000)
  eden space 87424K, 100% used [0x00000000e0000000, 0x00000000e5560000, 0x00000000e5560000)
  from space 21824K,  40% used [0x00000000e5560000, 0x00000000e5e18aa8, 0x00000000e6ab0000)
  to   space 21824K,   0% used [0x00000000e6ab0000, 0x00000000e6ab0000, 0x00000000e8000000)
 concurrent mark-sweep generation total 393216K, used 35105K [0x00000000e8000000, 0x0000000100000000, 0x0000000100000000)
 Metaspace       used 35468K, capacity 36082K, committed 36300K, reserved 1081344K
  class space    used 3877K, capacity 4034K, committed 4044K, reserved 1048576K
2015-12-06T21:50:37.880+0530: 6928.188: [GC (Allocation Failure) 6928.190: [ParNew
Desired survivor size 20112992 bytes, new threshold 8 (max 8)
- age   1:    1040352 bytes,    1040352 total
- age   2:      42112 bytes,    1082464 total
- age   3:    3818464 bytes,    4900928 total
- age   4:    1237472 bytes,    6138400 total
- age   5:      89416 bytes,    6227816 total
- age   6:     101560 bytes,    6329376 total
- age   7:     154280 bytes,    6483656 total
- age   8:     105600 bytes,    6589256 total
: 96354K->8138K(109248K), 0.0251259 secs] 131460K->43283K(502464K), 0.0269528 secs] [Times: user=0.06 sys=0.00, real=0.03 secs] 
Heap after GC invocations=133 (full 1):
 par new generation   total 109248K, used 8138K [0x00000000e0000000, 0x00000000e8000000, 0x00000000e8000000)
  eden space 87424K,   0% used [0x00000000e0000000, 0x00000000e0000000, 0x00000000e5560000)
  from space 21824K,  37% used [0x00000000e6ab0000, 0x00000000e72a2ac0, 0x00000000e8000000)
  to   space 21824K,   0% used [0x00000000e5560000, 0x00000000e5560000, 0x00000000e6ab0000)
 concurrent mark-sweep generation total 393216K, used 35145K [0x00000000e8000000, 0x0000000100000000, 0x0000000100000000)
 Metaspace       used 35468K, capacity 36082K, committed 36300K, reserved 1081344K
  class space    used 3877K, capacity 4034K, committed 4044K, reserved 1048576K
}
2015-12-06T21:50:37.907+0530: 6928.215: Total time for which application threads were stopped: 0.0348324 seconds, Stopping threads took: 0.0074252 seconds
{Heap before GC invocations=133 (full 1):
 par new generation   total 109248K, used 95562K [0x00000000e0000000, 0x00000000e8000000, 0x00000000e8000000)
  eden space 87424K, 100% used [0x00000000e0000000, 0x00000000e5560000, 0x00000000e5560000)
  from space 21824K,  37% used [0x00000000e6ab0000, 0x00000000e72a2ac0, 0x00000000e8000000)
  to   space 21824K,   0% used [0x00000000e5560000, 0x00000000e5560000, 0x00000000e6ab0000)
 concurrent mark-sweep generation total 393216K, used 35145K [0x00000000e8000000, 0x0000000100000000, 0x0000000100000000)
 Metaspace       used 35468K, capacity 36082K, committed 36300K, reserved 1081344K
  class space    used 3877K, capacity 4034K, committed 4044K, reserved 1048576K
2015-12-06T21:50:37.982+0530: 6928.290: [GC (Allocation Failure) 6928.290: [ParNew
Desired survivor size 20112992 bytes, new threshold 8 (max 8)
- age   1:     749632 bytes,     749632 total
- age   2:      77664 bytes,     827296 total
- age   3:      41840 bytes,     869136 total
- age   4:    3811776 bytes,    4680912 total
- age   5:    1237000 bytes,    5917912 total
- age   6:      85352 bytes,    6003264 total
- age   7:     100720 bytes,    6103984 total
- age   8:     152696 bytes,    6256680 total
: 95562K->8765K(109248K), 0.0293054 secs] 130707K->44014K(502464K), 0.0296625 secs] [Times: user=0.05 sys=0.00, real=0.02 secs] 
Heap after GC invocations=134 (full 1):
 par new generation   total 109248K, used 8765K [0x00000000e0000000, 0x00000000e8000000, 0x00000000e8000000)
  eden space 87424K,   0% used [0x00000000e0000000, 0x00000000e0000000, 0x00000000e5560000)
  from space 21824K,  40% used [0x00000000e5560000, 0x00000000e5def4d0, 0x00000000e6ab0000)
  to   space 21824K,   0% used [0x00000000e6ab0000, 0x00000000e6ab0000, 0x00000000e8000000)
 concurrent mark-sweep generation total 393216K, used 35249K [0x00000000e8000000, 0x0000000100000000, 0x0000000100000000)
 Metaspace       used 35468K, capacity 36082K, committed 36300K, reserved 1081344K
  class space    used 3877K, capacity 4034K, committed 4044K, reserved 1048576K
}
2015-12-06T21:50:38.011+0530: 6928.320: Total time for which application threads were stopped: 0.0513320 seconds, Stopping threads took: 0.0210896 seconds
{Heap before GC invocations=134 (full 1):
 par new generation   total 109248K, used 96189K [0x00000000e0000000, 0x00000000e8000000, 0x00000000e8000000)
  eden space 87424K, 100% used [0x00000000e0000000, 0x00000000e5560000, 0x00000000e5560000)
  from space 21824K,  40% used [0x00000000e5560000, 0x00000000e5def4d0, 0x00000000e6ab0000)
  to   space 21824K,   0% used [0x00000000e6ab0000, 0x00000000e6ab0000, 0x00000000e8000000)
 concurrent mark-sweep generation total 393216K, used 35249K [0x00000000e8000000, 0x0000000100000000, 0x0000000100000000)
 Metaspace       used 35468K, capacity 36082K, committed 36300K, reserved 1081344K
  class space    used 3877K, capacity 4034K, committed 4044K, reserved 1048576K
2015-12-06T21:50:38.118+0530: 6928.426: [GC (Allocation Failure) 6928.426: [ParNew
Desired survivor size 20112992 bytes, new threshold 8 (max 8)
- age   1:     886520 bytes,     886520 total
- age   2:     116496 bytes,    1003016 total
- age   3:      77176 bytes,    1080192 total
- age   4:      41568 bytes,    1121760 total
- age   5:    3810416 bytes,    4932176 total
- age   6:    1237000 bytes,    6169176 total
- age   7:      85104 bytes,    6254280 total
- age   8:     100720 bytes,    6355000 total
: 96189K->8442K(109248K), 0.0121563 secs] 131438K->43844K(502464K), 0.0124073 secs] [Times: user=0.03 sys=0.00, real=0.01 secs] 
Heap after GC invocations=135 (full 1):
 par new generation   total 109248K, used 8442K [0x00000000e0000000, 0x00000000e8000000, 0x00000000e8000000)
  eden space 87424K,   0% used [0x00000000e0000000, 0x00000000e0000000, 0x00000000e5560000)
  from space 21824K,  38% used [0x00000000e6ab0000, 0x00000000e72ee920, 0x00000000e8000000)
  to   space 21824K,   0% used [0x00000000e5560000, 0x00000000e5560000, 0x00000000e6ab0000)
 concurrent mark-sweep generation total 393216K, used 35402K [0x00000000e8000000, 0x0000000100000000, 0x0000000100000000)
 Metaspace       used 35468K, capacity 36082K, committed 36300K, reserved 1081344K
  class space    used 3877K, capacity 4034K, committed 4044K, reserved 1048576K
}
2015-12-06T21:50:38.130+0530: 6928.438: Total time for which application threads were stopped: 0.0169231 seconds, Stopping threads took: 0.0041181 seconds
{Heap before GC invocations=135 (full 1):
 par new generation   total 109248K, used 95866K [0x00000000e0000000, 0x00000000e8000000, 0x00000000e8000000)
  eden space 87424K, 100% used [0x00000000e0000000, 0x00000000e5560000, 0x00000000e5560000)
  from space 21824K,  38% used [0x00000000e6ab0000, 0x00000000e72ee920, 0x00000000e8000000)
  to   space 21824K,   0% used [0x00000000e5560000, 0x00000000e5560000, 0x00000000e6ab0000)
 concurrent mark-sweep generation total 393216K, used 35402K [0x00000000e8000000, 0x0000000100000000, 0x0000000100000000)
 Metaspace       used 35468K, capacity 36082K, committed 36300K, reserved 1081344K
  class space    used 3877K, capacity 4034K, committed 4044K, reserved 1048576K
2015-12-06T21:50:38.226+0530: 6928.534: [GC (Allocation Failure) 6928.534: [ParNew
Desired survivor size 20112992 bytes, new threshold 8 (max 8)
- age   1:     940088 bytes,     940088 total
- age   2:     255888 bytes,    1195976 total
- age   3:     115536 bytes,    1311512 total
- age   4:      76472 bytes,    1387984 total
- age   5:      40920 bytes,    1428904 total
- age   6:    3810392 bytes,    5239296 total
- age   7:    1237000 bytes,    6476296 total
- age   8:      85104 bytes,    6561400 total
: 95866K->8979K(109248K), 0.0901911 secs] 131268K->44482K(502464K), 0.0904594 secs] [Times: user=0.08 sys=0.00, real=0.09 secs] 
Heap after GC invocations=136 (full 1):
 par new generation   total 109248K, used 8979K [0x00000000e0000000, 0x00000000e8000000, 0x00000000e8000000)
  eden space 87424K,   0% used [0x00000000e0000000, 0x00000000e0000000, 0x00000000e5560000)
  from space 21824K,  41% used [0x00000000e5560000, 0x00000000e5e24e18, 0x00000000e6ab0000)
  to   space 21824K,   0% used [0x00000000e6ab0000, 0x00000000e6ab0000, 0x00000000e8000000)
 concurrent mark-sweep generation total 393216K, used 35502K [0x00000000e8000000, 0x0000000100000000, 0x0000000100000000)
 Metaspace       used 35468K, capacity 36082K, committed 36300K, reserved 1081344K
  class space    used 3877K, capacity 4034K, committed 4044K, reserved 1048576K
}
2015-12-06T21:50:38.317+0530: 6928.625: Total time for which application threads were stopped: 0.0936241 seconds, Stopping threads took: 0.0027355 seconds
{Heap before GC invocations=136 (full 1):
 par new generation   total 109248K, used 96403K [0x00000000e0000000, 0x00000000e8000000, 0x00000000e8000000)
  eden space 87424K, 100% used [0x00000000e0000000, 0x00000000e5560000, 0x00000000e5560000)
  from space 21824K,  41% used [0x00000000e5560000, 0x00000000e5e24e18, 0x00000000e6ab0000)
  to   space 21824K,   0% used [0x00000000e6ab0000, 0x00000000e6ab0000, 0x00000000e8000000)
 concurrent mark-sweep generation total 393216K, used 35502K [0x00000000e8000000, 0x0000000100000000, 0x0000000100000000)
 Metaspace       used 35468K, capacity 36082K, committed 36300K, reserved 1081344K
  class space    used 3877K, capacity 4034K, committed 4044K, reserved 1048576K
2015-12-06T21:50:38.520+0530: 6928.828: [GC (Allocation Failure) 6928.828: [ParNew
Desired survivor size 20112992 bytes, new threshold 8 (max 8)
- age   1:    1570560 bytes,    1570560 total
- age   2:      99304 bytes,    1669864 total
- age   3:     251320 bytes,    1921184 total
- age   4:     115104 bytes,    2036288 total
- age   5:      75536 bytes,    2111824 total
- age   6:      39984 bytes,    2151808 total
- age   7:    2680064 bytes,    4831872 total
- age   8:    1236936 bytes,    6068808 total
: 96403K->8047K(109248K), 0.0235517 secs] 131906K->43635K(502464K), 0.0238611 secs] [Times: user=0.05 sys=0.00, real=0.03 secs] 
Heap after GC invocations=137 (full 1):
 par new generation   total 109248K, used 8047K [0x00000000e0000000, 0x00000000e8000000, 0x00000000e8000000)
  eden space 87424K,   0% used [0x00000000e0000000, 0x00000000e0000000, 0x00000000e5560000)
  from space 21824K,  36% used [0x00000000e6ab0000, 0x00000000e728bf90, 0x00000000e8000000)
  to   space 21824K,   0% used [0x00000000e5560000, 0x00000000e5560000, 0x00000000e6ab0000)
 concurrent mark-sweep generation total 393216K, used 35587K [0x00000000e8000000, 0x0000000100000000, 0x0000000100000000)
 Metaspace       used 35468K, capacity 36082K, committed 36300K, reserved 1081344K
  class space    used 3877K, capacity 4034K, committed 4044K, reserved 1048576K
}
2015-12-06T21:50:38.544+0530: 6928.852: Total time for which application threads were stopped: 0.0244275 seconds, Stopping threads took: 0.0000708 seconds
2015-12-06T21:50:39.104+0530: 6929.412: Total time for which application threads were stopped: 0.0002440 seconds, Stopping threads took: 0.0000680 seconds
2015-12-06T21:50:39.144+0530: 6929.452: Total time for which application threads were stopped: 0.0001631 seconds, Stopping threads took: 0.0000289 seconds
2015-12-06T21:50:39.175+0530: 6929.483: Total time for which application threads were stopped: 0.0001807 seconds, Stopping threads took: 0.0000244 seconds
2015-12-06T21:50:40.176+0530: 6930.484: Total time for which application threads were stopped: 0.0002117 seconds, Stopping threads took: 0.0000303 seconds
2015-12-06T21:50:46.877+0530: 6937.185: Total time for which application threads were stopped: 0.0005525 seconds, Stopping threads took: 0.0001070 seconds
2015-12-06T21:50:47.217+0530: 6937.526: Total time for which application threads were stopped: 0.0002538 seconds, Stopping threads took: 0.0000413 seconds
2015-12-06T21:50:48.218+0530: 6938.526: Total time for which application threads were stopped: 0.0002342 seconds, Stopping threads took: 0.0000345 seconds
2015-12-06T21:50:51.714+0530: 6942.022: Total time for which application threads were stopped: 0.0003442 seconds, Stopping threads took: 0.0000669 seconds
2015-12-06T21:51:38.721+0530: 6989.029: Total time for which application threads were stopped: 0.0003210 seconds, Stopping threads took: 0.0000867 seconds
2015-12-06T21:52:18.538+0530: 7028.846: Total time for which application threads were stopped: 0.0001662 seconds, Stopping threads took: 0.0000450 seconds
2015-12-06T21:52:18.563+0530: 7028.871: Total time for which application threads were stopped: 0.0002212 seconds, Stopping threads took: 0.0000386 seconds
2015-12-06T21:52:18.579+0530: 7028.887: Total time for which application threads were stopped: 0.0003254 seconds, Stopping threads took: 0.0000565 seconds
2015-12-06T21:52:18.582+0530: 7028.890: Total time for which application threads were stopped: 0.0002034 seconds, Stopping threads took: 0.0000334 seconds
2015-12-06T21:52:18.582+0530: 7028.890: Total time for which application threads were stopped: 0.0001378 seconds, Stopping threads took: 0.0000176 seconds
2015-12-06T21:52:18.600+0530: 7028.908: Total time for which application threads were stopped: 0.0003147 seconds, Stopping threads took: 0.0000784 seconds
2015-12-06T21:52:18.600+0530: 7028.908: Total time for which application threads were stopped: 0.0001423 seconds, Stopping threads took: 0.0000350 seconds
2015-12-06T21:52:18.600+0530: 7028.908: Total time for which application threads were stopped: 0.0001120 seconds, Stopping threads took: 0.0000290 seconds
2015-12-06T21:52:18.635+0530: 7028.943: Total time for which application threads were stopped: 0.0008271 seconds, Stopping threads took: 0.0006231 seconds
2015-12-06T21:52:18.642+0530: 7028.950: Total time for which application threads were stopped: 0.0001935 seconds, Stopping threads took: 0.0000359 seconds
2015-12-06T21:52:19.643+0530: 7029.951: Total time for which application threads were stopped: 0.0004072 seconds, Stopping threads took: 0.0000496 seconds
2015-12-06T21:52:22.643+0530: 7032.951: Total time for which application threads were stopped: 0.0003356 seconds, Stopping threads took: 0.0000493 seconds
2015-12-06T21:52:26.777+0530: 7037.085: Total time for which application threads were stopped: 0.0003070 seconds, Stopping threads took: 0.0000490 seconds
2015-12-06T21:52:28.777+0530: 7039.086: Total time for which application threads were stopped: 0.0002736 seconds, Stopping threads took: 0.0000487 seconds
2015-12-06T21:53:03.782+0530: 7074.091: Total time for which application threads were stopped: 0.0001387 seconds, Stopping threads took: 0.0000398 seconds
2015-12-06T21:53:45.051+0530: 7115.359: Total time for which application threads were stopped: 0.0002397 seconds, Stopping threads took: 0.0000482 seconds
2015-12-06T21:53:45.052+0530: 7115.360: Total time for which application threads were stopped: 0.0001658 seconds, Stopping threads took: 0.0000420 seconds
2015-12-06T21:53:45.075+0530: 7115.383: Total time for which application threads were stopped: 0.0007354 seconds, Stopping threads took: 0.0000495 seconds
2015-12-06T21:53:45.202+0530: 7115.510: Total time for which application threads were stopped: 0.0002498 seconds, Stopping threads took: 0.0000333 seconds
2015-12-06T21:53:45.206+0530: 7115.514: Total time for which application threads were stopped: 0.0001611 seconds, Stopping threads took: 0.0000261 seconds
2015-12-06T21:53:45.207+0530: 7115.515: Total time for which application threads were stopped: 0.0000813 seconds, Stopping threads took: 0.0000152 seconds
2015-12-06T21:53:45.207+0530: 7115.515: Total time for which application threads were stopped: 0.0000944 seconds, Stopping threads took: 0.0000172 seconds
2015-12-06T21:53:45.208+0530: 7115.516: Total time for which application threads were stopped: 0.0001024 seconds, Stopping threads took: 0.0000187 seconds
2015-12-06T21:53:45.208+0530: 7115.516: Total time for which application threads were stopped: 0.0000996 seconds, Stopping threads took: 0.0000364 seconds
2015-12-06T21:53:45.209+0530: 7115.517: Total time for which application threads were stopped: 0.0001488 seconds, Stopping threads took: 0.0000278 seconds
2015-12-06T21:53:45.212+0530: 7115.520: Total time for which application threads were stopped: 0.0002461 seconds, Stopping threads took: 0.0000658 seconds
2015-12-06T21:53:45.214+0530: 7115.523: Total time for which application threads were stopped: 0.0002268 seconds, Stopping threads took: 0.0000619 seconds
2015-12-06T21:53:45.216+0530: 7115.524: Total time for which application threads were stopped: 0.0004402 seconds, Stopping threads took: 0.0000942 seconds
2015-12-06T21:53:45.217+0530: 7115.525: Total time for which application threads were stopped: 0.0001818 seconds, Stopping threads took: 0.0000512 seconds
2015-12-06T21:53:45.218+0530: 7115.526: Total time for which application threads were stopped: 0.0001347 seconds, Stopping threads took: 0.0000391 seconds
2015-12-06T21:53:45.218+0530: 7115.526: Total time for which application threads were stopped: 0.0001428 seconds, Stopping threads took: 0.0000375 seconds
2015-12-06T21:53:46.218+0530: 7116.526: Total time for which application threads were stopped: 0.0001773 seconds, Stopping threads took: 0.0000331 seconds
2015-12-06T21:54:54.875+0530: 7185.183: Total time for which application threads were stopped: 0.0001767 seconds, Stopping threads took: 0.0000400 seconds
2015-12-06T21:54:54.963+0530: 7185.271: Total time for which application threads were stopped: 0.0002126 seconds, Stopping threads took: 0.0000297 seconds
2015-12-06T21:54:54.965+0530: 7185.273: Total time for which application threads were stopped: 0.0002865 seconds, Stopping threads took: 0.0000451 seconds
2015-12-06T21:54:54.966+0530: 7185.274: Total time for which application threads were stopped: 0.0001823 seconds, Stopping threads took: 0.0000296 seconds
2015-12-06T21:54:54.967+0530: 7185.275: Total time for which application threads were stopped: 0.0002577 seconds, Stopping threads took: 0.0001784 seconds
2015-12-06T21:54:54.967+0530: 7185.275: Total time for which application threads were stopped: 0.0000882 seconds, Stopping threads took: 0.0000322 seconds
2015-12-06T21:54:55.967+0530: 7186.275: Total time for which application threads were stopped: 0.0002972 seconds, Stopping threads took: 0.0000493 seconds
2015-12-06T21:55:27.448+0530: 7217.756: Total time for which application threads were stopped: 0.0017602 seconds, Stopping threads took: 0.0015875 seconds
2015-12-06T21:55:28.448+0530: 7218.757: Total time for which application threads were stopped: 0.0002771 seconds, Stopping threads took: 0.0000508 seconds
2015-12-06T21:56:53.543+0530: 7303.852: Total time for which application threads were stopped: 0.0006194 seconds, Stopping threads took: 0.0003612 seconds
2015-12-06T21:56:53.545+0530: 7303.853: Total time for which application threads were stopped: 0.0003632 seconds, Stopping threads took: 0.0000956 seconds
{Heap before GC invocations=137 (full 1):
 par new generation   total 109248K, used 95471K [0x00000000e0000000, 0x00000000e8000000, 0x00000000e8000000)
  eden space 87424K, 100% used [0x00000000e0000000, 0x00000000e5560000, 0x00000000e5560000)
  from space 21824K,  36% used [0x00000000e6ab0000, 0x00000000e728bf90, 0x00000000e8000000)
  to   space 21824K,   0% used [0x00000000e5560000, 0x00000000e5560000, 0x00000000e6ab0000)
 concurrent mark-sweep generation total 393216K, used 35587K [0x00000000e8000000, 0x0000000100000000, 0x0000000100000000)
 Metaspace       used 36264K, capacity 36850K, committed 36940K, reserved 1081344K
  class space    used 3972K, capacity 4162K, committed 4172K, reserved 1048576K
2015-12-06T21:56:53.580+0530: 7303.888: [GC (Allocation Failure) 7303.888: [ParNew
Desired survivor size 20112992 bytes, new threshold 8 (max 8)
- age   1:    4027072 bytes,    4027072 total
- age   2:    1511936 bytes,    5539008 total
- age   3:      99304 bytes,    5638312 total
- age   4:     167208 bytes,    5805520 total
- age   5:     114976 bytes,    5920496 total
- age   6:      75536 bytes,    5996032 total
- age   7:      39984 bytes,    6036016 total
- age   8:    1354816 bytes,    7390832 total
: 95471K->8324K(109248K), 0.0196388 secs] 131059K->44730K(502464K), 0.2603249 secs] [Times: user=0.05 sys=0.00, real=0.26 secs] 
Heap after GC invocations=138 (full 1):
 par new generation   total 109248K, used 8324K [0x00000000e0000000, 0x00000000e8000000, 0x00000000e8000000)
  eden space 87424K,   0% used [0x00000000e0000000, 0x00000000e0000000, 0x00000000e5560000)
  from space 21824K,  38% used [0x00000000e5560000, 0x00000000e5d813c0, 0x00000000e6ab0000)
  to   space 21824K,   0% used [0x00000000e6ab0000, 0x00000000e6ab0000, 0x00000000e8000000)
 concurrent mark-sweep generation total 393216K, used 36405K [0x00000000e8000000, 0x0000000100000000, 0x0000000100000000)
 Metaspace       used 36264K, capacity 36850K, committed 36940K, reserved 1081344K
  class space    used 3972K, capacity 4162K, committed 4172K, reserved 1048576K
}
2015-12-06T21:56:53.841+0530: 7304.149: Total time for which application threads were stopped: 0.2618281 seconds, Stopping threads took: 0.0005937 seconds
2015-12-06T21:56:53.872+0530: 7304.180: Total time for which application threads were stopped: 0.0055774 seconds, Stopping threads took: 0.0053385 seconds
{Heap before GC invocations=138 (full 1):
 par new generation   total 109248K, used 95748K [0x00000000e0000000, 0x00000000e8000000, 0x00000000e8000000)
  eden space 87424K, 100% used [0x00000000e0000000, 0x00000000e5560000, 0x00000000e5560000)
  from space 21824K,  38% used [0x00000000e5560000, 0x00000000e5d813c0, 0x00000000e6ab0000)
  to   space 21824K,   0% used [0x00000000e6ab0000, 0x00000000e6ab0000, 0x00000000e8000000)
 concurrent mark-sweep generation total 393216K, used 36405K [0x00000000e8000000, 0x0000000100000000, 0x0000000100000000)
 Metaspace       used 36264K, capacity 36850K, committed 36940K, reserved 1081344K
  class space    used 3972K, capacity 4162K, committed 4172K, reserved 1048576K
2015-12-06T21:56:53.881+0530: 7304.190: [GC (Allocation Failure) 7304.190: [ParNew
Desired survivor size 20112992 bytes, new threshold 8 (max 8)
- age   1:    1185552 bytes,    1185552 total
- age   2:    3200016 bytes,    4385568 total
- age   3:    1511936 bytes,    5897504 total
- age   4:      99304 bytes,    5996808 total
- age   5:     166440 bytes,    6163248 total
- age   6:     114976 bytes,    6278224 total
- age   7:      75536 bytes,    6353760 total
- age   8:      39984 bytes,    6393744 total
: 95748K->7712K(109248K), 0.0323349 secs] 132154K->45447K(502464K), 0.0325844 secs] [Times: user=0.05 sys=0.00, real=0.03 secs] 
Heap after GC invocations=139 (full 1):
 par new generation   total 109248K, used 7712K [0x00000000e0000000, 0x00000000e8000000, 0x00000000e8000000)
  eden space 87424K,   0% used [0x00000000e0000000, 0x00000000e0000000, 0x00000000e5560000)
  from space 21824K,  35% used [0x00000000e6ab0000, 0x00000000e7238228, 0x00000000e8000000)
  to   space 21824K,   0% used [0x00000000e5560000, 0x00000000e5560000, 0x00000000e6ab0000)
 concurrent mark-sweep generation total 393216K, used 37735K [0x00000000e8000000, 0x0000000100000000, 0x0000000100000000)
 Metaspace       used 36264K, capacity 36850K, committed 36940K, reserved 1081344K
  class space    used 3972K, capacity 4162K, committed 4172K, reserved 1048576K
}
2015-12-06T21:56:53.914+0530: 7304.222: Total time for which application threads were stopped: 0.0335489 seconds, Stopping threads took: 0.0005182 seconds
{Heap before GC invocations=139 (full 1):
 par new generation   total 109248K, used 95136K [0x00000000e0000000, 0x00000000e8000000, 0x00000000e8000000)
  eden space 87424K, 100% used [0x00000000e0000000, 0x00000000e5560000, 0x00000000e5560000)
  from space 21824K,  35% used [0x00000000e6ab0000, 0x00000000e7238228, 0x00000000e8000000)
  to   space 21824K,   0% used [0x00000000e5560000, 0x00000000e5560000, 0x00000000e6ab0000)
 concurrent mark-sweep generation total 393216K, used 37735K [0x00000000e8000000, 0x0000000100000000, 0x0000000100000000)
 Metaspace       used 36264K, capacity 36850K, committed 36940K, reserved 1081344K
  class space    used 3972K, capacity 4162K, committed 4172K, reserved 1048576K
2015-12-06T21:56:53.978+0530: 7304.287: [GC (Allocation Failure) 7304.287: [ParNew
Desired survivor size 20112992 bytes, new threshold 8 (max 8)
- age   1:    1196168 bytes,    1196168 total
- age   2:     707712 bytes,    1903880 total
- age   3:    3199744 bytes,    5103624 total
- age   4:    1511936 bytes,    6615560 total
- age   5:      99304 bytes,    6714864 total
- age   6:     166440 bytes,    6881304 total
- age   7:     114976 bytes,    6996280 total
- age   8:      75536 bytes,    7071816 total
: 95136K->9338K(109248K), 0.0414430 secs] 132871K->47114K(502464K), 0.0417690 secs] [Times: user=0.07 sys=0.01, real=0.04 secs] 
Heap after GC invocations=140 (full 1):
 par new generation   total 109248K, used 9338K [0x00000000e0000000, 0x00000000e8000000, 0x00000000e8000000)
  eden space 87424K,   0% used [0x00000000e0000000, 0x00000000e0000000, 0x00000000e5560000)
  from space 21824K,  42% used [0x00000000e5560000, 0x00000000e5e7e8a0, 0x00000000e6ab0000)
  to   space 21824K,   0% used [0x00000000e6ab0000, 0x00000000e6ab0000, 0x00000000e8000000)
 concurrent mark-sweep generation total 393216K, used 37776K [0x00000000e8000000, 0x0000000100000000, 0x0000000100000000)
 Metaspace       used 36264K, capacity 36850K, committed 36940K, reserved 1081344K
  class space    used 3972K, capacity 4162K, committed 4172K, reserved 1048576K
}
2015-12-06T21:56:54.020+0530: 7304.329: Total time for which application threads were stopped: 0.0470790 seconds, Stopping threads took: 0.0048684 seconds
{Heap before GC invocations=140 (full 1):
 par new generation   total 109248K, used 96762K [0x00000000e0000000, 0x00000000e8000000, 0x00000000e8000000)
  eden space 87424K, 100% used [0x00000000e0000000, 0x00000000e5560000, 0x00000000e5560000)
  from space 21824K,  42% used [0x00000000e5560000, 0x00000000e5e7e8a0, 0x00000000e6ab0000)
  to   space 21824K,   0% used [0x00000000e6ab0000, 0x00000000e6ab0000, 0x00000000e8000000)
 concurrent mark-sweep generation total 393216K, used 37776K [0x00000000e8000000, 0x0000000100000000, 0x0000000100000000)
 Metaspace       used 36264K, capacity 36850K, committed 36940K, reserved 1081344K
  class space    used 3972K, capacity 4162K, committed 4172K, reserved 1048576K
2015-12-06T21:56:54.055+0530: 7304.363: [GC (Allocation Failure) 7304.369: [ParNew
Desired survivor size 20112992 bytes, new threshold 8 (max 8)
- age   1:     553744 bytes,     553744 total
- age   2:     265848 bytes,     819592 total
- age   3:     707752 bytes,    1527344 total
- age   4:    3199744 bytes,    4727088 total
- age   5:    1511936 bytes,    6239024 total
- age   6:      99304 bytes,    6338328 total
- age   7:     166440 bytes,    6504768 total
- age   8:     114976 bytes,    6619744 total
: 96762K->9328K(109248K), 0.0266806 secs] 134538K->47181K(502464K), 0.0330395 secs] [Times: user=0.06 sys=0.00, real=0.03 secs] 
Heap after GC invocations=141 (full 1):
 par new generation   total 109248K, used 9328K [0x00000000e0000000, 0x00000000e8000000, 0x00000000e8000000)
  eden space 87424K,   0% used [0x00000000e0000000, 0x00000000e0000000, 0x00000000e5560000)
  from space 21824K,  42% used [0x00000000e6ab0000, 0x00000000e73cc368, 0x00000000e8000000)
  to   space 21824K,   0% used [0x00000000e5560000, 0x00000000e5560000, 0x00000000e6ab0000)
 concurrent mark-sweep generation total 393216K, used 37852K [0x00000000e8000000, 0x0000000100000000, 0x0000000100000000)
 Metaspace       used 36264K, capacity 36850K, committed 36940K, reserved 1081344K
  class space    used 3972K, capacity 4162K, committed 4172K, reserved 1048576K
}
2015-12-06T21:56:54.088+0530: 7304.396: Total time for which application threads were stopped: 0.0409753 seconds, Stopping threads took: 0.0074896 seconds
{Heap before GC invocations=141 (full 1):
 par new generation   total 109248K, used 96752K [0x00000000e0000000, 0x00000000e8000000, 0x00000000e8000000)
  eden space 87424K, 100% used [0x00000000e0000000, 0x00000000e5560000, 0x00000000e5560000)
  from space 21824K,  42% used [0x00000000e6ab0000, 0x00000000e73cc368, 0x00000000e8000000)
  to   space 21824K,   0% used [0x00000000e5560000, 0x00000000e5560000, 0x00000000e6ab0000)
 concurrent mark-sweep generation total 393216K, used 37852K [0x00000000e8000000, 0x0000000100000000, 0x0000000100000000)
 Metaspace       used 36264K, capacity 36850K, committed 36940K, reserved 1081344K
  class space    used 3972K, capacity 4162K, committed 4172K, reserved 1048576K
2015-12-06T21:56:54.169+0530: 7304.478: [GC (Allocation Failure) 7304.478: [ParNew
Desired survivor size 20112992 bytes, new threshold 8 (max 8)
- age   1:    1160872 bytes,    1160872 total
- age   2:      95280 bytes,    1256152 total
- age   3:     265360 bytes,    1521512 total
- age   4:     707440 bytes,    2228952 total
- age   5:    3199808 bytes,    5428760 total
- age   6:    1511936 bytes,    6940696 total
- age   7:      99304 bytes,    7040000 total
- age   8:     166440 bytes,    7206440 total
: 96752K->8651K(109248K), 0.0357524 secs] 134605K->46618K(502464K), 0.0360770 secs] [Times: user=0.04 sys=0.00, real=0.04 secs] 
Heap after GC invocations=142 (full 1):
 par new generation   total 109248K, used 8651K [0x00000000e0000000, 0x00000000e8000000, 0x00000000e8000000)
  eden space 87424K,   0% used [0x00000000e0000000, 0x00000000e0000000, 0x00000000e5560000)
  from space 21824K,  39% used [0x00000000e5560000, 0x00000000e5dd2f80, 0x00000000e6ab0000)
  to   space 21824K,   0% used [0x00000000e6ab0000, 0x00000000e6ab0000, 0x00000000e8000000)
 concurrent mark-sweep generation total 393216K, used 37966K [0x00000000e8000000, 0x0000000100000000, 0x0000000100000000)
 Metaspace       used 36264K, capacity 36850K, committed 36940K, reserved 1081344K
  class space    used 3972K, capacity 4162K, committed 4172K, reserved 1048576K
}
2015-12-06T21:56:54.206+0530: 7304.514: Total time for which application threads were stopped: 0.0557474 seconds, Stopping threads took: 0.0191406 seconds
{Heap before GC invocations=142 (full 1):
 par new generation   total 109248K, used 96073K [0x00000000e0000000, 0x00000000e8000000, 0x00000000e8000000)
  eden space 87424K,  99% used [0x00000000e0000000, 0x00000000e555f730, 0x00000000e5560000)
  from space 21824K,  39% used [0x00000000e5560000, 0x00000000e5dd2f80, 0x00000000e6ab0000)
  to   space 21824K,   0% used [0x00000000e6ab0000, 0x00000000e6ab0000, 0x00000000e8000000)
 concurrent mark-sweep generation total 393216K, used 37966K [0x00000000e8000000, 0x0000000100000000, 0x0000000100000000)
 Metaspace       used 36264K, capacity 36850K, committed 36940K, reserved 1081344K
  class space    used 3972K, capacity 4162K, committed 4172K, reserved 1048576K
2015-12-06T21:56:54.301+0530: 7304.610: [GC (Allocation Failure) 7304.610: [ParNew
Desired survivor size 20112992 bytes, new threshold 8 (max 8)
- age   1:     322720 bytes,     322720 total
- age   2:      92648 bytes,     415368 total
- age   3:      94672 bytes,     510040 total
- age   4:     264808 bytes,     774848 total
- age   5:     706912 bytes,    1481760 total
- age   6:    3198728 bytes,    4680488 total
- age   7:    1511936 bytes,    6192424 total
- age   8:      99304 bytes,    6291728 total
: 96073K->9214K(109248K), 0.0650054 secs] 134040K->47346K(502464K), 0.0653762 secs] [Times: user=0.11 sys=0.00, real=0.06 secs] 
Heap after GC invocations=143 (full 1):
 par new generation   total 109248K, used 9214K [0x00000000e0000000, 0x00000000e8000000, 0x00000000e8000000)
  eden space 87424K,   0% used [0x00000000e0000000, 0x00000000e0000000, 0x00000000e5560000)
  from space 21824K,  42% used [0x00000000e6ab0000, 0x00000000e73afbe0, 0x00000000e8000000)
  to   space 21824K,   0% used [0x00000000e5560000, 0x00000000e5560000, 0x00000000e6ab0000)
 concurrent mark-sweep generation total 393216K, used 38131K [0x00000000e8000000, 0x0000000100000000, 0x0000000100000000)
 Metaspace       used 36264K, capacity 36850K, committed 36940K, reserved 1081344K
  class space    used 3972K, capacity 4162K, committed 4172K, reserved 1048576K
}
2015-12-06T21:56:54.367+0530: 7304.675: Total time for which application threads were stopped: 0.0737319 seconds, Stopping threads took: 0.0079314 seconds
2015-12-06T21:56:55.294+0530: 7305.602: Total time for which application threads were stopped: 0.0004322 seconds, Stopping threads took: 0.0000568 seconds
2015-12-06T21:56:55.320+0530: 7305.628: Total time for which application threads were stopped: 0.0002507 seconds, Stopping threads took: 0.0000621 seconds
2015-12-06T21:56:56.320+0530: 7306.629: Total time for which application threads were stopped: 0.0003520 seconds, Stopping threads took: 0.0000507 seconds
2015-12-06T21:57:01.122+0530: 7311.430: Total time for which application threads were stopped: 0.0002204 seconds, Stopping threads took: 0.0000574 seconds
2015-12-06T21:57:01.122+0530: 7311.430: Total time for which application threads were stopped: 0.0001340 seconds, Stopping threads took: 0.0000344 seconds
2015-12-06T21:57:01.122+0530: 7311.430: Total time for which application threads were stopped: 0.0001352 seconds, Stopping threads took: 0.0000473 seconds
2015-12-06T21:57:01.623+0530: 7311.931: Total time for which application threads were stopped: 0.0003072 seconds, Stopping threads took: 0.0000523 seconds
2015-12-06T21:57:01.624+0530: 7311.932: Total time for which application threads were stopped: 0.0001877 seconds, Stopping threads took: 0.0000271 seconds
2015-12-06T21:57:01.624+0530: 7311.932: Total time for which application threads were stopped: 0.0001826 seconds, Stopping threads took: 0.0000248 seconds
2015-12-06T21:57:01.624+0530: 7311.932: Total time for which application threads were stopped: 0.0001754 seconds, Stopping threads took: 0.0000246 seconds
2015-12-06T21:57:01.624+0530: 7311.932: Total time for which application threads were stopped: 0.0001701 seconds, Stopping threads took: 0.0000199 seconds
2015-12-06T21:57:01.625+0530: 7311.933: Total time for which application threads were stopped: 0.0001688 seconds, Stopping threads took: 0.0000198 seconds
2015-12-06T21:57:01.625+0530: 7311.933: Total time for which application threads were stopped: 0.0001695 seconds, Stopping threads took: 0.0000196 seconds
2015-12-06T21:57:01.629+0530: 7311.938: Total time for which application threads were stopped: 0.0002644 seconds, Stopping threads took: 0.0000476 seconds
2015-12-06T21:57:01.630+0530: 7311.938: Total time for which application threads were stopped: 0.0001779 seconds, Stopping threads took: 0.0000353 seconds
2015-12-06T21:57:01.630+0530: 7311.938: Total time for which application threads were stopped: 0.0001558 seconds, Stopping threads took: 0.0000306 seconds
2015-12-06T21:57:29.950+0530: 7340.258: Total time for which application threads were stopped: 0.0002261 seconds, Stopping threads took: 0.0000536 seconds
2015-12-06T21:57:29.955+0530: 7340.263: Total time for which application threads were stopped: 0.0002132 seconds, Stopping threads took: 0.0000288 seconds
2015-12-06T21:57:29.961+0530: 7340.269: Total time for which application threads were stopped: 0.0001831 seconds, Stopping threads took: 0.0000287 seconds
2015-12-06T21:57:29.967+0530: 7340.275: Total time for which application threads were stopped: 0.0001909 seconds, Stopping threads took: 0.0000318 seconds
2015-12-06T21:57:29.967+0530: 7340.275: Total time for which application threads were stopped: 0.0000899 seconds, Stopping threads took: 0.0000128 seconds
{Heap before GC invocations=143 (full 1):
 par new generation   total 109248K, used 96638K [0x00000000e0000000, 0x00000000e8000000, 0x00000000e8000000)
  eden space 87424K, 100% used [0x00000000e0000000, 0x00000000e5560000, 0x00000000e5560000)
  from space 21824K,  42% used [0x00000000e6ab0000, 0x00000000e73afbe0, 0x00000000e8000000)
  to   space 21824K,   0% used [0x00000000e5560000, 0x00000000e5560000, 0x00000000e6ab0000)
 concurrent mark-sweep generation total 393216K, used 38131K [0x00000000e8000000, 0x0000000100000000, 0x0000000100000000)
 Metaspace       used 36270K, capacity 36850K, committed 36940K, reserved 1081344K
  class space    used 3972K, capacity 4162K, committed 4172K, reserved 1048576K
2015-12-06T21:57:29.971+0530: 7340.279: [GC (Allocation Failure) 7340.279: [ParNew
Desired survivor size 20112992 bytes, new threshold 8 (max 8)
- age   1:    2990968 bytes,    2990968 total
- age   2:     125736 bytes,    3116704 total
- age   3:      91400 bytes,    3208104 total
- age   4:      93736 bytes,    3301840 total
- age   5:      68288 bytes,    3370128 total
- age   6:     152744 bytes,    3522872 total
- age   7:    1482832 bytes,    5005704 total
- age   8:    1142032 bytes,    6147736 total
: 96638K->7679K(109248K), 0.0099374 secs] 134770K->45911K(502464K), 0.0101481 secs] [Times: user=0.03 sys=0.00, real=0.01 secs] 
Heap after GC invocations=144 (full 1):
 par new generation   total 109248K, used 7679K [0x00000000e0000000, 0x00000000e8000000, 0x00000000e8000000)
  eden space 87424K,   0% used [0x00000000e0000000, 0x00000000e0000000, 0x00000000e5560000)
  from space 21824K,  35% used [0x00000000e5560000, 0x00000000e5cdff80, 0x00000000e6ab0000)
  to   space 21824K,   0% used [0x00000000e6ab0000, 0x00000000e6ab0000, 0x00000000e8000000)
 concurrent mark-sweep generation total 393216K, used 38231K [0x00000000e8000000, 0x0000000100000000, 0x0000000100000000)
 Metaspace       used 36270K, capacity 36850K, committed 36940K, reserved 1081344K
  class space    used 3972K, capacity 4162K, committed 4172K, reserved 1048576K
}
2015-12-06T21:57:29.981+0530: 7340.289: Total time for which application threads were stopped: 0.0104448 seconds, Stopping threads took: 0.0000269 seconds
2015-12-06T21:57:29.983+0530: 7340.291: Total time for which application threads were stopped: 0.0002070 seconds, Stopping threads took: 0.0000440 seconds
2015-12-06T21:57:29.993+0530: 7340.301: Total time for which application threads were stopped: 0.0002352 seconds, Stopping threads took: 0.0000368 seconds
2015-12-06T21:57:29.997+0530: 7340.305: Total time for which application threads were stopped: 0.0001863 seconds, Stopping threads took: 0.0000325 seconds
2015-12-06T21:57:29.997+0530: 7340.305: Total time for which application threads were stopped: 0.0001158 seconds, Stopping threads took: 0.0000202 seconds
2015-12-06T21:57:30.997+0530: 7341.306: Total time for which application threads were stopped: 0.0003229 seconds, Stopping threads took: 0.0000567 seconds
2015-12-06T21:57:32.918+0530: 7343.226: Total time for which application threads were stopped: 0.0004471 seconds, Stopping threads took: 0.0000608 seconds
2015-12-06T21:57:33.918+0530: 7344.226: Total time for which application threads were stopped: 0.0002557 seconds, Stopping threads took: 0.0000392 seconds
2015-12-06T21:57:35.981+0530: 7346.289: Total time for which application threads were stopped: 0.1910764 seconds, Stopping threads took: 0.1908686 seconds
2015-12-06T21:57:37.982+0530: 7348.290: Total time for which application threads were stopped: 0.0003312 seconds, Stopping threads took: 0.0000530 seconds
2015-12-06T21:57:39.861+0530: 7350.169: Total time for which application threads were stopped: 0.0003804 seconds, Stopping threads took: 0.0000691 seconds
2015-12-06T21:57:40.294+0530: 7350.602: Total time for which application threads were stopped: 0.0001908 seconds, Stopping threads took: 0.0000348 seconds
2015-12-06T21:57:41.295+0530: 7351.603: Total time for which application threads were stopped: 0.0002929 seconds, Stopping threads took: 0.0000516 seconds
2015-12-06T21:58:00.223+0530: 7370.531: Total time for which application threads were stopped: 0.0002845 seconds, Stopping threads took: 0.0001449 seconds
2015-12-06T21:58:00.233+0530: 7370.542: Total time for which application threads were stopped: 0.0001825 seconds, Stopping threads took: 0.0000385 seconds
2015-12-06T21:58:00.237+0530: 7370.545: Total time for which application threads were stopped: 0.0003737 seconds, Stopping threads took: 0.0002160 seconds
2015-12-06T21:58:00.237+0530: 7370.545: Total time for which application threads were stopped: 0.0000927 seconds, Stopping threads took: 0.0000191 seconds
2015-12-06T21:58:00.237+0530: 7370.546: Total time for which application threads were stopped: 0.0001157 seconds, Stopping threads took: 0.0000329 seconds
2015-12-06T21:58:00.238+0530: 7370.546: Total time for which application threads were stopped: 0.0001063 seconds, Stopping threads took: 0.0000359 seconds
2015-12-06T21:58:00.238+0530: 7370.546: Total time for which application threads were stopped: 0.0000685 seconds, Stopping threads took: 0.0000129 seconds
2015-12-06T21:58:00.238+0530: 7370.546: Total time for which application threads were stopped: 0.0000654 seconds, Stopping threads took: 0.0000141 seconds
2015-12-06T21:58:00.239+0530: 7370.547: Total time for which application threads were stopped: 0.0000671 seconds, Stopping threads took: 0.0000156 seconds
2015-12-06T21:58:00.239+0530: 7370.547: Total time for which application threads were stopped: 0.0001001 seconds, Stopping threads took: 0.0000200 seconds
2015-12-06T21:58:00.239+0530: 7370.548: Total time for which application threads were stopped: 0.0001192 seconds, Stopping threads took: 0.0000178 seconds
2015-12-06T21:58:00.240+0530: 7370.548: Total time for which application threads were stopped: 0.0002521 seconds, Stopping threads took: 0.0000608 seconds
2015-12-06T21:58:44.752+0530: 7415.060: Total time for which application threads were stopped: 0.0002110 seconds, Stopping threads took: 0.0000742 seconds
2015-12-06T21:58:44.753+0530: 7415.062: Total time for which application threads were stopped: 0.0001585 seconds, Stopping threads took: 0.0000316 seconds
2015-12-06T21:58:44.756+0530: 7415.064: Total time for which application threads were stopped: 0.0006522 seconds, Stopping threads took: 0.0005330 seconds
2015-12-06T21:58:44.758+0530: 7415.066: Total time for which application threads were stopped: 0.0001483 seconds, Stopping threads took: 0.0000294 seconds
2015-12-06T21:58:45.758+0530: 7416.066: Total time for which application threads were stopped: 0.0001823 seconds, Stopping threads took: 0.0000308 seconds
2015-12-06T21:58:55.760+0530: 7426.068: Total time for which application threads were stopped: 0.0001408 seconds, Stopping threads took: 0.0000258 seconds
2015-12-06T22:08:34.124+0530: 8004.432: Total time for which application threads were stopped: 0.0002403 seconds, Stopping threads took: 0.0000461 seconds
2015-12-06T22:08:34.127+0530: 8004.435: Total time for which application threads were stopped: 0.0002330 seconds, Stopping threads took: 0.0000378 seconds
2015-12-06T22:08:34.134+0530: 8004.442: Total time for which application threads were stopped: 0.0001567 seconds, Stopping threads took: 0.0000490 seconds
2015-12-06T22:08:35.134+0530: 8005.442: Total time for which application threads were stopped: 0.0003064 seconds, Stopping threads took: 0.0000547 seconds
2015-12-06T22:10:27.953+0530: 8118.261: Total time for which application threads were stopped: 0.0002444 seconds, Stopping threads took: 0.0000482 seconds
2015-12-06T22:10:27.958+0530: 8118.266: Total time for which application threads were stopped: 0.0005030 seconds, Stopping threads took: 0.0000521 seconds
2015-12-06T22:10:27.962+0530: 8118.270: Total time for which application threads were stopped: 0.0001716 seconds, Stopping threads took: 0.0000374 seconds
2015-12-06T22:10:27.962+0530: 8118.270: Total time for which application threads were stopped: 0.0001004 seconds, Stopping threads took: 0.0000284 seconds
2015-12-06T22:12:04.197+0530: 8214.505: Total time for which application threads were stopped: 0.0003438 seconds, Stopping threads took: 0.0000664 seconds
2015-12-06T22:12:04.208+0530: 8214.516: Total time for which application threads were stopped: 0.0002075 seconds, Stopping threads took: 0.0000348 seconds
2015-12-06T22:12:05.208+0530: 8215.516: Total time for which application threads were stopped: 0.0003105 seconds, Stopping threads took: 0.0000516 seconds
2015-12-06T22:12:05.673+0530: 8215.981: Total time for which application threads were stopped: 0.0004932 seconds, Stopping threads took: 0.0001549 seconds
2015-12-06T22:12:05.674+0530: 8215.982: Total time for which application threads were stopped: 0.0003001 seconds, Stopping threads took: 0.0000462 seconds
2015-12-06T22:12:05.675+0530: 8215.983: Total time for which application threads were stopped: 0.0008659 seconds, Stopping threads took: 0.0000771 seconds
2015-12-06T22:16:50.836+0530: 8501.144: Total time for which application threads were stopped: 0.0002389 seconds, Stopping threads took: 0.0000537 seconds
2015-12-06T22:16:50.843+0530: 8501.151: Total time for which application threads were stopped: 0.0001869 seconds, Stopping threads took: 0.0000300 seconds
2015-12-06T22:16:51.843+0530: 8502.151: Total time for which application threads were stopped: 0.0002702 seconds, Stopping threads took: 0.0000486 seconds
2015-12-06T22:26:11.882+0530: 9062.190: Total time for which application threads were stopped: 0.0002715 seconds, Stopping threads took: 0.0000523 seconds
2015-12-06T22:26:11.883+0530: 9062.191: Total time for which application threads were stopped: 0.0002433 seconds, Stopping threads took: 0.0000306 seconds
2015-12-06T22:26:11.906+0530: 9062.214: Total time for which application threads were stopped: 0.0002110 seconds, Stopping threads took: 0.0000352 seconds
2015-12-06T22:26:11.907+0530: 9062.215: Total time for which application threads were stopped: 0.0004461 seconds, Stopping threads took: 0.0000353 seconds
2015-12-06T22:26:11.908+0530: 9062.216: Total time for which application threads were stopped: 0.0002175 seconds, Stopping threads took: 0.0000498 seconds
2015-12-06T22:26:11.913+0530: 9062.222: Total time for which application threads were stopped: 0.0002729 seconds, Stopping threads took: 0.0000510 seconds
2015-12-06T22:26:11.914+0530: 9062.222: Total time for which application threads were stopped: 0.0001614 seconds, Stopping threads took: 0.0000376 seconds
2015-12-06T22:26:11.914+0530: 9062.222: Total time for which application threads were stopped: 0.0001966 seconds, Stopping threads took: 0.0000401 seconds
2015-12-06T22:26:11.915+0530: 9062.223: Total time for which application threads were stopped: 0.0001510 seconds, Stopping threads took: 0.0000210 seconds
2015-12-06T22:26:11.915+0530: 9062.223: Total time for which application threads were stopped: 0.0001548 seconds, Stopping threads took: 0.0000397 seconds
2015-12-06T22:26:11.916+0530: 9062.224: Total time for which application threads were stopped: 0.0001350 seconds, Stopping threads took: 0.0000186 seconds
2015-12-06T22:26:11.916+0530: 9062.224: Total time for which application threads were stopped: 0.0001208 seconds, Stopping threads took: 0.0000173 seconds
2015-12-06T22:26:11.916+0530: 9062.224: Total time for which application threads were stopped: 0.0001285 seconds, Stopping threads took: 0.0000181 seconds
2015-12-06T22:26:11.917+0530: 9062.225: Total time for which application threads were stopped: 0.0001391 seconds, Stopping threads took: 0.0000189 seconds
2015-12-06T22:26:11.920+0530: 9062.228: Total time for which application threads were stopped: 0.0002772 seconds, Stopping threads took: 0.0000871 seconds
2015-12-06T22:26:12.920+0530: 9063.228: Total time for which application threads were stopped: 0.0004234 seconds, Stopping threads took: 0.0000530 seconds
2015-12-06T22:27:09.402+0530: 9119.710: Total time for which application threads were stopped: 0.0004638 seconds, Stopping threads took: 0.0001381 seconds
2015-12-06T22:27:09.403+0530: 9119.711: Total time for which application threads were stopped: 0.0003135 seconds, Stopping threads took: 0.0000875 seconds
2015-12-06T22:27:09.404+0530: 9119.712: Total time for which application threads were stopped: 0.0013482 seconds, Stopping threads took: 0.0012017 seconds
2015-12-06T22:27:38.170+0530: 9148.478: Total time for which application threads were stopped: 0.0001816 seconds, Stopping threads took: 0.0000423 seconds
2015-12-06T22:27:38.171+0530: 9148.479: Total time for which application threads were stopped: 0.0001613 seconds, Stopping threads took: 0.0000273 seconds
2015-12-06T22:27:38.172+0530: 9148.480: Total time for which application threads were stopped: 0.0002426 seconds, Stopping threads took: 0.0000380 seconds
2015-12-06T22:27:38.172+0530: 9148.481: Total time for which application threads were stopped: 0.0001892 seconds, Stopping threads took: 0.0000333 seconds
2015-12-06T22:27:38.173+0530: 9148.481: Total time for which application threads were stopped: 0.0001104 seconds, Stopping threads took: 0.0000319 seconds
2015-12-06T22:27:38.173+0530: 9148.481: Total time for which application threads were stopped: 0.0002380 seconds, Stopping threads took: 0.0000235 seconds
2015-12-06T22:27:38.178+0530: 9148.486: Total time for which application threads were stopped: 0.0003913 seconds, Stopping threads took: 0.0000318 seconds
2015-12-06T22:27:38.182+0530: 9148.490: Total time for which application threads were stopped: 0.0001666 s